Archive member included to satisfy reference by file (symbol)

C:/msys64/mingw64/bin/../lib/gcc/arm-none-eabi/13.3.0/../../../../arm-none-eabi/lib/thumb/v7-m/nofp\libc_nano.a(libc_a-atexit.o)
                              C:/msys64/mingw64/bin/../lib/gcc/arm-none-eabi/13.3.0/../../../../arm-none-eabi/lib/thumb/v7-m/nofp/crt0.o (atexit)
C:/msys64/mingw64/bin/../lib/gcc/arm-none-eabi/13.3.0/../../../../arm-none-eabi/lib/thumb/v7-m/nofp\libc_nano.a(libc_a-exit.o)
                              C:/msys64/mingw64/bin/../lib/gcc/arm-none-eabi/13.3.0/../../../../arm-none-eabi/lib/thumb/v7-m/nofp/crt0.o (exit)
C:/msys64/mingw64/bin/../lib/gcc/arm-none-eabi/13.3.0/../../../../arm-none-eabi/lib/thumb/v7-m/nofp\libc_nano.a(libc_a-findfp.o)
                              C:/msys64/mingw64/bin/../lib/gcc/arm-none-eabi/13.3.0/../../../../arm-none-eabi/lib/thumb/v7-m/nofp\libc_nano.a(libc_a-exit.o) (__stdio_exit_handler)
C:/msys64/mingw64/bin/../lib/gcc/arm-none-eabi/13.3.0/../../../../arm-none-eabi/lib/thumb/v7-m/nofp\libc_nano.a(libc_a-fwalk.o)
                              C:/msys64/mingw64/bin/../lib/gcc/arm-none-eabi/13.3.0/../../../../arm-none-eabi/lib/thumb/v7-m/nofp\libc_nano.a(libc_a-findfp.o) (_fwalk_sglue)
C:/msys64/mingw64/bin/../lib/gcc/arm-none-eabi/13.3.0/../../../../arm-none-eabi/lib/thumb/v7-m/nofp\libc_nano.a(libc_a-snprintf.o)
                              C:\Users\future\Desktop\pi5\balancecar\balance_car\build_check_tmp\display_ui.o (snprintf)
C:/msys64/mingw64/bin/../lib/gcc/arm-none-eabi/13.3.0/../../../../arm-none-eabi/lib/thumb/v7-m/nofp\libc_nano.a(libc_a-stdio.o)
                              C:/msys64/mingw64/bin/../lib/gcc/arm-none-eabi/13.3.0/../../../../arm-none-eabi/lib/thumb/v7-m/nofp\libc_nano.a(libc_a-findfp.o) (__sread)
C:/msys64/mingw64/bin/../lib/gcc/arm-none-eabi/13.3.0/../../../../arm-none-eabi/lib/thumb/v7-m/nofp\libc_nano.a(libc_a-memset.o)
                              C:/msys64/mingw64/bin/../lib/gcc/arm-none-eabi/13.3.0/../../../../arm-none-eabi/lib/thumb/v7-m/nofp/crt0.o (memset)
C:/msys64/mingw64/bin/../lib/gcc/arm-none-eabi/13.3.0/../../../../arm-none-eabi/lib/thumb/v7-m/nofp\libc_nano.a(libc_a-closer.o)
                              C:/msys64/mingw64/bin/../lib/gcc/arm-none-eabi/13.3.0/../../../../arm-none-eabi/lib/thumb/v7-m/nofp\libc_nano.a(libc_a-stdio.o) (_close_r)
C:/msys64/mingw64/bin/../lib/gcc/arm-none-eabi/13.3.0/../../../../arm-none-eabi/lib/thumb/v7-m/nofp\libc_nano.a(libc_a-reent.o)
                              C:/msys64/mingw64/bin/../lib/gcc/arm-none-eabi/13.3.0/../../../../arm-none-eabi/lib/thumb/v7-m/nofp\libc_nano.a(libc_a-closer.o) (errno)
C:/msys64/mingw64/bin/../lib/gcc/arm-none-eabi/13.3.0/../../../../arm-none-eabi/lib/thumb/v7-m/nofp\libc_nano.a(libc_a-impure.o)
                              C:/msys64/mingw64/bin/../lib/gcc/arm-none-eabi/13.3.0/../../../../arm-none-eabi/lib/thumb/v7-m/nofp\libc_nano.a(libc_a-snprintf.o) (_impure_ptr)
C:/msys64/mingw64/bin/../lib/gcc/arm-none-eabi/13.3.0/../../../../arm-none-eabi/lib/thumb/v7-m/nofp\libc_nano.a(libc_a-lseekr.o)
                              C:/msys64/mingw64/bin/../lib/gcc/arm-none-eabi/13.3.0/../../../../arm-none-eabi/lib/thumb/v7-m/nofp\libc_nano.a(libc_a-stdio.o) (_lseek_r)
C:/msys64/mingw64/bin/../lib/gcc/arm-none-eabi/13.3.0/../../../../arm-none-eabi/lib/thumb/v7-m/nofp\libc_nano.a(libc_a-readr.o)
                              C:/msys64/mingw64/bin/../lib/gcc/arm-none-eabi/13.3.0/../../../../arm-none-eabi/lib/thumb/v7-m/nofp\libc_nano.a(libc_a-stdio.o) (_read_r)
C:/msys64/mingw64/bin/../lib/gcc/arm-none-eabi/13.3.0/../../../../arm-none-eabi/lib/thumb/v7-m/nofp\libc_nano.a(libc_a-writer.o)
                              C:/msys64/mingw64/bin/../lib/gcc/arm-none-eabi/13.3.0/../../../../arm-none-eabi/lib/thumb/v7-m/nofp\libc_nano.a(libc_a-stdio.o) (_write_r)
C:/msys64/mingw64/bin/../lib/gcc/arm-none-eabi/13.3.0/../../../../arm-none-eabi/lib/thumb/v7-m/nofp\libc_nano.a(libc_a-errno.o)
                              C:\Users\future\Desktop\pi5\balancecar\balance_car\build_check_tmp\sysmem.o (__errno)
C:/msys64/mingw64/bin/../lib/gcc/arm-none-eabi/13.3.0/../../../../arm-none-eabi/lib/thumb/v7-m/nofp\libc_nano.a(libc_a-init.o)
                              C:/msys64/mingw64/bin/../lib/gcc/arm-none-eabi/13.3.0/../../../../arm-none-eabi/lib/thumb/v7-m/nofp/crt0.o (__libc_init_array)
C:/msys64/mingw64/bin/../lib/gcc/arm-none-eabi/13.3.0/../../../../arm-none-eabi/lib/thumb/v7-m/nofp\libc_nano.a(libc_a-fini.o)
                              C:/msys64/mingw64/bin/../lib/gcc/arm-none-eabi/13.3.0/../../../../arm-none-eabi/lib/thumb/v7-m/nofp/crt0.o (__libc_fini_array)
C:/msys64/mingw64/bin/../lib/gcc/arm-none-eabi/13.3.0/../../../../arm-none-eabi/lib/thumb/v7-m/nofp\libc_nano.a(libc_a-lock.o)
                              C:/msys64/mingw64/bin/../lib/gcc/arm-none-eabi/13.3.0/../../../../arm-none-eabi/lib/thumb/v7-m/nofp\libc_nano.a(libc_a-findfp.o) (__retarget_lock_init_recursive)
[...]
Memory Configuration

Name             Origin             Length             Attributes
RAM              0x20000000         0x00005000         xrw
FLASH            0x08000000         0x00010000         xr
*default*        0x00000000         0xffffffff

Linker script and memory map

LOAD C:/msys64/mingw64/bin/../lib/gcc/arm-none-eabi/13.3.0/thumb/v7-m/nofp/crti.o
LOAD C:/msys64/mingw64/bin/../lib/gcc/arm-none-eabi/13.3.0/thumb/v7-m/nofp/crtbegin.o
LOAD C:/msys64/mingw64/bin/../lib/gcc/arm-none-eabi/13.3.0/../../../../arm-none-eabi/lib/thumb/v7-m/nofp/crt0.o
LOAD C:\Users\future\Desktop\pi5\balancecar\balance_car\build_check_tmp\main.o
LOAD C:\Users\future\Desktop\pi5\balancecar\balance_car\build_check_tmp\balance_control.o
LOAD C:\Users\future\Desktop\pi5\balancecar\balance_car\build_check_tmp\app_sensors.o
LOAD C:\Users\future\Desktop\pi5\balancecar\balance_car\build_check_tmp\display_ui.o
LOAD C:\Users\future\Desktop\pi5\balancecar\balance_car\build_check_tmp\dht11.o
LOAD C:\Users\future\Desktop\pi5\balancecar\balance_car\build_check_tmp\encoder_hal.o
LOAD C:\Users\future\Desktop\pi5\balancecar\balance_car\build_check_tmp\fsr_adc.o
LOAD C:\Users\future\Desktop\pi5\balancecar\balance_car\build_check_tmp\i2c_bus.o
LOAD C:\Users\future\Desktop\pi5\balancecar\balance_car\build_check_tmp\motor_tb6612.o
LOAD C:\Users\future\Desktop\pi5\balancecar\balance_car\build_check_tmp\mpu6050_hal.o
LOAD C:\Users\future\Desktop\pi5\balancecar\balance_car\build_check_tmp\oled_ssd1306.o
LOAD C:\Users\future\Desktop\pi5\balancecar\balance_car\build_check_tmp\pid.o
LOAD C:\Users\future\Desktop\pi5\balancecar\balance_car\build_check_tmp\stm32f1xx_it.o
LOAD C:\Users\future\Desktop\pi5\balancecar\balance_car\build_check_tmp\stm32f1xx_hal_msp.o
LOAD C:\Users\future\Desktop\pi5\balancecar\balance_car\build_check_tmp\stm32f1xx_hal_gpio_ex.o
LOAD C:\Users\future\Desktop\pi5\balancecar\balance_car\build_check_tmp\stm32f1xx_hal.o
LOAD C:\Users\future\Desktop\pi5\balancecar\balance_car\build_check_tmp\stm32f1xx_hal_i2c.o
LOAD C:\Users\future\Desktop\pi5\balancecar\balance_car\build_check_tmp\stm32f1xx_hal_rcc.o
LOAD C:\Users\future\Desktop\pi5\balancecar\balance_car\build_check_tmp\stm32f1xx_hal_rcc_ex.o
LOAD C:\Users\future\Desktop\pi5\balancecar\balance_car\build_check_tmp\stm32f1xx_hal_gpio.o
LOAD C:\Users\future\Desktop\pi5\balancecar\balance_car\build_check_tmp\stm32f1xx_hal_tim.o
LOAD C:\Users\future\Desktop\pi5\balancecar\balance_car\build_check_tmp\stm32f1xx_hal_tim_ex.o
LOAD C:\Users\future\Desktop\pi5\balancecar\balance_car\build_check_tmp\stm32f1xx_hal_dma.o
LOAD C:\Users\future\Desktop\pi5\balancecar\balance_car\build_check_tmp\stm32f1xx_hal_cortex.o
LOAD C:\Users\future\Desktop\pi5\balancecar\balance_car\build_check_tmp\stm32f1xx_hal_pwr.o
LOAD C:\Users\future\Desktop\pi5\balancecar\balance_car\build_check_tmp\stm32f1xx_hal_flash.o
LOAD C:\Users\future\Desktop\pi5\balancecar\balance_car\build_check_tmp\stm32f1xx_hal_flash_ex.o
LOAD C:\Users\future\Desktop\pi5\balancecar\balance_car\build_check_tmp\stm32f1xx_hal_exti.o
LOAD C:\Users\future\Desktop\pi5\balancecar\balance_car\build_check_tmp\stm32f1xx_hal_adc.o
LOAD C:\Users\future\Desktop\pi5\balancecar\balance_car\build_check_tmp\stm32f1xx_hal_adc_ex.o
LOAD C:\Users\future\Desktop\pi5\balancecar\balance_car\build_check_tmp\system_stm32f1xx.o
LOAD C:\Users\future\Desktop\pi5\balancecar\balance_car\build_check_tmp\sysmem.o
LOAD C:\Users\future\Desktop\pi5\balancecar\balance_car\build_check_tmp\syscalls.o
LOAD C:\Users\future\Desktop\pi5\balancecar\balance_car\build_check_tmp\startup_stm32f103xb.o
LOAD C:/msys64/mingw64/bin/../lib/gcc/arm-none-eabi/13.3.0/../../../../arm-none-eabi/lib/thumb/v7-m/nofp\libc_nano.a
LOAD C:/msys64/mingw64/bin/../lib/gcc/arm-none-eabi/13.3.0/../../../../arm-none-eabi/lib/thumb/v7-m/nofp\libm.a
LOAD C:/msys64/mingw64/bin/../lib/gcc/arm-none-eabi/13.3.0/../../../../arm-none-eabi/lib/thumb/v7-m/nofp\libnosys.a
START GROUP
LOAD C:/msys64/mingw64/bin/../lib/gcc/arm-none-eabi/13.3.0/thumb/v7-m/nofp\libgcc.a
LOAD C:/msys64/mingw64/bin/../lib/gcc/arm-none-eabi/13.3.0/../../../../arm-none-eabi/lib/thumb/v7-m/nofp\libc_nano.a
END GROUP
START GROUP
LOAD C:/msys64/mingw64/bin/../lib/gcc/arm-none-eabi/13.3.0/thumb/v7-m/nofp\libgcc.a
LOAD C:/msys64/mingw64/bin/../lib/gcc/arm-none-eabi/13.3.0/../../../../arm-none-eabi/lib/thumb/v7-m/nofp\libc_nano.a
END GROUP
LOAD C:/msys64/mingw64/bin/../lib/gcc/arm-none-eabi/13.3.0/thumb/v7-m/nofp/crtend.o
LOAD C:/msys64/mingw64/bin/../lib/gcc/arm-none-eabi/13.3.0/thumb/v7-m/nofp/crtn.o
                0x20005000                        _estack = (ORIGIN (RAM) + LENGTH (RAM))
                0x00000200                        _Min_Heap_Size = 0x200
                0x00000400                        _Min_Stack_Size = 0x400

.isr_vector     0x08000000      0x10c
                0x08000000                        . = ALIGN (0x4)
 *(.isr_vector)
 .isr_vector    0x08000000      0x10c C:\Users\future\Desktop\pi5\balancecar\balance_car\build_check_tmp\startup_stm32f103xb.o
                0x08000000                g_pfnVectors
                0x0800010c                        . = ALIGN (0x4)

.text           0x0800010c     0x5778
                0x0800010c                        . = ALIGN (0x4)
 *(.text)
 .text          0x0800010c      0x10c C:/msys64/mingw64/bin/../lib/gcc/arm-none-eabi/13.3.0/../../../../arm-none-eabi/lib/thumb/v7-m/nofp\libc_nano.a(libc_a-snprintf.o)
                0x0800010c                _sniprintf_r
                0x0800010c                _snprintf_r
                0x0800018c                sniprintf
                0x0800018c                snprintf
 .text          0x08000218       0xa0 C:/msys64/mingw64/bin/../lib/gcc/arm-none-eabi/13.3.0/../../../../arm-none-eabi/lib/thumb/v7-m/nofp\libc_nano.a(libc_a-memset.o)
                0x08000218                memset
 .text          0x080002b8        0xc C:/msys64/mingw64/bin/../lib/gcc/arm-none-eabi/13.3.0/../../../../arm-none-eabi/lib/thumb/v7-m/nofp\libc_nano.a(libc_a-errno.o)
                0x080002b8                __errno
 .text          0x080002c4       0x50 C:/msys64/mingw64/bin/../lib/gcc/arm-none-eabi/13.3.0/../../../../arm-none-eabi/lib/thumb/v7-m/nofp\libc_nano.a(libc_a-init.o)
                0x080002c4                __libc_init_array
 .text          0x08000314       0x28 C:/msys64/mingw64/bin/../lib/gcc/arm-none-eabi/13.3.0/../../../../arm-none-eabi/lib/thumb/v7-m/nofp\libc_nano.a(libc_a-lock.o)
                0x08000314                __retarget_lock_init
                0x08000318                __retarget_lock_init_recursive
                0x0800031c                __retarget_lock_close
                0x08000320                __retarget_lock_close_recursive
                0x08000324                __retarget_lock_acquire
                0x08000328                __retarget_lock_acquire_recursive
                0x0800032c                __retarget_lock_try_acquire
                0x08000330                __retarget_lock_try_acquire_recursive
                0x08000334                __retarget_lock_release
                0x08000338                __retarget_lock_release_recursive
 .text          0x0800033c       0xec C:/msys64/mingw64/bin/../lib/gcc/arm-none-eabi/13.3.0/../../../../arm-none-eabi/lib/thumb/v7-m/nofp\libc_nano.a(libc_a-memcpy.o)
                0x0800033c                memcpy
 .text          0x08000428       0xbc C:/msys64/mingw64/bin/../lib/gcc/arm-none-eabi/13.3.0/../../../../arm-none-eabi/lib/thumb/v7-m/nofp\libc_nano.a(libc_a-freer.o)
                0x08000428                _free_r
 .text          0x080004e4      0x14c C:/msys64/mingw64/bin/../lib/gcc/arm-none-eabi/13.3.0/../../../../arm-none-eabi/lib/thumb/v7-m/nofp\libc_nano.a(libc_a-mallocr.o)
                0x08000530                _malloc_r
 .text          0x08000630       0x18 C:/msys64/mingw64/bin/../lib/gcc/arm-none-eabi/13.3.0/../../../../arm-none-eabi/lib/thumb/v7-m/nofp\libc_nano.a(libc_a-mlock.o)
                0x08000630                __malloc_lock
                0x0800063c                __malloc_unlock
 .text          0x08000648      0x400 C:/msys64/mingw64/bin/../lib/gcc/arm-none-eabi/13.3.0/../../../../arm-none-eabi/lib/thumb/v7-m/nofp\libc_nano.a(libc_a-nano-svfprintf.o)
                0x08000648                __ssputs_r
                0x08000708                __ssprint_r
                0x08000818                _svfiprintf_r
                0x08000818                _svfprintf_r
 .text          0x08000a48      0x3a8 C:/msys64/mingw64/bin/../lib/gcc/arm-none-eabi/13.3.0/../../../../arm-none-eabi/lib/thumb/v7-m/nofp\libc_nano.a(libc_a-nano-vfprintf_i.o)
                0x08000a48                _printf_common
                0x08000b6c                _printf_i
 .text          0x08000df0       0xfc C:/msys64/mingw64/bin/../lib/gcc/arm-none-eabi/13.3.0/../../../../arm-none-eabi/lib/thumb/v7-m/nofp\libc_nano.a(libc_a-memmove.o)
                0x08000df0                memmove
 .text          0x08000eec       0x24 C:/msys64/mingw64/bin/../lib/gcc/arm-none-eabi/13.3.0/../../../../arm-none-eabi/lib/thumb/v7-m/nofp\libc_nano.a(libc_a-sbrkr.o)
                0x08000eec                _sbrk_r
 .text          0x08000f10       0x98 C:/msys64/mingw64/bin/../lib/gcc/arm-none-eabi/13.3.0/../../../../arm-none-eabi/lib/thumb/v7-m/nofp\libc_nano.a(libc_a-memchr-stub.o)
                0x08000f10                memchr
 .text          0x08000fa8       0x64 C:/msys64/mingw64/bin/../lib/gcc/arm-none-eabi/13.3.0/../../../../arm-none-eabi/lib/thumb/v7-m/nofp\libc_nano.a(libc_a-reallocr.o)
                0x08000fa8                _realloc_r
 .text          0x0800100c       0x10 C:/msys64/mingw64/bin/../lib/gcc/arm-none-eabi/13.3.0/../../../../arm-none-eabi/lib/thumb/v7-m/nofp\libc_nano.a(libc_a-msizer.o)
                0x0800100c                _malloc_usable_size_r
 .text          0x0800101c        0x4 C:/msys64/mingw64/bin/../lib/gcc/arm-none-eabi/13.3.0/../../../../arm-none-eabi/lib/thumb/v7-m/nofp\libm.a(libm_a-wf_atan2.o)
                0x0800101c                atan2f
 .text          0x08001020      0x110 C:/msys64/mingw64/bin/../lib/gcc/arm-none-eabi/13.3.0/../../../../arm-none-eabi/lib/thumb/v7-m/nofp\libm.a(libm_a-ef_atan2.o)
                0x08001020                __ieee754_atan2f
 .text          0x08001130      0x228 C:/msys64/mingw64/bin/../lib/gcc/arm-none-eabi/13.3.0/../../../../arm-none-eabi/lib/thumb/v7-m/nofp\libm.a(libm_a-sf_atan.o)
                0x08001130                atanf
 .text          0x08001358        0x8 C:/msys64/mingw64/bin/../lib/gcc/arm-none-eabi/13.3.0/../../../../arm-none-eabi/lib/thumb/v7-m/nofp\libm.a(libm_a-sf_fabs.o)
                0x08001358                fabsf
 .text          0x08001360      0x21c C:/msys64/mingw64/bin/../lib/gcc/arm-none-eabi/13.3.0/thumb/v7-m/nofp\libgcc.a(_arm_addsubsf3.o)
                0x08001360                __aeabi_frsub
                0x08001368                __subsf3
                0x08001368                __aeabi_fsub
                0x0800136c                __aeabi_fadd
                0x0800136c                __addsf3
                0x080014cc                __aeabi_ui2f
                0x080014cc                __floatunsisf
                0x080014d4                __aeabi_i2f
                0x080014d4                __floatsisf
                0x080014f0                __aeabi_ul2f
                0x080014f0                __floatundisf
                0x08001500                __aeabi_l2f
                0x08001500                __floatdisf
 .text          0x0800157c      0x2a0 C:/msys64/mingw64/bin/../lib/gcc/arm-none-eabi/13.3.0/thumb/v7-m/nofp\libgcc.a(_arm_muldivsf3.o)
                0x0800157c                __mulsf3
                0x0800157c                __aeabi_fmul
                0x080016e4                __aeabi_fdiv
                0x080016e4                __divsf3
 .text          0x0800181c       0xec C:/msys64/mingw64/bin/../lib/gcc/arm-none-eabi/13.3.0/thumb/v7-m/nofp\libgcc.a(_arm_cmpsf2.o)
                0x0800181c                __gesf2
                0x0800181c                __gtsf2
                0x08001824                __lesf2
                0x08001824                __ltsf2
                0x0800182c                __nesf2
                0x0800182c                __eqsf2
                0x0800182c                __cmpsf2
                0x0800188c                __aeabi_cfrcmple
                0x08001894                __aeabi_cfcmpeq
                0x08001894                __aeabi_cfcmple
                0x080018a4                __aeabi_fcmpeq
                0x080018b8                __aeabi_fcmplt
                0x080018cc                __aeabi_fcmple
                0x080018e0                __aeabi_fcmpge
                0x080018f4                __aeabi_fcmpgt
 .text          0x08001908       0x4c C:/msys64/mingw64/bin/../lib/gcc/arm-none-eabi/13.3.0/thumb/v7-m/nofp\libgcc.a(_arm_fixsfsi.o)
                0x08001908                __aeabi_f2iz
                0x08001908                __fixsfsi
 *(.text*)
 .text.__do_global_dtors_aux
                0x08001954       0x24 C:/msys64/mingw64/bin/../lib/gcc/arm-none-eabi/13.3.0/thumb/v7-m/nofp/crtbegin.o
 .text.frame_dummy
                0x08001978       0x1c C:/msys64/mingw64/bin/../lib/gcc/arm-none-eabi/13.3.0/thumb/v7-m/nofp/crtbegin.o
 .text.Error_Handler
                0x08001994        0x4 C:\Users\future\Desktop\pi5\balancecar\balance_car\build_check_tmp\main.o
                0x08001994                Error_Handler
 .text.SystemClock_Config
                0x08001998       0x60 C:\Users\future\Desktop\pi5\balancecar\balance_car\build_check_tmp\main.o
                0x08001998                SystemClock_Config
 .text.main     0x080019f8       0x14 C:\Users\future\Desktop\pi5\balancecar\balance_car\build_check_tmp\main.o
                0x080019f8                main
 .text.BalanceCar_SetFault
                0x08001a0c       0x10 C:\Users\future\Desktop\pi5\balancecar\balance_car\build_check_tmp\balance_control.o
 .text.BalanceCar_ClearRuntimeFaults
                0x08001a1c       0x14 C:\Users\future\Desktop\pi5\balancecar\balance_car\build_check_tmp\balance_control.o
 .text.BalanceCar_ClampPwm
                0x08001a30       0x34 C:\Users\future\Desktop\pi5\balancecar\balance_car\build_check_tmp\balance_control.o
 .text.BalanceCar_ButtonPinInit
                0x08001a64       0x2c C:\Users\future\Desktop\pi5\balancecar\balance_car\build_check_tmp\balance_control.o
 .text.BalanceCar_RunLedInit
                0x08001a90       0x38 C:\Users\future\Desktop\pi5\balancecar\balance_car\build_check_tmp\balance_control.o
 .text.BalanceCar_ButtonInit
                0x08001ac8       0x78 C:\Users\future\Desktop\pi5\balancecar\balance_car\build_check_tmp\balance_control.o
 .text.BalanceCar_RunLedApply
                0x08001b40       0x20 C:\Users\future\Desktop\pi5\balancecar\balance_car\build_check_tmp\balance_control.o
 .text.BalanceCar_ButtonTick1ms
                0x08001b60       0x88 C:\Users\future\Desktop\pi5\balancecar\balance_car\build_check_tmp\balance_control.o
 .text.BalanceCar_ResetPidAndOutputs
                0x08001be8       0x3c C:\Users\future\Desktop\pi5\balancecar\balance_car\build_check_tmp\balance_control.o
 .text.BalanceCar_Stop
                0x08001c24       0x1c C:\Users\future\Desktop\pi5\balancecar\balance_car\build_check_tmp\balance_control.o
 .text.BalanceCar_RunAngleLoop
                0x08001c40      0x1a4 C:\Users\future\Desktop\pi5\balancecar\balance_car\build_check_tmp\balance_control.o
 .text.BalanceCar_RunSpeedLoop
                0x08001de4       0xc8 C:\Users\future\Desktop\pi5\balancecar\balance_car\build_check_tmp\balance_control.o
 .text.BalanceCar_Init
                0x08001eac       0x9c C:\Users\future\Desktop\pi5\balancecar\balance_car\build_check_tmp\balance_control.o
                0x08001eac                BalanceCar_Init
 .text.BalanceCar_Background
                0x08001f48       0xec C:\Users\future\Desktop\pi5\balancecar\balance_car\build_check_tmp\balance_control.o
                0x08001f48                BalanceCar_Background
 .text.BalanceCar_TimerTick1ms
                0x08002034       0x90 C:\Users\future\Desktop\pi5\balancecar\balance_car\build_check_tmp\balance_control.o
                0x08002034                BalanceCar_TimerTick1ms
 .text.HAL_TIM_Base_MspInit
                0x080020c4       0x40 C:\Users\future\Desktop\pi5\balancecar\balance_car\build_check_tmp\balance_control.o
                0x080020c4                HAL_TIM_Base_MspInit
 .text.TIM4_IRQHandler
                0x08002104       0x28 C:\Users\future\Desktop\pi5\balancecar\balance_car\build_check_tmp\balance_control.o
                0x08002104                TIM4_IRQHandler
 .text.AppSensors_SetFault
                0x0800212c       0x10 C:\Users\future\Desktop\pi5\balancecar\balance_car\build_check_tmp\app_sensors.o
                0x0800212c                AppSensors_SetFault
 .text.AppSensors_ClearFault
                0x0800213c       0x10 C:\Users\future\Desktop\pi5\balancecar\balance_car\build_check_tmp\app_sensors.o
                0x0800213c                AppSensors_ClearFault
 .text.AppSensors_ReadFsr
                0x0800214c       0x78 C:\Users\future\Desktop\pi5\balancecar\balance_car\build_check_tmp\app_sensors.o
 .text.AppSensors_ServiceDht
                0x080021c4       0x98 C:\Users\future\Desktop\pi5\balancecar\balance_car\build_check_tmp\app_sensors.o
 .text.AppSensors_Init
                0x0800225c       0x44 C:\Users\future\Desktop\pi5\balancecar\balance_car\build_check_tmp\app_sensors.o
                0x0800225c                AppSensors_Init
 .text.AppSensors_Background
                0x080022a0       0x44 C:\Users\future\Desktop\pi5\balancecar\balance_car\build_check_tmp\app_sensors.o
                0x080022a0                AppSensors_Background
 .text.DisplayUi_UpdateText
                0x080022e4       0xe0 C:\Users\future\Desktop\pi5\balancecar\balance_car\build_check_tmp\display_ui.o
 .text.DisplayUi_Init
                0x080023c4       0x44 C:\Users\future\Desktop\pi5\balancecar\balance_car\build_check_tmp\display_ui.o
                0x080023c4                DisplayUi_Init
 .text.DisplayUi_Background
                0x08002408       0x64 C:\Users\future\Desktop\pi5\balancecar\balance_car\build_check_tmp\display_ui.o
                0x08002408                DisplayUi_Background
 .text.Dht11_DwtInit
                0x0800246c       0x38 C:\Users\future\Desktop\pi5\balancecar\balance_car\build_check_tmp\dht11.o
 .text.Dht11_SetInput
                0x080024a4       0x30 C:\Users\future\Desktop\pi5\balancecar\balance_car\build_check_tmp\dht11.o
 .text.Dht11_SetOutput
                0x080024d4       0x34 C:\Users\future\Desktop\pi5\balancecar\balance_car\build_check_tmp\dht11.o
 .text.Dht11_Micros
                0x08002508       0x20 C:\Users\future\Desktop\pi5\balancecar\balance_car\build_check_tmp\dht11.o
 .text.Dht11_WaitForState
                0x08002528       0x30 C:\Users\future\Desktop\pi5\balancecar\balance_car\build_check_tmp\dht11.o
 .text.Dht11_Init
                0x08002558       0x2c C:\Users\future\Desktop\pi5\balancecar\balance_car\build_check_tmp\dht11.o
                0x08002558                Dht11_Init
 .text.Dht11_StartRead
                0x08002584       0x1c C:\Users\future\Desktop\pi5\balancecar\balance_car\build_check_tmp\dht11.o
                0x08002584                Dht11_StartRead
 .text.Dht11_FinishRead
                0x080025a0      0x118 C:\Users\future\Desktop\pi5\balancecar\balance_car\build_check_tmp\dht11.o
                0x080025a0                Dht11_FinishRead
 .text.Encoder_InitTimer
                0x080026b8       0x6e C:\Users\future\Desktop\pi5\balancecar\balance_car\build_check_tmp\encoder_hal.o
 *fill*         0x08002726        0x2 
 .text.Encoder_Init
                0x08002728       0x3c C:\Users\future\Desktop\pi5\balancecar\balance_car\build_check_tmp\encoder_hal.o
                0x08002728                Encoder_Init
 .text.Encoder_GetLeftDelta
                0x08002764       0x14 C:\Users\future\Desktop\pi5\balancecar\balance_car\build_check_tmp\encoder_hal.o
                0x08002764                Encoder_GetLeftDelta
 .text.Encoder_GetRightDelta
                0x08002778       0x14 C:\Users\future\Desktop\pi5\balancecar\balance_car\build_check_tmp\encoder_hal.o
                0x08002778                Encoder_GetRightDelta
 .text.HAL_TIM_Encoder_MspInit
                0x0800278c       0x90 C:\Users\future\Desktop\pi5\balancecar\balance_car\build_check_tmp\encoder_hal.o
                0x0800278c                HAL_TIM_Encoder_MspInit
 .text.FsrAdc_Init
                0x0800281c       0x84 C:\Users\future\Desktop\pi5\balancecar\balance_car\build_check_tmp\fsr_adc.o
                0x0800281c                FsrAdc_Init
 .text.FsrAdc_Read
                0x080028a0       0x74 C:\Users\future\Desktop\pi5\balancecar\balance_car\build_check_tmp\fsr_adc.o
                0x080028a0                FsrAdc_Read
 .text.HAL_ADC_MspInit
                0x08002914       0x4c C:\Users\future\Desktop\pi5\balancecar\balance_car\build_check_tmp\fsr_adc.o
                0x08002914                HAL_ADC_MspInit
 .text.BalanceI2C1_Init
                0x08002960       0x4c C:\Users\future\Desktop\pi5\balancecar\balance_car\build_check_tmp\i2c_bus.o
                0x08002960                BalanceI2C1_Init
 .text.BalanceI2C1_GetHandle
                0x080029ac        0x8 C:\Users\future\Desktop\pi5\balancecar\balance_car\build_check_tmp\i2c_bus.o
                0x080029ac                BalanceI2C1_GetHandle
 .text.BalanceI2C2_Init
                0x080029b4       0x4c C:\Users\future\Desktop\pi5\balancecar\balance_car\build_check_tmp\i2c_bus.o
                0x080029b4                BalanceI2C2_Init
 .text.BalanceI2C2_GetHandle
                0x08002a00        0x8 C:\Users\future\Desktop\pi5\balancecar\balance_car\build_check_tmp\i2c_bus.o
                0x08002a00                BalanceI2C2_GetHandle
 .text.HAL_I2C_MspInit
                0x08002a08       0xb8 C:\Users\future\Desktop\pi5\balancecar\balance_car\build_check_tmp\i2c_bus.o
                0x08002a08                HAL_I2C_MspInit
 .text.Motor_Clamp
                0x08002ac0       0x16 C:\Users\future\Desktop\pi5\balancecar\balance_car\build_check_tmp\motor_tb6612.o
 *fill*         0x08002ad6        0x2 
 .text.Motor_ToCompare
                0x08002ad8       0x20 C:\Users\future\Desktop\pi5\balancecar\balance_car\build_check_tmp\motor_tb6612.o
 .text.TB6612_SetMotors
                0x08002af8       0xa4 C:\Users\future\Desktop\pi5\balancecar\balance_car\build_check_tmp\motor_tb6612.o
                0x08002af8                TB6612_SetMotors
 .text.TB6612_Stop
                0x08002b9c       0x50 C:\Users\future\Desktop\pi5\balancecar\balance_car\build_check_tmp\motor_tb6612.o
                0x08002b9c                TB6612_Stop
 .text.TB6612_Init
                0x08002bec       0xe4 C:\Users\future\Desktop\pi5\balancecar\balance_car\build_check_tmp\motor_tb6612.o
                0x08002bec                TB6612_Init
 .text.HAL_TIM_PWM_MspInit
                0x08002cd0       0x64 C:\Users\future\Desktop\pi5\balancecar\balance_car\build_check_tmp\motor_tb6612.o
                0x08002cd0                HAL_TIM_PWM_MspInit
 .text.Mpu6050_ReadReg
                0x08002d34       0x22 C:\Users\future\Desktop\pi5\balancecar\balance_car\build_check_tmp\mpu6050_hal.o
 .text.Mpu6050_WriteReg
                0x08002d56       0x28 C:\Users\future\Desktop\pi5\balancecar\balance_car\build_check_tmp\mpu6050_hal.o
 *fill*         0x08002d7e        0x2 
 .text.Mpu6050_Init
                0x08002d80       0x80 C:\Users\future\Desktop\pi5\balancecar\balance_car\build_check_tmp\mpu6050_hal.o
                0x08002d80                Mpu6050_Init
 .text.Mpu6050_ReadRaw
                0x08002e00       0x7e C:\Users\future\Desktop\pi5\balancecar\balance_car\build_check_tmp\mpu6050_hal.o
                0x08002e00                Mpu6050_ReadRaw
 *fill*         0x08002e7e        0x2 
 .text.Mpu6050_GetLastId
                0x08002e80        0xc C:\Users\future\Desktop\pi5\balancecar\balance_car\build_check_tmp\mpu6050_hal.o
                0x08002e80                Mpu6050_GetLastId
 .text.Oled_WriteCommand
                0x08002e8c       0x26 C:\Users\future\Desktop\pi5\balancecar\balance_car\build_check_tmp\oled_ssd1306.o
 .text.Oled_SetPage
                0x08002eb2       0x22 C:\Users\future\Desktop\pi5\balancecar\balance_car\build_check_tmp\oled_ssd1306.o
 .text.Oled_RefreshNextPage
                0x08002ed4       0x68 C:\Users\future\Desktop\pi5\balancecar\balance_car\build_check_tmp\oled_ssd1306.o
                0x08002ed4                Oled_RefreshNextPage
 .text.Oled_Clear
                0x08002f3c       0x14 C:\Users\future\Desktop\pi5\balancecar\balance_car\build_check_tmp\oled_ssd1306.o
                0x08002f3c                Oled_Clear
 .text.Oled_Init
                0x08002f50       0x60 C:\Users\future\Desktop\pi5\balancecar\balance_car\build_check_tmp\oled_ssd1306.o
                0x08002f50                Oled_Init
 .text.Oled_WriteString
                0x08002fb0       0x8c C:\Users\future\Desktop\pi5\balancecar\balance_car\build_check_tmp\oled_ssd1306.o
                0x08002fb0                Oled_WriteString
 .text.PID_Init
                0x0800303c       0x12 C:\Users\future\Desktop\pi5\balancecar\balance_car\build_check_tmp\pid.o
                0x0800303c                PID_Init
 .text.PID_Update
                0x0800304e       0xdc C:\Users\future\Desktop\pi5\balancecar\balance_car\build_check_tmp\pid.o
                0x0800304e                PID_Update
 .text.NMI_Handler
                0x0800312a        0x2 C:\Users\future\Desktop\pi5\balancecar\balance_car\build_check_tmp\stm32f1xx_it.o
                0x0800312a                NMI_Handler
 .text.HardFault_Handler
                0x0800312c        0x2 C:\Users\future\Desktop\pi5\balancecar\balance_car\build_check_tmp\stm32f1xx_it.o
                0x0800312c                HardFault_Handler
 .text.MemManage_Handler
                0x0800312e        0x2 C:\Users\future\Desktop\pi5\balancecar\balance_car\build_check_tmp\stm32f1xx_it.o
                0x0800312e                MemManage_Handler
 .text.BusFault_Handler
                0x08003130        0x2 C:\Users\future\Desktop\pi5\balancecar\balance_car\build_check_tmp\stm32f1xx_it.o
                0x08003130                BusFault_Handler
 .text.UsageFault_Handler
                0x08003132        0x2 C:\Users\future\Desktop\pi5\balancecar\balance_car\build_check_tmp\stm32f1xx_it.o
                0x08003132                UsageFault_Handler
 .text.SVC_Handler
                0x08003134        0x2 C:\Users\future\Desktop\pi5\balancecar\balance_car\build_check_tmp\stm32f1xx_it.o
                0x08003134                SVC_Handler
 .text.DebugMon_Handler
                0x08003136        0x2 C:\Users\future\Desktop\pi5\balancecar\balance_car\build_check_tmp\stm32f1xx_it.o
                0x08003136                DebugMon_Handler
 .text.PendSV_Handler
                0x08003138        0x2 C:\Users\future\Desktop\pi5\balancecar\balance_car\build_check_tmp\stm32f1xx_it.o
                0x08003138                PendSV_Handler
 .text.SysTick_Handler
                0x0800313a        0x8 C:\Users\future\Desktop\pi5\balancecar\balance_car\build_check_tmp\stm32f1xx_it.o
                0x0800313a                SysTick_Handler
 *fill*         0x08003142        0x2 
 .text.HAL_MspInit
                0x08003144       0x44 C:\Users\future\Desktop\pi5\balancecar\balance_car\build_check_tmp\stm32f1xx_hal_msp.o
                0x08003144                HAL_MspInit
 .text.HAL_InitTick
                0x08003188       0x4c C:\Users\future\Desktop\pi5\balancecar\balance_car\build_check_tmp\stm32f1xx_hal.o
                0x08003188                HAL_InitTick
 .text.HAL_Init
                0x080031d4       0x24 C:\Users\future\Desktop\pi5\balancecar\balance_car\build_check_tmp\stm32f1xx_hal.o
                0x080031d4                HAL_Init
 .text.HAL_IncTick
                0x080031f8       0x18 C:\Users\future\Desktop\pi5\balancecar\balance_car\build_check_tmp\stm32f1xx_hal.o
                0x080031f8                HAL_IncTick
 .text.HAL_GetTick
                0x08003210        0xc C:\Users\future\Desktop\pi5\balancecar\balance_car\build_check_tmp\stm32f1xx_hal.o
                0x08003210                HAL_GetTick
 .text.HAL_Delay
                0x0800321c       0x28 C:\Users\future\Desktop\pi5\balancecar\balance_car\build_check_tmp\stm32f1xx_hal.o
                0x0800321c                HAL_Delay
 .text.I2C_IsAcknowledgeFailed
                0x08003244       0x32 C:\Users\future\Desktop\pi5\balancecar\balance_car\build_check_tmp\stm32f1xx_hal_i2c.o
 .text.I2C_WaitOnFlagUntilTimeout
                0x08003276       0xaa C:\Users\future\Desktop\pi5\balancecar\balance_car\build_check_tmp\stm32f1xx_hal_i2c.o
 .text.I2C_WaitOnMasterAddressFlagUntilTimeout
                0x08003320       0xd6 C:\Users\future\Desktop\pi5\balancecar\balance_car\build_check_tmp\stm32f1xx_hal_i2c.o
 *fill*         0x080033f6        0x2 
 .text.I2C_MasterRequestWrite
                0x080033f8       0xb4 C:\Users\future\Desktop\pi5\balancecar\balance_car\build_check_tmp\stm32f1xx_hal_i2c.o
 .text.I2C_WaitOnTXEFlagUntilTimeout
                0x080034ac       0x5e C:\Users\future\Desktop\pi5\balancecar\balance_car\build_check_tmp\stm32f1xx_hal_i2c.o
 *fill*         0x0800350a        0x2 
 .text.I2C_RequestMemoryWrite
                0x0800350c       0xd8 C:\Users\future\Desktop\pi5\balancecar\balance_car\build_check_tmp\stm32f1xx_hal_i2c.o
 .text.I2C_RequestMemoryRead
                0x080035e4      0x154 C:\Users\future\Desktop\pi5\balancecar\balance_car\build_check_tmp\stm32f1xx_hal_i2c.o
 .text.I2C_WaitOnBTFFlagUntilTimeout
                0x08003738       0x5e C:\Users\future\Desktop\pi5\balancecar\balance_car\build_check_tmp\stm32f1xx_hal_i2c.o
 .text.I2C_WaitOnRXNEFlagUntilTimeout
                0x08003796       0x78 C:\Users\future\Desktop\pi5\balancecar\balance_car\build_check_tmp\stm32f1xx_hal_i2c.o
 *fill*         0x0800380e        0x2 
 .text.HAL_I2C_Init
                0x08003810      0x1bc C:\Users\future\Desktop\pi5\balancecar\balance_car\build_check_tmp\stm32f1xx_hal_i2c.o
                0x08003810                HAL_I2C_Init
 .text.HAL_I2C_Master_Transmit
                0x080039cc      0x178 C:\Users\future\Desktop\pi5\balancecar\balance_car\build_check_tmp\stm32f1xx_hal_i2c.o
                0x080039cc                HAL_I2C_Master_Transmit
 .text.HAL_I2C_Mem_Write
                0x08003b44      0x164 C:\Users\future\Desktop\pi5\balancecar\balance_car\build_check_tmp\stm32f1xx_hal_i2c.o
                0x08003b44                HAL_I2C_Mem_Write
 .text.HAL_I2C_Mem_Read
                0x08003ca8      0x35c C:\Users\future\Desktop\pi5\balancecar\balance_car\build_check_tmp\stm32f1xx_hal_i2c.o
                0x08003ca8                HAL_I2C_Mem_Read
 .text.RCC_Delay
                0x08004004       0x2c C:\Users\future\Desktop\pi5\balancecar\balance_car\build_check_tmp\stm32f1xx_hal_rcc.o
 .text.HAL_RCC_OscConfig
                0x08004030      0x410 C:\Users\future\Desktop\pi5\balancecar\balance_car\build_check_tmp\stm32f1xx_hal_rcc.o
                0x08004030                HAL_RCC_OscConfig
 .text.HAL_RCC_GetSysClockFreq
                0x08004440       0x54 C:\Users\future\Desktop\pi5\balancecar\balance_car\build_check_tmp\stm32f1xx_hal_rcc.o
                0x08004440                HAL_RCC_GetSysClockFreq
 .text.HAL_RCC_ClockConfig
                0x08004494      0x16c C:\Users\future\Desktop\pi5\balancecar\balance_car\build_check_tmp\stm32f1xx_hal_rcc.o
                0x08004494                HAL_RCC_ClockConfig
 .text.HAL_RCC_GetHCLKFreq
                0x08004600        0xc C:\Users\future\Desktop\pi5\balancecar\balance_car\build_check_tmp\stm32f1xx_hal_rcc.o
                0x08004600                HAL_RCC_GetHCLKFreq
 .text.HAL_RCC_GetPCLK1Freq
                0x0800460c       0x20 C:\Users\future\Desktop\pi5\balancecar\balance_car\build_check_tmp\stm32f1xx_hal_rcc.o
                0x0800460c                HAL_RCC_GetPCLK1Freq
 .text.HAL_RCC_GetPCLK2Freq
                0x0800462c       0x20 C:\Users\future\Desktop\pi5\balancecar\balance_car\build_check_tmp\stm32f1xx_hal_rcc.o
                0x0800462c                HAL_RCC_GetPCLK2Freq
 .text.HAL_RCCEx_GetPeriphCLKFreq
                0x0800464c       0xd8 C:\Users\future\Desktop\pi5\balancecar\balance_car\build_check_tmp\stm32f1xx_hal_rcc_ex.o
                0x0800464c                HAL_RCCEx_GetPeriphCLKFreq
 .text.HAL_GPIO_Init
                0x08004724      0x21c C:\Users\future\Desktop\pi5\balancecar\balance_car\build_check_tmp\stm32f1xx_hal_gpio.o
                0x08004724                HAL_GPIO_Init
 .text.HAL_GPIO_ReadPin
                0x08004940        0xe C:\Users\future\Desktop\pi5\balancecar\balance_car\build_check_tmp\stm32f1xx_hal_gpio.o
                0x08004940                HAL_GPIO_ReadPin
 .text.HAL_GPIO_WritePin
                0x0800494e        0xc C:\Users\future\Desktop\pi5\balancecar\balance_car\build_check_tmp\stm32f1xx_hal_gpio.o
                0x0800494e                HAL_GPIO_WritePin
 *fill*         0x0800495a        0x2 
 .text.TIM_OC1_SetConfig
                0x0800495c       0x54 C:\Users\future\Desktop\pi5\balancecar\balance_car\build_check_tmp\stm32f1xx_hal_tim.o
 .text.TIM_OC3_SetConfig
                0x080049b0       0x5c C:\Users\future\Desktop\pi5\balancecar\balance_car\build_check_tmp\stm32f1xx_hal_tim.o
 .text.TIM_OC4_SetConfig
                0x08004a0c       0x48 C:\Users\future\Desktop\pi5\balancecar\balance_car\build_check_tmp\stm32f1xx_hal_tim.o
 .text.HAL_TIM_Base_Start_IT
                0x08004a54       0x68 C:\Users\future\Desktop\pi5\balancecar\balance_car\build_check_tmp\stm32f1xx_hal_tim.o
                0x08004a54                HAL_TIM_Base_Start_IT
 .text.TIM_Base_SetConfig
                0x08004abc       0x84 C:\Users\future\Desktop\pi5\balancecar\balance_car\build_check_tmp\stm32f1xx_hal_tim.o
                0x08004abc                TIM_Base_SetConfig
 .text.HAL_TIM_Base_Init
                0x08004b40       0x58 C:\Users\future\Desktop\pi5\balancecar\balance_car\build_check_tmp\stm32f1xx_hal_tim.o
                0x08004b40                HAL_TIM_Base_Init
 .text.HAL_TIM_PWM_Init
                0x08004b98       0x58 C:\Users\future\Desktop\pi5\balancecar\balance_car\build_check_tmp\stm32f1xx_hal_tim.o
                0x08004b98                HAL_TIM_PWM_Init
 .text.HAL_TIM_Encoder_Init
                0x08004bf0       0xb6 C:\Users\future\Desktop\pi5\balancecar\balance_car\build_check_tmp\stm32f1xx_hal_tim.o
                0x08004bf0                HAL_TIM_Encoder_Init
 *fill*         0x08004ca6        0x2 
 .text.TIM_OC2_SetConfig
                0x08004ca8       0x5c C:\Users\future\Desktop\pi5\balancecar\balance_car\build_check_tmp\stm32f1xx_hal_tim.o
                0x08004ca8                TIM_OC2_SetConfig
 .text.HAL_TIM_PWM_ConfigChannel
                0x08004d04       0xdc C:\Users\future\Desktop\pi5\balancecar\balance_car\build_check_tmp\stm32f1xx_hal_tim.o
                0x08004d04                HAL_TIM_PWM_ConfigChannel
 .text.TIM_CCxChannelCmd
                0x08004de0       0x1e C:\Users\future\Desktop\pi5\balancecar\balance_car\build_check_tmp\stm32f1xx_hal_tim.o
                0x08004de0                TIM_CCxChannelCmd
 *fill*         0x08004dfe        0x2 
 .text.HAL_TIM_PWM_Start
                0x08004e00       0xdc C:\Users\future\Desktop\pi5\balancecar\balance_car\build_check_tmp\stm32f1xx_hal_tim.o
                0x08004e00                HAL_TIM_PWM_Start
 .text.HAL_TIM_Encoder_Start
                0x08004edc       0xcc C:\Users\future\Desktop\pi5\balancecar\balance_car\build_check_tmp\stm32f1xx_hal_tim.o
                0x08004edc                HAL_TIM_Encoder_Start
 .text.HAL_TIMEx_MasterConfigSynchronization
                0x08004fa8       0x6c C:\Users\future\Desktop\pi5\balancecar\balance_car\build_check_tmp\stm32f1xx_hal_tim_ex.o
                0x08004fa8                HAL_TIMEx_MasterConfigSynchronization
 .text.__NVIC_SetPriority
                0x08005014       0x28 C:\Users\future\Desktop\pi5\balancecar\balance_car\build_check_tmp\stm32f1xx_hal_cortex.o
 .text.NVIC_EncodePriority
                0x0800503c       0x3e C:\Users\future\Desktop\pi5\balancecar\balance_car\build_check_tmp\stm32f1xx_hal_cortex.o
 *fill*         0x0800507a        0x2 
 .text.HAL_NVIC_SetPriorityGrouping
                0x0800507c       0x24 C:\Users\future\Desktop\pi5\balancecar\balance_car\build_check_tmp\stm32f1xx_hal_cortex.o
                0x0800507c                HAL_NVIC_SetPriorityGrouping
 .text.HAL_NVIC_SetPriority
                0x080050a0       0x20 C:\Users\future\Desktop\pi5\balancecar\balance_car\build_check_tmp\stm32f1xx_hal_cortex.o
                0x080050a0                HAL_NVIC_SetPriority
 .text.HAL_NVIC_EnableIRQ
                0x080050c0       0x1c C:\Users\future\Desktop\pi5\balancecar\balance_car\build_check_tmp\stm32f1xx_hal_cortex.o
                0x080050c0                HAL_NVIC_EnableIRQ
 .text.HAL_SYSTICK_Config
                0x080050dc       0x28 C:\Users\future\Desktop\pi5\balancecar\balance_car\build_check_tmp\stm32f1xx_hal_cortex.o
                0x080050dc                HAL_SYSTICK_Config
 .text.HAL_ADC_PollForConversion
                0x08005104      0x184 C:\Users\future\Desktop\pi5\balancecar\balance_car\build_check_tmp\stm32f1xx_hal_adc.o
                0x08005104                HAL_ADC_PollForConversion
 .text.HAL_ADC_GetValue
                0x08005288        0x6 C:\Users\future\Desktop\pi5\balancecar\balance_car\build_check_tmp\stm32f1xx_hal_adc.o
                0x08005288                HAL_ADC_GetValue
 *fill*         0x0800528e        0x2 
 .text.HAL_ADC_ConfigChannel
                0x08005290      0x140 C:\Users\future\Desktop\pi5\balancecar\balance_car\build_check_tmp\stm32f1xx_hal_adc.o
                0x08005290                HAL_ADC_ConfigChannel
 .text.ADC_Enable
                0x080053d0       0x88 C:\Users\future\Desktop\pi5\balancecar\balance_car\build_check_tmp\stm32f1xx_hal_adc.o
                0x080053d0                ADC_Enable
 .text.HAL_ADC_Start
                0x08005458       0xe8 C:\Users\future\Desktop\pi5\balancecar\balance_car\build_check_tmp\stm32f1xx_hal_adc.o
                0x08005458                HAL_ADC_Start
 .text.ADC_ConversionStop_Disable
                0x08005540       0x56 C:\Users\future\Desktop\pi5\balancecar\balance_car\build_check_tmp\stm32f1xx_hal_adc.o
                0x08005540                ADC_ConversionStop_Disable
 *fill*         0x08005596        0x2 
 .text.HAL_ADC_Init
                0x08005598      0x108 C:\Users\future\Desktop\pi5\balancecar\balance_car\build_check_tmp\stm32f1xx_hal_adc.o
                0x08005598                HAL_ADC_Init
 .text.HAL_ADC_Stop
                0x080056a0       0x34 C:\Users\future\Desktop\pi5\balancecar\balance_car\build_check_tmp\stm32f1xx_hal_adc.o
                0x080056a0                HAL_ADC_Stop
 .text.HAL_ADCEx_Calibration_Start
                0x080056d4      0x100 C:\Users\future\Desktop\pi5\balancecar\balance_car\build_check_tmp\stm32f1xx_hal_adc_ex.o
                0x080056d4                HAL_ADCEx_Calibration_Start
 .text.SystemInit
                0x080057d4        0x2 C:\Users\future\Desktop\pi5\balancecar\balance_car\build_check_tmp\system_stm32f1xx.o
                0x080057d4                SystemInit
 *fill*         0x080057d6        0x2 
 .text._sbrk    0x080057d8       0x48 C:\Users\future\Desktop\pi5\balancecar\balance_car\build_check_tmp\sysmem.o
                0x080057d8                _sbrk
 .text.Reset_Handler
                0x08005820       0x48 C:\Users\future\Desktop\pi5\balancecar\balance_car\build_check_tmp\startup_stm32f103xb.o
                0x08005820                Reset_Handler
 .text.Default_Handler
                0x08005868        0x2 C:\Users\future\Desktop\pi5\balancecar\balance_car\build_check_tmp\startup_stm32f103xb.o
                0x08005868                RTC_Alarm_IRQHandler
                0x08005868                EXTI2_IRQHandler
                0x08005868                TIM1_CC_IRQHandler
                0x08005868                PVD_IRQHandler
                0x08005868                EXTI3_IRQHandler
                0x08005868                EXTI0_IRQHandler
                0x08005868                I2C2_EV_IRQHandler
                0x08005868                ADC1_2_IRQHandler
                0x08005868                SPI1_IRQHandler
                0x08005868                TAMPER_IRQHandler
                0x08005868                DMA1_Channel4_IRQHandler
                0x08005868                USART3_IRQHandler
                0x08005868                RTC_IRQHandler
                0x08005868                DMA1_Channel7_IRQHandler
                0x08005868                CAN1_RX1_IRQHandler
                0x08005868                I2C1_EV_IRQHandler
                0x08005868                DMA1_Channel6_IRQHandler
                0x08005868                TIM3_IRQHandler
                0x08005868                RCC_IRQHandler
                0x08005868                TIM1_TRG_COM_IRQHandler
                0x08005868                DMA1_Channel1_IRQHandler
                0x08005868                Default_Handler
                0x08005868                EXTI15_10_IRQHandler
                0x08005868                EXTI9_5_IRQHandler
                0x08005868                SPI2_IRQHandler
                0x08005868                DMA1_Channel5_IRQHandler
                0x08005868                EXTI4_IRQHandler
                0x08005868                USB_LP_CAN1_RX0_IRQHandler
                0x08005868                USB_HP_CAN1_TX_IRQHandler
                0x08005868                DMA1_Channel3_IRQHandler
                0x08005868                TIM1_UP_IRQHandler
                0x08005868                WWDG_IRQHandler
                0x08005868                TIM2_IRQHandler
                0x08005868                TIM1_BRK_IRQHandler
                0x08005868                EXTI1_IRQHandler
                0x08005868                USART2_IRQHandler
                0x08005868                I2C2_ER_IRQHandler
                0x08005868                DMA1_Channel2_IRQHandler
                0x08005868                CAN1_SCE_IRQHandler
                0x08005868                FLASH_IRQHandler
                0x08005868                USART1_IRQHandler
                0x08005868                I2C1_ER_IRQHandler
                0x08005868                USBWakeUp_IRQHandler
 *(.glue_7)
 .glue_7        0x0800586a        0x0 linker stubs
 *(.glue_7t)
 .glue_7t       0x0800586a        0x0 linker stubs
 *(.eh_frame)
 *fill*         0x0800586a        0x2 
 .eh_frame      0x0800586c        0x0 C:/msys64/mingw64/bin/../lib/gcc/arm-none-eabi/13.3.0/thumb/v7-m/nofp/crtbegin.o
 *(.init)
 .init          0x0800586c        0x4 C:/msys64/mingw64/bin/../lib/gcc/arm-none-eabi/13.3.0/thumb/v7-m/nofp/crti.o
                0x0800586c                _init
 .init          0x08005870        0x8 C:/msys64/mingw64/bin/../lib/gcc/arm-none-eabi/13.3.0/thumb/v7-m/nofp/crtn.o
 *(.fini)
 .fini          0x08005878        0x4 C:/msys64/mingw64/bin/../lib/gcc/arm-none-eabi/13.3.0/thumb/v7-m/nofp/crti.o
                0x08005878                _fini
 .fini          0x0800587c        0x8 C:/msys64/mingw64/bin/../lib/gcc/arm-none-eabi/13.3.0/thumb/v7-m/nofp/crtn.o
                0x08005884                        . = ALIGN (0x4)
                0x08005884                        _etext = .

.vfp11_veneer   0x08005884        0x0
 .vfp11_veneer  0x08005884        0x0 linker stubs

.v4_bx          0x08005884        0x0
 .v4_bx         0x08005884        0x0 linker stubs

.iplt           0x08005884        0x0
 .iplt          0x08005884        0x0 C:/msys64/mingw64/bin/../lib/gcc/arm-none-eabi/13.3.0/thumb/v7-m/nofp/crtbegin.o

.rodata         0x08005884      0x2e0
                0x08005884                        . = ALIGN (0x4)
 *(.rodata)
 .rodata        0x08005884       0x18 C:/msys64/mingw64/bin/../lib/gcc/arm-none-eabi/13.3.0/../../../../arm-none-eabi/lib/thumb/v7-m/nofp\libm.a(libm_a-ef_atan2.o)
 .rodata        0x0800589c       0x20 C:/msys64/mingw64/bin/../lib/gcc/arm-none-eabi/13.3.0/../../../../arm-none-eabi/lib/thumb/v7-m/nofp\libm.a(libm_a-sf_atan.o)
 *(.rodata*)
 .rodata.DisplayUi_UpdateText.str1.4
                0x080058bc       0x6d C:\Users\future\Desktop\pi5\balancecar\balance_car\build_check_tmp\display_ui.o
                                 0x34 (size before relaxing)
 *fill*         0x08005929        0x3 
 .rodata.init_cmds.0
                0x0800592c       0x1c C:\Users\future\Desktop\pi5\balancecar\balance_car\build_check_tmp\oled_ssd1306.o
 .rodata.s_font5x7
                0x08005948      0x1db C:\Users\future\Desktop\pi5\balancecar\balance_car\build_check_tmp\oled_ssd1306.o
 *fill*         0x08005b23        0x1 
 .rodata.aPredivFactorTable.0
                0x08005b24        0x2 C:\Users\future\Desktop\pi5\balancecar\balance_car\build_check_tmp\stm32f1xx_hal_rcc.o
 *fill*         0x08005b26        0x2 
 .rodata.aPLLMULFactorTable.1
                0x08005b28       0x10 C:\Users\future\Desktop\pi5\balancecar\balance_car\build_check_tmp\stm32f1xx_hal_rcc.o
 .rodata.aPredivFactorTable.0
                0x08005b38        0x2 C:\Users\future\Desktop\pi5\balancecar\balance_car\build_check_tmp\stm32f1xx_hal_rcc_ex.o
 *fill*         0x08005b3a        0x2 
 .rodata.aPLLMULFactorTable.1
                0x08005b3c       0x10 C:\Users\future\Desktop\pi5\balancecar\balance_car\build_check_tmp\stm32f1xx_hal_rcc_ex.o
 .rodata.APBPrescTable
                0x08005b4c        0x8 C:\Users\future\Desktop\pi5\balancecar\balance_car\build_check_tmp\system_stm32f1xx.o
                0x08005b4c                APBPrescTable
 .rodata.AHBPrescTable
                0x08005b54       0x10 C:\Users\future\Desktop\pi5\balancecar\balance_car\build_check_tmp\system_stm32f1xx.o
                0x08005b54                AHBPrescTable
 .rodata.str1.4
                0x08005b64        0x0 C:/msys64/mingw64/bin/../lib/gcc/arm-none-eabi/13.3.0/../../../../arm-none-eabi/lib/thumb/v7-m/nofp\libc_nano.a(libc_a-nano-svfprintf.o)
                                 0x13 (size before relaxing)
 .rodata.str1.4
                0x08005b64        0x0 C:/msys64/mingw64/bin/../lib/gcc/arm-none-eabi/13.3.0/../../../../arm-none-eabi/lib/thumb/v7-m/nofp\libc_nano.a(libc_a-nano-vfprintf_i.o)
                                 0x25 (size before relaxing)
                0x08005b64                        . = ALIGN (0x4)

.ARM.extab      0x08005b64        0x0
                0x08005b64                        . = ALIGN (0x4)
 *(.ARM.extab* .gnu.linkonce.armextab.*)
                0x08005b64                        . = ALIGN (0x4)

.ARM            0x08005b64        0x8
                0x08005b64                        . = ALIGN (0x4)
                0x08005b64                        __exidx_start = .
 *(.ARM.exidx*)
 .ARM.exidx     0x08005b64        0x8 C:/msys64/mingw64/bin/../lib/gcc/arm-none-eabi/13.3.0/../../../../arm-none-eabi/lib/thumb/v7-m/nofp\libc_nano.a(libc_a-memcpy.o)
                0x08005b6c                        __exidx_end = .
                0x08005b6c                        . = ALIGN (0x4)

.preinit_array  0x08005b6c        0x0
                0x08005b6c                        . = ALIGN (0x4)
                0x08005b6c                        PROVIDE (__preinit_array_start = .)
 *(.preinit_array*)
                0x08005b6c                        PROVIDE (__preinit_array_end = .)
                0x08005b6c                        . = ALIGN (0x4)

.init_array     0x08005b6c        0x4
                0x08005b6c                        . = ALIGN (0x4)
                0x08005b6c                        PROVIDE (__init_array_start = .)
 *(SORT_BY_NAME(.init_array.*))
 *(.init_array*)
 .init_array    0x08005b6c        0x4 C:/msys64/mingw64/bin/../lib/gcc/arm-none-eabi/13.3.0/thumb/v7-m/nofp/crtbegin.o
                0x08005b70                        PROVIDE (__init_array_end = .)
                0x08005b70                        . = ALIGN (0x4)

.fini_array     0x08005b70        0x4
                0x08005b70                        . = ALIGN (0x4)
                0x08005b70                        PROVIDE (__fini_array_start = .)
 *(SORT_BY_NAME(.fini_array.*))
 *(.fini_array*)
 .fini_array    0x08005b70        0x4 C:/msys64/mingw64/bin/../lib/gcc/arm-none-eabi/13.3.0/thumb/v7-m/nofp/crtbegin.o
                0x08005b74                        PROVIDE (__fini_array_end = .)
                0x08005b74                        . = ALIGN (0x4)
                0x08005b74                        _sidata = LOADADDR (.data)

.rel.dyn        0x08005b74        0x0
 .rel.iplt      0x08005b74        0x0 C:/msys64/mingw64/bin/../lib/gcc/arm-none-eabi/13.3.0/thumb/v7-m/nofp/crtbegin.o

.data           0x20000000      0x148 load address 0x08005b74
                0x20000000                        . = ALIGN (0x4)
                0x20000000                        _sdata = .
 *(.data)
 .data          0x20000000       0x50 C:/msys64/mingw64/bin/../lib/gcc/arm-none-eabi/13.3.0/../../../../arm-none-eabi/lib/thumb/v7-m/nofp\libc_nano.a(libc_a-impure.o)
                0x20000000                _impure_ptr
                0x20000004                _impure_data
 *(.data*)
 .data.g_turn_pid
                0x20000050       0x3c C:\Users\future\Desktop\pi5\balancecar\balance_car\build_check_tmp\balance_control.o
                0x20000050                g_turn_pid
 .data.g_speed_pid
                0x2000008c       0x3c C:\Users\future\Desktop\pi5\balancecar\balance_car\build_check_tmp\balance_control.o
                0x2000008c                g_speed_pid
 .data.g_angle_pid
                0x200000c8       0x3c C:\Users\future\Desktop\pi5\balancecar\balance_car\build_check_tmp\balance_control.o
                0x200000c8                g_angle_pid
 .data.g_balance_debug
                0x20000104       0x18 C:\Users\future\Desktop\pi5\balancecar\balance_car\build_check_tmp\balance_control.o
                0x20000104                g_balance_debug
 .data.g_sensor_state
                0x2000011c       0x20 C:\Users\future\Desktop\pi5\balancecar\balance_car\build_check_tmp\app_sensors.o
                0x2000011c                g_sensor_state
 .data.uwTickFreq
                0x2000013c        0x1 C:\Users\future\Desktop\pi5\balancecar\balance_car\build_check_tmp\stm32f1xx_hal.o
                0x2000013c                uwTickFreq
 *fill*         0x2000013d        0x3 
 .data.uwTickPrio
                0x20000140        0x4 C:\Users\future\Desktop\pi5\balancecar\balance_car\build_check_tmp\stm32f1xx_hal.o
                0x20000140                uwTickPrio
 .data.SystemCoreClock
                0x20000144        0x4 C:\Users\future\Desktop\pi5\balancecar\balance_car\build_check_tmp\system_stm32f1xx.o
                0x20000144                SystemCoreClock
 *(.RamFunc)
 *(.RamFunc*)
                0x20000148                        . = ALIGN (0x4)
                0x20000148                        _edata = .

.igot.plt       0x20000148        0x0 load address 0x08005cbc
 .igot.plt      0x20000148        0x0 C:/msys64/mingw64/bin/../lib/gcc/arm-none-eabi/13.3.0/thumb/v7-m/nofp/crtbegin.o
                0x20000148                        . = ALIGN (0x4)

.bss            0x20000148      0x7fc load address 0x08005cbc
                0x20000148                        _sbss = .
                0x20000148                        __bss_start__ = _sbss
 *(.bss)
 .bss           0x20000148      0x13c C:/msys64/mingw64/bin/../lib/gcc/arm-none-eabi/13.3.0/../../../../arm-none-eabi/lib/thumb/v7-m/nofp\libc_nano.a(libc_a-findfp.o)
                0x20000148                __sf
                0x20000280                __stdio_exit_handler
 .bss           0x20000284        0x4 C:/msys64/mingw64/bin/../lib/gcc/arm-none-eabi/13.3.0/../../../../arm-none-eabi/lib/thumb/v7-m/nofp\libc_nano.a(libc_a-reent.o)
                0x20000284                errno
 .bss           0x20000288       0x1d C:/msys64/mingw64/bin/../lib/gcc/arm-none-eabi/13.3.0/../../../../arm-none-eabi/lib/thumb/v7-m/nofp\libc_nano.a(libc_a-lock.o)
                0x20000288                __lock___arc4random_mutex
                0x2000028c                __lock___dd_hash_mutex
                0x20000290                __lock___tz_mutex
                0x20000294                __lock___env_recursive_mutex
                0x20000298                __lock___malloc_recursive_mutex
                0x2000029c                __lock___at_quick_exit_mutex
                0x200002a0                __lock___atexit_recursive_mutex
                0x200002a4                __lock___sfp_recursive_mutex
 *fill*         0x200002a5        0x3 
 .bss           0x200002a8        0x8 C:/msys64/mingw64/bin/../lib/gcc/arm-none-eabi/13.3.0/../../../../arm-none-eabi/lib/thumb/v7-m/nofp\libc_nano.a(libc_a-mallocr.o)
                0x200002a8                __malloc_sbrk_start
                0x200002ac                __malloc_free_list
 *(.bss*)
 .bss.completed.1
                0x200002b0        0x1 C:/msys64/mingw64/bin/../lib/gcc/arm-none-eabi/13.3.0/thumb/v7-m/nofp/crtbegin.o
 *fill*         0x200002b1        0x3 
 .bss.object.0  0x200002b4       0x18 C:/msys64/mingw64/bin/../lib/gcc/arm-none-eabi/13.3.0/thumb/v7-m/nofp/crtbegin.o
 .bss.count_speed.0
                0x200002cc        0x1 C:\Users\future\Desktop\pi5\balancecar\balance_car\build_check_tmp\balance_control.o
 .bss.count_angle.1
                0x200002cd        0x1 C:\Users\future\Desktop\pi5\balancecar\balance_car\build_check_tmp\balance_control.o
 *fill*         0x200002ce        0x2 
 .bss.s_dif_pwm
                0x200002d0        0x4 C:\Users\future\Desktop\pi5\balancecar\balance_car\build_check_tmp\balance_control.o
 .bss.s_angle   0x200002d4        0x4 C:\Users\future\Desktop\pi5\balancecar\balance_car\build_check_tmp\balance_control.o
 .bss.s_button_debounce_count
                0x200002d8        0x1 C:\Users\future\Desktop\pi5\balancecar\balance_car\build_check_tmp\balance_control.o
 .bss.s_button_stable
                0x200002d9        0x1 C:\Users\future\Desktop\pi5\balancecar\balance_car\build_check_tmp\balance_control.o
 .bss.s_button_sample
                0x200002da        0x1 C:\Users\future\Desktop\pi5\balancecar\balance_car\build_check_tmp\balance_control.o
 .bss.s_last_run_enable
                0x200002db        0x1 C:\Users\future\Desktop\pi5\balancecar\balance_car\build_check_tmp\balance_control.o
 .bss.s_button_toggle_pending
                0x200002dc        0x1 C:\Users\future\Desktop\pi5\balancecar\balance_car\build_check_tmp\balance_control.o
 .bss.s_speed_tick_pending
                0x200002dd        0x1 C:\Users\future\Desktop\pi5\balancecar\balance_car\build_check_tmp\balance_control.o
 .bss.s_angle_tick_pending
                0x200002de        0x1 C:\Users\future\Desktop\pi5\balancecar\balance_car\build_check_tmp\balance_control.o
 *fill*         0x200002df        0x1 
 .bss.s_htim4   0x200002e0       0x48 C:\Users\future\Desktop\pi5\balancecar\balance_car\build_check_tmp\balance_control.o
 .bss.g_balance_state
                0x20000328       0x40 C:\Users\future\Desktop\pi5\balancecar\balance_car\build_check_tmp\balance_control.o
                0x20000328                g_balance_state
 .bss.s_fsr_zero_captured
                0x20000368        0x1 C:\Users\future\Desktop\pi5\balancecar\balance_car\build_check_tmp\app_sensors.o
 .bss.s_dht_waiting
                0x20000369        0x1 C:\Users\future\Desktop\pi5\balancecar\balance_car\build_check_tmp\app_sensors.o
 *fill*         0x2000036a        0x2 
 .bss.s_dht_start_ms
                0x2000036c        0x4 C:\Users\future\Desktop\pi5\balancecar\balance_car\build_check_tmp\app_sensors.o
 .bss.s_next_dht_ms
                0x20000370        0x4 C:\Users\future\Desktop\pi5\balancecar\balance_car\build_check_tmp\app_sensors.o
 .bss.s_next_fsr_ms
                0x20000374        0x4 C:\Users\future\Desktop\pi5\balancecar\balance_car\build_check_tmp\app_sensors.o
 .bss.s_next_page_ms
                0x20000378        0x4 C:\Users\future\Desktop\pi5\balancecar\balance_car\build_check_tmp\display_ui.o
 .bss.s_next_text_ms
                0x2000037c        0x4 C:\Users\future\Desktop\pi5\balancecar\balance_car\build_check_tmp\display_ui.o
 .bss.s_dwt_ready
                0x20000380        0x1 C:\Users\future\Desktop\pi5\balancecar\balance_car\build_check_tmp\dht11.o
 *fill*         0x20000381        0x3 
 .bss.s_htim2   0x20000384       0x48 C:\Users\future\Desktop\pi5\balancecar\balance_car\build_check_tmp\encoder_hal.o
 .bss.s_htim1   0x200003cc       0x48 C:\Users\future\Desktop\pi5\balancecar\balance_car\build_check_tmp\encoder_hal.o
 .bss.s_hadc1   0x20000414       0x30 C:\Users\future\Desktop\pi5\balancecar\balance_car\build_check_tmp\fsr_adc.o
 .bss.s_i2c2_initialized
                0x20000444        0x1 C:\Users\future\Desktop\pi5\balancecar\balance_car\build_check_tmp\i2c_bus.o
 .bss.s_i2c1_initialized
                0x20000445        0x1 C:\Users\future\Desktop\pi5\balancecar\balance_car\build_check_tmp\i2c_bus.o
 *fill*         0x20000446        0x2 
 .bss.s_hi2c2   0x20000448       0x54 C:\Users\future\Desktop\pi5\balancecar\balance_car\build_check_tmp\i2c_bus.o
 .bss.s_hi2c1   0x2000049c       0x54 C:\Users\future\Desktop\pi5\balancecar\balance_car\build_check_tmp\i2c_bus.o
 .bss.s_htim3   0x200004f0       0x48 C:\Users\future\Desktop\pi5\balancecar\balance_car\build_check_tmp\motor_tb6612.o
 .bss.s_last_id
                0x20000538        0x1 C:\Users\future\Desktop\pi5\balancecar\balance_car\build_check_tmp\mpu6050_hal.o
 .bss.s_next_page
                0x20000539        0x1 C:\Users\future\Desktop\pi5\balancecar\balance_car\build_check_tmp\oled_ssd1306.o
 *fill*         0x2000053a        0x2 
 .bss.s_buffer  0x2000053c      0x400 C:\Users\future\Desktop\pi5\balancecar\balance_car\build_check_tmp\oled_ssd1306.o
 .bss.uwTick    0x2000093c        0x4 C:\Users\future\Desktop\pi5\balancecar\balance_car\build_check_tmp\stm32f1xx_hal.o
                0x2000093c                uwTick
 .bss.__sbrk_heap_end
                0x20000940        0x4 C:\Users\future\Desktop\pi5\balancecar\balance_car\build_check_tmp\sysmem.o
 *(COMMON)
                0x20000944                        . = ALIGN (0x4)
                0x20000944                        _ebss = .
                0x20000944                        __bss_end__ = _ebss

._user_heap_stack
                0x20000944      0x604 load address 0x08005cbc
                0x20000948                        . = ALIGN (0x8)
 *fill*         0x20000944        0x4 
                [!provide]                        PROVIDE (end = .)
                0x20000948                        PROVIDE (_end = .)
                0x20000b48                        . = (. + _Min_Heap_Size)
 *fill*         0x20000948      0x200 
                0x20000f48                        . = (. + _Min_Stack_Size)
 *fill*         0x20000b48      0x400 
                0x20000f48                        . = ALIGN (0x8)

/DISCARD/
 libc.a(*)
 libm.a(*)
 libgcc.a(*)
OUTPUT(C:\Users\future\Desktop\pi5\balancecar\balance_car\build_check_tmp\balance_car.elf elf32-littlearm)
LOAD linker stubs
LOAD C:/msys64/mingw64/bin/../lib/gcc/arm-none-eabi/13.3.0/../../../../arm-none-eabi/lib/thumb/v7-m/nofp\libc.a
LOAD C:/msys64/mingw64/bin/../lib/gcc/arm-none-eabi/13.3.0/../../../../arm-none-eabi/lib/thumb/v7-m/nofp\libm.a
LOAD C:/msys64/mingw64/bin/../lib/gcc/arm-none-eabi/13.3.0/thumb/v7-m/nofp\libgcc.a

.ARM.attributes
                0x00000000       0x29
 .ARM.attributes
                0x00000000       0x1d C:/msys64/mingw64/bin/../lib/gcc/arm-none-eabi/13.3.0/thumb/v7-m/nofp/crti.o
 .ARM.attributes
                0x0000001d       0x2d C:/msys64/mingw64/bin/../lib/gcc/arm-none-eabi/13.3.0/thumb/v7-m/nofp/crtbegin.o
 .ARM.attributes
                0x0000004a       0x2d C:\Users\future\Desktop\pi5\balancecar\balance_car\build_check_tmp\main.o
 .ARM.attributes
                0x00000077       0x2d C:\Users\future\Desktop\pi5\balancecar\balance_car\build_check_tmp\balance_control.o
 .ARM.attributes
                0x000000a4       0x2d C:\Users\future\Desktop\pi5\balancecar\balance_car\build_check_tmp\app_sensors.o
 .ARM.attributes
                0x000000d1       0x2d C:\Users\future\Desktop\pi5\balancecar\balance_car\build_check_tmp\display_ui.o
 .ARM.attributes
                0x000000fe       0x2d C:\Users\future\Desktop\pi5\balancecar\balance_car\build_check_tmp\dht11.o
 .ARM.attributes
                0x0000012b       0x2d C:\Users\future\Desktop\pi5\balancecar\balance_car\build_check_tmp\encoder_hal.o
 .ARM.attributes
                0x00000158       0x2d C:\Users\future\Desktop\pi5\balancecar\balance_car\build_check_tmp\fsr_adc.o
 .ARM.attributes
                0x00000185       0x2d C:\Users\future\Desktop\pi5\balancecar\balance_car\build_check_tmp\i2c_bus.o
 .ARM.attributes
                0x000001b2       0x2d C:\Users\future\Desktop\pi5\balancecar\balance_car\build_check_tmp\motor_tb6612.o
 .ARM.attributes
                0x000001df       0x2d C:\Users\future\Desktop\pi5\balancecar\balance_car\build_check_tmp\mpu6050_hal.o
 .ARM.attributes
                0x0000020c       0x2d C:\Users\future\Desktop\pi5\balancecar\balance_car\build_check_tmp\oled_ssd1306.o
 .ARM.attributes
                0x00000239       0x2d C:\Users\future\Desktop\pi5\balancecar\balance_car\build_check_tmp\pid.o
 .ARM.attributes
                0x00000266       0x2d C:\Users\future\Desktop\pi5\balancecar\balance_car\build_check_tmp\stm32f1xx_it.o
 .ARM.attributes
                0x00000293       0x2d C:\Users\future\Desktop\pi5\balancecar\balance_car\build_check_tmp\stm32f1xx_hal_msp.o
 .ARM.attributes
                0x000002c0       0x2d C:\Users\future\Desktop\pi5\balancecar\balance_car\build_check_tmp\stm32f1xx_hal.o
 .ARM.attributes
                0x000002ed       0x2d C:\Users\future\Desktop\pi5\balancecar\balance_car\build_check_tmp\stm32f1xx_hal_i2c.o
 .ARM.attributes
                0x0000031a       0x2d C:\Users\future\Desktop\pi5\balancecar\balance_car\build_check_tmp\stm32f1xx_hal_rcc.o
 .ARM.attributes
                0x00000347       0x2d C:\Users\future\Desktop\pi5\balancecar\balance_car\build_check_tmp\stm32f1xx_hal_rcc_ex.o
 .ARM.attributes
                0x00000374       0x2d C:\Users\future\Desktop\pi5\balancecar\balance_car\build_check_tmp\stm32f1xx_hal_gpio.o
 .ARM.attributes
                0x000003a1       0x2d C:\Users\future\Desktop\pi5\balancecar\balance_car\build_check_tmp\stm32f1xx_hal_tim.o
 .ARM.attributes
                0x000003ce       0x2d C:\Users\future\Desktop\pi5\balancecar\balance_car\build_check_tmp\stm32f1xx_hal_tim_ex.o
 .ARM.attributes
                0x000003fb       0x2d C:\Users\future\Desktop\pi5\balancecar\balance_car\build_check_tmp\stm32f1xx_hal_cortex.o
 .ARM.attributes
                0x00000428       0x2d C:\Users\future\Desktop\pi5\balancecar\balance_car\build_check_tmp\stm32f1xx_hal_adc.o
 .ARM.attributes
                0x00000455       0x2d C:\Users\future\Desktop\pi5\balancecar\balance_car\build_check_tmp\stm32f1xx_hal_adc_ex.o
 .ARM.attributes
                0x00000482       0x2d C:\Users\future\Desktop\pi5\balancecar\balance_car\build_check_tmp\system_stm32f1xx.o
 .ARM.attributes
                0x000004af       0x2d C:\Users\future\Desktop\pi5\balancecar\balance_car\build_check_tmp\sysmem.o
 .ARM.attributes
                0x000004dc       0x21 C:\Users\future\Desktop\pi5\balancecar\balance_car\build_check_tmp\startup_stm32f103xb.o
 .ARM.attributes
                0x000004fd       0x2d C:/msys64/mingw64/bin/../lib/gcc/arm-none-eabi/13.3.0/../../../../arm-none-eabi/lib/thumb/v7-m/nofp\libc_nano.a(libc_a-findfp.o)
 .ARM.attributes
                0x0000052a       0x2d C:/msys64/mingw64/bin/../lib/gcc/arm-none-eabi/13.3.0/../../../../arm-none-eabi/lib/thumb/v7-m/nofp\libc_nano.a(libc_a-snprintf.o)
 .ARM.attributes
                0x00000557       0x2d C:/msys64/mingw64/bin/../lib/gcc/arm-none-eabi/13.3.0/../../../../arm-none-eabi/lib/thumb/v7-m/nofp\libc_nano.a(libc_a-memset.o)
 .ARM.attributes
                0x00000584       0x2d C:/msys64/mingw64/bin/../lib/gcc/arm-none-eabi/13.3.0/../../../../arm-none-eabi/lib/thumb/v7-m/nofp\libc_nano.a(libc_a-reent.o)
 .ARM.attributes
                0x000005b1       0x2d C:/msys64/mingw64/bin/../lib/gcc/arm-none-eabi/13.3.0/../../../../arm-none-eabi/lib/thumb/v7-m/nofp\libc_nano.a(libc_a-impure.o)
 .ARM.attributes
                0x000005de       0x2d C:/msys64/mingw64/bin/../lib/gcc/arm-none-eabi/13.3.0/../../../../arm-none-eabi/lib/thumb/v7-m/nofp\libc_nano.a(libc_a-errno.o)
 .ARM.attributes
                0x0000060b       0x2d C:/msys64/mingw64/bin/../lib/gcc/arm-none-eabi/13.3.0/../../../../arm-none-eabi/lib/thumb/v7-m/nofp\libc_nano.a(libc_a-init.o)
 .ARM.attributes
                0x00000638       0x2d C:/msys64/mingw64/bin/../lib/gcc/arm-none-eabi/13.3.0/../../../../arm-none-eabi/lib/thumb/v7-m/nofp\libc_nano.a(libc_a-lock.o)
 .ARM.attributes
                0x00000665       0x1b C:/msys64/mingw64/bin/../lib/gcc/arm-none-eabi/13.3.0/../../../../arm-none-eabi/lib/thumb/v7-m/nofp\libc_nano.a(libc_a-memcpy.o)
 .ARM.attributes
                0x00000680       0x2d C:/msys64/mingw64/bin/../lib/gcc/arm-none-eabi/13.3.0/../../../../arm-none-eabi/lib/thumb/v7-m/nofp\libc_nano.a(libc_a-freer.o)
 .ARM.attributes
                0x000006ad       0x2d C:/msys64/mingw64/bin/../lib/gcc/arm-none-eabi/13.3.0/../../../../arm-none-eabi/lib/thumb/v7-m/nofp\libc_nano.a(libc_a-mallocr.o)
 .ARM.attributes
                0x000006da       0x2d C:/msys64/mingw64/bin/../lib/gcc/arm-none-eabi/13.3.0/../../../../arm-none-eabi/lib/thumb/v7-m/nofp\libc_nano.a(libc_a-mlock.o)
 .ARM.attributes
                0x00000707       0x2d C:/msys64/mingw64/bin/../lib/gcc/arm-none-eabi/13.3.0/../../../../arm-none-eabi/lib/thumb/v7-m/nofp\libc_nano.a(libc_a-nano-svfprintf.o)
 .ARM.attributes
                0x00000734       0x2d C:/msys64/mingw64/bin/../lib/gcc/arm-none-eabi/13.3.0/../../../../arm-none-eabi/lib/thumb/v7-m/nofp\libc_nano.a(libc_a-nano-vfprintf_i.o)
 .ARM.attributes
                0x00000761       0x2d C:/msys64/mingw64/bin/../lib/gcc/arm-none-eabi/13.3.0/../../../../arm-none-eabi/lib/thumb/v7-m/nofp\libc_nano.a(libc_a-memmove.o)
 .ARM.attributes
                0x0000078e       0x2d C:/msys64/mingw64/bin/../lib/gcc/arm-none-eabi/13.3.0/../../../../arm-none-eabi/lib/thumb/v7-m/nofp\libc_nano.a(libc_a-sbrkr.o)
 .ARM.attributes
                0x000007bb       0x2d C:/msys64/mingw64/bin/../lib/gcc/arm-none-eabi/13.3.0/../../../../arm-none-eabi/lib/thumb/v7-m/nofp\libc_nano.a(libc_a-memchr-stub.o)
 .ARM.attributes
                0x000007e8       0x2d C:/msys64/mingw64/bin/../lib/gcc/arm-none-eabi/13.3.0/../../../../arm-none-eabi/lib/thumb/v7-m/nofp\libc_nano.a(libc_a-reallocr.o)
 .ARM.attributes
                0x00000815       0x2d C:/msys64/mingw64/bin/../lib/gcc/arm-none-eabi/13.3.0/../../../../arm-none-eabi/lib/thumb/v7-m/nofp\libc_nano.a(libc_a-msizer.o)
 .ARM.attributes
                0x00000842       0x2d C:/msys64/mingw64/bin/../lib/gcc/arm-none-eabi/13.3.0/../../../../arm-none-eabi/lib/thumb/v7-m/nofp\libm.a(libm_a-wf_atan2.o)
 .ARM.attributes
                0x0000086f       0x2d C:/msys64/mingw64/bin/../lib/gcc/arm-none-eabi/13.3.0/../../../../arm-none-eabi/lib/thumb/v7-m/nofp\libm.a(libm_a-ef_atan2.o)
 .ARM.attributes
                0x0000089c       0x2d C:/msys64/mingw64/bin/../lib/gcc/arm-none-eabi/13.3.0/../../../../arm-none-eabi/lib/thumb/v7-m/nofp\libm.a(libm_a-sf_atan.o)
 .ARM.attributes
                0x000008c9       0x2d C:/msys64/mingw64/bin/../lib/gcc/arm-none-eabi/13.3.0/../../../../arm-none-eabi/lib/thumb/v7-m/nofp\libm.a(libm_a-sf_fabs.o)
 .ARM.attributes
                0x000008f6       0x1d C:/msys64/mingw64/bin/../lib/gcc/arm-none-eabi/13.3.0/thumb/v7-m/nofp\libgcc.a(_arm_addsubsf3.o)
 .ARM.attributes
                0x00000913       0x1d C:/msys64/mingw64/bin/../lib/gcc/arm-none-eabi/13.3.0/thumb/v7-m/nofp\libgcc.a(_arm_muldivsf3.o)
 .ARM.attributes
                0x00000930       0x1d C:/msys64/mingw64/bin/../lib/gcc/arm-none-eabi/13.3.0/thumb/v7-m/nofp\libgcc.a(_arm_cmpsf2.o)
 .ARM.attributes
                0x0000094d       0x1d C:/msys64/mingw64/bin/../lib/gcc/arm-none-eabi/13.3.0/thumb/v7-m/nofp\libgcc.a(_arm_fixsfsi.o)
 .ARM.attributes
                0x0000096a       0x1d C:/msys64/mingw64/bin/../lib/gcc/arm-none-eabi/13.3.0/thumb/v7-m/nofp/crtn.o

.comment        0x00000000       0x12
 .comment       0x00000000       0x12 C:\Users\future\Desktop\pi5\balancecar\balance_car\build_check_tmp\main.o
                                 0x13 (size before relaxing)
 .comment       0x00000012        0x0 C:\Users\future\Desktop\pi5\balancecar\balance_car\build_check_tmp\balance_control.o
                                 0x13 (size before relaxing)
 .comment       0x00000012        0x0 C:\Users\future\Desktop\pi5\balancecar\balance_car\build_check_tmp\app_sensors.o
                                 0x13 (size before relaxing)
 .comment       0x00000012        0x0 C:\Users\future\Desktop\pi5\balancecar\balance_car\build_check_tmp\display_ui.o
                                 0x13 (size before relaxing)
 .comment       0x00000012        0x0 C:\Users\future\Desktop\pi5\balancecar\balance_car\build_check_tmp\dht11.o
                                 0x13 (size before relaxing)
 .comment       0x00000012        0x0 C:\Users\future\Desktop\pi5\balancecar\balance_car\build_check_tmp\encoder_hal.o
                                 0x13 (size before relaxing)
 .comment       0x00000012        0x0 C:\Users\future\Desktop\pi5\balancecar\balance_car\build_check_tmp\fsr_adc.o
                                 0x13 (size before relaxing)
 .comment       0x00000012        0x0 C:\Users\future\Desktop\pi5\balancecar\balance_car\build_check_tmp\i2c_bus.o
                                 0x13 (size before relaxing)
 .comment       0x00000012        0x0 C:\Users\future\Desktop\pi5\balancecar\balance_car\build_check_tmp\motor_tb6612.o
                                 0x13 (size before relaxing)
 .comment       0x00000012        0x0 C:\Users\future\Desktop\pi5\balancecar\balance_car\build_check_tmp\mpu6050_hal.o
                                 0x13 (size before relaxing)
 .comment       0x00000012        0x0 C:\Users\future\Desktop\pi5\balancecar\balance_car\build_check_tmp\oled_ssd1306.o
                                 0x13 (size before relaxing)
 .comment       0x00000012        0x0 C:\Users\future\Desktop\pi5\balancecar\balance_car\build_check_tmp\pid.o
                                 0x13 (size before relaxing)
 .comment       0x00000012        0x0 C:\Users\future\Desktop\pi5\balancecar\balance_car\build_check_tmp\stm32f1xx_it.o
                                 0x13 (size before relaxing)
 .comment       0x00000012        0x0 C:\Users\future\Desktop\pi5\balancecar\balance_car\build_check_tmp\stm32f1xx_hal_msp.o
                                 0x13 (size before relaxing)
 .comment       0x00000012        0x0 C:\Users\future\Desktop\pi5\balancecar\balance_car\build_check_tmp\stm32f1xx_hal.o
                                 0x13 (size before relaxing)
 .comment       0x00000012        0x0 C:\Users\future\Desktop\pi5\balancecar\balance_car\build_check_tmp\stm32f1xx_hal_i2c.o
                                 0x13 (size before relaxing)
 .comment       0x00000012        0x0 C:\Users\future\Desktop\pi5\balancecar\balance_car\build_check_tmp\stm32f1xx_hal_rcc.o
                                 0x13 (size before relaxing)
 .comment       0x00000012        0x0 C:\Users\future\Desktop\pi5\balancecar\balance_car\build_check_tmp\stm32f1xx_hal_rcc_ex.o
                                 0x13 (size before relaxing)
 .comment       0x00000012        0x0 C:\Users\future\Desktop\pi5\balancecar\balance_car\build_check_tmp\stm32f1xx_hal_gpio.o
                                 0x13 (size before relaxing)
 .comment       0x00000012        0x0 C:\Users\future\Desktop\pi5\balancecar\balance_car\build_check_tmp\stm32f1xx_hal_tim.o
                                 0x13 (size before relaxing)
 .comment       0x00000012        0x0 C:\Users\future\Desktop\pi5\balancecar\balance_car\build_check_tmp\stm32f1xx_hal_tim_ex.o
                                 0x13 (size before relaxing)
 .comment       0x00000012        0x0 C:\Users\future\Desktop\pi5\balancecar\balance_car\build_check_tmp\stm32f1xx_hal_cortex.o
                                 0x13 (size before relaxing)
 .comment       0x00000012        0x0 C:\Users\future\Desktop\pi5\balancecar\balance_car\build_check_tmp\stm32f1xx_hal_adc.o
                                 0x13 (size before relaxing)
 .comment       0x00000012        0x0 C:\Users\future\Desktop\pi5\balancecar\balance_car\build_check_tmp\stm32f1xx_hal_adc_ex.o
                                 0x13 (size before relaxing)
 .comment       0x00000012        0x0 C:\Users\future\Desktop\pi5\balancecar\balance_car\build_check_tmp\system_stm32f1xx.o
                                 0x13 (size before relaxing)
 .comment       0x00000012        0x0 C:\Users\future\Desktop\pi5\balancecar\balance_car\build_check_tmp\sysmem.o
                                 0x13 (size before relaxing)
 .comment       0x00000012        0x0 C:/msys64/mingw64/bin/../lib/gcc/arm-none-eabi/13.3.0/../../../../arm-none-eabi/lib/thumb/v7-m/nofp\libc_nano.a(libc_a-findfp.o)
                                 0x13 (size before relaxing)
 .comment       0x00000012        0x0 C:/msys64/mingw64/bin/../lib/gcc/arm-none-eabi/13.3.0/../../../../arm-none-eabi/lib/thumb/v7-m/nofp\libc_nano.a(libc_a-snprintf.o)
                                 0x13 (size before relaxing)
 .comment       0x00000012        0x0 C:/msys64/mingw64/bin/../lib/gcc/arm-none-eabi/13.3.0/../../../../arm-none-eabi/lib/thumb/v7-m/nofp\libc_nano.a(libc_a-memset.o)
                                 0x13 (size before relaxing)
 .comment       0x00000012        0x0 C:/msys64/mingw64/bin/../lib/gcc/arm-none-eabi/13.3.0/../../../../arm-none-eabi/lib/thumb/v7-m/nofp\libc_nano.a(libc_a-reent.o)
                                 0x13 (size before relaxing)
 .comment       0x00000012        0x0 C:/msys64/mingw64/bin/../lib/gcc/arm-none-eabi/13.3.0/../../../../arm-none-eabi/lib/thumb/v7-m/nofp\libc_nano.a(libc_a-impure.o)
                                 0x13 (size before relaxing)
 .comment       0x00000012        0x0 C:/msys64/mingw64/bin/../lib/gcc/arm-none-eabi/13.3.0/../../../../arm-none-eabi/lib/thumb/v7-m/nofp\libc_nano.a(libc_a-errno.o)
                                 0x13 (size before relaxing)
 .comment       0x00000012        0x0 C:/msys64/mingw64/bin/../lib/gcc/arm-none-eabi/13.3.0/../../../../arm-none-eabi/lib/thumb/v7-m/nofp\libc_nano.a(libc_a-init.o)
                                 0x13 (size before relaxing)
 .comment       0x00000012        0x0 C:/msys64/mingw64/bin/../lib/gcc/arm-none-eabi/13.3.0/../../../../arm-none-eabi/lib/thumb/v7-m/nofp\libc_nano.a(libc_a-lock.o)
                                 0x13 (size before relaxing)
 .comment       0x00000012        0x0 C:/msys64/mingw64/bin/../lib/gcc/arm-none-eabi/13.3.0/../../../../arm-none-eabi/lib/thumb/v7-m/nofp\libc_nano.a(libc_a-freer.o)
                                 0x13 (size before relaxing)
 .comment       0x00000012        0x0 C:/msys64/mingw64/bin/../lib/gcc/arm-none-eabi/13.3.0/../../../../arm-none-eabi/lib/thumb/v7-m/nofp\libc_nano.a(libc_a-mallocr.o)
                                 0x13 (size before relaxing)
 .comment       0x00000012        0x0 C:/msys64/mingw64/bin/../lib/gcc/arm-none-eabi/13.3.0/../../../../arm-none-eabi/lib/thumb/v7-m/nofp\libc_nano.a(libc_a-mlock.o)
                                 0x13 (size before relaxing)
 .comment       0x00000012        0x0 C:/msys64/mingw64/bin/../lib/gcc/arm-none-eabi/13.3.0/../../../../arm-none-eabi/lib/thumb/v7-m/nofp\libc_nano.a(libc_a-nano-svfprintf.o)
                                 0x13 (size before relaxing)
 .comment       0x00000012        0x0 C:/msys64/mingw64/bin/../lib/gcc/arm-none-eabi/13.3.0/../../../../arm-none-eabi/lib/thumb/v7-m/nofp\libc_nano.a(libc_a-nano-vfprintf_i.o)
                                 0x13 (size before relaxing)
 .comment       0x00000012        0x0 C:/msys64/mingw64/bin/../lib/gcc/arm-none-eabi/13.3.0/../../../../arm-none-eabi/lib/thumb/v7-m/nofp\libc_nano.a(libc_a-memmove.o)
                                 0x13 (size before relaxing)
 .comment       0x00000012        0x0 C:/msys64/mingw64/bin/../lib/gcc/arm-none-eabi/13.3.0/../../../../arm-none-eabi/lib/thumb/v7-m/nofp\libc_nano.a(libc_a-sbrkr.o)
                                 0x13 (size before relaxing)
 .comment       0x00000012        0x0 C:/msys64/mingw64/bin/../lib/gcc/arm-none-eabi/13.3.0/../../../../arm-none-eabi/lib/thumb/v7-m/nofp\libc_nano.a(libc_a-memchr-stub.o)
                                 0x13 (size before relaxing)
 .comment       0x00000012        0x0 C:/msys64/mingw64/bin/../lib/gcc/arm-none-eabi/13.3.0/../../../../arm-none-eabi/lib/thumb/v7-m/nofp\libc_nano.a(libc_a-reallocr.o)
                                 0x13 (size before relaxing)
 .comment       0x00000012        0x0 C:/msys64/mingw64/bin/../lib/gcc/arm-none-eabi/13.3.0/../../../../arm-none-eabi/lib/thumb/v7-m/nofp\libc_nano.a(libc_a-msizer.o)
                                 0x13 (size before relaxing)

.debug_info     0x00000000    0x1f2bc
 .debug_info    0x00000000      0x390 C:\Users\future\Desktop\pi5\balancecar\balance_car\build_check_tmp\main.o
 .debug_info    0x00000390     0x1b35 C:\Users\future\Desktop\pi5\balancecar\balance_car\build_check_tmp\balance_control.o
 .debug_info    0x00001ec5      0x5aa C:\Users\future\Desktop\pi5\balancecar\balance_car\build_check_tmp\app_sensors.o
 .debug_info    0x0000246f      0x5ba C:\Users\future\Desktop\pi5\balancecar\balance_car\build_check_tmp\display_ui.o
 .debug_info    0x00002a29      0x8ed C:\Users\future\Desktop\pi5\balancecar\balance_car\build_check_tmp\dht11.o
 .debug_info    0x00003316      0xc59 C:\Users\future\Desktop\pi5\balancecar\balance_car\build_check_tmp\encoder_hal.o
 .debug_info    0x00003f6f      0xa53 C:\Users\future\Desktop\pi5\balancecar\balance_car\build_check_tmp\fsr_adc.o
 .debug_info    0x000049c2      0xa74 C:\Users\future\Desktop\pi5\balancecar\balance_car\build_check_tmp\i2c_bus.o
 .debug_info    0x00005436      0xe9c C:\Users\future\Desktop\pi5\balancecar\balance_car\build_check_tmp\motor_tb6612.o
 .debug_info    0x000062d2      0x9f2 C:\Users\future\Desktop\pi5\balancecar\balance_car\build_check_tmp\mpu6050_hal.o
 .debug_info    0x00006cc4      0xad9 C:\Users\future\Desktop\pi5\balancecar\balance_car\build_check_tmp\oled_ssd1306.o
 .debug_info    0x0000779d      0x25b C:\Users\future\Desktop\pi5\balancecar\balance_car\build_check_tmp\pid.o
 .debug_info    0x000079f8      0x158 C:\Users\future\Desktop\pi5\balancecar\balance_car\build_check_tmp\stm32f1xx_it.o
 .debug_info    0x00007b50      0x238 C:\Users\future\Desktop\pi5\balancecar\balance_car\build_check_tmp\stm32f1xx_hal_msp.o
 .debug_info    0x00007d88      0x880 C:\Users\future\Desktop\pi5\balancecar\balance_car\build_check_tmp\stm32f1xx_hal.o
 .debug_info    0x00008608     0x3d27 C:\Users\future\Desktop\pi5\balancecar\balance_car\build_check_tmp\stm32f1xx_hal_i2c.o
 .debug_info    0x0000c32f      0xb10 C:\Users\future\Desktop\pi5\balancecar\balance_car\build_check_tmp\stm32f1xx_hal_rcc.o
 .debug_info    0x0000ce3f      0x47d C:\Users\future\Desktop\pi5\balancecar\balance_car\build_check_tmp\stm32f1xx_hal_rcc_ex.o
 .debug_info    0x0000d2bc      0x6d7 C:\Users\future\Desktop\pi5\balancecar\balance_car\build_check_tmp\stm32f1xx_hal_gpio.o
 .debug_info    0x0000d993     0x4146 C:\Users\future\Desktop\pi5\balancecar\balance_car\build_check_tmp\stm32f1xx_hal_tim.o
 .debug_info    0x00011ad9     0x1d4f C:\Users\future\Desktop\pi5\balancecar\balance_car\build_check_tmp\stm32f1xx_hal_tim_ex.o
 .debug_info    0x00013828      0xe3f C:\Users\future\Desktop\pi5\balancecar\balance_car\build_check_tmp\stm32f1xx_hal_cortex.o
 .debug_info    0x00014667     0x108e C:\Users\future\Desktop\pi5\balancecar\balance_car\build_check_tmp\stm32f1xx_hal_adc.o
 .debug_info    0x000156f5      0xda2 C:\Users\future\Desktop\pi5\balancecar\balance_car\build_check_tmp\stm32f1xx_hal_adc_ex.o
 .debug_info    0x00016497      0x26e C:\Users\future\Desktop\pi5\balancecar\balance_car\build_check_tmp\system_stm32f1xx.o
 .debug_info    0x00016705      0x18c C:\Users\future\Desktop\pi5\balancecar\balance_car\build_check_tmp\sysmem.o
 .debug_info    0x00016891       0x30 C:\Users\future\Desktop\pi5\balancecar\balance_car\build_check_tmp\startup_stm32f103xb.o
 .debug_info    0x000168c1     0x10c4 C:/msys64/mingw64/bin/../lib/gcc/arm-none-eabi/13.3.0/../../../../arm-none-eabi/lib/thumb/v7-m/nofp\libc_nano.a(libc_a-findfp.o)
 .debug_info    0x00017985      0x909 C:/msys64/mingw64/bin/../lib/gcc/arm-none-eabi/13.3.0/../../../../arm-none-eabi/lib/thumb/v7-m/nofp\libc_nano.a(libc_a-snprintf.o)
 .debug_info    0x0001828e      0x135 C:/msys64/mingw64/bin/../lib/gcc/arm-none-eabi/13.3.0/../../../../arm-none-eabi/lib/thumb/v7-m/nofp\libc_nano.a(libc_a-memset.o)
 .debug_info    0x000183c3      0x8a9 C:/msys64/mingw64/bin/../lib/gcc/arm-none-eabi/13.3.0/../../../../arm-none-eabi/lib/thumb/v7-m/nofp\libc_nano.a(libc_a-reent.o)
 .debug_info    0x00018c6c      0x715 C:/msys64/mingw64/bin/../lib/gcc/arm-none-eabi/13.3.0/../../../../arm-none-eabi/lib/thumb/v7-m/nofp\libc_nano.a(libc_a-impure.o)
 .debug_info    0x00019381      0x6fb C:/msys64/mingw64/bin/../lib/gcc/arm-none-eabi/13.3.0/../../../../arm-none-eabi/lib/thumb/v7-m/nofp\libc_nano.a(libc_a-errno.o)
 .debug_info    0x00019a7c      0x10b C:/msys64/mingw64/bin/../lib/gcc/arm-none-eabi/13.3.0/../../../../arm-none-eabi/lib/thumb/v7-m/nofp\libc_nano.a(libc_a-init.o)
 .debug_info    0x00019b87      0x218 C:/msys64/mingw64/bin/../lib/gcc/arm-none-eabi/13.3.0/../../../../arm-none-eabi/lib/thumb/v7-m/nofp\libc_nano.a(libc_a-lock.o)
 .debug_info    0x00019d9f       0x33 C:/msys64/mingw64/bin/../lib/gcc/arm-none-eabi/13.3.0/../../../../arm-none-eabi/lib/thumb/v7-m/nofp\libc_nano.a(libc_a-memcpy.o)
 .debug_info    0x00019dd2      0x889 C:/msys64/mingw64/bin/../lib/gcc/arm-none-eabi/13.3.0/../../../../arm-none-eabi/lib/thumb/v7-m/nofp\libc_nano.a(libc_a-freer.o)
 .debug_info    0x0001a65b      0x9c0 C:/msys64/mingw64/bin/../lib/gcc/arm-none-eabi/13.3.0/../../../../arm-none-eabi/lib/thumb/v7-m/nofp\libc_nano.a(libc_a-mallocr.o)
 .debug_info    0x0001b01b      0x76b C:/msys64/mingw64/bin/../lib/gcc/arm-none-eabi/13.3.0/../../../../arm-none-eabi/lib/thumb/v7-m/nofp\libc_nano.a(libc_a-mlock.o)
 .debug_info    0x0001b786     0x109e C:/msys64/mingw64/bin/../lib/gcc/arm-none-eabi/13.3.0/../../../../arm-none-eabi/lib/thumb/v7-m/nofp\libc_nano.a(libc_a-nano-svfprintf.o)
 .debug_info    0x0001c824      0xde1 C:/msys64/mingw64/bin/../lib/gcc/arm-none-eabi/13.3.0/../../../../arm-none-eabi/lib/thumb/v7-m/nofp\libc_nano.a(libc_a-nano-vfprintf_i.o)
 .debug_info    0x0001d605      0x148 C:/msys64/mingw64/bin/../lib/gcc/arm-none-eabi/13.3.0/../../../../arm-none-eabi/lib/thumb/v7-m/nofp\libc_nano.a(libc_a-memmove.o)
 .debug_info    0x0001d74d      0x782 C:/msys64/mingw64/bin/../lib/gcc/arm-none-eabi/13.3.0/../../../../arm-none-eabi/lib/thumb/v7-m/nofp\libc_nano.a(libc_a-sbrkr.o)
 .debug_info    0x0001decf      0x14a C:/msys64/mingw64/bin/../lib/gcc/arm-none-eabi/13.3.0/../../../../arm-none-eabi/lib/thumb/v7-m/nofp\libc_nano.a(libc_a-memchr-stub.o)
 .debug_info    0x0001e019      0x8d7 C:/msys64/mingw64/bin/../lib/gcc/arm-none-eabi/13.3.0/../../../../arm-none-eabi/lib/thumb/v7-m/nofp\libc_nano.a(libc_a-reallocr.o)
 .debug_info    0x0001e8f0      0x794 C:/msys64/mingw64/bin/../lib/gcc/arm-none-eabi/13.3.0/../../../../arm-none-eabi/lib/thumb/v7-m/nofp\libc_nano.a(libc_a-msizer.o)
 .debug_info    0x0001f084       0xca C:/msys64/mingw64/bin/../lib/gcc/arm-none-eabi/13.3.0/thumb/v7-m/nofp\libgcc.a(_arm_addsubsf3.o)
 .debug_info    0x0001f14e       0x57 C:/msys64/mingw64/bin/../lib/gcc/arm-none-eabi/13.3.0/thumb/v7-m/nofp\libgcc.a(_arm_muldivsf3.o)
 .debug_info    0x0001f1a5       0xdb C:/msys64/mingw64/bin/../lib/gcc/arm-none-eabi/13.3.0/thumb/v7-m/nofp\libgcc.a(_arm_cmpsf2.o)
 .debug_info    0x0001f280       0x3c C:/msys64/mingw64/bin/../lib/gcc/arm-none-eabi/13.3.0/thumb/v7-m/nofp\libgcc.a(_arm_fixsfsi.o)

.debug_abbrev   0x00000000     0x5948
 .debug_abbrev  0x00000000      0x1bf C:\Users\future\Desktop\pi5\balancecar\balance_car\build_check_tmp\main.o
 .debug_abbrev  0x000001bf      0x398 C:\Users\future\Desktop\pi5\balancecar\balance_car\build_check_tmp\balance_control.o
 .debug_abbrev  0x00000557      0x1f9 C:\Users\future\Desktop\pi5\balancecar\balance_car\build_check_tmp\app_sensors.o
 .debug_abbrev  0x00000750      0x1f2 C:\Users\future\Desktop\pi5\balancecar\balance_car\build_check_tmp\display_ui.o
 .debug_abbrev  0x00000942      0x24a C:\Users\future\Desktop\pi5\balancecar\balance_car\build_check_tmp\dht11.o
 .debug_abbrev  0x00000b8c      0x25d C:\Users\future\Desktop\pi5\balancecar\balance_car\build_check_tmp\encoder_hal.o
 .debug_abbrev  0x00000de9      0x1ea C:\Users\future\Desktop\pi5\balancecar\balance_car\build_check_tmp\fsr_adc.o
 .debug_abbrev  0x00000fd3      0x20b C:\Users\future\Desktop\pi5\balancecar\balance_car\build_check_tmp\i2c_bus.o
 .debug_abbrev  0x000011de      0x24f C:\Users\future\Desktop\pi5\balancecar\balance_car\build_check_tmp\motor_tb6612.o
 .debug_abbrev  0x0000142d      0x216 C:\Users\future\Desktop\pi5\balancecar\balance_car\build_check_tmp\mpu6050_hal.o
 .debug_abbrev  0x00001643      0x292 C:\Users\future\Desktop\pi5\balancecar\balance_car\build_check_tmp\oled_ssd1306.o
 .debug_abbrev  0x000018d5       0xe0 C:\Users\future\Desktop\pi5\balancecar\balance_car\build_check_tmp\pid.o
 .debug_abbrev  0x000019b5       0x80 C:\Users\future\Desktop\pi5\balancecar\balance_car\build_check_tmp\stm32f1xx_it.o
 .debug_abbrev  0x00001a35       0xe7 C:\Users\future\Desktop\pi5\balancecar\balance_car\build_check_tmp\stm32f1xx_hal_msp.o
 .debug_abbrev  0x00001b1c      0x232 C:\Users\future\Desktop\pi5\balancecar\balance_car\build_check_tmp\stm32f1xx_hal.o
 .debug_abbrev  0x00001d4e      0x31e C:\Users\future\Desktop\pi5\balancecar\balance_car\build_check_tmp\stm32f1xx_hal_i2c.o
 .debug_abbrev  0x0000206c      0x2d6 C:\Users\future\Desktop\pi5\balancecar\balance_car\build_check_tmp\stm32f1xx_hal_rcc.o
 .debug_abbrev  0x00002342      0x1d4 C:\Users\future\Desktop\pi5\balancecar\balance_car\build_check_tmp\stm32f1xx_hal_rcc_ex.o
 .debug_abbrev  0x00002516      0x222 C:\Users\future\Desktop\pi5\balancecar\balance_car\build_check_tmp\stm32f1xx_hal_gpio.o
 .debug_abbrev  0x00002738      0x2bd C:\Users\future\Desktop\pi5\balancecar\balance_car\build_check_tmp\stm32f1xx_hal_tim.o
 .debug_abbrev  0x000029f5      0x2b7 C:\Users\future\Desktop\pi5\balancecar\balance_car\build_check_tmp\stm32f1xx_hal_tim_ex.o
 .debug_abbrev  0x00002cac      0x3aa C:\Users\future\Desktop\pi5\balancecar\balance_car\build_check_tmp\stm32f1xx_hal_cortex.o
 .debug_abbrev  0x00003056      0x282 C:\Users\future\Desktop\pi5\balancecar\balance_car\build_check_tmp\stm32f1xx_hal_adc.o
 .debug_abbrev  0x000032d8      0x297 C:\Users\future\Desktop\pi5\balancecar\balance_car\build_check_tmp\stm32f1xx_hal_adc_ex.o
 .debug_abbrev  0x0000356f      0x140 C:\Users\future\Desktop\pi5\balancecar\balance_car\build_check_tmp\system_stm32f1xx.o
 .debug_abbrev  0x000036af       0xeb C:\Users\future\Desktop\pi5\balancecar\balance_car\build_check_tmp\sysmem.o
 .debug_abbrev  0x0000379a       0x1d C:\Users\future\Desktop\pi5\balancecar\balance_car\build_check_tmp\startup_stm32f103xb.o
 .debug_abbrev  0x000037b7      0x446 C:/msys64/mingw64/bin/../lib/gcc/arm-none-eabi/13.3.0/../../../../arm-none-eabi/lib/thumb/v7-m/nofp\libc_nano.a(libc_a-findfp.o)
 .debug_abbrev  0x00003bfd      0x23c C:/msys64/mingw64/bin/../lib/gcc/arm-none-eabi/13.3.0/../../../../arm-none-eabi/lib/thumb/v7-m/nofp\libc_nano.a(libc_a-snprintf.o)
 .debug_abbrev  0x00003e39       0xb7 C:/msys64/mingw64/bin/../lib/gcc/arm-none-eabi/13.3.0/../../../../arm-none-eabi/lib/thumb/v7-m/nofp\libc_nano.a(libc_a-memset.o)
 .debug_abbrev  0x00003ef0      0x1ee C:/msys64/mingw64/bin/../lib/gcc/arm-none-eabi/13.3.0/../../../../arm-none-eabi/lib/thumb/v7-m/nofp\libc_nano.a(libc_a-reent.o)
 .debug_abbrev  0x000040de      0x149 C:/msys64/mingw64/bin/../lib/gcc/arm-none-eabi/13.3.0/../../../../arm-none-eabi/lib/thumb/v7-m/nofp\libc_nano.a(libc_a-impure.o)
 .debug_abbrev  0x00004227      0x15e C:/msys64/mingw64/bin/../lib/gcc/arm-none-eabi/13.3.0/../../../../arm-none-eabi/lib/thumb/v7-m/nofp\libc_nano.a(libc_a-errno.o)
 .debug_abbrev  0x00004385       0xc9 C:/msys64/mingw64/bin/../lib/gcc/arm-none-eabi/13.3.0/../../../../arm-none-eabi/lib/thumb/v7-m/nofp\libc_nano.a(libc_a-init.o)
 .debug_abbrev  0x0000444e      0x115 C:/msys64/mingw64/bin/../lib/gcc/arm-none-eabi/13.3.0/../../../../arm-none-eabi/lib/thumb/v7-m/nofp\libc_nano.a(libc_a-lock.o)
 .debug_abbrev  0x00004563       0x28 C:/msys64/mingw64/bin/../lib/gcc/arm-none-eabi/13.3.0/../../../../arm-none-eabi/lib/thumb/v7-m/nofp\libc_nano.a(libc_a-memcpy.o)
 .debug_abbrev  0x0000458b      0x249 C:/msys64/mingw64/bin/../lib/gcc/arm-none-eabi/13.3.0/../../../../arm-none-eabi/lib/thumb/v7-m/nofp\libc_nano.a(libc_a-freer.o)
 .debug_abbrev  0x000047d4      0x24a C:/msys64/mingw64/bin/../lib/gcc/arm-none-eabi/13.3.0/../../../../arm-none-eabi/lib/thumb/v7-m/nofp\libc_nano.a(libc_a-mallocr.o)
 .debug_abbrev  0x00004a1e      0x1bf C:/msys64/mingw64/bin/../lib/gcc/arm-none-eabi/13.3.0/../../../../arm-none-eabi/lib/thumb/v7-m/nofp\libc_nano.a(libc_a-mlock.o)
 .debug_abbrev  0x00004bdd      0x338 C:/msys64/mingw64/bin/../lib/gcc/arm-none-eabi/13.3.0/../../../../arm-none-eabi/lib/thumb/v7-m/nofp\libc_nano.a(libc_a-nano-svfprintf.o)
 .debug_abbrev  0x00004f15      0x28d C:/msys64/mingw64/bin/../lib/gcc/arm-none-eabi/13.3.0/../../../../arm-none-eabi/lib/thumb/v7-m/nofp\libc_nano.a(libc_a-nano-vfprintf_i.o)
 .debug_abbrev  0x000051a2       0xc3 C:/msys64/mingw64/bin/../lib/gcc/arm-none-eabi/13.3.0/../../../../arm-none-eabi/lib/thumb/v7-m/nofp\libc_nano.a(libc_a-memmove.o)
 .debug_abbrev  0x00005265      0x1da C:/msys64/mingw64/bin/../lib/gcc/arm-none-eabi/13.3.0/../../../../arm-none-eabi/lib/thumb/v7-m/nofp\libc_nano.a(libc_a-sbrkr.o)
 .debug_abbrev  0x0000543f       0xc7 C:/msys64/mingw64/bin/../lib/gcc/arm-none-eabi/13.3.0/../../../../arm-none-eabi/lib/thumb/v7-m/nofp\libc_nano.a(libc_a-memchr-stub.o)
 .debug_abbrev  0x00005506      0x20c C:/msys64/mingw64/bin/../lib/gcc/arm-none-eabi/13.3.0/../../../../arm-none-eabi/lib/thumb/v7-m/nofp\libc_nano.a(libc_a-reallocr.o)
 .debug_abbrev  0x00005712      0x196 C:/msys64/mingw64/bin/../lib/gcc/arm-none-eabi/13.3.0/../../../../arm-none-eabi/lib/thumb/v7-m/nofp\libc_nano.a(libc_a-msizer.o)
 .debug_abbrev  0x000058a8       0x28 C:/msys64/mingw64/bin/../lib/gcc/arm-none-eabi/13.3.0/thumb/v7-m/nofp\libgcc.a(_arm_addsubsf3.o)
 .debug_abbrev  0x000058d0       0x28 C:/msys64/mingw64/bin/../lib/gcc/arm-none-eabi/13.3.0/thumb/v7-m/nofp\libgcc.a(_arm_muldivsf3.o)
 .debug_abbrev  0x000058f8       0x28 C:/msys64/mingw64/bin/../lib/gcc/arm-none-eabi/13.3.0/thumb/v7-m/nofp\libgcc.a(_arm_cmpsf2.o)
 .debug_abbrev  0x00005920       0x28 C:/msys64/mingw64/bin/../lib/gcc/arm-none-eabi/13.3.0/thumb/v7-m/nofp\libgcc.a(_arm_fixsfsi.o)

.debug_loc      0x00000000    0x12899
 .debug_loc     0x00000000       0x66 C:\Users\future\Desktop\pi5\balancecar\balance_car\build_check_tmp\main.o
 .debug_loc     0x00000066      0x5dd C:\Users\future\Desktop\pi5\balancecar\balance_car\build_check_tmp\balance_control.o
 .debug_loc     0x00000643      0x174 C:\Users\future\Desktop\pi5\balancecar\balance_car\build_check_tmp\app_sensors.o
 .debug_loc     0x000007b7      0x15c C:\Users\future\Desktop\pi5\balancecar\balance_car\build_check_tmp\display_ui.o
 .debug_loc     0x00000913      0x2cc C:\Users\future\Desktop\pi5\balancecar\balance_car\build_check_tmp\dht11.o
 .debug_loc     0x00000bdf      0x160 C:\Users\future\Desktop\pi5\balancecar\balance_car\build_check_tmp\encoder_hal.o
 .debug_loc     0x00000d3f      0x1bc C:\Users\future\Desktop\pi5\balancecar\balance_car\build_check_tmp\fsr_adc.o
 .debug_loc     0x00000efb       0xff C:\Users\future\Desktop\pi5\balancecar\balance_car\build_check_tmp\i2c_bus.o
 .debug_loc     0x00000ffa      0x200 C:\Users\future\Desktop\pi5\balancecar\balance_car\build_check_tmp\motor_tb6612.o
 .debug_loc     0x000011fa      0x171 C:\Users\future\Desktop\pi5\balancecar\balance_car\build_check_tmp\mpu6050_hal.o
 .debug_loc     0x0000136b      0x344 C:\Users\future\Desktop\pi5\balancecar\balance_car\build_check_tmp\oled_ssd1306.o
 .debug_loc     0x000016af       0x42 C:\Users\future\Desktop\pi5\balancecar\balance_car\build_check_tmp\pid.o
 .debug_loc     0x000016f1       0x20 C:\Users\future\Desktop\pi5\balancecar\balance_car\build_check_tmp\stm32f1xx_it.o
 .debug_loc     0x00001711       0x41 C:\Users\future\Desktop\pi5\balancecar\balance_car\build_check_tmp\stm32f1xx_hal_msp.o
 .debug_loc     0x00001752      0x1f9 C:\Users\future\Desktop\pi5\balancecar\balance_car\build_check_tmp\stm32f1xx_hal.o
 .debug_loc     0x0000194b     0x54d3 C:\Users\future\Desktop\pi5\balancecar\balance_car\build_check_tmp\stm32f1xx_hal_i2c.o
 .debug_loc     0x00006e1e      0x7c6 C:\Users\future\Desktop\pi5\balancecar\balance_car\build_check_tmp\stm32f1xx_hal_rcc.o
 .debug_loc     0x000075e4      0x4a9 C:\Users\future\Desktop\pi5\balancecar\balance_car\build_check_tmp\stm32f1xx_hal_rcc_ex.o
 .debug_loc     0x00007a8d      0x56c C:\Users\future\Desktop\pi5\balancecar\balance_car\build_check_tmp\stm32f1xx_hal_gpio.o
 .debug_loc     0x00007ff9     0x6168 C:\Users\future\Desktop\pi5\balancecar\balance_car\build_check_tmp\stm32f1xx_hal_tim.o
 .debug_loc     0x0000e161     0x227b C:\Users\future\Desktop\pi5\balancecar\balance_car\build_check_tmp\stm32f1xx_hal_tim_ex.o