Archive member included to satisfy reference by file (symbol)

C:/msys64/mingw64/bin/../lib/gcc/arm-none-eabi/13.3.0/../../../../arm-none-eabi/lib/thumb/v7-m/nofp\libc_nano.a(libc_a-atexit.o)
                              C:/msys64/mingw64/bin/../lib/gcc/arm-none-eabi/13.3.0/../../../../arm-none-eabi/lib/thumb/v7-m/nofp/crt0.o (atexit)
C:/msys64/mingw64/bin/../lib/gcc/arm-none-eabi/13.3.0/../../../../arm-none-eabi/lib/thumb/v7-m/nofp\libc_nano.a(libc_a-exit.o)
                              C:/msys64/mingw64/bin/../lib/gcc/arm-none-eabi/13.3.0/../../../../arm-none-eabi/lib/thumb/v7-m/nofp/crt0.o (exit)
C:/msys64/mingw64/bin/../lib/gcc/arm-none-eabi/13.3.0/../../../../arm-none-eabi/lib/thumb/v7-m/nofp\libc_nano.a(libc_a-findfp.o)
                              C:/msys64/mingw64/bin/../lib/gcc/arm-none-eabi/13.3.0/../../../../arm-none-eabi/lib/thumb/v7-m/nofp\libc_nano.a(libc_a-exit.o) (__stdio_exit_handler)
C:/msys64/mingw64/bin/../lib/gcc/arm-none-eabi/13.3.0/../../../../arm-none-eabi/lib/thumb/v7-m/nofp\libc_nano.a(libc_a-fwalk.o)
                              C:/msys64/mingw64/bin/../lib/gcc/arm-none-eabi/13.3.0/../../../../arm-none-eabi/lib/thumb/v7-m/nofp\libc_nano.a(libc_a-findfp.o) (_fwalk_sglue)
C:/msys64/mingw64/bin/../lib/gcc/arm-none-eabi/13.3.0/../../../../arm-none-eabi/lib/thumb/v7-m/nofp\libc_nano.a(libc_a-snprintf.o)
                              build/display_ui.o (snprintf)
C:/msys64/mingw64/bin/../lib/gcc/arm-none-eabi/13.3.0/../../../../arm-none-eabi/lib/thumb/v7-m/nofp\libc_nano.a(libc_a-stdio.o)
                              C:/msys64/mingw64/bin/../lib/gcc/arm-none-eabi/13.3.0/../../../../arm-none-eabi/lib/thumb/v7-m/nofp\libc_nano.a(libc_a-findfp.o) (__sread)
C:/msys64/mingw64/bin/../lib/gcc/arm-none-eabi/13.3.0/../../../../arm-none-eabi/lib/thumb/v7-m/nofp\libc_nano.a(libc_a-memset.o)
                              C:/msys64/mingw64/bin/../lib/gcc/arm-none-eabi/13.3.0/../../../../arm-none-eabi/lib/thumb/v7-m/nofp/crt0.o (memset)
C:/msys64/mingw64/bin/../lib/gcc/arm-none-eabi/13.3.0/../../../../arm-none-eabi/lib/thumb/v7-m/nofp\libc_nano.a(libc_a-closer.o)
                              C:/msys64/mingw64/bin/../lib/gcc/arm-none-eabi/13.3.0/../../../../arm-none-eabi/lib/thumb/v7-m/nofp\libc_nano.a(libc_a-stdio.o) (_close_r)
C:/msys64/mingw64/bin/../lib/gcc/arm-none-eabi/13.3.0/../../../../arm-none-eabi/lib/thumb/v7-m/nofp\libc_nano.a(libc_a-reent.o)
                              C:/msys64/mingw64/bin/../lib/gcc/arm-none-eabi/13.3.0/../../../../arm-none-eabi/lib/thumb/v7-m/nofp\libc_nano.a(libc_a-closer.o) (errno)
C:/msys64/mingw64/bin/../lib/gcc/arm-none-eabi/13.3.0/../../../../arm-none-eabi/lib/thumb/v7-m/nofp\libc_nano.a(libc_a-impure.o)
                              C:/msys64/mingw64/bin/../lib/gcc/arm-none-eabi/13.3.0/../../../../arm-none-eabi/lib/thumb/v7-m/nofp\libc_nano.a(libc_a-snprintf.o) (_impure_ptr)
C:/msys64/mingw64/bin/../lib/gcc/arm-none-eabi/13.3.0/../../../../arm-none-eabi/lib/thumb/v7-m/nofp\libc_nano.a(libc_a-lseekr.o)
                              C:/msys64/mingw64/bin/../lib/gcc/arm-none-eabi/13.3.0/../../../../arm-none-eabi/lib/thumb/v7-m/nofp\libc_nano.a(libc_a-stdio.o) (_lseek_r)
C:/msys64/mingw64/bin/../lib/gcc/arm-none-eabi/13.3.0/../../../../arm-none-eabi/lib/thumb/v7-m/nofp\libc_nano.a(libc_a-readr.o)
                              C:/msys64/mingw64/bin/../lib/gcc/arm-none-eabi/13.3.0/../../../../arm-none-eabi/lib/thumb/v7-m/nofp\libc_nano.a(libc_a-stdio.o) (_read_r)
C:/msys64/mingw64/bin/../lib/gcc/arm-none-eabi/13.3.0/../../../../arm-none-eabi/lib/thumb/v7-m/nofp\libc_nano.a(libc_a-writer.o)
                              C:/msys64/mingw64/bin/../lib/gcc/arm-none-eabi/13.3.0/../../../../arm-none-eabi/lib/thumb/v7-m/nofp\libc_nano.a(libc_a-stdio.o) (_write_r)
C:/msys64/mingw64/bin/../lib/gcc/arm-none-eabi/13.3.0/../../../../arm-none-eabi/lib/thumb/v7-m/nofp\libc_nano.a(libc_a-errno.o)
                              build/sysmem.o (__errno)
C:/msys64/mingw64/bin/../lib/gcc/arm-none-eabi/13.3.0/../../../../arm-none-eabi/lib/thumb/v7-m/nofp\libc_nano.a(libc_a-init.o)
                              C:/msys64/mingw64/bin/../lib/gcc/arm-none-eabi/13.3.0/../../../../arm-none-eabi/lib/thumb/v7-m/nofp/crt0.o (__libc_init_array)
C:/msys64/mingw64/bin/../lib/gcc/arm-none-eabi/13.3.0/../../../../arm-none-eabi/lib/thumb/v7-m/nofp\libc_nano.a(libc_a-fini.o)
                              C:/msys64/mingw64/bin/../lib/gcc/arm-none-eabi/13.3.0/../../../../arm-none-eabi/lib/thumb/v7-m/nofp/crt0.o (__libc_fini_array)
C:/msys64/mingw64/bin/../lib/gcc/arm-none-eabi/13.3.0/../../../../arm-none-eabi/lib/thumb/v7-m/nofp\libc_nano.a(libc_a-lock.o)
                              C:/msys64/mingw64/bin/../lib/gcc/arm-none-eabi/13.3.0/../../../../arm-none-eabi/lib/thumb/v7-m/nofp\libc_nano.a(libc_a-findfp.o) (__retarget_lock_init_recursive)
C:/msys64/mingw64/bin/../lib/gcc/arm-none-eabi/13.3.0/../../../../arm-none-eabi/lib/thumb/v7-m/nofp\libc_nano.a(libc_a-memcpy.o)
[...]
Memory Configuration

Name             Origin             Length             Attributes
RAM              0x20000000         0x00005000         xrw
FLASH            0x08000000         0x00010000         xr
*default*        0x00000000         0xffffffff

Linker script and memory map

LOAD C:/msys64/mingw64/bin/../lib/gcc/arm-none-eabi/13.3.0/thumb/v7-m/nofp/crti.o
LOAD C:/msys64/mingw64/bin/../lib/gcc/arm-none-eabi/13.3.0/thumb/v7-m/nofp/crtbegin.o
LOAD C:/msys64/mingw64/bin/../lib/gcc/arm-none-eabi/13.3.0/../../../../arm-none-eabi/lib/thumb/v7-m/nofp/crt0.o
LOAD build/main.o
LOAD build/balance_control.o
LOAD build/app_sensors.o
LOAD build/display_ui.o
LOAD build/dht11.o
LOAD build/encoder_hal.o
LOAD build/fsr_adc.o
LOAD build/i2c_bus.o
LOAD build/motor_tb6612.o
LOAD build/mpu6050_hal.o
LOAD build/oled_ssd1306.o
LOAD build/pid.o
LOAD build/stm32f1xx_it.o
LOAD build/stm32f1xx_hal_msp.o
LOAD build/stm32f1xx_hal_gpio_ex.o
LOAD build/stm32f1xx_hal.o
LOAD build/stm32f1xx_hal_i2c.o
LOAD build/stm32f1xx_hal_rcc.o
LOAD build/stm32f1xx_hal_rcc_ex.o
LOAD build/stm32f1xx_hal_gpio.o
LOAD build/stm32f1xx_hal_tim.o
LOAD build/stm32f1xx_hal_tim_ex.o
LOAD build/stm32f1xx_hal_dma.o
LOAD build/stm32f1xx_hal_cortex.o
LOAD build/stm32f1xx_hal_pwr.o
LOAD build/stm32f1xx_hal_flash.o
LOAD build/stm32f1xx_hal_flash_ex.o
LOAD build/stm32f1xx_hal_exti.o
LOAD build/stm32f1xx_hal_adc.o
LOAD build/stm32f1xx_hal_adc_ex.o
LOAD build/system_stm32f1xx.o
LOAD build/sysmem.o
LOAD build/syscalls.o
LOAD build/startup_stm32f103xb.o
LOAD C:/msys64/mingw64/bin/../lib/gcc/arm-none-eabi/13.3.0/../../../../arm-none-eabi/lib/thumb/v7-m/nofp\libc_nano.a
LOAD C:/msys64/mingw64/bin/../lib/gcc/arm-none-eabi/13.3.0/../../../../arm-none-eabi/lib/thumb/v7-m/nofp\libm.a
LOAD C:/msys64/mingw64/bin/../lib/gcc/arm-none-eabi/13.3.0/../../../../arm-none-eabi/lib/thumb/v7-m/nofp\libnosys.a
START GROUP
LOAD C:/msys64/mingw64/bin/../lib/gcc/arm-none-eabi/13.3.0/thumb/v7-m/nofp\libgcc.a
LOAD C:/msys64/mingw64/bin/../lib/gcc/arm-none-eabi/13.3.0/../../../../arm-none-eabi/lib/thumb/v7-m/nofp\libc_nano.a
END GROUP
START GROUP
LOAD C:/msys64/mingw64/bin/../lib/gcc/arm-none-eabi/13.3.0/thumb/v7-m/nofp\libgcc.a
LOAD C:/msys64/mingw64/bin/../lib/gcc/arm-none-eabi/13.3.0/../../../../arm-none-eabi/lib/thumb/v7-m/nofp\libc_nano.a
END GROUP
LOAD C:/msys64/mingw64/bin/../lib/gcc/arm-none-eabi/13.3.0/thumb/v7-m/nofp/crtend.o
LOAD C:/msys64/mingw64/bin/../lib/gcc/arm-none-eabi/13.3.0/thumb/v7-m/nofp/crtn.o
                0x20005000                        _estack = (ORIGIN (RAM) + LENGTH (RAM))
                0x00000200                        _Min_Heap_Size = 0x200
                0x00000400                        _Min_Stack_Size = 0x400

.isr_vector     0x08000000      0x10c
                0x08000000                        . = ALIGN (0x4)
 *(.isr_vector)
 .isr_vector    0x08000000      0x10c build/startup_stm32f103xb.o
                0x08000000                g_pfnVectors
                0x0800010c                        . = ALIGN (0x4)

.text           0x0800010c     0x59f8
                0x0800010c                        . = ALIGN (0x4)
 *(.text)
 .text          0x0800010c      0x10c C:/msys64/mingw64/bin/../lib/gcc/arm-none-eabi/13.3.0/../../../../arm-none-eabi/lib/thumb/v7-m/nofp\libc_nano.a(libc_a-snprintf.o)
                0x0800010c                _sniprintf_r
                0x0800010c                _snprintf_r
                0x0800018c                sniprintf
                0x0800018c                snprintf
 .text          0x08000218       0xa0 C:/msys64/mingw64/bin/../lib/gcc/arm-none-eabi/13.3.0/../../../../arm-none-eabi/lib/thumb/v7-m/nofp\libc_nano.a(libc_a-memset.o)
                0x08000218                memset
 .text          0x080002b8        0xc C:/msys64/mingw64/bin/../lib/gcc/arm-none-eabi/13.3.0/../../../../arm-none-eabi/lib/thumb/v7-m/nofp\libc_nano.a(libc_a-errno.o)
                0x080002b8                __errno
 .text          0x080002c4       0x50 C:/msys64/mingw64/bin/../lib/gcc/arm-none-eabi/13.3.0/../../../../arm-none-eabi/lib/thumb/v7-m/nofp\libc_nano.a(libc_a-init.o)
                0x080002c4                __libc_init_array
 .text          0x08000314       0x28 C:/msys64/mingw64/bin/../lib/gcc/arm-none-eabi/13.3.0/../../../../arm-none-eabi/lib/thumb/v7-m/nofp\libc_nano.a(libc_a-lock.o)
                0x08000314                __retarget_lock_init
                0x08000318                __retarget_lock_init_recursive
                0x0800031c                __retarget_lock_close
                0x08000320                __retarget_lock_close_recursive
                0x08000324                __retarget_lock_acquire
                0x08000328                __retarget_lock_acquire_recursive
                0x0800032c                __retarget_lock_try_acquire
                0x08000330                __retarget_lock_try_acquire_recursive
                0x08000334                __retarget_lock_release
                0x08000338                __retarget_lock_release_recursive
 .text          0x0800033c       0xec C:/msys64/mingw64/bin/../lib/gcc/arm-none-eabi/13.3.0/../../../../arm-none-eabi/lib/thumb/v7-m/nofp\libc_nano.a(libc_a-memcpy.o)
                0x0800033c                memcpy
 .text          0x08000428       0xbc C:/msys64/mingw64/bin/../lib/gcc/arm-none-eabi/13.3.0/../../../../arm-none-eabi/lib/thumb/v7-m/nofp\libc_nano.a(libc_a-freer.o)
                0x08000428                _free_r
 .text          0x080004e4      0x14c C:/msys64/mingw64/bin/../lib/gcc/arm-none-eabi/13.3.0/../../../../arm-none-eabi/lib/thumb/v7-m/nofp\libc_nano.a(libc_a-mallocr.o)
                0x08000530                _malloc_r
 .text          0x08000630       0x18 C:/msys64/mingw64/bin/../lib/gcc/arm-none-eabi/13.3.0/../../../../arm-none-eabi/lib/thumb/v7-m/nofp\libc_nano.a(libc_a-mlock.o)
                0x08000630                __malloc_lock
                0x0800063c                __malloc_unlock
 .text          0x08000648      0x400 C:/msys64/mingw64/bin/../lib/gcc/arm-none-eabi/13.3.0/../../../../arm-none-eabi/lib/thumb/v7-m/nofp\libc_nano.a(libc_a-nano-svfprintf.o)
                0x08000648                __ssputs_r
                0x08000708                __ssprint_r
                0x08000818                _svfiprintf_r
                0x08000818                _svfprintf_r
 .text          0x08000a48      0x3a8 C:/msys64/mingw64/bin/../lib/gcc/arm-none-eabi/13.3.0/../../../../arm-none-eabi/lib/thumb/v7-m/nofp\libc_nano.a(libc_a-nano-vfprintf_i.o)
                0x08000a48                _printf_common
                0x08000b6c                _printf_i
 .text          0x08000df0       0xfc C:/msys64/mingw64/bin/../lib/gcc/arm-none-eabi/13.3.0/../../../../arm-none-eabi/lib/thumb/v7-m/nofp\libc_nano.a(libc_a-memmove.o)
                0x08000df0                memmove
 .text          0x08000eec       0x24 C:/msys64/mingw64/bin/../lib/gcc/arm-none-eabi/13.3.0/../../../../arm-none-eabi/lib/thumb/v7-m/nofp\libc_nano.a(libc_a-sbrkr.o)
                0x08000eec                _sbrk_r
 .text          0x08000f10       0x98 C:/msys64/mingw64/bin/../lib/gcc/arm-none-eabi/13.3.0/../../../../arm-none-eabi/lib/thumb/v7-m/nofp\libc_nano.a(libc_a-memchr-stub.o)
                0x08000f10                memchr
 .text          0x08000fa8       0x64 C:/msys64/mingw64/bin/../lib/gcc/arm-none-eabi/13.3.0/../../../../arm-none-eabi/lib/thumb/v7-m/nofp\libc_nano.a(libc_a-reallocr.o)
                0x08000fa8                _realloc_r
 .text          0x0800100c       0x10 C:/msys64/mingw64/bin/../lib/gcc/arm-none-eabi/13.3.0/../../../../arm-none-eabi/lib/thumb/v7-m/nofp\libc_nano.a(libc_a-msizer.o)
                0x0800100c                _malloc_usable_size_r
 .text          0x0800101c        0x4 C:/msys64/mingw64/bin/../lib/gcc/arm-none-eabi/13.3.0/../../../../arm-none-eabi/lib/thumb/v7-m/nofp\libm.a(libm_a-wf_atan2.o)
                0x0800101c                atan2f
 .text          0x08001020      0x110 C:/msys64/mingw64/bin/../lib/gcc/arm-none-eabi/13.3.0/../../../../arm-none-eabi/lib/thumb/v7-m/nofp\libm.a(libm_a-ef_atan2.o)
                0x08001020                __ieee754_atan2f
 .text          0x08001130      0x228 C:/msys64/mingw64/bin/../lib/gcc/arm-none-eabi/13.3.0/../../../../arm-none-eabi/lib/thumb/v7-m/nofp\libm.a(libm_a-sf_atan.o)
                0x08001130                atanf
 .text          0x08001358        0x8 C:/msys64/mingw64/bin/../lib/gcc/arm-none-eabi/13.3.0/../../../../arm-none-eabi/lib/thumb/v7-m/nofp\libm.a(libm_a-sf_fabs.o)
                0x08001358                fabsf
 .text          0x08001360      0x21c C:/msys64/mingw64/bin/../lib/gcc/arm-none-eabi/13.3.0/thumb/v7-m/nofp\libgcc.a(_arm_addsubsf3.o)
                0x08001360                __aeabi_frsub
                0x08001368                __subsf3
                0x08001368                __aeabi_fsub
                0x0800136c                __aeabi_fadd
                0x0800136c                __addsf3
                0x080014cc                __aeabi_ui2f
                0x080014cc                __floatunsisf
                0x080014d4                __aeabi_i2f
                0x080014d4                __floatsisf
                0x080014f0                __aeabi_ul2f
                0x080014f0                __floatundisf
                0x08001500                __aeabi_l2f
                0x08001500                __floatdisf
 .text          0x0800157c      0x2a0 C:/msys64/mingw64/bin/../lib/gcc/arm-none-eabi/13.3.0/thumb/v7-m/nofp\libgcc.a(_arm_muldivsf3.o)
                0x0800157c                __mulsf3
                0x0800157c                __aeabi_fmul
                0x080016e4                __aeabi_fdiv
                0x080016e4                __divsf3
 .text          0x0800181c       0xec C:/msys64/mingw64/bin/../lib/gcc/arm-none-eabi/13.3.0/thumb/v7-m/nofp\libgcc.a(_arm_cmpsf2.o)
                0x0800181c                __gesf2
                0x0800181c                __gtsf2
                0x08001824                __lesf2
                0x08001824                __ltsf2
                0x0800182c                __nesf2
                0x0800182c                __eqsf2
                0x0800182c                __cmpsf2
                0x0800188c                __aeabi_cfrcmple
                0x08001894                __aeabi_cfcmpeq
                0x08001894                __aeabi_cfcmple
                0x080018a4                __aeabi_fcmpeq
                0x080018b8                __aeabi_fcmplt
                0x080018cc                __aeabi_fcmple
                0x080018e0                __aeabi_fcmpge
                0x080018f4                __aeabi_fcmpgt
 .text          0x08001908       0x4c C:/msys64/mingw64/bin/../lib/gcc/arm-none-eabi/13.3.0/thumb/v7-m/nofp\libgcc.a(_arm_fixsfsi.o)
                0x08001908                __aeabi_f2iz
                0x08001908                __fixsfsi
 *(.text*)
 .text.__do_global_dtors_aux
                0x08001954       0x24 C:/msys64/mingw64/bin/../lib/gcc/arm-none-eabi/13.3.0/thumb/v7-m/nofp/crtbegin.o
 .text.frame_dummy
                0x08001978       0x1c C:/msys64/mingw64/bin/../lib/gcc/arm-none-eabi/13.3.0/thumb/v7-m/nofp/crtbegin.o
 .text.Error_Handler
                0x08001994        0x4 build/main.o
                0x08001994                Error_Handler
 .text.SystemClock_Config
                0x08001998       0x60 build/main.o
                0x08001998                SystemClock_Config
 .text.main     0x080019f8       0x14 build/main.o
                0x080019f8                main
 .text.BalanceCar_SetFault
                0x08001a0c       0x10 build/balance_control.o
 .text.BalanceCar_ClearRuntimeFaults
                0x08001a1c       0x14 build/balance_control.o
 .text.BalanceCar_ClampPwm
                0x08001a30       0x34 build/balance_control.o
 .text.BalanceCar_ButtonPinInit
                0x08001a64       0x2c build/balance_control.o
 .text.BalanceCar_RunLedInit
                0x08001a90       0x38 build/balance_control.o
 .text.BalanceCar_ButtonInit
                0x08001ac8       0x78 build/balance_control.o
 .text.BalanceCar_RunLedApply
                0x08001b40       0x20 build/balance_control.o
 .text.BalanceCar_ButtonTick1ms
                0x08001b60       0x88 build/balance_control.o
 .text.BalanceCar_ResetPidAndOutputs
                0x08001be8       0x3c build/balance_control.o
 .text.BalanceCar_Stop
                0x08001c24       0x1c build/balance_control.o
 .text.BalanceCar_RunAngleLoop
                0x08001c40      0x1a4 build/balance_control.o
 .text.BalanceCar_RunSpeedLoop
                0x08001de4       0xc8 build/balance_control.o
 .text.BalanceCar_Init
                0x08001eac       0x9c build/balance_control.o
                0x08001eac                BalanceCar_Init
 .text.BalanceCar_Background
                0x08001f48       0xec build/balance_control.o
                0x08001f48                BalanceCar_Background
 .text.BalanceCar_TimerTick1ms
                0x08002034       0x90 build/balance_control.o
                0x08002034                BalanceCar_TimerTick1ms
 .text.HAL_TIM_Base_MspInit
                0x080020c4       0x40 build/balance_control.o
                0x080020c4                HAL_TIM_Base_MspInit
 .text.TIM4_IRQHandler
                0x08002104       0x28 build/balance_control.o
                0x08002104                TIM4_IRQHandler
 .text.AppSensors_SetFault
                0x0800212c       0x10 build/app_sensors.o
                0x0800212c                AppSensors_SetFault
 .text.AppSensors_ClearFault
                0x0800213c       0x10 build/app_sensors.o
                0x0800213c                AppSensors_ClearFault
 .text.AppSensors_ReadFsr
                0x0800214c       0x78 build/app_sensors.o
 .text.AppSensors_ServiceDht
                0x080021c4       0x98 build/app_sensors.o
 .text.AppSensors_Init
                0x0800225c       0x44 build/app_sensors.o
                0x0800225c                AppSensors_Init
 .text.AppSensors_Background
                0x080022a0       0x44 build/app_sensors.o
                0x080022a0                AppSensors_Background
 .text.DisplayUi_UpdateText
                0x080022e4       0xe0 build/display_ui.o
 .text.DisplayUi_Init
                0x080023c4       0x70 build/display_ui.o
                0x080023c4                DisplayUi_Init
 .text.DisplayUi_Background
                0x08002434       0x6c build/display_ui.o
                0x08002434                DisplayUi_Background
 .text.Dht11_DwtInit
                0x080024a0       0x38 build/dht11.o
 .text.Dht11_SetInput
                0x080024d8       0x30 build/dht11.o
 .text.Dht11_SetOutput
                0x08002508       0x34 build/dht11.o
 .text.Dht11_Micros
                0x0800253c       0x20 build/dht11.o
 .text.Dht11_WaitForState
                0x0800255c       0x30 build/dht11.o
 .text.Dht11_Init
                0x0800258c       0x2c build/dht11.o
                0x0800258c                Dht11_Init
 .text.Dht11_StartRead
                0x080025b8       0x1c build/dht11.o
                0x080025b8                Dht11_StartRead
 .text.Dht11_FinishRead
                0x080025d4      0x118 build/dht11.o
                0x080025d4                Dht11_FinishRead
 .text.Encoder_InitTimer
                0x080026ec       0x6e build/encoder_hal.o
 *fill*         0x0800275a        0x2 
 .text.Encoder_Init
                0x0800275c       0x3c build/encoder_hal.o
                0x0800275c                Encoder_Init
 .text.Encoder_GetLeftDelta
                0x08002798       0x14 build/encoder_hal.o
                0x08002798                Encoder_GetLeftDelta
 .text.Encoder_GetRightDelta
                0x080027ac       0x14 build/encoder_hal.o
                0x080027ac                Encoder_GetRightDelta
 .text.HAL_TIM_Encoder_MspInit
                0x080027c0       0x90 build/encoder_hal.o
                0x080027c0                HAL_TIM_Encoder_MspInit
 .text.FsrAdc_Init
                0x08002850       0x84 build/fsr_adc.o
                0x08002850                FsrAdc_Init
 .text.FsrAdc_Read
                0x080028d4       0x74 build/fsr_adc.o
                0x080028d4                FsrAdc_Read
 .text.HAL_ADC_MspInit
                0x08002948       0x4c build/fsr_adc.o
                0x08002948                HAL_ADC_MspInit
 .text.BalanceI2C1_Init
                0x08002994       0x4c build/i2c_bus.o
                0x08002994                BalanceI2C1_Init
 .text.BalanceI2C1_GetHandle
                0x080029e0        0x8 build/i2c_bus.o
                0x080029e0                BalanceI2C1_GetHandle
 .text.BalanceI2C2_Init
                0x080029e8       0x4c build/i2c_bus.o
                0x080029e8                BalanceI2C2_Init
 .text.BalanceI2C2_GetHandle
                0x08002a34        0x8 build/i2c_bus.o
                0x08002a34                BalanceI2C2_GetHandle
 .text.HAL_I2C_MspInit
                0x08002a3c       0xb8 build/i2c_bus.o
                0x08002a3c                HAL_I2C_MspInit
 .text.Motor_Clamp
                0x08002af4       0x16 build/motor_tb6612.o
 *fill*         0x08002b0a        0x2 
 .text.Motor_ToCompare
                0x08002b0c       0x20 build/motor_tb6612.o
 .text.TB6612_SetMotors
                0x08002b2c       0xa4 build/motor_tb6612.o
                0x08002b2c                TB6612_SetMotors
 .text.TB6612_Stop
                0x08002bd0       0x50 build/motor_tb6612.o
                0x08002bd0                TB6612_Stop
 .text.TB6612_Init
                0x08002c20       0xe4 build/motor_tb6612.o
                0x08002c20                TB6612_Init
 .text.HAL_TIM_PWM_MspInit
                0x08002d04       0x64 build/motor_tb6612.o
                0x08002d04                HAL_TIM_PWM_MspInit
 .text.Mpu6050_ReadReg
                0x08002d68       0x22 build/mpu6050_hal.o
 .text.Mpu6050_WriteReg
                0x08002d8a       0x28 build/mpu6050_hal.o
 *fill*         0x08002db2        0x2 
 .text.Mpu6050_Init
                0x08002db4       0x80 build/mpu6050_hal.o
                0x08002db4                Mpu6050_Init
 .text.Mpu6050_ReadRaw
                0x08002e34       0x7e build/mpu6050_hal.o
                0x08002e34                Mpu6050_ReadRaw
 *fill*         0x08002eb2        0x2 
 .text.Mpu6050_GetLastId
                0x08002eb4        0xc build/mpu6050_hal.o
                0x08002eb4                Mpu6050_GetLastId
 .text.Oled_WriteCommand
                0x08002ec0       0x30 build/oled_ssd1306.o
 .text.Oled_SetPage
                0x08002ef0       0x22 build/oled_ssd1306.o
 *fill*         0x08002f12        0x2 
 .text.Oled_RefreshNextPage
                0x08002f14       0x70 build/oled_ssd1306.o
                0x08002f14                Oled_RefreshNextPage
 .text.Oled_GetAddress7Bit
                0x08002f84        0xc build/oled_ssd1306.o
                0x08002f84                Oled_GetAddress7Bit
 .text.Oled_GetProbeMask
                0x08002f90        0xc build/oled_ssd1306.o
                0x08002f90                Oled_GetProbeMask
 .text.Oled_GetFailStep
                0x08002f9c        0xc build/oled_ssd1306.o
                0x08002f9c                Oled_GetFailStep
 .text.Oled_Clear
                0x08002fa8       0x14 build/oled_ssd1306.o
                0x08002fa8                Oled_Clear
 .text.Oled_Init
                0x08002fbc       0xe0 build/oled_ssd1306.o
                0x08002fbc                Oled_Init
 .text.Oled_WriteString
                0x0800309c       0x8c build/oled_ssd1306.o
                0x0800309c                Oled_WriteString
 .text.PID_Init
                0x08003128       0x12 build/pid.o
                0x08003128                PID_Init
 .text.PID_Update
                0x0800313a       0xdc build/pid.o
                0x0800313a                PID_Update
 .text.NMI_Handler
                0x08003216        0x2 build/stm32f1xx_it.o
                0x08003216                NMI_Handler
 .text.HardFault_Handler
                0x08003218        0x2 build/stm32f1xx_it.o
                0x08003218                HardFault_Handler
 .text.MemManage_Handler
                0x0800321a        0x2 build/stm32f1xx_it.o
                0x0800321a                MemManage_Handler
 .text.BusFault_Handler
                0x0800321c        0x2 build/stm32f1xx_it.o
                0x0800321c                BusFault_Handler
 .text.UsageFault_Handler
                0x0800321e        0x2 build/stm32f1xx_it.o
                0x0800321e                UsageFault_Handler
 .text.SVC_Handler
                0x08003220        0x2 build/stm32f1xx_it.o
                0x08003220                SVC_Handler
 .text.DebugMon_Handler
                0x08003222        0x2 build/stm32f1xx_it.o
                0x08003222                DebugMon_Handler
 .text.PendSV_Handler
                0x08003224        0x2 build/stm32f1xx_it.o
                0x08003224                PendSV_Handler
 .text.SysTick_Handler
                0x08003226        0x8 build/stm32f1xx_it.o
                0x08003226                SysTick_Handler
 *fill*         0x0800322e        0x2 
 .text.HAL_MspInit
                0x08003230       0x44 build/stm32f1xx_hal_msp.o
                0x08003230                HAL_MspInit
 .text.HAL_InitTick
                0x08003274       0x4c build/stm32f1xx_hal.o
                0x08003274                HAL_InitTick
 .text.HAL_Init
                0x080032c0       0x24 build/stm32f1xx_hal.o
                0x080032c0                HAL_Init
 .text.HAL_IncTick
                0x080032e4       0x18 build/stm32f1xx_hal.o
                0x080032e4                HAL_IncTick
 .text.HAL_GetTick
                0x080032fc        0xc build/stm32f1xx_hal.o
                0x080032fc                HAL_GetTick
 .text.HAL_Delay
                0x08003308       0x28 build/stm32f1xx_hal.o
                0x08003308                HAL_Delay
 .text.I2C_IsAcknowledgeFailed
                0x08003330       0x32 build/stm32f1xx_hal_i2c.o
 .text.I2C_WaitOnFlagUntilTimeout
                0x08003362       0xaa build/stm32f1xx_hal_i2c.o
 .text.I2C_WaitOnMasterAddressFlagUntilTimeout
                0x0800340c       0xd6 build/stm32f1xx_hal_i2c.o
 *fill*         0x080034e2        0x2 
 .text.I2C_MasterRequestWrite
                0x080034e4       0xb4 build/stm32f1xx_hal_i2c.o
 .text.I2C_WaitOnTXEFlagUntilTimeout
                0x08003598       0x5e build/stm32f1xx_hal_i2c.o
 *fill*         0x080035f6        0x2 
 .text.I2C_RequestMemoryWrite
                0x080035f8       0xd8 build/stm32f1xx_hal_i2c.o
 .text.I2C_RequestMemoryRead
                0x080036d0      0x154 build/stm32f1xx_hal_i2c.o
 .text.I2C_WaitOnBTFFlagUntilTimeout
                0x08003824       0x5e build/stm32f1xx_hal_i2c.o
 .text.I2C_WaitOnRXNEFlagUntilTimeout
                0x08003882       0x78 build/stm32f1xx_hal_i2c.o
 *fill*         0x080038fa        0x2 
 .text.HAL_I2C_Init
                0x080038fc      0x1bc build/stm32f1xx_hal_i2c.o
                0x080038fc                HAL_I2C_Init
 .text.HAL_I2C_Master_Transmit
                0x08003ab8      0x178 build/stm32f1xx_hal_i2c.o
                0x08003ab8                HAL_I2C_Master_Transmit
 .text.HAL_I2C_Mem_Write
                0x08003c30      0x164 build/stm32f1xx_hal_i2c.o
                0x08003c30                HAL_I2C_Mem_Write
 .text.HAL_I2C_Mem_Read
                0x08003d94      0x35c build/stm32f1xx_hal_i2c.o
                0x08003d94                HAL_I2C_Mem_Read
 .text.HAL_I2C_IsDeviceReady
                0x080040f0      0x194 build/stm32f1xx_hal_i2c.o
                0x080040f0                HAL_I2C_IsDeviceReady
 .text.RCC_Delay
                0x08004284       0x2c build/stm32f1xx_hal_rcc.o
 .text.HAL_RCC_OscConfig
                0x080042b0      0x410 build/stm32f1xx_hal_rcc.o
                0x080042b0                HAL_RCC_OscConfig
 .text.HAL_RCC_GetSysClockFreq
                0x080046c0       0x54 build/stm32f1xx_hal_rcc.o
                0x080046c0                HAL_RCC_GetSysClockFreq
 .text.HAL_RCC_ClockConfig
                0x08004714      0x16c build/stm32f1xx_hal_rcc.o
                0x08004714                HAL_RCC_ClockConfig
 .text.HAL_RCC_GetHCLKFreq
                0x08004880        0xc build/stm32f1xx_hal_rcc.o
                0x08004880                HAL_RCC_GetHCLKFreq
 .text.HAL_RCC_GetPCLK1Freq
                0x0800488c       0x20 build/stm32f1xx_hal_rcc.o
                0x0800488c                HAL_RCC_GetPCLK1Freq
 .text.HAL_RCC_GetPCLK2Freq
                0x080048ac       0x20 build/stm32f1xx_hal_rcc.o
                0x080048ac                HAL_RCC_GetPCLK2Freq
 .text.HAL_RCCEx_GetPeriphCLKFreq
                0x080048cc       0xd8 build/stm32f1xx_hal_rcc_ex.o
                0x080048cc                HAL_RCCEx_GetPeriphCLKFreq
 .text.HAL_GPIO_Init
                0x080049a4      0x21c build/stm32f1xx_hal_gpio.o
                0x080049a4                HAL_GPIO_Init
 .text.HAL_GPIO_ReadPin
                0x08004bc0        0xe build/stm32f1xx_hal_gpio.o
                0x08004bc0                HAL_GPIO_ReadPin
 .text.HAL_GPIO_WritePin
                0x08004bce        0xc build/stm32f1xx_hal_gpio.o
                0x08004bce                HAL_GPIO_WritePin
 *fill*         0x08004bda        0x2 
 .text.TIM_OC1_SetConfig
                0x08004bdc       0x54 build/stm32f1xx_hal_tim.o
 .text.TIM_OC3_SetConfig
                0x08004c30       0x5c build/stm32f1xx_hal_tim.o
 .text.TIM_OC4_SetConfig
                0x08004c8c       0x48 build/stm32f1xx_hal_tim.o
 .text.HAL_TIM_Base_Start_IT
                0x08004cd4       0x68 build/stm32f1xx_hal_tim.o
                0x08004cd4                HAL_TIM_Base_Start_IT
 .text.TIM_Base_SetConfig
                0x08004d3c       0x84 build/stm32f1xx_hal_tim.o
                0x08004d3c                TIM_Base_SetConfig
 .text.HAL_TIM_Base_Init
                0x08004dc0       0x58 build/stm32f1xx_hal_tim.o
                0x08004dc0                HAL_TIM_Base_Init
 .text.HAL_TIM_PWM_Init
                0x08004e18       0x58 build/stm32f1xx_hal_tim.o
                0x08004e18                HAL_TIM_PWM_Init
 .text.HAL_TIM_Encoder_Init
                0x08004e70       0xb6 build/stm32f1xx_hal_tim.o
                0x08004e70                HAL_TIM_Encoder_Init
 *fill*         0x08004f26        0x2 
 .text.TIM_OC2_SetConfig
                0x08004f28       0x5c build/stm32f1xx_hal_tim.o
                0x08004f28                TIM_OC2_SetConfig
 .text.HAL_TIM_PWM_ConfigChannel
                0x08004f84       0xdc build/stm32f1xx_hal_tim.o
                0x08004f84                HAL_TIM_PWM_ConfigChannel
 .text.TIM_CCxChannelCmd
                0x08005060       0x1e build/stm32f1xx_hal_tim.o
                0x08005060                TIM_CCxChannelCmd
 *fill*         0x0800507e        0x2 
 .text.HAL_TIM_PWM_Start
                0x08005080       0xdc build/stm32f1xx_hal_tim.o
                0x08005080                HAL_TIM_PWM_Start
 .text.HAL_TIM_Encoder_Start
                0x0800515c       0xcc build/stm32f1xx_hal_tim.o
                0x0800515c                HAL_TIM_Encoder_Start
 .text.HAL_TIMEx_MasterConfigSynchronization
                0x08005228       0x6c build/stm32f1xx_hal_tim_ex.o
                0x08005228                HAL_TIMEx_MasterConfigSynchronization
 .text.__NVIC_SetPriority
                0x08005294       0x28 build/stm32f1xx_hal_cortex.o
 .text.NVIC_EncodePriority
                0x080052bc       0x3e build/stm32f1xx_hal_cortex.o
 *fill*         0x080052fa        0x2 
 .text.HAL_NVIC_SetPriorityGrouping
                0x080052fc       0x24 build/stm32f1xx_hal_cortex.o
                0x080052fc                HAL_NVIC_SetPriorityGrouping
 .text.HAL_NVIC_SetPriority
                0x08005320       0x20 build/stm32f1xx_hal_cortex.o
                0x08005320                HAL_NVIC_SetPriority
 .text.HAL_NVIC_EnableIRQ
                0x08005340       0x1c build/stm32f1xx_hal_cortex.o
                0x08005340                HAL_NVIC_EnableIRQ
 .text.HAL_SYSTICK_Config
                0x0800535c       0x28 build/stm32f1xx_hal_cortex.o
                0x0800535c                HAL_SYSTICK_Config
 .text.HAL_ADC_PollForConversion
                0x08005384      0x184 build/stm32f1xx_hal_adc.o
                0x08005384                HAL_ADC_PollForConversion
 .text.HAL_ADC_GetValue
                0x08005508        0x6 build/stm32f1xx_hal_adc.o
                0x08005508                HAL_ADC_GetValue
 *fill*         0x0800550e        0x2 
 .text.HAL_ADC_ConfigChannel
                0x08005510      0x140 build/stm32f1xx_hal_adc.o
                0x08005510                HAL_ADC_ConfigChannel
 .text.ADC_Enable
                0x08005650       0x88 build/stm32f1xx_hal_adc.o
                0x08005650                ADC_Enable
 .text.HAL_ADC_Start
                0x080056d8       0xe8 build/stm32f1xx_hal_adc.o
                0x080056d8                HAL_ADC_Start
 .text.ADC_ConversionStop_Disable
                0x080057c0       0x56 build/stm32f1xx_hal_adc.o
                0x080057c0                ADC_ConversionStop_Disable
 *fill*         0x08005816        0x2 
 .text.HAL_ADC_Init
                0x08005818      0x108 build/stm32f1xx_hal_adc.o
                0x08005818                HAL_ADC_Init
 .text.HAL_ADC_Stop
                0x08005920       0x34 build/stm32f1xx_hal_adc.o
                0x08005920                HAL_ADC_Stop
 .text.HAL_ADCEx_Calibration_Start
                0x08005954      0x100 build/stm32f1xx_hal_adc_ex.o
                0x08005954                HAL_ADCEx_Calibration_Start
 .text.SystemInit
                0x08005a54        0x2 build/system_stm32f1xx.o
                0x08005a54                SystemInit
 *fill*         0x08005a56        0x2 
 .text._sbrk    0x08005a58       0x48 build/sysmem.o
                0x08005a58                _sbrk
 .text.Reset_Handler
                0x08005aa0       0x48 build/startup_stm32f103xb.o
                0x08005aa0                Reset_Handler
 .text.Default_Handler
                0x08005ae8        0x2 build/startup_stm32f103xb.o
                0x08005ae8                RTC_Alarm_IRQHandler
                0x08005ae8                EXTI2_IRQHandler
                0x08005ae8                TIM1_CC_IRQHandler
                0x08005ae8                PVD_IRQHandler
                0x08005ae8                EXTI3_IRQHandler
                0x08005ae8                EXTI0_IRQHandler
                0x08005ae8                I2C2_EV_IRQHandler
                0x08005ae8                ADC1_2_IRQHandler
                0x08005ae8                SPI1_IRQHandler
                0x08005ae8                TAMPER_IRQHandler
                0x08005ae8                DMA1_Channel4_IRQHandler
                0x08005ae8                USART3_IRQHandler
                0x08005ae8                RTC_IRQHandler
                0x08005ae8                DMA1_Channel7_IRQHandler
                0x08005ae8                CAN1_RX1_IRQHandler
                0x08005ae8                I2C1_EV_IRQHandler
                0x08005ae8                DMA1_Channel6_IRQHandler
                0x08005ae8                TIM3_IRQHandler
                0x08005ae8                RCC_IRQHandler
                0x08005ae8                TIM1_TRG_COM_IRQHandler
                0x08005ae8                DMA1_Channel1_IRQHandler
                0x08005ae8                Default_Handler
                0x08005ae8                EXTI15_10_IRQHandler
                0x08005ae8                EXTI9_5_IRQHandler
                0x08005ae8                SPI2_IRQHandler
                0x08005ae8                DMA1_Channel5_IRQHandler
                0x08005ae8                EXTI4_IRQHandler
                0x08005ae8                USB_LP_CAN1_RX0_IRQHandler
                0x08005ae8                USB_HP_CAN1_TX_IRQHandler
                0x08005ae8                DMA1_Channel3_IRQHandler
                0x08005ae8                TIM1_UP_IRQHandler
                0x08005ae8                WWDG_IRQHandler
                0x08005ae8                TIM2_IRQHandler
                0x08005ae8                TIM1_BRK_IRQHandler
                0x08005ae8                EXTI1_IRQHandler
                0x08005ae8                USART2_IRQHandler
                0x08005ae8                I2C2_ER_IRQHandler
                0x08005ae8                DMA1_Channel2_IRQHandler
                0x08005ae8                CAN1_SCE_IRQHandler
                0x08005ae8                FLASH_IRQHandler
                0x08005ae8                USART1_IRQHandler
                0x08005ae8                I2C1_ER_IRQHandler
                0x08005ae8                USBWakeUp_IRQHandler
 *(.glue_7)
 .glue_7        0x08005aea        0x0 linker stubs
 *(.glue_7t)
 .glue_7t       0x08005aea        0x0 linker stubs
 *(.eh_frame)
 *fill*         0x08005aea        0x2 
 .eh_frame      0x08005aec        0x0 C:/msys64/mingw64/bin/../lib/gcc/arm-none-eabi/13.3.0/thumb/v7-m/nofp/crtbegin.o
 *(.init)
 .init          0x08005aec        0x4 C:/msys64/mingw64/bin/../lib/gcc/arm-none-eabi/13.3.0/thumb/v7-m/nofp/crti.o
                0x08005aec                _init
 .init          0x08005af0        0x8 C:/msys64/mingw64/bin/../lib/gcc/arm-none-eabi/13.3.0/thumb/v7-m/nofp/crtn.o
 *(.fini)
 .fini          0x08005af8        0x4 C:/msys64/mingw64/bin/../lib/gcc/arm-none-eabi/13.3.0/thumb/v7-m/nofp/crti.o
                0x08005af8                _fini
 .fini          0x08005afc        0x8 C:/msys64/mingw64/bin/../lib/gcc/arm-none-eabi/13.3.0/thumb/v7-m/nofp/crtn.o
                0x08005b04                        . = ALIGN (0x4)
                0x08005b04                        _etext = .

.vfp11_veneer   0x08005b04        0x0
 .vfp11_veneer  0x08005b04        0x0 linker stubs

.v4_bx          0x08005b04        0x0
 .v4_bx         0x08005b04        0x0 linker stubs

.iplt           0x08005b04        0x0
 .iplt          0x08005b04        0x0 C:/msys64/mingw64/bin/../lib/gcc/arm-none-eabi/13.3.0/thumb/v7-m/nofp/crtbegin.o

.rodata         0x08005b04      0x2e0
                0x08005b04                        . = ALIGN (0x4)
 *(.rodata)
 .rodata        0x08005b04       0x18 C:/msys64/mingw64/bin/../lib/gcc/arm-none-eabi/13.3.0/../../../../arm-none-eabi/lib/thumb/v7-m/nofp\libm.a(libm_a-ef_atan2.o)
 .rodata        0x08005b1c       0x20 C:/msys64/mingw64/bin/../lib/gcc/arm-none-eabi/13.3.0/../../../../arm-none-eabi/lib/thumb/v7-m/nofp\libm.a(libm_a-sf_atan.o)
 *(.rodata*)
 .rodata.DisplayUi_UpdateText.str1.4
                0x08005b3c       0x6d build/display_ui.o
                                 0x34 (size before relaxing)
 *fill*         0x08005ba9        0x3 
 .rodata.init_cmds.0
                0x08005bac       0x1c build/oled_ssd1306.o
 .rodata.s_font5x7
                0x08005bc8      0x1db build/oled_ssd1306.o
 *fill*         0x08005da3        0x1 
 .rodata.aPredivFactorTable.0
                0x08005da4        0x2 build/stm32f1xx_hal_rcc.o
 *fill*         0x08005da6        0x2 
 .rodata.aPLLMULFactorTable.1
                0x08005da8       0x10 build/stm32f1xx_hal_rcc.o
 .rodata.aPredivFactorTable.0
                0x08005db8        0x2 build/stm32f1xx_hal_rcc_ex.o
 *fill*         0x08005dba        0x2 
 .rodata.aPLLMULFactorTable.1
                0x08005dbc       0x10 build/stm32f1xx_hal_rcc_ex.o
 .rodata.APBPrescTable
                0x08005dcc        0x8 build/system_stm32f1xx.o
                0x08005dcc                APBPrescTable
 .rodata.AHBPrescTable
                0x08005dd4       0x10 build/system_stm32f1xx.o
                0x08005dd4                AHBPrescTable
 .rodata.str1.4
                0x08005de4        0x0 C:/msys64/mingw64/bin/../lib/gcc/arm-none-eabi/13.3.0/../../../../arm-none-eabi/lib/thumb/v7-m/nofp\libc_nano.a(libc_a-nano-svfprintf.o)
                                 0x13 (size before relaxing)
 .rodata.str1.4
                0x08005de4        0x0 C:/msys64/mingw64/bin/../lib/gcc/arm-none-eabi/13.3.0/../../../../arm-none-eabi/lib/thumb/v7-m/nofp\libc_nano.a(libc_a-nano-vfprintf_i.o)
                                 0x25 (size before relaxing)
                0x08005de4                        . = ALIGN (0x4)

.ARM.extab      0x08005de4        0x0
                0x08005de4                        . = ALIGN (0x4)
 *(.ARM.extab* .gnu.linkonce.armextab.*)
                0x08005de4                        . = ALIGN (0x4)

.ARM            0x08005de4        0x8
                0x08005de4                        . = ALIGN (0x4)
                0x08005de4                        __exidx_start = .
 *(.ARM.exidx*)
 .ARM.exidx     0x08005de4        0x8 C:/msys64/mingw64/bin/../lib/gcc/arm-none-eabi/13.3.0/../../../../arm-none-eabi/lib/thumb/v7-m/nofp\libc_nano.a(libc_a-memcpy.o)
                0x08005dec                        __exidx_end = .
                0x08005dec                        . = ALIGN (0x4)

.preinit_array  0x08005dec        0x0
                0x08005dec                        . = ALIGN (0x4)
                0x08005dec                        PROVIDE (__preinit_array_start = .)
 *(.preinit_array*)
                0x08005dec                        PROVIDE (__preinit_array_end = .)
                0x08005dec                        . = ALIGN (0x4)

.init_array     0x08005dec        0x4
                0x08005dec                        . = ALIGN (0x4)
                0x08005dec                        PROVIDE (__init_array_start = .)
 *(SORT_BY_NAME(.init_array.*))
 *(.init_array*)
 .init_array    0x08005dec        0x4 C:/msys64/mingw64/bin/../lib/gcc/arm-none-eabi/13.3.0/thumb/v7-m/nofp/crtbegin.o
                0x08005df0                        PROVIDE (__init_array_end = .)
                0x08005df0                        . = ALIGN (0x4)

.fini_array     0x08005df0        0x4
                0x08005df0                        . = ALIGN (0x4)
                0x08005df0                        PROVIDE (__fini_array_start = .)
 *(SORT_BY_NAME(.fini_array.*))
 *(.fini_array*)
 .fini_array    0x08005df0        0x4 C:/msys64/mingw64/bin/../lib/gcc/arm-none-eabi/13.3.0/thumb/v7-m/nofp/crtbegin.o
                0x08005df4                        PROVIDE (__fini_array_end = .)
                0x08005df4                        . = ALIGN (0x4)
                0x08005df4                        _sidata = LOADADDR (.data)

.rel.dyn        0x08005df4        0x0
 .rel.iplt      0x08005df4        0x0 C:/msys64/mingw64/bin/../lib/gcc/arm-none-eabi/13.3.0/thumb/v7-m/nofp/crtbegin.o

.data           0x20000000      0x14c load address 0x08005df4
                0x20000000                        . = ALIGN (0x4)
                0x20000000                        _sdata = .
 *(.data)
 .data          0x20000000       0x50 C:/msys64/mingw64/bin/../lib/gcc/arm-none-eabi/13.3.0/../../../../arm-none-eabi/lib/thumb/v7-m/nofp\libc_nano.a(libc_a-impure.o)
                0x20000000                _impure_ptr
                0x20000004                _impure_data
 *(.data*)
 .data.g_turn_pid
                0x20000050       0x3c build/balance_control.o
                0x20000050                g_turn_pid
 .data.g_speed_pid
                0x2000008c       0x3c build/balance_control.o
                0x2000008c                g_speed_pid
 .data.g_angle_pid
                0x200000c8       0x3c build/balance_control.o
                0x200000c8                g_angle_pid
 .data.g_balance_debug
                0x20000104       0x18 build/balance_control.o
                0x20000104                g_balance_debug
 .data.g_sensor_state
                0x2000011c       0x24 build/app_sensors.o
                0x2000011c                g_sensor_state
 .data.uwTickFreq
                0x20000140        0x1 build/stm32f1xx_hal.o
                0x20000140                uwTickFreq
 *fill*         0x20000141        0x3 
 .data.uwTickPrio
                0x20000144        0x4 build/stm32f1xx_hal.o
                0x20000144                uwTickPrio
 .data.SystemCoreClock
                0x20000148        0x4 build/system_stm32f1xx.o
                0x20000148                SystemCoreClock
 *(.RamFunc)
 *(.RamFunc*)
                0x2000014c                        . = ALIGN (0x4)
                0x2000014c                        _edata = .

.igot.plt       0x2000014c        0x0 load address 0x08005f40
 .igot.plt      0x2000014c        0x0 C:/msys64/mingw64/bin/../lib/gcc/arm-none-eabi/13.3.0/thumb/v7-m/nofp/crtbegin.o
                0x2000014c                        . = ALIGN (0x4)

.bss            0x2000014c      0x800 load address 0x08005f40
                0x2000014c                        _sbss = .
                0x2000014c                        __bss_start__ = _sbss
 *(.bss)
 .bss           0x2000014c      0x13c C:/msys64/mingw64/bin/../lib/gcc/arm-none-eabi/13.3.0/../../../../arm-none-eabi/lib/thumb/v7-m/nofp\libc_nano.a(libc_a-findfp.o)
                0x2000014c                __sf
                0x20000284                __stdio_exit_handler
 .bss           0x20000288        0x4 C:/msys64/mingw64/bin/../lib/gcc/arm-none-eabi/13.3.0/../../../../arm-none-eabi/lib/thumb/v7-m/nofp\libc_nano.a(libc_a-reent.o)
                0x20000288                errno
 .bss           0x2000028c       0x1d C:/msys64/mingw64/bin/../lib/gcc/arm-none-eabi/13.3.0/../../../../arm-none-eabi/lib/thumb/v7-m/nofp\libc_nano.a(libc_a-lock.o)
                0x2000028c                __lock___arc4random_mutex
                0x20000290                __lock___dd_hash_mutex
                0x20000294                __lock___tz_mutex
                0x20000298                __lock___env_recursive_mutex
                0x2000029c                __lock___malloc_recursive_mutex
                0x200002a0                __lock___at_quick_exit_mutex
                0x200002a4                __lock___atexit_recursive_mutex
                0x200002a8                __lock___sfp_recursive_mutex
 *fill*         0x200002a9        0x3 
 .bss           0x200002ac        0x8 C:/msys64/mingw64/bin/../lib/gcc/arm-none-eabi/13.3.0/../../../../arm-none-eabi/lib/thumb/v7-m/nofp\libc_nano.a(libc_a-mallocr.o)
                0x200002ac                __malloc_sbrk_start
                0x200002b0                __malloc_free_list
 *(.bss*)
 .bss.completed.1
                0x200002b4        0x1 C:/msys64/mingw64/bin/../lib/gcc/arm-none-eabi/13.3.0/thumb/v7-m/nofp/crtbegin.o
 *fill*         0x200002b5        0x3 
 .bss.object.0  0x200002b8       0x18 C:/msys64/mingw64/bin/../lib/gcc/arm-none-eabi/13.3.0/thumb/v7-m/nofp/crtbegin.o
 .bss.count_speed.0
                0x200002d0        0x1 build/balance_control.o
 .bss.count_angle.1
                0x200002d1        0x1 build/balance_control.o
 *fill*         0x200002d2        0x2 
 .bss.s_dif_pwm
                0x200002d4        0x4 build/balance_control.o
 .bss.s_angle   0x200002d8        0x4 build/balance_control.o
 .bss.s_button_debounce_count
                0x200002dc        0x1 build/balance_control.o
 .bss.s_button_stable
                0x200002dd        0x1 build/balance_control.o
 .bss.s_button_sample
                0x200002de        0x1 build/balance_control.o
 .bss.s_last_run_enable
                0x200002df        0x1 build/balance_control.o
 .bss.s_button_toggle_pending
                0x200002e0        0x1 build/balance_control.o
 .bss.s_speed_tick_pending
                0x200002e1        0x1 build/balance_control.o
 .bss.s_angle_tick_pending
                0x200002e2        0x1 build/balance_control.o
 *fill*         0x200002e3        0x1 
 .bss.s_htim4   0x200002e4       0x48 build/balance_control.o
 .bss.g_balance_state
                0x2000032c       0x40 build/balance_control.o
                0x2000032c                g_balance_state
 .bss.s_fsr_zero_captured
                0x2000036c        0x1 build/app_sensors.o
 .bss.s_dht_waiting
                0x2000036d        0x1 build/app_sensors.o
 *fill*         0x2000036e        0x2 
 .bss.s_dht_start_ms
                0x20000370        0x4 build/app_sensors.o
 .bss.s_next_dht_ms
                0x20000374        0x4 build/app_sensors.o
 .bss.s_next_fsr_ms
                0x20000378        0x4 build/app_sensors.o
 .bss.s_next_page_ms
                0x2000037c        0x4 build/display_ui.o
 .bss.s_next_text_ms
                0x20000380        0x4 build/display_ui.o
 .bss.s_dwt_ready
                0x20000384        0x1 build/dht11.o
 *fill*         0x20000385        0x3 
 .bss.s_htim2   0x20000388       0x48 build/encoder_hal.o
 .bss.s_htim1   0x200003d0       0x48 build/encoder_hal.o
 .bss.s_hadc1   0x20000418       0x30 build/fsr_adc.o
 .bss.s_i2c2_initialized
                0x20000448        0x1 build/i2c_bus.o
 .bss.s_i2c1_initialized
                0x20000449        0x1 build/i2c_bus.o
 *fill*         0x2000044a        0x2 
 .bss.s_hi2c2   0x2000044c       0x54 build/i2c_bus.o
 .bss.s_hi2c1   0x200004a0       0x54 build/i2c_bus.o
 .bss.s_htim3   0x200004f4       0x48 build/motor_tb6612.o
 .bss.s_last_id
                0x2000053c        0x1 build/mpu6050_hal.o
 .bss.s_fail_step
                0x2000053d        0x1 build/oled_ssd1306.o
 .bss.s_probe_mask
                0x2000053e        0x1 build/oled_ssd1306.o
 .bss.s_oled_addr_7bit
                0x2000053f        0x1 build/oled_ssd1306.o
 .bss.s_next_page
                0x20000540        0x1 build/oled_ssd1306.o
 *fill*         0x20000541        0x3 
 .bss.s_buffer  0x20000544      0x400 build/oled_ssd1306.o
 .bss.uwTick    0x20000944        0x4 build/stm32f1xx_hal.o
                0x20000944                uwTick
 .bss.__sbrk_heap_end
                0x20000948        0x4 build/sysmem.o
 *(COMMON)
                0x2000094c                        . = ALIGN (0x4)
                0x2000094c                        _ebss = .
                0x2000094c                        __bss_end__ = _ebss

._user_heap_stack
                0x2000094c      0x604 load address 0x08005f40
                0x20000950                        . = ALIGN (0x8)
 *fill*         0x2000094c        0x4 
                [!provide]                        PROVIDE (end = .)
                0x20000950                        PROVIDE (_end = .)
                0x20000b50                        . = (. + _Min_Heap_Size)
 *fill*         0x20000950      0x200 
                0x20000f50                        . = (. + _Min_Stack_Size)
 *fill*         0x20000b50      0x400 
                0x20000f50                        . = ALIGN (0x8)

/DISCARD/
 libc.a(*)
 libm.a(*)
 libgcc.a(*)
OUTPUT(build/balance_car.elf elf32-littlearm)
LOAD linker stubs
LOAD C:/msys64/mingw64/bin/../lib/gcc/arm-none-eabi/13.3.0/../../../../arm-none-eabi/lib/thumb/v7-m/nofp\libc.a
LOAD C:/msys64/mingw64/bin/../lib/gcc/arm-none-eabi/13.3.0/../../../../arm-none-eabi/lib/thumb/v7-m/nofp\libm.a
LOAD C:/msys64/mingw64/bin/../lib/gcc/arm-none-eabi/13.3.0/thumb/v7-m/nofp\libgcc.a

.ARM.attributes
                0x00000000       0x29
 .ARM.attributes
                0x00000000       0x1d C:/msys64/mingw64/bin/../lib/gcc/arm-none-eabi/13.3.0/thumb/v7-m/nofp/crti.o
 .ARM.attributes
                0x0000001d       0x2d C:/msys64/mingw64/bin/../lib/gcc/arm-none-eabi/13.3.0/thumb/v7-m/nofp/crtbegin.o
 .ARM.attributes
                0x0000004a       0x2d build/main.o
 .ARM.attributes
                0x00000077       0x2d build/balance_control.o
 .ARM.attributes
                0x000000a4       0x2d build/app_sensors.o
 .ARM.attributes
                0x000000d1       0x2d build/display_ui.o
 .ARM.attributes
                0x000000fe       0x2d build/dht11.o
 .ARM.attributes
                0x0000012b       0x2d build/encoder_hal.o
 .ARM.attributes
                0x00000158       0x2d build/fsr_adc.o
 .ARM.attributes
                0x00000185       0x2d build/i2c_bus.o
 .ARM.attributes
                0x000001b2       0x2d build/motor_tb6612.o
 .ARM.attributes
                0x000001df       0x2d build/mpu6050_hal.o
 .ARM.attributes
                0x0000020c       0x2d build/oled_ssd1306.o
 .ARM.attributes
                0x00000239       0x2d build/pid.o
 .ARM.attributes
                0x00000266       0x2d build/stm32f1xx_it.o
 .ARM.attributes
                0x00000293       0x2d build/stm32f1xx_hal_msp.o
 .ARM.attributes
                0x000002c0       0x2d build/stm32f1xx_hal.o
 .ARM.attributes
                0x000002ed       0x2d build/stm32f1xx_hal_i2c.o
 .ARM.attributes
                0x0000031a       0x2d build/stm32f1xx_hal_rcc.o
 .ARM.attributes
                0x00000347       0x2d build/stm32f1xx_hal_rcc_ex.o
 .ARM.attributes
                0x00000374       0x2d build/stm32f1xx_hal_gpio.o
 .ARM.attributes
                0x000003a1       0x2d build/stm32f1xx_hal_tim.o
 .ARM.attributes
                0x000003ce       0x2d build/stm32f1xx_hal_tim_ex.o
 .ARM.attributes
                0x000003fb       0x2d build/stm32f1xx_hal_cortex.o
 .ARM.attributes
                0x00000428       0x2d build/stm32f1xx_hal_adc.o
 .ARM.attributes
                0x00000455       0x2d build/stm32f1xx_hal_adc_ex.o
 .ARM.attributes
                0x00000482       0x2d build/system_stm32f1xx.o
 .ARM.attributes
                0x000004af       0x2d build/sysmem.o
 .ARM.attributes
                0x000004dc       0x21 build/startup_stm32f103xb.o
 .ARM.attributes
                0x000004fd       0x2d C:/msys64/mingw64/bin/../lib/gcc/arm-none-eabi/13.3.0/../../../../arm-none-eabi/lib/thumb/v7-m/nofp\libc_nano.a(libc_a-findfp.o)
 .ARM.attributes
                0x0000052a       0x2d C:/msys64/mingw64/bin/../lib/gcc/arm-none-eabi/13.3.0/../../../../arm-none-eabi/lib/thumb/v7-m/nofp\libc_nano.a(libc_a-snprintf.o)
 .ARM.attributes
                0x00000557       0x2d C:/msys64/mingw64/bin/../lib/gcc/arm-none-eabi/13.3.0/../../../../arm-none-eabi/lib/thumb/v7-m/nofp\libc_nano.a(libc_a-memset.o)
 .ARM.attributes
                0x00000584       0x2d C:/msys64/mingw64/bin/../lib/gcc/arm-none-eabi/13.3.0/../../../../arm-none-eabi/lib/thumb/v7-m/nofp\libc_nano.a(libc_a-reent.o)
 .ARM.attributes
                0x000005b1       0x2d C:/msys64/mingw64/bin/../lib/gcc/arm-none-eabi/13.3.0/../../../../arm-none-eabi/lib/thumb/v7-m/nofp\libc_nano.a(libc_a-impure.o)
 .ARM.attributes
                0x000005de       0x2d C:/msys64/mingw64/bin/../lib/gcc/arm-none-eabi/13.3.0/../../../../arm-none-eabi/lib/thumb/v7-m/nofp\libc_nano.a(libc_a-errno.o)
 .ARM.attributes
                0x0000060b       0x2d C:/msys64/mingw64/bin/../lib/gcc/arm-none-eabi/13.3.0/../../../../arm-none-eabi/lib/thumb/v7-m/nofp\libc_nano.a(libc_a-init.o)
 .ARM.attributes
                0x00000638       0x2d C:/msys64/mingw64/bin/../lib/gcc/arm-none-eabi/13.3.0/../../../../arm-none-eabi/lib/thumb/v7-m/nofp\libc_nano.a(libc_a-lock.o)
 .ARM.attributes
                0x00000665       0x1b C:/msys64/mingw64/bin/../lib/gcc/arm-none-eabi/13.3.0/../../../../arm-none-eabi/lib/thumb/v7-m/nofp\libc_nano.a(libc_a-memcpy.o)
 .ARM.attributes
                0x00000680       0x2d C:/msys64/mingw64/bin/../lib/gcc/arm-none-eabi/13.3.0/../../../../arm-none-eabi/lib/thumb/v7-m/nofp\libc_nano.a(libc_a-freer.o)
 .ARM.attributes
                0x000006ad       0x2d C:/msys64/mingw64/bin/../lib/gcc/arm-none-eabi/13.3.0/../../../../arm-none-eabi/lib/thumb/v7-m/nofp\libc_nano.a(libc_a-mallocr.o)
 .ARM.attributes
                0x000006da       0x2d C:/msys64/mingw64/bin/../lib/gcc/arm-none-eabi/13.3.0/../../../../arm-none-eabi/lib/thumb/v7-m/nofp\libc_nano.a(libc_a-mlock.o)
 .ARM.attributes
                0x00000707       0x2d C:/msys64/mingw64/bin/../lib/gcc/arm-none-eabi/13.3.0/../../../../arm-none-eabi/lib/thumb/v7-m/nofp\libc_nano.a(libc_a-nano-svfprintf.o)
 .ARM.attributes
                0x00000734       0x2d C:/msys64/mingw64/bin/../lib/gcc/arm-none-eabi/13.3.0/../../../../arm-none-eabi/lib/thumb/v7-m/nofp\libc_nano.a(libc_a-nano-vfprintf_i.o)
 .ARM.attributes
                0x00000761       0x2d C:/msys64/mingw64/bin/../lib/gcc/arm-none-eabi/13.3.0/../../../../arm-none-eabi/lib/thumb/v7-m/nofp\libc_nano.a(libc_a-memmove.o)
 .ARM.attributes
                0x0000078e       0x2d C:/msys64/mingw64/bin/../lib/gcc/arm-none-eabi/13.3.0/../../../../arm-none-eabi/lib/thumb/v7-m/nofp\libc_nano.a(libc_a-sbrkr.o)
 .ARM.attributes
                0x000007bb       0x2d C:/msys64/mingw64/bin/../lib/gcc/arm-none-eabi/13.3.0/../../../../arm-none-eabi/lib/thumb/v7-m/nofp\libc_nano.a(libc_a-memchr-stub.o)
 .ARM.attributes
                0x000007e8       0x2d C:/msys64/mingw64/bin/../lib/gcc/arm-none-eabi/13.3.0/../../../../arm-none-eabi/lib/thumb/v7-m/nofp\libc_nano.a(libc_a-reallocr.o)
 .ARM.attributes
                0x00000815       0x2d C:/msys64/mingw64/bin/../lib/gcc/arm-none-eabi/13.3.0/../../../../arm-none-eabi/lib/thumb/v7-m/nofp\libc_nano.a(libc_a-msizer.o)
 .ARM.attributes
                0x00000842       0x2d C:/msys64/mingw64/bin/../lib/gcc/arm-none-eabi/13.3.0/../../../../arm-none-eabi/lib/thumb/v7-m/nofp\libm.a(libm_a-wf_atan2.o)
 .ARM.attributes
                0x0000086f       0x2d C:/msys64/mingw64/bin/../lib/gcc/arm-none-eabi/13.3.0/../../../../arm-none-eabi/lib/thumb/v7-m/nofp\libm.a(libm_a-ef_atan2.o)
 .ARM.attributes
                0x0000089c       0x2d C:/msys64/mingw64/bin/../lib/gcc/arm-none-eabi/13.3.0/../../../../arm-none-eabi/lib/thumb/v7-m/nofp\libm.a(libm_a-sf_atan.o)
 .ARM.attributes
                0x000008c9       0x2d C:/msys64/mingw64/bin/../lib/gcc/arm-none-eabi/13.3.0/../../../../arm-none-eabi/lib/thumb/v7-m/nofp\libm.a(libm_a-sf_fabs.o)
 .ARM.attributes
                0x000008f6       0x1d C:/msys64/mingw64/bin/../lib/gcc/arm-none-eabi/13.3.0/thumb/v7-m/nofp\libgcc.a(_arm_addsubsf3.o)
 .ARM.attributes
                0x00000913       0x1d C:/msys64/mingw64/bin/../lib/gcc/arm-none-eabi/13.3.0/thumb/v7-m/nofp\libgcc.a(_arm_muldivsf3.o)
 .ARM.attributes
                0x00000930       0x1d C:/msys64/mingw64/bin/../lib/gcc/arm-none-eabi/13.3.0/thumb/v7-m/nofp\libgcc.a(_arm_cmpsf2.o)
 .ARM.attributes
                0x0000094d       0x1d C:/msys64/mingw64/bin/../lib/gcc/arm-none-eabi/13.3.0/thumb/v7-m/nofp\libgcc.a(_arm_fixsfsi.o)
 .ARM.attributes
                0x0000096a       0x1d C:/msys64/mingw64/bin/../lib/gcc/arm-none-eabi/13.3.0/thumb/v7-m/nofp/crtn.o

.comment        0x00000000       0x12
 .comment       0x00000000       0x12 build/main.o
                                 0x13 (size before relaxing)
 .comment       0x00000012        0x0 build/balance_control.o
                                 0x13 (size before relaxing)
 .comment       0x00000012        0x0 build/app_sensors.o
                                 0x13 (size before relaxing)
 .comment       0x00000012        0x0 build/display_ui.o
                                 0x13 (size before relaxing)
 .comment       0x00000012        0x0 build/dht11.o
                                 0x13 (size before relaxing)
 .comment       0x00000012        0x0 build/encoder_hal.o
                                 0x13 (size before relaxing)
 .comment       0x00000012        0x0 build/fsr_adc.o
                                 0x13 (size before relaxing)
 .comment       0x00000012        0x0 build/i2c_bus.o
                                 0x13 (size before relaxing)
 .comment       0x00000012        0x0 build/motor_tb6612.o
                                 0x13 (size before relaxing)
 .comment       0x00000012        0x0 build/mpu6050_hal.o
                                 0x13 (size before relaxing)
 .comment       0x00000012        0x0 build/oled_ssd1306.o
                                 0x13 (size before relaxing)
 .comment       0x00000012        0x0 build/pid.o
                                 0x13 (size before relaxing)
 .comment       0x00000012        0x0 build/stm32f1xx_it.o
                                 0x13 (size before relaxing)
 .comment       0x00000012        0x0 build/stm32f1xx_hal_msp.o
                                 0x13 (size before relaxing)
 .comment       0x00000012        0x0 build/stm32f1xx_hal.o
                                 0x13 (size before relaxing)
 .comment       0x00000012        0x0 build/stm32f1xx_hal_i2c.o
                                 0x13 (size before relaxing)
 .comment       0x00000012        0x0 build/stm32f1xx_hal_rcc.o
                                 0x13 (size before relaxing)
 .comment       0x00000012        0x0 build/stm32f1xx_hal_rcc_ex.o
                                 0x13 (size before relaxing)
 .comment       0x00000012        0x0 build/stm32f1xx_hal_gpio.o
                                 0x13 (size before relaxing)
 .comment       0x00000012        0x0 build/stm32f1xx_hal_tim.o
                                 0x13 (size before relaxing)
 .comment       0x00000012        0x0 build/stm32f1xx_hal_tim_ex.o
                                 0x13 (size before relaxing)
 .comment       0x00000012        0x0 build/stm32f1xx_hal_cortex.o
                                 0x13 (size before relaxing)
 .comment       0x00000012        0x0 build/stm32f1xx_hal_adc.o
                                 0x13 (size before relaxing)
 .comment       0x00000012        0x0 build/stm32f1xx_hal_adc_ex.o
                                 0x13 (size before relaxing)
 .comment       0x00000012        0x0 build/system_stm32f1xx.o
                                 0x13 (size before relaxing)
 .comment       0x00000012        0x0 build/sysmem.o
                                 0x13 (size before relaxing)
 .comment       0x00000012        0x0 C:/msys64/mingw64/bin/../lib/gcc/arm-none-eabi/13.3.0/../../../../arm-none-eabi/lib/thumb/v7-m/nofp\libc_nano.a(libc_a-findfp.o)
                                 0x13 (size before relaxing)
 .comment       0x00000012        0x0 C:/msys64/mingw64/bin/../lib/gcc/arm-none-eabi/13.3.0/../../../../arm-none-eabi/lib/thumb/v7-m/nofp\libc_nano.a(libc_a-snprintf.o)
                                 0x13 (size before relaxing)
 .comment       0x00000012        0x0 C:/msys64/mingw64/bin/../lib/gcc/arm-none-eabi/13.3.0/../../../../arm-none-eabi/lib/thumb/v7-m/nofp\libc_nano.a(libc_a-memset.o)
                                 0x13 (size before relaxing)
 .comment       0x00000012        0x0 C:/msys64/mingw64/bin/../lib/gcc/arm-none-eabi/13.3.0/../../../../arm-none-eabi/lib/thumb/v7-m/nofp\libc_nano.a(libc_a-reent.o)
                                 0x13 (size before relaxing)
 .comment       0x00000012        0x0 C:/msys64/mingw64/bin/../lib/gcc/arm-none-eabi/13.3.0/../../../../arm-none-eabi/lib/thumb/v7-m/nofp\libc_nano.a(libc_a-impure.o)
                                 0x13 (size before relaxing)
 .comment       0x00000012        0x0 C:/msys64/mingw64/bin/../lib/gcc/arm-none-eabi/13.3.0/../../../../arm-none-eabi/lib/thumb/v7-m/nofp\libc_nano.a(libc_a-errno.o)
                                 0x13 (size before relaxing)
 .comment       0x00000012        0x0 C:/msys64/mingw64/bin/../lib/gcc/arm-none-eabi/13.3.0/../../../../arm-none-eabi/lib/thumb/v7-m/nofp\libc_nano.a(libc_a-init.o)
                                 0x13 (size before relaxing)
 .comment       0x00000012        0x0 C:/msys64/mingw64/bin/../lib/gcc/arm-none-eabi/13.3.0/../../../../arm-none-eabi/lib/thumb/v7-m/nofp\libc_nano.a(libc_a-lock.o)
                                 0x13 (size before relaxing)
 .comment       0x00000012        0x0 C:/msys64/mingw64/bin/../lib/gcc/arm-none-eabi/13.3.0/../../../../arm-none-eabi/lib/thumb/v7-m/nofp\libc_nano.a(libc_a-freer.o)
                                 0x13 (size before relaxing)
 .comment       0x00000012        0x0 C:/msys64/mingw64/bin/../lib/gcc/arm-none-eabi/13.3.0/../../../../arm-none-eabi/lib/thumb/v7-m/nofp\libc_nano.a(libc_a-mallocr.o)
                                 0x13 (size before relaxing)
 .comment       0x00000012        0x0 C:/msys64/mingw64/bin/../lib/gcc/arm-none-eabi/13.3.0/../../../../arm-none-eabi/lib/thumb/v7-m/nofp\libc_nano.a(libc_a-mlock.o)
                                 0x13 (size before relaxing)
 .comment       0x00000012        0x0 C:/msys64/mingw64/bin/../lib/gcc/arm-none-eabi/13.3.0/../../../../arm-none-eabi/lib/thumb/v7-m/nofp\libc_nano.a(libc_a-nano-svfprintf.o)
                                 0x13 (size before relaxing)
 .comment       0x00000012        0x0 C:/msys64/mingw64/bin/../lib/gcc/arm-none-eabi/13.3.0/../../../../arm-none-eabi/lib/thumb/v7-m/nofp\libc_nano.a(libc_a-nano-vfprintf_i.o)
                                 0x13 (size before relaxing)
 .comment       0x00000012        0x0 C:/msys64/mingw64/bin/../lib/gcc/arm-none-eabi/13.3.0/../../../../arm-none-eabi/lib/thumb/v7-m/nofp\libc_nano.a(libc_a-memmove.o)
                                 0x13 (size before relaxing)
 .comment       0x00000012        0x0 C:/msys64/mingw64/bin/../lib/gcc/arm-none-eabi/13.3.0/../../../../arm-none-eabi/lib/thumb/v7-m/nofp\libc_nano.a(libc_a-sbrkr.o)
                                 0x13 (size before relaxing)
 .comment       0x00000012        0x0 C:/msys64/mingw64/bin/../lib/gcc/arm-none-eabi/13.3.0/../../../../arm-none-eabi/lib/thumb/v7-m/nofp\libc_nano.a(libc_a-memchr-stub.o)
                                 0x13 (size before relaxing)
 .comment       0x00000012        0x0 C:/msys64/mingw64/bin/../lib/gcc/arm-none-eabi/13.3.0/../../../../arm-none-eabi/lib/thumb/v7-m/nofp\libc_nano.a(libc_a-reallocr.o)
                                 0x13 (size before relaxing)
 .comment       0x00000012        0x0 C:/msys64/mingw64/bin/../lib/gcc/arm-none-eabi/13.3.0/../../../../arm-none-eabi/lib/thumb/v7-m/nofp\libc_nano.a(libc_a-msizer.o)
                                 0x13 (size before relaxing)

.debug_info     0x00000000    0x1f475
 .debug_info    0x00000000      0x390 build/main.o
 .debug_info    0x00000390     0x1b35 build/balance_control.o
 .debug_info    0x00001ec5      0x5d7 build/app_sensors.o
 .debug_info    0x0000249c      0x657 build/display_ui.o
 .debug_info    0x00002af3      0x8ed build/dht11.o
 .debug_info    0x000033e0      0xc59 build/encoder_hal.o
 .debug_info    0x00004039      0xa53 build/fsr_adc.o
 .debug_info    0x00004a8c      0xa74 build/i2c_bus.o
 .debug_info    0x00005500      0xe9c build/motor_tb6612.o
 .debug_info    0x0000639c      0x9f2 build/mpu6050_hal.o
 .debug_info    0x00006d8e      0xbc8 build/oled_ssd1306.o
 .debug_info    0x00007956      0x25b build/pid.o
 .debug_info    0x00007bb1      0x158 build/stm32f1xx_it.o
 .debug_info    0x00007d09      0x238 build/stm32f1xx_hal_msp.o
 .debug_info    0x00007f41      0x880 build/stm32f1xx_hal.o
 .debug_info    0x000087c1     0x3d27 build/stm32f1xx_hal_i2c.o
 .debug_info    0x0000c4e8      0xb10 build/stm32f1xx_hal_rcc.o
 .debug_info    0x0000cff8      0x47d build/stm32f1xx_hal_rcc_ex.o
 .debug_info    0x0000d475      0x6d7 build/stm32f1xx_hal_gpio.o
 .debug_info    0x0000db4c     0x4146 build/stm32f1xx_hal_tim.o
 .debug_info    0x00011c92     0x1d4f build/stm32f1xx_hal_tim_ex.o
 .debug_info    0x000139e1      0xe3f build/stm32f1xx_hal_cortex.o
 .debug_info    0x00014820     0x108e build/stm32f1xx_hal_adc.o
 .debug_info    0x000158ae      0xda2 build/stm32f1xx_hal_adc_ex.o
 .debug_info    0x00016650      0x26e build/system_stm32f1xx.o
 .debug_info    0x000168be      0x18c build/sysmem.o
 .debug_info    0x00016a4a       0x30 build/startup_stm32f103xb.o
 .debug_info    0x00016a7a     0x10c4 C:/msys64/mingw64/bin/../lib/gcc/arm-none-eabi/13.3.0/../../../../arm-none-eabi/lib/thumb/v7-m/nofp\libc_nano.a(libc_a-findfp.o)
 .debug_info    0x00017b3e      0x909 C:/msys64/mingw64/bin/../lib/gcc/arm-none-eabi/13.3.0/../../../../arm-none-eabi/lib/thumb/v7-m/nofp\libc_nano.a(libc_a-snprintf.o)
 .debug_info    0x00018447      0x135 C:/msys64/mingw64/bin/../lib/gcc/arm-none-eabi/13.3.0/../../../../arm-none-eabi/lib/thumb/v7-m/nofp\libc_nano.a(libc_a-memset.o)
 .debug_info    0x0001857c      0x8a9 C:/msys64/mingw64/bin/../lib/gcc/arm-none-eabi/13.3.0/../../../../arm-none-eabi/lib/thumb/v7-m/nofp\libc_nano.a(libc_a-reent.o)
 .debug_info    0x00018e25      0x715 C:/msys64/mingw64/bin/../lib/gcc/arm-none-eabi/13.3.0/../../../../arm-none-eabi/lib/thumb/v7-m/nofp\libc_nano.a(libc_a-impure.o)
 .debug_info    0x0001953a      0x6fb C:/msys64/mingw64/bin/../lib/gcc/arm-none-eabi/13.3.0/../../../../arm-none-eabi/lib/thumb/v7-m/nofp\libc_nano.a(libc_a-errno.o)
 .debug_info    0x00019c35      0x10b C:/msys64/mingw64/bin/../lib/gcc/arm-none-eabi/13.3.0/../../../../arm-none-eabi/lib/thumb/v7-m/nofp\libc_nano.a(libc_a-init.o)
 .debug_info    0x00019d40      0x218 C:/msys64/mingw64/bin/../lib/gcc/arm-none-eabi/13.3.0/../../../../arm-none-eabi/lib/thumb/v7-m/nofp\libc_nano.a(libc_a-lock.o)
 .debug_info    0x00019f58       0x33 C:/msys64/mingw64/bin/../lib/gcc/arm-none-eabi/13.3.0/../../../../arm-none-eabi/lib/thumb/v7-m/nofp\libc_nano.a(libc_a-memcpy.o)
 .debug_info    0x00019f8b      0x889 C:/msys64/mingw64/bin/../lib/gcc/arm-none-eabi/13.3.0/../../../../arm-none-eabi/lib/thumb/v7-m/nofp\libc_nano.a(libc_a-freer.o)
 .debug_info    0x0001a814      0x9c0 C:/msys64/mingw64/bin/../lib/gcc/arm-none-eabi/13.3.0/../../../../arm-none-eabi/lib/thumb/v7-m/nofp\libc_nano.a(libc_a-mallocr.o)
 .debug_info    0x0001b1d4      0x76b C:/msys64/mingw64/bin/../lib/gcc/arm-none-eabi/13.3.0/../../../../arm-none-eabi/lib/thumb/v7-m/nofp\libc_nano.a(libc_a-mlock.o)
 .debug_info    0x0001b93f     0x109e C:/msys64/mingw64/bin/../lib/gcc/arm-none-eabi/13.3.0/../../../../arm-none-eabi/lib/thumb/v7-m/nofp\libc_nano.a(libc_a-nano-svfprintf.o)
 .debug_info    0x0001c9dd      0xde1 C:/msys64/mingw64/bin/../lib/gcc/arm-none-eabi/13.3.0/../../../../arm-none-eabi/lib/thumb/v7-m/nofp\libc_nano.a(libc_a-nano-vfprintf_i.o)
 .debug_info    0x0001d7be      0x148 C:/msys64/mingw64/bin/../lib/gcc/arm-none-eabi/13.3.0/../../../../arm-none-eabi/lib/thumb/v7-m/nofp\libc_nano.a(libc_a-memmove.o)
 .debug_info    0x0001d906      0x782 C:/msys64/mingw64/bin/../lib/gcc/arm-none-eabi/13.3.0/../../../../arm-none-eabi/lib/thumb/v7-m/nofp\libc_nano.a(libc_a-sbrkr.o)
 .debug_info    0x0001e088      0x14a C:/msys64/mingw64/bin/../lib/gcc/arm-none-eabi/13.3.0/../../../../arm-none-eabi/lib/thumb/v7-m/nofp\libc_nano.a(libc_a-memchr-stub.o)
 .debug_info    0x0001e1d2      0x8d7 C:/msys64/mingw64/bin/../lib/gcc/arm-none-eabi/13.3.0/../../../../arm-none-eabi/lib/thumb/v7-m/nofp\libc_nano.a(libc_a-reallocr.o)
 .debug_info    0x0001eaa9      0x794 C:/msys64/mingw64/bin/../lib/gcc/arm-none-eabi/13.3.0/../../../../arm-none-eabi/lib/thumb/v7-m/nofp\libc_nano.a(libc_a-msizer.o)
 .debug_info    0x0001f23d       0xca C:/msys64/mingw64/bin/../lib/gcc/arm-none-eabi/13.3.0/thumb/v7-m/nofp\libgcc.a(_arm_addsubsf3.o)
 .debug_info    0x0001f307       0x57 C:/msys64/mingw64/bin/../lib/gcc/arm-none-eabi/13.3.0/thumb/v7-m/nofp\libgcc.a(_arm_muldivsf3.o)
 .debug_info    0x0001f35e       0xdb C:/msys64/mingw64/bin/../lib/gcc/arm-none-eabi/13.3.0/thumb/v7-m/nofp\libgcc.a(_arm_cmpsf2.o)
 .debug_info    0x0001f439       0x3c C:/msys64/mingw64/bin/../lib/gcc/arm-none-eabi/13.3.0/thumb/v7-m/nofp\libgcc.a(_arm_fixsfsi.o)

.debug_abbrev   0x00000000     0x5964
 .debug_abbrev  0x00000000      0x1bf build/main.o
 .debug_abbrev  0x000001bf      0x398 build/balance_control.o
 .debug_abbrev  0x00000557      0x1f9 build/app_sensors.o
 .debug_abbrev  0x00000750      0x1f2 build/display_ui.o
 .debug_abbrev  0x00000942      0x24a build/dht11.o
 .debug_abbrev  0x00000b8c      0x25d build/encoder_hal.o
 .debug_abbrev  0x00000de9      0x1ea build/fsr_adc.o
 .debug_abbrev  0x00000fd3      0x20b build/i2c_bus.o
 .debug_abbrev  0x000011de      0x24f build/motor_tb6612.o
 .debug_abbrev  0x0000142d      0x216 build/mpu6050_hal.o
 .debug_abbrev  0x00001643      0x2ae build/oled_ssd1306.o
 .debug_abbrev  0x000018f1       0xe0 build/pid.o
 .debug_abbrev  0x000019d1       0x80 build/stm32f1xx_it.o
 .debug_abbrev  0x00001a51       0xe7 build/stm32f1xx_hal_msp.o
 .debug_abbrev  0x00001b38      0x232 build/stm32f1xx_hal.o
 .debug_abbrev  0x00001d6a      0x31e build/stm32f1xx_hal_i2c.o
 .debug_abbrev  0x00002088      0x2d6 build/stm32f1xx_hal_rcc.o
 .debug_abbrev  0x0000235e      0x1d4 build/stm32f1xx_hal_rcc_ex.o
 .debug_abbrev  0x00002532      0x222 build/stm32f1xx_hal_gpio.o
 .debug_abbrev  0x00002754      0x2bd build/stm32f1xx_hal_tim.o
 .debug_abbrev  0x00002a11      0x2b7 build/stm32f1xx_hal_tim_ex.o
 .debug_abbrev  0x00002cc8      0x3aa build/stm32f1xx_hal_cortex.o
 .debug_abbrev  0x00003072      0x282 build/stm32f1xx_hal_adc.o
 .debug_abbrev  0x000032f4      0x297 build/stm32f1xx_hal_adc_ex.o
 .debug_abbrev  0x0000358b      0x140 build/system_stm32f1xx.o
 .debug_abbrev  0x000036cb       0xeb build/sysmem.o
 .debug_abbrev  0x000037b6       0x1d build/startup_stm32f103xb.o
 .debug_abbrev  0x000037d3      0x446 C:/msys64/mingw64/bin/../lib/gcc/arm-none-eabi/13.3.0/../../../../arm-none-eabi/lib/thumb/v7-m/nofp\libc_nano.a(libc_a-findfp.o)
 .debug_abbrev  0x00003c19      0x23c C:/msys64/mingw64/bin/../lib/gcc/arm-none-eabi/13.3.0/../../../../arm-none-eabi/lib/thumb/v7-m/nofp\libc_nano.a(libc_a-snprintf.o)
 .debug_abbrev  0x00003e55       0xb7 C:/msys64/mingw64/bin/../lib/gcc/arm-none-eabi/13.3.0/../../../../arm-none-eabi/lib/thumb/v7-m/nofp\libc_nano.a(libc_a-memset.o)
 .debug_abbrev  0x00003f0c      0x1ee C:/msys64/mingw64/bin/../lib/gcc/arm-none-eabi/13.3.0/../../../../arm-none-eabi/lib/thumb/v7-m/nofp\libc_nano.a(libc_a-reent.o)
 .debug_abbrev  0x000040fa      0x149 C:/msys64/mingw64/bin/../lib/gcc/arm-none-eabi/13.3.0/../../../../arm-none-eabi/lib/thumb/v7-m/nofp\libc_nano.a(libc_a-impure.o)
 .debug_abbrev  0x00004243      0x15e C:/msys64/mingw64/bin/../lib/gcc/arm-none-eabi/13.3.0/../../../../arm-none-eabi/lib/thumb/v7-m/nofp\libc_nano.a(libc_a-errno.o)
 .debug_abbrev  0x000043a1       0xc9 C:/msys64/mingw64/bin/../lib/gcc/arm-none-eabi/13.3.0/../../../../arm-none-eabi/lib/thumb/v7-m/nofp\libc_nano.a(libc_a-init.o)
 .debug_abbrev  0x0000446a      0x115 C:/msys64/mingw64/bin/../lib/gcc/arm-none-eabi/13.3.0/../../../../arm-none-eabi/lib/thumb/v7-m/nofp\libc_nano.a(libc_a-lock.o)
 .debug_abbrev  0x0000457f       0x28 C:/msys64/mingw64/bin/../lib/gcc/arm-none-eabi/13.3.0/../../../../arm-none-eabi/lib/thumb/v7-m/nofp\libc_nano.a(libc_a-memcpy.o)
 .debug_abbrev  0x000045a7      0x249 C:/msys64/mingw64/bin/../lib/gcc/arm-none-eabi/13.3.0/../../../../arm-none-eabi/lib/thumb/v7-m/nofp\libc_nano.a(libc_a-freer.o)
 .debug_abbrev  0x000047f0      0x24a C:/msys64/mingw64/bin/../lib/gcc/arm-none-eabi/13.3.0/../../../../arm-none-eabi/lib/thumb/v7-m/nofp\libc_nano.a(libc_a-mallocr.o)
 .debug_abbrev  0x00004a3a      0x1bf C:/msys64/mingw64/bin/../lib/gcc/arm-none-eabi/13.3.0/../../../../arm-none-eabi/lib/thumb/v7-m/nofp\libc_nano.a(libc_a-mlock.o)
 .debug_abbrev  0x00004bf9      0x338 C:/msys64/mingw64/bin/../lib/gcc/arm-none-eabi/13.3.0/../../../../arm-none-eabi/lib/thumb/v7-m/nofp\libc_nano.a(libc_a-nano-svfprintf.o)
 .debug_abbrev  0x00004f31      0x28d C:/msys64/mingw64/bin/../lib/gcc/arm-none-eabi/13.3.0/../../../../arm-none-eabi/lib/thumb/v7-m/nofp\libc_nano.a(libc_a-nano-vfprintf_i.o)
 .debug_abbrev  0x000051be       0xc3 C:/msys64/mingw64/bin/../lib/gcc/arm-none-eabi/13.3.0/../../../../arm-none-eabi/lib/thumb/v7-m/nofp\libc_nano.a(libc_a-memmove.o)
 .debug_abbrev  0x00005281      0x1da C:/msys64/mingw64/bin/../lib/gcc/arm-none-eabi/13.3.0/../../../../arm-none-eabi/lib/thumb/v7-m/nofp\libc_nano.a(libc_a-sbrkr.o)
 .debug_abbrev  0x0000545b       0xc7 C:/msys64/mingw64/bin/../lib/gcc/arm-none-eabi/13.3.0/../../../../arm-none-eabi/lib/thumb/v7-m/nofp\libc_nano.a(libc_a-memchr-stub.o)
 .debug_abbrev  0x00005522      0x20c C:/msys64/mingw64/bin/../lib/gcc/arm-none-eabi/13.3.0/../../../../arm-none-eabi/lib/thumb/v7-m/nofp\libc_nano.a(libc_a-reallocr.o)
 .debug_abbrev  0x0000572e      0x196 C:/msys64/mingw64/bin/../lib/gcc/arm-none-eabi/13.3.0/../../../../arm-none-eabi/lib/thumb/v7-m/nofp\libc_nano.a(libc_a-msizer.o)
 .debug_abbrev  0x000058c4       0x28 C:/msys64/mingw64/bin/../lib/gcc/arm-none-eabi/13.3.0/thumb/v7-m/nofp\libgcc.a(_arm_addsubsf3.o)
 .debug_abbrev  0x000058ec       0x28 C:/msys64/mingw64/bin/../lib/gcc/arm-none-eabi/13.3.0/thumb/v7-m/nofp\libgcc.a(_arm_muldivsf3.o)
 .debug_abbrev  0x00005914       0x28 C:/msys64/mingw64/bin/../lib/gcc/arm-none-eabi/13.3.0/thumb/v7-m/nofp\libgcc.a(_arm_cmpsf2.o)
 .debug_abbrev  0x0000593c       0x28 C:/msys64/mingw64/bin/../lib/gcc/arm-none-eabi/13.3.0/thumb/v7-m/nofp\libgcc.a(_arm_fixsfsi.o)

.debug_loc      0x00000000    0x128a7
 .debug_loc     0x00000000       0x66 build/main.o
 .debug_loc     0x00000066      0x5dd build/balance_control.o
 .debug_loc     0x00000643      0x174 build/app_sensors.o
 .debug_loc     0x000007b7      0x16b build/display_ui.o
 .debug_loc     0x00000922      0x2cc build/dht11.o
 .debug_loc     0x00000bee      0x160 build/encoder_hal.o
 .debug_loc     0x00000d4e      0x1bc build/fsr_adc.o
 .debug_loc     0x00000f0a       0xff build/i2c_bus.o
 .debug_loc     0x00001009      0x200 build/motor_tb6612.o
 .debug_loc     0x00001209      0x171 build/mpu6050_hal.o
 .debug_loc     0x0000137a      0x343 build/oled_ssd1306.o
 .debug_loc     0x000016bd       0x42 build/pid.o
 .debug_loc     0x000016ff       0x20 build/stm32f1xx_it.o
 .debug_loc     0x0000171f       0x41 build/stm32f1xx_hal_msp.o
 .debug_loc     0x00001760      0x1f9 build/stm32f1xx_hal.o
 .debug_loc     0x00001959     0x54d3 build/stm32f1xx_hal_i2c.o
 .debug_loc     0x00006e2c      0x7c6 build/stm32f1xx_hal_rcc.o
 .debug_loc     0x000075f2      0x4a9 build/stm32f1xx_hal_rcc_ex.o
 .debug_loc     0x00007a9b      0x56c build/stm32f1xx_hal_gpio.o
 .debug_loc     0x00008007     0x6168 build/stm32f1xx_hal_tim.o
 .debug_loc     0x0000e16f     0x227b build/stm32f1xx_hal_tim_ex.o
 .debug_loc     0x000103ea      0x8b4 build/stm32f1xx_hal_cortex.o
 .debug_loc     0x00010c9e      0xf1c build/stm32f1xx_hal_adc.o
 .debug_loc     0x00011bba      0xb42 build/stm32f1xx_hal_adc_ex.o
 .debug_loc     0x000126fc      0x11b build/system_stm32f1xx.o
 .debug_loc     0x00012817       0x90 build/sysmem.o

.debug_aranges  0x00000000     0x1330
 .debug_aranges
                0x00000000       0x30 build/main.o
 .debug_aranges
                0x00000030       0xa0 build/balance_control.o
 .debug_aranges
                0x000000d0       0x48 build/app_sensors.o
 .debug_aranges
                0x00000118       0x30 build/display_ui.o
 .debug_aranges
                0x00000148       0x58 build/dht11.o
 .debug_aranges
                0x000001a0       0x40 build/encoder_hal.o
 .debug_aranges
                0x000001e0       0x30 build/fsr_adc.o
 .debug_aranges
                0x00000210       0x40 build/i2c_bus.o
 .debug_aranges
                0x00000250       0x48 build/motor_tb6612.o
 .debug_aranges
                0x00000298       0x40 build/mpu6050_hal.o
 .debug_aranges
                0x000002d8       0x60 build/oled_ssd1306.o
 .debug_aranges
                0x00000338       0x28 build/pid.o
 .debug_aranges
                0x00000360       0x60 build/stm32f1xx_it.o
 .debug_aranges
                0x000003c0       0x20 build/stm32f1xx_hal_msp.o
 .debug_aranges
                0x000003e0       0xe0 build/stm32f1xx_hal.o
 .debug_aranges
                0x000004c0      0x2a8 build/stm32f1xx_hal_i2c.o
 .debug_aranges
                0x00000768       0x90 build/stm32f1xx_hal_rcc.o
 .debug_aranges
                0x000007f8       0x30 build/stm32f1xx_hal_rcc_ex.o
 .debug_aranges
                0x00000828       0x58 build/stm32f1xx_hal_gpio.o
 .debug_aranges
                0x00000880      0x3d0 build/stm32f1xx_hal_tim.o
 .debug_aranges
                0x00000c50      0x168 build/stm32f1xx_hal_tim_ex.o
 .debug_aranges
                0x00000db8       0xc0 build/stm32f1xx_hal_cortex.o
 .debug_aranges
                0x00000e78       0xf0 build/stm32f1xx_hal_adc.o
 .debug_aranges
                0x00000f68       0x80 build/stm32f1xx_hal_adc_ex.o
 .debug_aranges
                0x00000fe8       0x28 build/system_stm32f1xx.o
 .debug_aranges
                0x00001010       0x20 build/sysmem.o
 .debug_aranges
                0x00001030       0x28 build/startup_stm32f103xb.o
 .debug_aranges
                0x00001058       0x20 C:/msys64/mingw64/bin/../lib/gcc/arm-none-eabi/13.3.0/../../../../arm-none-eabi/lib/thumb/v7-m/nofp\libc_nano.a(libc_a-findfp.o)
 .debug_aranges
                0x00001078       0x20 C:/msys64/mingw64/bin/../lib/gcc/arm-none-eabi/13.3.0/../../../../arm-none-eabi/lib/thumb/v7-m/nofp\libc_nano.a(libc_a-snprintf.o)
 .debug_aranges
                0x00001098       0x20 C:/msys64/mingw64/bin/../lib/gcc/arm-none-eabi/13.3.0/../../../../arm-none-eabi/lib/thumb/v7-m/nofp\libc_nano.a(libc_a-memset.o)
 .debug_aranges
                0x000010b8       0x20 C:/msys64/mingw64/bin/../lib/gcc/arm-none-eabi/13.3.0/../../../../arm-none-eabi/lib/thumb/v7-m/nofp\libc_nano.a(libc_a-reent.o)
 .debug_aranges
                0x000010d8       0x18 C:/msys64/mingw64/bin/../lib/gcc/arm-none-eabi/13.3.0/../../../../arm-none-eabi/lib/thumb/v7-m/nofp\libc_nano.a(libc_a-impure.o)
 .debug_aranges
                0x000010f0       0x20 C:/msys64/mingw64/bin/../lib/gcc/arm-none-eabi/13.3.0/../../../../arm-none-eabi/lib/thumb/v7-m/nofp\libc_nano.a(libc_a-errno.o)
 .debug_aranges
                0x00001110       0x20 C:/msys64/mingw64/bin/../lib/gcc/arm-none-eabi/13.3.0/../../../../arm-none-eabi/lib/thumb/v7-m/nofp\libc_nano.a(libc_a-init.o)
 .debug_aranges
                0x00001130       0x20 C:/msys64/mingw64/bin/../lib/gcc/arm-none-eabi/13.3.0/../../../../arm-none-eabi/lib/thumb/v7-m/nofp\libc_nano.a(libc_a-lock.o)
 .debug_aranges
                0x00001150       0x20 C:/msys64/mingw64/bin/../lib/gcc/arm-none-eabi/13.3.0/../../../../arm-none-eabi/lib/thumb/v7-m/nofp\libc_nano.a(libc_a-memcpy.o)
 .debug_aranges
                0x00001170       0x20 C:/msys64/mingw64/bin/../lib/gcc/arm-none-eabi/13.3.0/../../../../arm-none-eabi/lib/thumb/v7-m/nofp\libc_nano.a(libc_a-freer.o)
 .debug_aranges
                0x00001190       0x20 C:/msys64/mingw64/bin/../lib/gcc/arm-none-eabi/13.3.0/../../../../arm-none-eabi/lib/thumb/v7-m/nofp\libc_nano.a(libc_a-mallocr.o)
 .debug_aranges
                0x000011b0       0x20 C:/msys64/mingw64/bin/../lib/gcc/arm-none-eabi/13.3.0/../../../../arm-none-eabi/lib/thumb/v7-m/nofp\libc_nano.a(libc_a-mlock.o)
 .debug_aranges
                0x000011d0       0x20 C:/msys64/mingw64/bin/../lib/gcc/arm-none-eabi/13.3.0/../../../../arm-none-eabi/lib/thumb/v7-m/nofp\libc_nano.a(libc_a-nano-svfprintf.o)
 .debug_aranges
                0x000011f0       0x20 C:/msys64/mingw64/bin/../lib/gcc/arm-none-eabi/13.3.0/../../../../arm-none-eabi/lib/thumb/v7-m/nofp\libc_nano.a(libc_a-nano-vfprintf_i.o)
 .debug_aranges
                0x00001210       0x20 C:/msys64/mingw64/bin/../lib/gcc/arm-none-eabi/13.3.0/../../../../arm-none-eabi/lib/thumb/v7-m/nofp\libc_nano.a(libc_a-memmove.o)
 .debug_aranges
                0x00001230       0x20 C:/msys64/mingw64/bin/../lib/gcc/arm-none-eabi/13.3.0/../../../../arm-none-eabi/lib/thumb/v7-m/nofp\libc_nano.a(libc_a-sbrkr.o)
 .debug_aranges
                0x00001250       0x20 C:/msys64/mingw64/bin/../lib/gcc/arm-none-eabi/13.3.0/../../../../arm-none-eabi/lib/thumb/v7-m/nofp\libc_nano.a(libc_a-memchr-stub.o)
 .debug_aranges
                0x00001270       0x20 C:/msys64/mingw64/bin/../lib/gcc/arm-none-eabi/13.3.0/../../../../arm-none-eabi/lib/thumb/v7-m/nofp\libc_nano.a(libc_a-reallocr.o)
 .debug_aranges
                0x00001290       0x20 C:/msys64/mingw64/bin/../lib/gcc/arm-none-eabi/13.3.0/../../../../arm-none-eabi/lib/thumb/v7-m/nofp\libc_nano.a(libc_a-msizer.o)
 .debug_aranges
                0x000012b0       0x20 C:/msys64/mingw64/bin/../lib/gcc/arm-none-eabi/13.3.0/thumb/v7-m/nofp\libgcc.a(_arm_addsubsf3.o)
 .debug_aranges
                0x000012d0       0x20 C:/msys64/mingw64/bin/../lib/gcc/arm-none-eabi/13.3.0/thumb/v7-m/nofp\libgcc.a(_arm_muldivsf3.o)
 .debug_aranges
                0x000012f0       0x20 C:/msys64/mingw64/bin/../lib/gcc/arm-none-eabi/13.3.0/thumb/v7-m/nofp\libgcc.a(_arm_cmpsf2.o)
 .debug_aranges
                0x00001310       0x20 C:/msys64/mingw64/bin/../lib/gcc/arm-none-eabi/13.3.0/thumb/v7-m/nofp\libgcc.a(_arm_fixsfsi.o)

.debug_ranges   0x00000000      0xf78
 .debug_ranges  0x00000000       0x20 build/main.o
 .debug_ranges  0x00000020       0x90 build/balance_control.o
 .debug_ranges  0x000000b0       0x38 build/app_sensors.o
 .debug_ranges  0x000000e8       0x20 build/display_ui.o
 .debug_ranges  0x00000108       0x78 build/dht11.o
 .debug_ranges  0x00000180       0x30 build/encoder_hal.o
 .debug_ranges  0x000001b0       0x20 build/fsr_adc.o
 .debug_ranges  0x000001d0       0x30 build/i2c_bus.o
 .debug_ranges  0x00000200       0x38 build/motor_tb6612.o
 .debug_ranges  0x00000238       0x30 build/mpu6050_hal.o
 .debug_ranges  0x00000268       0x98 build/oled_ssd1306.o
 .debug_ranges  0x00000300       0x18 build/pid.o
 .debug_ranges  0x00000318       0x50 build/stm32f1xx_it.o
 .debug_ranges  0x00000368       0x10 build/stm32f1xx_hal_msp.o
 .debug_ranges  0x00000378       0xd0 build/stm32f1xx_hal.o
 .debug_ranges  0x00000448      0x2b0 build/stm32f1xx_hal_i2c.o
 .debug_ranges  0x000006f8       0xa0 build/stm32f1xx_hal_rcc.o
 .debug_ranges  0x00000798       0x38 build/stm32f1xx_hal_rcc_ex.o
 .debug_ranges  0x000007d0       0x48 build/stm32f1xx_hal_gpio.o
 .debug_ranges  0x00000818      0x3c0 build/stm32f1xx_hal_tim.o
 .debug_ranges  0x00000bd8      0x158 build/stm32f1xx_hal_tim_ex.o
 .debug_ranges  0x00000d30       0xb0 build/stm32f1xx_hal_cortex.o
 .debug_ranges  0x00000de0       0xe0 build/stm32f1xx_hal_adc.o
 .debug_ranges  0x00000ec0       0x70 build/stm32f1xx_hal_adc_ex.o
 .debug_ranges  0x00000f30       0x18 build/system_stm32f1xx.o
 .debug_ranges  0x00000f48       0x10 build/sysmem.o
 .debug_ranges  0x00000f58       0x20 build/startup_stm32f103xb.o

.debug_line     0x00000000    0x15de1
 .debug_line    0x00000000      0x277 build/main.o
 .debug_line    0x00000277      0xadc build/balance_control.o
 .debug_line    0x00000d53      0x3b7 build/app_sensors.o
 .debug_line    0x0000110a      0x382 build/display_ui.o
 .debug_line    0x0000148c      0x432 build/dht11.o
 .debug_line    0x000018be      0x376 build/encoder_hal.o
 .debug_line    0x00001c34      0x324 build/fsr_adc.o
 .debug_line    0x00001f58      0x33e build/i2c_bus.o
 .debug_line    0x00002296      0x3a1 build/motor_tb6612.o
 .debug_line    0x00002637      0x342 build/mpu6050_hal.o
 .debug_line    0x00002979      0x5a1 build/oled_ssd1306.o
 .debug_line    0x00002f1a      0x17f build/pid.o
 .debug_line    0x00003099      0x13d build/stm32f1xx_it.o
 .debug_line    0x000031d6      0x11e build/stm32f1xx_hal_msp.o
 .debug_line    0x000032f4      0x4d0 build/stm32f1xx_hal.o
 .debug_line    0x000037c4     0x55ea build/stm32f1xx_hal_i2c.o
 .debug_line    0x00008dae      0xc4c build/stm32f1xx_hal_rcc.o
 .debug_line    0x000099fa      0x44c build/stm32f1xx_hal_rcc_ex.o
 .debug_line    0x00009e46      0x572 build/stm32f1xx_hal_gpio.o
 .debug_line    0x0000a3b8     0x4591 build/stm32f1xx_hal_tim.o
 .debug_line    0x0000e949     0x198e build/stm32f1xx_hal_tim_ex.o
 .debug_line    0x000102d7      0x649 build/stm32f1xx_hal_cortex.o
 .debug_line    0x00010920      0xe26 build/stm32f1xx_hal_adc.o
 .debug_line    0x00011746      0xaf2 build/stm32f1xx_hal_adc_ex.o
 .debug_line    0x00012238      0x1e7 build/system_stm32f1xx.o
 .debug_line    0x0001241f      0x163 build/sysmem.o
 .debug_line    0x00012582       0x71 build/startup_stm32f103xb.o
 .debug_line    0x000125f3      0x673 C:/msys64/mingw64/bin/../lib/gcc/arm-none-eabi/13.3.0/../../../../arm-none-eabi/lib/thumb/v7-m/nofp\libc_nano.a(libc_a-findfp.o)
 .debug_line    0x00012c66      0x360 C:/msys64/mingw64/bin/../lib/gcc/arm-none-eabi/13.3.0/../../../../arm-none-eabi/lib/thumb/v7-m/nofp\libc_nano.a(libc_a-snprintf.o)
 .debug_line    0x00012fc6      0x1c5 C:/msys64/mingw64/bin/../lib/gcc/arm-none-eabi/13.3.0/../../../../arm-none-eabi/lib/thumb/v7-m/nofp\libc_nano.a(libc_a-memset.o)
 .debug_line    0x0001318b      0x285 C:/msys64/mingw64/bin/../lib/gcc/arm-none-eabi/13.3.0/../../../../arm-none-eabi/lib/thumb/v7-m/nofp\libc_nano.a(libc_a-reent.o)
 .debug_line    0x00013410       0xfb C:/msys64/mingw64/bin/../lib/gcc/arm-none-eabi/13.3.0/../../../../arm-none-eabi/lib/thumb/v7-m/nofp\libc_nano.a(libc_a-impure.o)
 .debug_line    0x0001350b      0x120 C:/msys64/mingw64/bin/../lib/gcc/arm-none-eabi/13.3.0/../../../../arm-none-eabi/lib/thumb/v7-m/nofp\libc_nano.a(libc_a-errno.o)
 .debug_line    0x0001362b      0x13c C:/msys64/mingw64/bin/../lib/gcc/arm-none-eabi/13.3.0/../../../../arm-none-eabi/lib/thumb/v7-m/nofp\libc_nano.a(libc_a-init.o)
 .debug_line    0x00013767       0xd7 C:/msys64/mingw64/bin/../lib/gcc/arm-none-eabi/13.3.0/../../../../arm-none-eabi/lib/thumb/v7-m/nofp\libc_nano.a(libc_a-lock.o)
 .debug_line    0x0001383e       0xbd C:/msys64/mingw64/bin/../lib/gcc/arm-none-eabi/13.3.0/../../../../arm-none-eabi/lib/thumb/v7-m/nofp\libc_nano.a(libc_a-memcpy.o)
 .debug_line    0x000138fb      0x2d2 C:/msys64/mingw64/bin/../lib/gcc/arm-none-eabi/13.3.0/../../../../arm-none-eabi/lib/thumb/v7-m/nofp\libc_nano.a(libc_a-freer.o)
 .debug_line    0x00013bcd      0x45c C:/msys64/mingw64/bin/../lib/gcc/arm-none-eabi/13.3.0/../../../../arm-none-eabi/lib/thumb/v7-m/nofp\libc_nano.a(libc_a-mallocr.o)
 .debug_line    0x00014029      0x162 C:/msys64/mingw64/bin/../lib/gcc/arm-none-eabi/13.3.0/../../../../arm-none-eabi/lib/thumb/v7-m/nofp\libc_nano.a(libc_a-mlock.o)
 .debug_line    0x0001418b      0x868 C:/msys64/mingw64/bin/../lib/gcc/arm-none-eabi/13.3.0/../../../../arm-none-eabi/lib/thumb/v7-m/nofp\libc_nano.a(libc_a-nano-svfprintf.o)
 .debug_line    0x000149f3      0x776 C:/msys64/mingw64/bin/../lib/gcc/arm-none-eabi/13.3.0/../../../../arm-none-eabi/lib/thumb/v7-m/nofp\libc_nano.a(libc_a-nano-vfprintf_i.o)
 .debug_line    0x00015169      0x221 C:/msys64/mingw64/bin/../lib/gcc/arm-none-eabi/13.3.0/../../../../arm-none-eabi/lib/thumb/v7-m/nofp\libc_nano.a(libc_a-memmove.o)
 .debug_line    0x0001538a      0x1a0 C:/msys64/mingw64/bin/../lib/gcc/arm-none-eabi/13.3.0/../../../../arm-none-eabi/lib/thumb/v7-m/nofp\libc_nano.a(libc_a-sbrkr.o)
 .debug_line    0x0001552a      0x211 C:/msys64/mingw64/bin/../lib/gcc/arm-none-eabi/13.3.0/../../../../arm-none-eabi/lib/thumb/v7-m/nofp\libc_nano.a(libc_a-memchr-stub.o)
 .debug_line    0x0001573b      0x204 C:/msys64/mingw64/bin/../lib/gcc/arm-none-eabi/13.3.0/../../../../arm-none-eabi/lib/thumb/v7-m/nofp\libc_nano.a(libc_a-reallocr.o)
 .debug_line    0x0001593f      0x180 C:/msys64/mingw64/bin/../lib/gcc/arm-none-eabi/13.3.0/../../../../arm-none-eabi/lib/thumb/v7-m/nofp\libc_nano.a(libc_a-msizer.o)
 .debug_line    0x00015abf      0x103 C:/msys64/mingw64/bin/../lib/gcc/arm-none-eabi/13.3.0/thumb/v7-m/nofp\libgcc.a(_arm_addsubsf3.o)
 .debug_line    0x00015bc2      0x123 C:/msys64/mingw64/bin/../lib/gcc/arm-none-eabi/13.3.0/thumb/v7-m/nofp\libgcc.a(_arm_muldivsf3.o)
 .debug_line    0x00015ce5       0x9a C:/msys64/mingw64/bin/../lib/gcc/arm-none-eabi/13.3.0/thumb/v7-m/nofp\libgcc.a(_arm_cmpsf2.o)
 .debug_line    0x00015d7f       0x62 C:/msys64/mingw64/bin/../lib/gcc/arm-none-eabi/13.3.0/thumb/v7-m/nofp\libgcc.a(_arm_fixsfsi.o)

.debug_str      0x00000000     0x5f60
 .debug_str     0x00000000     0x5f60 build/main.o
                                0x352 (size before relaxing)
 .debug_str     0x00005f60        0x0 build/balance_control.o
                               0x11c8 (size before relaxing)
 .debug_str     0x00005f60        0x0 build/app_sensors.o
                                0x4ca (size before relaxing)
 .debug_str     0x00005f60        0x0 build/display_ui.o
                                0x4c4 (size before relaxing)
 .debug_str     0x00005f60        0x0 build/dht11.o
                                0x4b7 (size before relaxing)
 .debug_str     0x00005f60        0x0 build/encoder_hal.o
                                0x8de (size before relaxing)
 .debug_str     0x00005f60        0x0 build/fsr_adc.o
                                0x65a (size before relaxing)
 .debug_str     0x00005f60        0x0 build/i2c_bus.o
                                0x786 (size before relaxing)
 .debug_str     0x00005f60        0x0 build/motor_tb6612.o
                                0x875 (size before relaxing)
 .debug_str     0x00005f60        0x0 build/mpu6050_hal.o
                                0x6f8 (size before relaxing)
 .debug_str     0x00005f60        0x0 build/oled_ssd1306.o
                                0x7cd (size before relaxing)
 .debug_str     0x00005f60        0x0 build/pid.o
                                0x19b (size before relaxing)
 .debug_str     0x00005f60        0x0 build/stm32f1xx_it.o
                                0x1f3 (size before relaxing)
 .debug_str     0x00005f60        0x0 build/stm32f1xx_hal_msp.o
                                0x1f0 (size before relaxing)
 .debug_str     0x00005f60        0x0 build/stm32f1xx_hal.o
                                0x7ff (size before relaxing)
 .debug_str     0x00005f60        0x0 build/stm32f1xx_hal_i2c.o
                                0xf96 (size before relaxing)
 .debug_str     0x00005f60        0x0 build/stm32f1xx_hal_rcc.o
                                0x5fc (size before relaxing)
 .debug_str     0x00005f60        0x0 build/stm32f1xx_hal_rcc_ex.o
                                0x3a4 (size before relaxing)
 .debug_str     0x00005f60        0x0 build/stm32f1xx_hal_gpio.o
                                0x3d1 (size before relaxing)
 .debug_str     0x00005f60        0x0 build/stm32f1xx_hal_tim.o
                               0x1656 (size before relaxing)
 .debug_str     0x00005f60        0x0 build/stm32f1xx_hal_tim_ex.o
                                0xe62 (size before relaxing)
 .debug_str     0x00005f60        0x0 build/stm32f1xx_hal_cortex.o
                                0x8a4 (size before relaxing)
 .debug_str     0x00005f60        0x0 build/stm32f1xx_hal_adc.o
                                0x8ab (size before relaxing)
 .debug_str     0x00005f60        0x0 build/stm32f1xx_hal_adc_ex.o
                                0x88e (size before relaxing)
 .debug_str     0x00005f60        0x0 build/system_stm32f1xx.o
                                0x225 (size before relaxing)
 .debug_str     0x00005f60        0x0 build/sysmem.o
                                0x1e9 (size before relaxing)
 .debug_str     0x00005f60        0x0 build/startup_stm32f103xb.o
                                 0x63 (size before relaxing)
 .debug_str     0x00005f60        0x0 C:/msys64/mingw64/bin/../lib/gcc/arm-none-eabi/13.3.0/../../../../arm-none-eabi/lib/thumb/v7-m/nofp\libc_nano.a(libc_a-findfp.o)
                                0x722 (size before relaxing)
 .debug_str     0x00005f60        0x0 C:/msys64/mingw64/bin/../lib/gcc/arm-none-eabi/13.3.0/../../../../arm-none-eabi/lib/thumb/v7-m/nofp\libc_nano.a(libc_a-snprintf.o)
                                0x4ed (size before relaxing)
 .debug_str     0x00005f60        0x0 C:/msys64/mingw64/bin/../lib/gcc/arm-none-eabi/13.3.0/../../../../arm-none-eabi/lib/thumb/v7-m/nofp\libc_nano.a(libc_a-memset.o)
                                0x193 (size before relaxing)
 .debug_str     0x00005f60        0x0 C:/msys64/mingw64/bin/../lib/gcc/arm-none-eabi/13.3.0/../../../../arm-none-eabi/lib/thumb/v7-m/nofp\libc_nano.a(libc_a-reent.o)
                                0x4be (size before relaxing)
 .debug_str     0x00005f60        0x0 C:/msys64/mingw64/bin/../lib/gcc/arm-none-eabi/13.3.0/../../../../arm-none-eabi/lib/thumb/v7-m/nofp\libc_nano.a(libc_a-impure.o)
                                0x49f (size before relaxing)
 .debug_str     0x00005f60        0x0 C:/msys64/mingw64/bin/../lib/gcc/arm-none-eabi/13.3.0/../../../../arm-none-eabi/lib/thumb/v7-m/nofp\libc_nano.a(libc_a-errno.o)
                                0x499 (size before relaxing)
 .debug_str     0x00005f60        0x0 C:/msys64/mingw64/bin/../lib/gcc/arm-none-eabi/13.3.0/../../../../arm-none-eabi/lib/thumb/v7-m/nofp\libc_nano.a(libc_a-init.o)
                                0x1e0 (size before relaxing)
 .debug_str     0x00005f60        0x0 C:/msys64/mingw64/bin/../lib/gcc/arm-none-eabi/13.3.0/../../../../arm-none-eabi/lib/thumb/v7-m/nofp\libc_nano.a(libc_a-lock.o)
                                0x316 (size before relaxing)
 .debug_str     0x00005f60        0x0 C:/msys64/mingw64/bin/../lib/gcc/arm-none-eabi/13.3.0/../../../../arm-none-eabi/lib/thumb/v7-m/nofp\libc_nano.a(libc_a-memcpy.o)
                                 0x9f (size before relaxing)
 .debug_str     0x00005f60        0x0 C:/msys64/mingw64/bin/../lib/gcc/arm-none-eabi/13.3.0/../../../../arm-none-eabi/lib/thumb/v7-m/nofp\libc_nano.a(libc_a-freer.o)
                                0x51f (size before relaxing)
 .debug_str     0x00005f60        0x0 C:/msys64/mingw64/bin/../lib/gcc/arm-none-eabi/13.3.0/../../../../arm-none-eabi/lib/thumb/v7-m/nofp\libc_nano.a(libc_a-mallocr.o)
                                0x580 (size before relaxing)
 .debug_str     0x00005f60        0x0 C:/msys64/mingw64/bin/../lib/gcc/arm-none-eabi/13.3.0/../../../../arm-none-eabi/lib/thumb/v7-m/nofp\libc_nano.a(libc_a-mlock.o)
                                0x521 (size before relaxing)
 .debug_str     0x00005f60        0x0 C:/msys64/mingw64/bin/../lib/gcc/arm-none-eabi/13.3.0/../../../../arm-none-eabi/lib/thumb/v7-m/nofp\libc_nano.a(libc_a-nano-svfprintf.o)
                                0x7e8 (size before relaxing)
 .debug_str     0x00005f60        0x0 C:/msys64/mingw64/bin/../lib/gcc/arm-none-eabi/13.3.0/../../../../arm-none-eabi/lib/thumb/v7-m/nofp\libc_nano.a(libc_a-nano-vfprintf_i.o)
                                0x77e (size before relaxing)
 .debug_str     0x00005f60        0x0 C:/msys64/mingw64/bin/../lib/gcc/arm-none-eabi/13.3.0/../../../../arm-none-eabi/lib/thumb/v7-m/nofp\libc_nano.a(libc_a-memmove.o)
                                0x1b2 (size before relaxing)
 .debug_str     0x00005f60        0x0 C:/msys64/mingw64/bin/../lib/gcc/arm-none-eabi/13.3.0/../../../../arm-none-eabi/lib/thumb/v7-m/nofp\libc_nano.a(libc_a-sbrkr.o)
                                0x4a8 (size before relaxing)
 .debug_str     0x00005f60        0x0 C:/msys64/mingw64/bin/../lib/gcc/arm-none-eabi/13.3.0/../../../../arm-none-eabi/lib/thumb/v7-m/nofp\libc_nano.a(libc_a-memchr-stub.o)
                                0x1a3 (size before relaxing)
 .debug_str     0x00005f60        0x0 C:/msys64/mingw64/bin/../lib/gcc/arm-none-eabi/13.3.0/../../../../arm-none-eabi/lib/thumb/v7-m/nofp\libc_nano.a(libc_a-reallocr.o)