Archive member included to satisfy reference by file (symbol)

F:/Msys2/mingw64/bin/../lib/gcc/arm-none-eabi/13.3.0/../../../../arm-none-eabi/lib/thumb/v7-m/nofp\libc_nano.a(libc_a-atexit.o)
                              F:/Msys2/mingw64/bin/../lib/gcc/arm-none-eabi/13.3.0/../../../../arm-none-eabi/lib/thumb/v7-m/nofp/crt0.o (atexit)
F:/Msys2/mingw64/bin/../lib/gcc/arm-none-eabi/13.3.0/../../../../arm-none-eabi/lib/thumb/v7-m/nofp\libc_nano.a(libc_a-exit.o)
                              F:/Msys2/mingw64/bin/../lib/gcc/arm-none-eabi/13.3.0/../../../../arm-none-eabi/lib/thumb/v7-m/nofp/crt0.o (exit)
F:/Msys2/mingw64/bin/../lib/gcc/arm-none-eabi/13.3.0/../../../../arm-none-eabi/lib/thumb/v7-m/nofp\libc_nano.a(libc_a-strtod.o)
                              build/remote_control.o (strtof)
F:/Msys2/mingw64/bin/../lib/gcc/arm-none-eabi/13.3.0/../../../../arm-none-eabi/lib/thumb/v7-m/nofp\libc_nano.a(libc_a-findfp.o)
                              F:/Msys2/mingw64/bin/../lib/gcc/arm-none-eabi/13.3.0/../../../../arm-none-eabi/lib/thumb/v7-m/nofp\libc_nano.a(libc_a-exit.o) (__stdio_exit_handler)
F:/Msys2/mingw64/bin/../lib/gcc/arm-none-eabi/13.3.0/../../../../arm-none-eabi/lib/thumb/v7-m/nofp\libc_nano.a(libc_a-fwalk.o)
                              F:/Msys2/mingw64/bin/../lib/gcc/arm-none-eabi/13.3.0/../../../../arm-none-eabi/lib/thumb/v7-m/nofp\libc_nano.a(libc_a-findfp.o) (_fwalk_sglue)
F:/Msys2/mingw64/bin/../lib/gcc/arm-none-eabi/13.3.0/../../../../arm-none-eabi/lib/thumb/v7-m/nofp\libc_nano.a(libc_a-snprintf.o)
                              build/display_ui.o (snprintf)
F:/Msys2/mingw64/bin/../lib/gcc/arm-none-eabi/13.3.0/../../../../arm-none-eabi/lib/thumb/v7-m/nofp\libc_nano.a(libc_a-stdio.o)
                              F:/Msys2/mingw64/bin/../lib/gcc/arm-none-eabi/13.3.0/../../../../arm-none-eabi/lib/thumb/v7-m/nofp\libc_nano.a(libc_a-findfp.o) (__sread)
F:/Msys2/mingw64/bin/../lib/gcc/arm-none-eabi/13.3.0/../../../../arm-none-eabi/lib/thumb/v7-m/nofp\libc_nano.a(libc_a-memset.o)
                              F:/Msys2/mingw64/bin/../lib/gcc/arm-none-eabi/13.3.0/../../../../arm-none-eabi/lib/thumb/v7-m/nofp/crt0.o (memset)
F:/Msys2/mingw64/bin/../lib/gcc/arm-none-eabi/13.3.0/../../../../arm-none-eabi/lib/thumb/v7-m/nofp\libc_nano.a(libc_a-strncmp.o)
                              build/remote_control.o (strncmp)
F:/Msys2/mingw64/bin/../lib/gcc/arm-none-eabi/13.3.0/../../../../arm-none-eabi/lib/thumb/v7-m/nofp\libc_nano.a(libc_a-strncpy.o)
                              build/remote_control.o (strncpy)
F:/Msys2/mingw64/bin/../lib/gcc/arm-none-eabi/13.3.0/../../../../arm-none-eabi/lib/thumb/v7-m/nofp\libc_nano.a(libc_a-locale.o)
                              F:/Msys2/mingw64/bin/../lib/gcc/arm-none-eabi/13.3.0/../../../../arm-none-eabi/lib/thumb/v7-m/nofp\libc_nano.a(libc_a-strtod.o) (__global_locale)
F:/Msys2/mingw64/bin/../lib/gcc/arm-none-eabi/13.3.0/../../../../arm-none-eabi/lib/thumb/v7-m/nofp\libc_nano.a(libc_a-closer.o)
                              F:/Msys2/mingw64/bin/../lib/gcc/arm-none-eabi/13.3.0/../../../../arm-none-eabi/lib/thumb/v7-m/nofp\libc_nano.a(libc_a-stdio.o) (_close_r)
F:/Msys2/mingw64/bin/../lib/gcc/arm-none-eabi/13.3.0/../../../../arm-none-eabi/lib/thumb/v7-m/nofp\libc_nano.a(libc_a-reent.o)
                              F:/Msys2/mingw64/bin/../lib/gcc/arm-none-eabi/13.3.0/../../../../arm-none-eabi/lib/thumb/v7-m/nofp\libc_nano.a(libc_a-closer.o) (errno)
F:/Msys2/mingw64/bin/../lib/gcc/arm-none-eabi/13.3.0/../../../../arm-none-eabi/lib/thumb/v7-m/nofp\libc_nano.a(libc_a-impure.o)
                              F:/Msys2/mingw64/bin/../lib/gcc/arm-none-eabi/13.3.0/../../../../arm-none-eabi/lib/thumb/v7-m/nofp\libc_nano.a(libc_a-strtod.o) (_impure_ptr)
F:/Msys2/mingw64/bin/../lib/gcc/arm-none-eabi/13.3.0/../../../../arm-none-eabi/lib/thumb/v7-m/nofp\libc_nano.a(libc_a-lseekr.o)
                              F:/Msys2/mingw64/bin/../lib/gcc/arm-none-eabi/13.3.0/../../../../arm-none-eabi/lib/thumb/v7-m/nofp\libc_nano.a(libc_a-stdio.o) (_lseek_r)
F:/Msys2/mingw64/bin/../lib/gcc/arm-none-eabi/13.3.0/../../../../arm-none-eabi/lib/thumb/v7-m/nofp\libc_nano.a(libc_a-readr.o)
                              F:/Msys2/mingw64/bin/../lib/gcc/arm-none-eabi/13.3.0/../../../../arm-none-eabi/lib/thumb/v7-m/nofp\libc_nano.a(libc_a-stdio.o) (_read_r)
F:/Msys2/mingw64/bin/../lib/gcc/arm-none-eabi/13.3.0/../../../../arm-none-eabi/lib/thumb/v7-m/nofp\libc_nano.a(libc_a-writer.o)
                              F:/Msys2/mingw64/bin/../lib/gcc/arm-none-eabi/13.3.0/../../../../arm-none-eabi/lib/thumb/v7-m/nofp\libc_nano.a(libc_a-stdio.o) (_write_r)
F:/Msys2/mingw64/bin/../lib/gcc/arm-none-eabi/13.3.0/../../../../arm-none-eabi/lib/thumb/v7-m/nofp\libc_nano.a(libc_a-errno.o)
                              build/sysmem.o (__errno)
F:/Msys2/mingw64/bin/../lib/gcc/arm-none-eabi/13.3.0/../../../../arm-none-eabi/lib/thumb/v7-m/nofp\libc_nano.a(libc_a-init.o)
[...]
Memory Configuration

Name             Origin             Length             Attributes
RAM              0x20000000         0x00005000         xrw
FLASH            0x08000000         0x00010000         xr
*default*        0x00000000         0xffffffff

Linker script and memory map

LOAD F:/Msys2/mingw64/bin/../lib/gcc/arm-none-eabi/13.3.0/thumb/v7-m/nofp/crti.o
LOAD F:/Msys2/mingw64/bin/../lib/gcc/arm-none-eabi/13.3.0/thumb/v7-m/nofp/crtbegin.o
LOAD F:/Msys2/mingw64/bin/../lib/gcc/arm-none-eabi/13.3.0/../../../../arm-none-eabi/lib/thumb/v7-m/nofp/crt0.o
LOAD build/main.o
LOAD build/balance_control.o
LOAD build/app_sensors.o
LOAD build/display_ui.o
LOAD build/dht11.o
LOAD build/encoder_hal.o
LOAD build/fsr_adc.o
LOAD build/i2c_bus.o
LOAD build/motor_tb6612.o
LOAD build/mpu6050_hal.o
LOAD build/oled_ssd1306.o
LOAD build/pid.o
LOAD build/remote_control.o
LOAD build/stm32f1xx_it.o
LOAD build/stm32f1xx_hal_msp.o
LOAD build/stm32f1xx_hal_gpio_ex.o
LOAD build/stm32f1xx_hal.o
LOAD build/stm32f1xx_hal_i2c.o
LOAD build/stm32f1xx_hal_rcc.o
LOAD build/stm32f1xx_hal_rcc_ex.o
LOAD build/stm32f1xx_hal_gpio.o
LOAD build/stm32f1xx_hal_tim.o
LOAD build/stm32f1xx_hal_tim_ex.o
LOAD build/stm32f1xx_hal_uart.o
LOAD build/stm32f1xx_hal_dma.o
LOAD build/stm32f1xx_hal_cortex.o
LOAD build/stm32f1xx_hal_pwr.o
LOAD build/stm32f1xx_hal_flash.o
LOAD build/stm32f1xx_hal_flash_ex.o
LOAD build/stm32f1xx_hal_exti.o
LOAD build/stm32f1xx_hal_adc.o
LOAD build/stm32f1xx_hal_adc_ex.o
LOAD build/system_stm32f1xx.o
LOAD build/sysmem.o
LOAD build/syscalls.o
LOAD build/startup_stm32f103xb.o
LOAD F:/Msys2/mingw64/bin/../lib/gcc/arm-none-eabi/13.3.0/../../../../arm-none-eabi/lib/thumb/v7-m/nofp\libc_nano.a
LOAD F:/Msys2/mingw64/bin/../lib/gcc/arm-none-eabi/13.3.0/../../../../arm-none-eabi/lib/thumb/v7-m/nofp\libm.a
LOAD F:/Msys2/mingw64/bin/../lib/gcc/arm-none-eabi/13.3.0/../../../../arm-none-eabi/lib/thumb/v7-m/nofp\libnosys.a
START GROUP
LOAD F:/Msys2/mingw64/bin/../lib/gcc/arm-none-eabi/13.3.0/thumb/v7-m/nofp\libgcc.a
LOAD F:/Msys2/mingw64/bin/../lib/gcc/arm-none-eabi/13.3.0/../../../../arm-none-eabi/lib/thumb/v7-m/nofp\libc_nano.a
END GROUP
START GROUP
LOAD F:/Msys2/mingw64/bin/../lib/gcc/arm-none-eabi/13.3.0/thumb/v7-m/nofp\libgcc.a
LOAD F:/Msys2/mingw64/bin/../lib/gcc/arm-none-eabi/13.3.0/../../../../arm-none-eabi/lib/thumb/v7-m/nofp\libc_nano.a
END GROUP
LOAD F:/Msys2/mingw64/bin/../lib/gcc/arm-none-eabi/13.3.0/thumb/v7-m/nofp/crtend.o
LOAD F:/Msys2/mingw64/bin/../lib/gcc/arm-none-eabi/13.3.0/thumb/v7-m/nofp/crtn.o
                0x20005000                        _estack = (ORIGIN (RAM) + LENGTH (RAM))
                0x00000200                        _Min_Heap_Size = 0x200
                0x00000400                        _Min_Stack_Size = 0x400

.isr_vector     0x08000000      0x10c
                0x08000000                        . = ALIGN (0x4)
 *(.isr_vector)
 .isr_vector    0x08000000      0x10c build/startup_stm32f103xb.o
                0x08000000                g_pfnVectors
                0x0800010c                        . = ALIGN (0x4)

.text           0x08000110     0xa95c
                0x08000110                        . = ALIGN (0x4)
 *(.text)
 .text          0x08000110     0x1134 F:/Msys2/mingw64/bin/../lib/gcc/arm-none-eabi/13.3.0/../../../../arm-none-eabi/lib/thumb/v7-m/nofp\libc_nano.a(libc_a-strtod.o)
                0x08000110                _strtod_l
                0x080010a0                _strtod_r
                0x080010ac                strtod_l
                0x080010c8                strtod
                0x080010e0                strtof_l
                0x08001184                strtof
 .text          0x08001244      0x2dc F:/Msys2/mingw64/bin/../lib/gcc/arm-none-eabi/13.3.0/../../../../arm-none-eabi/lib/thumb/v7-m/nofp\libc_nano.a(libc_a-findfp.o)
                0x080013c0                __sfp
                0x08001480                __sinit
                0x080014c0                __sfp_lock_acquire
                0x080014cc                __sfp_lock_release
                0x080014d8                __fp_lock_all
                0x080014fc                __fp_unlock_all
 .text          0x08001520       0x44 F:/Msys2/mingw64/bin/../lib/gcc/arm-none-eabi/13.3.0/../../../../arm-none-eabi/lib/thumb/v7-m/nofp\libc_nano.a(libc_a-fwalk.o)
                0x08001520                _fwalk_sglue
 .text          0x08001564      0x10c F:/Msys2/mingw64/bin/../lib/gcc/arm-none-eabi/13.3.0/../../../../arm-none-eabi/lib/thumb/v7-m/nofp\libc_nano.a(libc_a-snprintf.o)
                0x08001564                _sniprintf_r
                0x08001564                _snprintf_r
                0x080015e4                sniprintf
                0x080015e4                snprintf
 .text          0x08001670       0x94 F:/Msys2/mingw64/bin/../lib/gcc/arm-none-eabi/13.3.0/../../../../arm-none-eabi/lib/thumb/v7-m/nofp\libc_nano.a(libc_a-stdio.o)
                0x08001670                __sread
                0x08001694                __seofread
                0x08001698                __swrite
                0x080016d8                __sseek
                0x080016fc                __sclose
 .text          0x08001704       0xa0 F:/Msys2/mingw64/bin/../lib/gcc/arm-none-eabi/13.3.0/../../../../arm-none-eabi/lib/thumb/v7-m/nofp\libc_nano.a(libc_a-memset.o)
                0x08001704                memset
 .text          0x080017a4       0x8c F:/Msys2/mingw64/bin/../lib/gcc/arm-none-eabi/13.3.0/../../../../arm-none-eabi/lib/thumb/v7-m/nofp\libc_nano.a(libc_a-strncmp.o)
                0x080017a4                strncmp
 .text          0x08001830       0x6c F:/Msys2/mingw64/bin/../lib/gcc/arm-none-eabi/13.3.0/../../../../arm-none-eabi/lib/thumb/v7-m/nofp\libc_nano.a(libc_a-strncpy.o)
                0x08001830                strncpy
 .text          0x0800189c       0x24 F:/Msys2/mingw64/bin/../lib/gcc/arm-none-eabi/13.3.0/../../../../arm-none-eabi/lib/thumb/v7-m/nofp\libc_nano.a(libc_a-closer.o)
                0x0800189c                _close_r
 .text          0x080018c0       0x2c F:/Msys2/mingw64/bin/../lib/gcc/arm-none-eabi/13.3.0/../../../../arm-none-eabi/lib/thumb/v7-m/nofp\libc_nano.a(libc_a-lseekr.o)
                0x080018c0                _lseek_r
 .text          0x080018ec       0x2c F:/Msys2/mingw64/bin/../lib/gcc/arm-none-eabi/13.3.0/../../../../arm-none-eabi/lib/thumb/v7-m/nofp\libc_nano.a(libc_a-readr.o)
                0x080018ec                _read_r
 .text          0x08001918       0x2c F:/Msys2/mingw64/bin/../lib/gcc/arm-none-eabi/13.3.0/../../../../arm-none-eabi/lib/thumb/v7-m/nofp\libc_nano.a(libc_a-writer.o)
                0x08001918                _write_r
 .text          0x08001944        0xc F:/Msys2/mingw64/bin/../lib/gcc/arm-none-eabi/13.3.0/../../../../arm-none-eabi/lib/thumb/v7-m/nofp\libc_nano.a(libc_a-errno.o)
                0x08001944                __errno
 .text          0x08001950       0x50 F:/Msys2/mingw64/bin/../lib/gcc/arm-none-eabi/13.3.0/../../../../arm-none-eabi/lib/thumb/v7-m/nofp\libc_nano.a(libc_a-init.o)
                0x08001950                __libc_init_array
 .text          0x080019a0       0x28 F:/Msys2/mingw64/bin/../lib/gcc/arm-none-eabi/13.3.0/../../../../arm-none-eabi/lib/thumb/v7-m/nofp\libc_nano.a(libc_a-lock.o)
                0x080019a0                __retarget_lock_init
                0x080019a4                __retarget_lock_init_recursive
                0x080019a8                __retarget_lock_close
                0x080019ac                __retarget_lock_close_recursive
                0x080019b0                __retarget_lock_acquire
                0x080019b4                __retarget_lock_acquire_recursive
                0x080019b8                __retarget_lock_try_acquire
                0x080019bc                __retarget_lock_try_acquire_recursive
                0x080019c0                __retarget_lock_release
                0x080019c4                __retarget_lock_release_recursive
 .text          0x080019c8      0x1bc F:/Msys2/mingw64/bin/../lib/gcc/arm-none-eabi/13.3.0/../../../../arm-none-eabi/lib/thumb/v7-m/nofp\libc_nano.a(libc_a-strcmp.o)
                0x080019c8                strcmp
 .text          0x08001b84       0xec F:/Msys2/mingw64/bin/../lib/gcc/arm-none-eabi/13.3.0/../../../../arm-none-eabi/lib/thumb/v7-m/nofp\libc_nano.a(libc_a-memcpy.o)
                0x08001b84                memcpy
 .text          0x08001c70        0xc F:/Msys2/mingw64/bin/../lib/gcc/arm-none-eabi/13.3.0/../../../../arm-none-eabi/lib/thumb/v7-m/nofp\libc_nano.a(libm_a-s_nan.o)
                0x08001c70                nan
 .text          0x08001c7c        0x8 F:/Msys2/mingw64/bin/../lib/gcc/arm-none-eabi/13.3.0/../../../../arm-none-eabi/lib/thumb/v7-m/nofp\libc_nano.a(libm_a-sf_nan.o)
                0x08001c7c                nanf
 .text          0x08001c84       0xbc F:/Msys2/mingw64/bin/../lib/gcc/arm-none-eabi/13.3.0/../../../../arm-none-eabi/lib/thumb/v7-m/nofp\libc_nano.a(libc_a-freer.o)
                0x08001c84                _free_r
 .text          0x08001d40      0x64c F:/Msys2/mingw64/bin/../lib/gcc/arm-none-eabi/13.3.0/../../../../arm-none-eabi/lib/thumb/v7-m/nofp\libc_nano.a(libc_a-gdtoa-gethex.o)
                0x08001de4                __gethex
 .text          0x0800238c      0x204 F:/Msys2/mingw64/bin/../lib/gcc/arm-none-eabi/13.3.0/../../../../arm-none-eabi/lib/thumb/v7-m/nofp\libc_nano.a(libc_a-gdtoa-hexnan.o)
                0x0800238c                __match
                0x080023c0                __hexnan
 .text          0x08002590      0x14c F:/Msys2/mingw64/bin/../lib/gcc/arm-none-eabi/13.3.0/../../../../arm-none-eabi/lib/thumb/v7-m/nofp\libc_nano.a(libc_a-mallocr.o)
                0x080025dc                _malloc_r
 .text          0x080026dc       0x40 F:/Msys2/mingw64/bin/../lib/gcc/arm-none-eabi/13.3.0/../../../../arm-none-eabi/lib/thumb/v7-m/nofp\libc_nano.a(libc_a-mbtowc_r.o)
                0x080026dc                _mbtowc_r
                0x080026f0                __ascii_mbtowc
 .text          0x0800271c       0x18 F:/Msys2/mingw64/bin/../lib/gcc/arm-none-eabi/13.3.0/../../../../arm-none-eabi/lib/thumb/v7-m/nofp\libc_nano.a(libc_a-mlock.o)
                0x0800271c                __malloc_lock
                0x08002728                __malloc_unlock
 .text          0x08002734      0xad0 F:/Msys2/mingw64/bin/../lib/gcc/arm-none-eabi/13.3.0/../../../../arm-none-eabi/lib/thumb/v7-m/nofp\libc_nano.a(libc_a-mprec.o)
                0x08002734                _Balloc
                0x080027b4                _Bfree
                0x080027fc                __multadd
                0x08002898                __s2b
                0x08002948                __hi0bits
                0x0800298c                __lo0bits
                0x080029e8                __i2b
                0x08002a14                __multiply
                0x08002b78                __pow5mult
                0x08002c58                __lshift
                0x08002d40                __mcmp
                0x08002d80                __mdiff
                0x08002ef8                __ulp
                0x08002f48                __b2d
                0x08002ffc                __d2b
                0x080030b8                __ratio
                0x08003114                _mprec_log10
                0x0800314c                __copybits
                0x080031ac                __any_on
 .text          0x08003204       0x30 F:/Msys2/mingw64/bin/../lib/gcc/arm-none-eabi/13.3.0/../../../../arm-none-eabi/lib/thumb/v7-m/nofp\libc_nano.a(libc_a-wctomb_r.o)
                0x08003204                _wctomb_r
                0x08003218                __ascii_wctomb
 .text          0x08003234      0x400 F:/Msys2/mingw64/bin/../lib/gcc/arm-none-eabi/13.3.0/../../../../arm-none-eabi/lib/thumb/v7-m/nofp\libc_nano.a(libc_a-nano-svfprintf.o)
                0x08003234                __ssputs_r
                0x080032f4                __ssprint_r
                0x08003404                _svfiprintf_r
                0x08003404                _svfprintf_r
 .text          0x08003634      0x3a8 F:/Msys2/mingw64/bin/../lib/gcc/arm-none-eabi/13.3.0/../../../../arm-none-eabi/lib/thumb/v7-m/nofp\libc_nano.a(libc_a-nano-vfprintf_i.o)
                0x08003634                _printf_common
                0x08003758                _printf_i
 .text          0x080039dc      0x194 F:/Msys2/mingw64/bin/../lib/gcc/arm-none-eabi/13.3.0/../../../../arm-none-eabi/lib/thumb/v7-m/nofp\libc_nano.a(libc_a-fflush.o)
                0x080039dc                __sflush_r
                0x08003af0                _fflush_r
                0x08003b48                fflush
 .text          0x08003b70       0xfc F:/Msys2/mingw64/bin/../lib/gcc/arm-none-eabi/13.3.0/../../../../arm-none-eabi/lib/thumb/v7-m/nofp\libc_nano.a(libc_a-memmove.o)
                0x08003b70                memmove
 .text          0x08003c6c       0x24 F:/Msys2/mingw64/bin/../lib/gcc/arm-none-eabi/13.3.0/../../../../arm-none-eabi/lib/thumb/v7-m/nofp\libc_nano.a(libc_a-sbrkr.o)
                0x08003c6c                _sbrk_r
 .text          0x08003c90       0x98 F:/Msys2/mingw64/bin/../lib/gcc/arm-none-eabi/13.3.0/../../../../arm-none-eabi/lib/thumb/v7-m/nofp\libc_nano.a(libc_a-memchr-stub.o)
                0x08003c90                memchr
 .text          0x08003d28       0x4c F:/Msys2/mingw64/bin/../lib/gcc/arm-none-eabi/13.3.0/../../../../arm-none-eabi/lib/thumb/v7-m/nofp\libc_nano.a(libc_a-assert.o)
                0x08003d28                __assert_func
                0x08003d68                __assert
 .text          0x08003d74       0x28 F:/Msys2/mingw64/bin/../lib/gcc/arm-none-eabi/13.3.0/../../../../arm-none-eabi/lib/thumb/v7-m/nofp\libc_nano.a(libc_a-callocr.o)
                0x08003d74                _calloc_r
 .text          0x08003d9c       0x20 F:/Msys2/mingw64/bin/../lib/gcc/arm-none-eabi/13.3.0/../../../../arm-none-eabi/lib/thumb/v7-m/nofp\libc_nano.a(libc_a-malloc.o)
                0x08003d9c                malloc
                0x08003dac                free
 .text          0x08003dbc       0x64 F:/Msys2/mingw64/bin/../lib/gcc/arm-none-eabi/13.3.0/../../../../arm-none-eabi/lib/thumb/v7-m/nofp\libc_nano.a(libc_a-reallocr.o)
                0x08003dbc                _realloc_r
 .text          0x08003e20       0x44 F:/Msys2/mingw64/bin/../lib/gcc/arm-none-eabi/13.3.0/../../../../arm-none-eabi/lib/thumb/v7-m/nofp\libc_nano.a(libc_a-fprintf.o)
                0x08003e20                _fprintf_r
                0x08003e20                _fiprintf_r
                0x08003e3c                fiprintf
                0x08003e3c                fprintf
 .text          0x08003e64       0x10 F:/Msys2/mingw64/bin/../lib/gcc/arm-none-eabi/13.3.0/../../../../arm-none-eabi/lib/thumb/v7-m/nofp\libc_nano.a(libc_a-abort.o)
                0x08003e64                abort
 .text          0x08003e74       0x10 F:/Msys2/mingw64/bin/../lib/gcc/arm-none-eabi/13.3.0/../../../../arm-none-eabi/lib/thumb/v7-m/nofp\libc_nano.a(libc_a-msizer.o)
                0x08003e74                _malloc_usable_size_r
 .text          0x08003e84      0x348 F:/Msys2/mingw64/bin/../lib/gcc/arm-none-eabi/13.3.0/../../../../arm-none-eabi/lib/thumb/v7-m/nofp\libc_nano.a(libc_a-nano-vfprintf.o)
                0x08003eac                __sfputs_r
                0x08003edc                __sprint_r
                0x08003efc                _vfiprintf_r
                0x08003efc                _vfprintf_r
                0x080041b0                vfprintf
                0x080041b0                vfiprintf
 .text          0x080041cc      0x2ec F:/Msys2/mingw64/bin/../lib/gcc/arm-none-eabi/13.3.0/../../../../arm-none-eabi/lib/thumb/v7-m/nofp\libc_nano.a(libc_a-fvwrite.o)
                0x080041cc                __sfvwrite_r
 .text          0x080044b8       0x9c F:/Msys2/mingw64/bin/../lib/gcc/arm-none-eabi/13.3.0/../../../../arm-none-eabi/lib/thumb/v7-m/nofp\libc_nano.a(libc_a-wbuf.o)
                0x080044b8                __swbuf_r
                0x08004540                __swbuf
 .text          0x08004554       0xc4 F:/Msys2/mingw64/bin/../lib/gcc/arm-none-eabi/13.3.0/../../../../arm-none-eabi/lib/thumb/v7-m/nofp\libc_nano.a(libc_a-wsetup.o)
                0x08004554                __swsetup_r
 .text          0x08004618      0x264 F:/Msys2/mingw64/bin/../lib/gcc/arm-none-eabi/13.3.0/../../../../arm-none-eabi/lib/thumb/v7-m/nofp\libc_nano.a(libc_a-signal.o)
                0x08004618                _init_signal_r
                0x08004644                _signal_r
                0x08004690                _raise_r
                0x080046e0                __sigtramp_r
                0x08004744                raise
                0x08004798                signal
                0x080047e4                _init_signal
                0x08004818                __sigtramp
 .text          0x0800487c       0x2c F:/Msys2/mingw64/bin/../lib/gcc/arm-none-eabi/13.3.0/../../../../arm-none-eabi/lib/thumb/v7-m/nofp\libc_nano.a(libc_a-signalr.o)
                0x0800487c                _kill_r
                0x080048a4                _getpid_r
 .text          0x080048a8      0x110 F:/Msys2/mingw64/bin/../lib/gcc/arm-none-eabi/13.3.0/../../../../arm-none-eabi/lib/thumb/v7-m/nofp\libc_nano.a(libc_a-makebuf.o)
                0x080048a8                __smakebuf_r
                0x0800496c                __swhatbuf_r
 .text          0x080049b8       0x28 F:/Msys2/mingw64/bin/../lib/gcc/arm-none-eabi/13.3.0/../../../../arm-none-eabi/lib/thumb/v7-m/nofp\libc_nano.a(libc_a-fstatr.o)
                0x080049b8                _fstat_r
 .text          0x080049e0       0x24 F:/Msys2/mingw64/bin/../lib/gcc/arm-none-eabi/13.3.0/../../../../arm-none-eabi/lib/thumb/v7-m/nofp\libc_nano.a(libc_a-isattyr.o)
                0x080049e0                _isatty_r
 .text          0x08004a04        0x4 F:/Msys2/mingw64/bin/../lib/gcc/arm-none-eabi/13.3.0/../../../../arm-none-eabi/lib/thumb/v7-m/nofp\libm.a(libm_a-wf_atan2.o)
                0x08004a04                atan2f
 .text          0x08004a08      0x110 F:/Msys2/mingw64/bin/../lib/gcc/arm-none-eabi/13.3.0/../../../../arm-none-eabi/lib/thumb/v7-m/nofp\libm.a(libm_a-ef_atan2.o)
                0x08004a08                __ieee754_atan2f
 .text          0x08004b18      0x228 F:/Msys2/mingw64/bin/../lib/gcc/arm-none-eabi/13.3.0/../../../../arm-none-eabi/lib/thumb/v7-m/nofp\libm.a(libm_a-sf_atan.o)
                0x08004b18                atanf
 .text          0x08004d40        0x8 F:/Msys2/mingw64/bin/../lib/gcc/arm-none-eabi/13.3.0/../../../../arm-none-eabi/lib/thumb/v7-m/nofp\libm.a(libm_a-sf_fabs.o)
                0x08004d40                fabsf
 .text          0x08004d48      0x378 F:/Msys2/mingw64/bin/../lib/gcc/arm-none-eabi/13.3.0/thumb/v7-m/nofp\libgcc.a(_arm_addsubdf3.o)
                0x08004d48                __aeabi_drsub
                0x08004d50                __aeabi_dsub
                0x08004d50                __subdf3
                0x08004d54                __aeabi_dadd
                0x08004d54                __adddf3
                0x08004fcc                __floatunsidf
                0x08004fcc                __aeabi_ui2d
                0x08004fec                __floatsidf
                0x08004fec                __aeabi_i2d
                0x08005010                __aeabi_f2d
                0x08005010                __extendsfdf2
                0x08005054                __floatundidf
                0x08005054                __aeabi_ul2d
                0x08005064                __floatdidf
                0x08005064                __aeabi_l2d
 .text          0x080050c0      0x424 F:/Msys2/mingw64/bin/../lib/gcc/arm-none-eabi/13.3.0/thumb/v7-m/nofp\libgcc.a(_arm_muldivdf3.o)
                0x080050c0                __aeabi_dmul
                0x080050c0                __muldf3
                0x08005314                __divdf3
                0x08005314                __aeabi_ddiv
 .text          0x080054e4      0x110 F:/Msys2/mingw64/bin/../lib/gcc/arm-none-eabi/13.3.0/thumb/v7-m/nofp\libgcc.a(_arm_cmpdf2.o)
                0x080054e4                __gtdf2
                0x080054e4                __gedf2
                0x080054ec                __ltdf2
                0x080054ec                __ledf2
                0x080054f4                __nedf2
                0x080054f4                __eqdf2
                0x080054f4                __cmpdf2
                0x08005570                __aeabi_cdrcmple
                0x08005580                __aeabi_cdcmpeq
                0x08005580                __aeabi_cdcmple
                0x08005590                __aeabi_dcmpeq
                0x080055a4                __aeabi_dcmplt
                0x080055b8                __aeabi_dcmple
                0x080055cc                __aeabi_dcmpge
                0x080055e0                __aeabi_dcmpgt
 .text          0x080055f4       0x2c F:/Msys2/mingw64/bin/../lib/gcc/arm-none-eabi/13.3.0/thumb/v7-m/nofp\libgcc.a(_arm_unorddf2.o)
                0x080055f4                __unorddf2
                0x080055f4                __aeabi_dcmpun
 .text          0x08005620       0x40 F:/Msys2/mingw64/bin/../lib/gcc/arm-none-eabi/13.3.0/thumb/v7-m/nofp\libgcc.a(_arm_fixunsdfsi.o)
                0x08005620                __aeabi_d2uiz
                0x08005620                __fixunsdfsi
 .text          0x08005660       0xa0 F:/Msys2/mingw64/bin/../lib/gcc/arm-none-eabi/13.3.0/thumb/v7-m/nofp\libgcc.a(_arm_truncdfsf2.o)
                0x08005660                __truncdfsf2
                0x08005660                __aeabi_d2f
 .text          0x08005700      0x21c F:/Msys2/mingw64/bin/../lib/gcc/arm-none-eabi/13.3.0/thumb/v7-m/nofp\libgcc.a(_arm_addsubsf3.o)
                0x08005700                __aeabi_frsub
                0x08005708                __subsf3
                0x08005708                __aeabi_fsub
                0x0800570c                __aeabi_fadd
                0x0800570c                __addsf3
                0x0800586c                __aeabi_ui2f
                0x0800586c                __floatunsisf
                0x08005874                __aeabi_i2f
                0x08005874                __floatsisf
                0x08005890                __aeabi_ul2f
                0x08005890                __floatundisf
                0x080058a0                __aeabi_l2f
                0x080058a0                __floatdisf
 .text          0x0800591c      0x2a0 F:/Msys2/mingw64/bin/../lib/gcc/arm-none-eabi/13.3.0/thumb/v7-m/nofp\libgcc.a(_arm_muldivsf3.o)
                0x0800591c                __mulsf3
                0x0800591c                __aeabi_fmul
                0x08005a84                __aeabi_fdiv
                0x08005a84                __divsf3
 .text          0x08005bbc       0xec F:/Msys2/mingw64/bin/../lib/gcc/arm-none-eabi/13.3.0/thumb/v7-m/nofp\libgcc.a(_arm_cmpsf2.o)
                0x08005bbc                __gesf2
                0x08005bbc                __gtsf2
                0x08005bc4                __lesf2
                0x08005bc4                __ltsf2
                0x08005bcc                __nesf2
                0x08005bcc                __eqsf2
                0x08005bcc                __cmpsf2
                0x08005c2c                __aeabi_cfrcmple
                0x08005c34                __aeabi_cfcmpeq
                0x08005c34                __aeabi_cfcmple
                0x08005c44                __aeabi_fcmpeq
                0x08005c58                __aeabi_fcmplt
                0x08005c6c                __aeabi_fcmple
                0x08005c80                __aeabi_fcmpge
                0x08005c94                __aeabi_fcmpgt
 .text          0x08005ca8       0x2c F:/Msys2/mingw64/bin/../lib/gcc/arm-none-eabi/13.3.0/thumb/v7-m/nofp\libgcc.a(_arm_unordsf2.o)
                0x08005ca8                __unordsf2
                0x08005ca8                __aeabi_fcmpun
 .text          0x08005cd4       0x4c F:/Msys2/mingw64/bin/../lib/gcc/arm-none-eabi/13.3.0/thumb/v7-m/nofp\libgcc.a(_arm_fixsfsi.o)
                0x08005cd4                __aeabi_f2iz
                0x08005cd4                __fixsfsi
 *(.text*)
 .text.__do_global_dtors_aux
                0x08005d20       0x24 F:/Msys2/mingw64/bin/../lib/gcc/arm-none-eabi/13.3.0/thumb/v7-m/nofp/crtbegin.o
 .text.frame_dummy
                0x08005d44       0x1c F:/Msys2/mingw64/bin/../lib/gcc/arm-none-eabi/13.3.0/thumb/v7-m/nofp/crtbegin.o
 .text.Error_Handler
                0x08005d60        0x4 build/main.o
                0x08005d60                Error_Handler
 .text.SystemClock_Config
                0x08005d64       0x60 build/main.o
                0x08005d64                SystemClock_Config
 .text.main     0x08005dc4       0x14 build/main.o
                0x08005dc4                main
 .text.BalanceCar_SetFault
                0x08005dd8       0x10 build/balance_control.o
 .text.BalanceCar_ClearRuntimeFaults
                0x08005de8       0x14 build/balance_control.o
 .text.BalanceCar_ClampPwm
                0x08005dfc       0x34 build/balance_control.o
 .text.BalanceCar_ButtonPinInit
                0x08005e30       0x2c build/balance_control.o
 .text.BalanceCar_RunLedInit
                0x08005e5c       0x38 build/balance_control.o
 .text.BalanceCar_ButtonInit
                0x08005e94       0x78 build/balance_control.o
 .text.BalanceCar_RunLedApply
                0x08005f0c       0x20 build/balance_control.o
 .text.BalanceCar_ButtonTick1ms
                0x08005f2c       0x88 build/balance_control.o
 .text.BalanceCar_ResetPidAndOutputs
                0x08005fb4       0x3c build/balance_control.o
 .text.BalanceCar_Stop
                0x08005ff0       0x1c build/balance_control.o
 .text.BalanceCar_RunAngleLoop
                0x0800600c      0x1a4 build/balance_control.o
 .text.BalanceCar_RunSpeedLoop
                0x080061b0       0xc8 build/balance_control.o
 .text.BalanceCar_Init
                0x08006278       0xa0 build/balance_control.o
                0x08006278                BalanceCar_Init
 .text.BalanceCar_Background
                0x08006318       0xf0 build/balance_control.o
                0x08006318                BalanceCar_Background
 .text.BalanceCar_TimerTick1ms
                0x08006408       0x90 build/balance_control.o
                0x08006408                BalanceCar_TimerTick1ms
 .text.HAL_TIM_Base_MspInit
                0x08006498       0x40 build/balance_control.o
                0x08006498                HAL_TIM_Base_MspInit
 .text.TIM4_IRQHandler
                0x080064d8       0x28 build/balance_control.o
                0x080064d8                TIM4_IRQHandler
 .text.AppSensors_SetFault
                0x08006500       0x10 build/app_sensors.o
                0x08006500                AppSensors_SetFault
 .text.AppSensors_ClearFault
                0x08006510       0x10 build/app_sensors.o
                0x08006510                AppSensors_ClearFault
 .text.AppSensors_ReadFsr
                0x08006520       0x78 build/app_sensors.o
 .text.AppSensors_ServiceDht
                0x08006598       0x98 build/app_sensors.o
 .text.AppSensors_Init
                0x08006630       0x44 build/app_sensors.o
                0x08006630                AppSensors_Init
 .text.AppSensors_Background
                0x08006674       0x44 build/app_sensors.o
                0x08006674                AppSensors_Background
 .text.DisplayUi_UpdateText
                0x080066b8       0xe0 build/display_ui.o
 .text.DisplayUi_Init
                0x08006798       0x70 build/display_ui.o
                0x08006798                DisplayUi_Init
 .text.DisplayUi_Background
                0x08006808       0x6c build/display_ui.o
                0x08006808                DisplayUi_Background
 .text.Dht11_DwtInit
                0x08006874       0x38 build/dht11.o
 .text.Dht11_SetInput
                0x080068ac       0x30 build/dht11.o
 .text.Dht11_SetOutput
                0x080068dc       0x34 build/dht11.o
 .text.Dht11_Micros
                0x08006910       0x20 build/dht11.o
 .text.Dht11_WaitForState
                0x08006930       0x30 build/dht11.o
 .text.Dht11_Init
                0x08006960       0x2c build/dht11.o
                0x08006960                Dht11_Init
 .text.Dht11_StartRead
                0x0800698c       0x1c build/dht11.o
                0x0800698c                Dht11_StartRead
 .text.Dht11_FinishRead
                0x080069a8      0x118 build/dht11.o
                0x080069a8                Dht11_FinishRead
 .text.Encoder_InitTimer
                0x08006ac0       0x6e build/encoder_hal.o
 *fill*         0x08006b2e        0x2 
 .text.Encoder_Init
                0x08006b30       0x3c build/encoder_hal.o
                0x08006b30                Encoder_Init
 .text.Encoder_GetLeftDelta
                0x08006b6c       0x14 build/encoder_hal.o
                0x08006b6c                Encoder_GetLeftDelta
 .text.Encoder_GetRightDelta
                0x08006b80       0x14 build/encoder_hal.o
                0x08006b80                Encoder_GetRightDelta
 .text.HAL_TIM_Encoder_MspInit
                0x08006b94       0x90 build/encoder_hal.o
                0x08006b94                HAL_TIM_Encoder_MspInit
 .text.FsrAdc_Init
                0x08006c24       0x84 build/fsr_adc.o
                0x08006c24                FsrAdc_Init
 .text.FsrAdc_Read
                0x08006ca8       0x74 build/fsr_adc.o
                0x08006ca8                FsrAdc_Read
 .text.HAL_ADC_MspInit
                0x08006d1c       0x4c build/fsr_adc.o
                0x08006d1c                HAL_ADC_MspInit
 .text.BalanceI2C1_Init
                0x08006d68       0x4c build/i2c_bus.o
                0x08006d68                BalanceI2C1_Init
 .text.BalanceI2C1_GetHandle
                0x08006db4        0x8 build/i2c_bus.o
                0x08006db4                BalanceI2C1_GetHandle
 .text.HAL_I2C_MspInit
                0x08006dbc       0xb8 build/i2c_bus.o
                0x08006dbc                HAL_I2C_MspInit
 .text.Motor_Clamp
                0x08006e74       0x16 build/motor_tb6612.o
 *fill*         0x08006e8a        0x2 
 .text.Motor_ToCompare
                0x08006e8c       0x20 build/motor_tb6612.o
 .text.TB6612_SetMotors
                0x08006eac       0xa4 build/motor_tb6612.o
                0x08006eac                TB6612_SetMotors
 .text.TB6612_Stop
                0x08006f50       0x50 build/motor_tb6612.o
                0x08006f50                TB6612_Stop
 .text.TB6612_Init
                0x08006fa0       0xe4 build/motor_tb6612.o
                0x08006fa0                TB6612_Init
 .text.HAL_TIM_PWM_MspInit
                0x08007084       0x64 build/motor_tb6612.o
                0x08007084                HAL_TIM_PWM_MspInit
 .text.Mpu6050_ReadReg
                0x080070e8       0x22 build/mpu6050_hal.o
 .text.Mpu6050_WriteReg
                0x0800710a       0x28 build/mpu6050_hal.o
 *fill*         0x08007132        0x2 
 .text.Mpu6050_Init
                0x08007134       0x80 build/mpu6050_hal.o
                0x08007134                Mpu6050_Init
 .text.Mpu6050_ReadRaw
                0x080071b4       0x7e build/mpu6050_hal.o
                0x080071b4                Mpu6050_ReadRaw
 *fill*         0x08007232        0x2 
 .text.Mpu6050_GetLastId
                0x08007234        0xc build/mpu6050_hal.o
                0x08007234                Mpu6050_GetLastId
 .text.Oled_WriteCommand
                0x08007240       0x30 build/oled_ssd1306.o
 .text.Oled_SetPage
                0x08007270       0x22 build/oled_ssd1306.o
 *fill*         0x08007292        0x2 
 .text.Oled_RefreshNextPage
                0x08007294       0x70 build/oled_ssd1306.o
                0x08007294                Oled_RefreshNextPage
 .text.Oled_GetAddress7Bit
                0x08007304        0xc build/oled_ssd1306.o
                0x08007304                Oled_GetAddress7Bit
 .text.Oled_GetProbeMask
                0x08007310        0xc build/oled_ssd1306.o
                0x08007310                Oled_GetProbeMask
 .text.Oled_GetFailStep
                0x0800731c        0xc build/oled_ssd1306.o
                0x0800731c                Oled_GetFailStep
 .text.Oled_Clear
                0x08007328       0x14 build/oled_ssd1306.o
                0x08007328                Oled_Clear
 .text.Oled_Init
                0x0800733c       0xe0 build/oled_ssd1306.o
                0x0800733c                Oled_Init
 .text.Oled_WriteString
                0x0800741c       0x8c build/oled_ssd1306.o
                0x0800741c                Oled_WriteString
 .text.PID_Init
                0x080074a8       0x12 build/pid.o
                0x080074a8                PID_Init
 .text.PID_Update
                0x080074ba       0xdc build/pid.o
                0x080074ba                PID_Update
 .text.RemoteControl_Clamp
                0x08007596       0x34 build/remote_control.o
 *fill*         0x080075ca        0x2 
 .text.RemoteControl_SetFault
                0x080075cc       0x10 build/remote_control.o
 .text.RemoteControl_UartInit
                0x080075dc       0xb4 build/remote_control.o
 .text.RemoteControl_StartReceive
                0x08007690       0x20 build/remote_control.o
 .text.RemoteControl_MarkInvalid
                0x080076b0       0x30 build/remote_control.o
 .text.RemoteControl_ParseFloat
                0x080076e0       0x3e build/remote_control.o
 *fill*         0x0800771e        0x2 
 .text.RemoteControl_MarkValid
                0x08007720       0x30 build/remote_control.o
 .text.RemoteControl_ProcessLine
                0x08007750      0x14c build/remote_control.o
 .text.RemoteControl_CheckTimeout
                0x0800789c       0x48 build/remote_control.o
 .text.RemoteControl_Init
                0x080078e4       0x34 build/remote_control.o
                0x080078e4                RemoteControl_Init
 .text.RemoteControl_Background
                0x08007918       0x44 build/remote_control.o
                0x08007918                RemoteControl_Background
 .text.RemoteControl_IRQHandler
                0x0800795c       0x10 build/remote_control.o
                0x0800795c                RemoteControl_IRQHandler
 .text.HAL_UART_RxCpltCallback
                0x0800796c       0x90 build/remote_control.o
                0x0800796c                HAL_UART_RxCpltCallback
 .text.HAL_UART_ErrorCallback
                0x080079fc       0x18 build/remote_control.o
                0x080079fc                HAL_UART_ErrorCallback
 .text.NMI_Handler
                0x08007a14        0x2 build/stm32f1xx_it.o
                0x08007a14                NMI_Handler
 .text.HardFault_Handler
                0x08007a16        0x2 build/stm32f1xx_it.o
                0x08007a16                HardFault_Handler
 .text.MemManage_Handler
                0x08007a18        0x2 build/stm32f1xx_it.o
                0x08007a18                MemManage_Handler
 .text.BusFault_Handler
                0x08007a1a        0x2 build/stm32f1xx_it.o
                0x08007a1a                BusFault_Handler
 .text.UsageFault_Handler
                0x08007a1c        0x2 build/stm32f1xx_it.o
                0x08007a1c                UsageFault_Handler
 .text.SVC_Handler
                0x08007a1e        0x2 build/stm32f1xx_it.o
                0x08007a1e                SVC_Handler
 .text.DebugMon_Handler
                0x08007a20        0x2 build/stm32f1xx_it.o
                0x08007a20                DebugMon_Handler
 .text.PendSV_Handler
                0x08007a22        0x2 build/stm32f1xx_it.o
                0x08007a22                PendSV_Handler
 .text.SysTick_Handler
                0x08007a24        0x8 build/stm32f1xx_it.o
                0x08007a24                SysTick_Handler
 .text.USART3_IRQHandler
                0x08007a2c        0x8 build/stm32f1xx_it.o
                0x08007a2c                USART3_IRQHandler
 .text.HAL_MspInit
                0x08007a34       0x44 build/stm32f1xx_hal_msp.o
                0x08007a34                HAL_MspInit
 .text.HAL_InitTick
                0x08007a78       0x4c build/stm32f1xx_hal.o
                0x08007a78                HAL_InitTick
 .text.HAL_Init
                0x08007ac4       0x24 build/stm32f1xx_hal.o
                0x08007ac4                HAL_Init
 .text.HAL_IncTick
                0x08007ae8       0x18 build/stm32f1xx_hal.o
                0x08007ae8                HAL_IncTick
 .text.HAL_GetTick
                0x08007b00        0xc build/stm32f1xx_hal.o
                0x08007b00                HAL_GetTick
 .text.HAL_Delay
                0x08007b0c       0x28 build/stm32f1xx_hal.o
                0x08007b0c                HAL_Delay
 .text.I2C_IsAcknowledgeFailed
                0x08007b34       0x32 build/stm32f1xx_hal_i2c.o
 .text.I2C_WaitOnFlagUntilTimeout
                0x08007b66       0xaa build/stm32f1xx_hal_i2c.o
 .text.I2C_WaitOnMasterAddressFlagUntilTimeout
                0x08007c10       0xd6 build/stm32f1xx_hal_i2c.o
 *fill*         0x08007ce6        0x2 
 .text.I2C_MasterRequestWrite
                0x08007ce8       0xb4 build/stm32f1xx_hal_i2c.o
 .text.I2C_WaitOnTXEFlagUntilTimeout
                0x08007d9c       0x5e build/stm32f1xx_hal_i2c.o
 *fill*         0x08007dfa        0x2 
 .text.I2C_RequestMemoryWrite
                0x08007dfc       0xd8 build/stm32f1xx_hal_i2c.o
 .text.I2C_RequestMemoryRead
                0x08007ed4      0x154 build/stm32f1xx_hal_i2c.o
 .text.I2C_WaitOnBTFFlagUntilTimeout
                0x08008028       0x5e build/stm32f1xx_hal_i2c.o
 .text.I2C_WaitOnRXNEFlagUntilTimeout
                0x08008086       0x78 build/stm32f1xx_hal_i2c.o
 *fill*         0x080080fe        0x2 
 .text.HAL_I2C_Init
                0x08008100      0x1bc build/stm32f1xx_hal_i2c.o
                0x08008100                HAL_I2C_Init
 .text.HAL_I2C_Master_Transmit
                0x080082bc      0x178 build/stm32f1xx_hal_i2c.o
                0x080082bc                HAL_I2C_Master_Transmit
 .text.HAL_I2C_Mem_Write
                0x08008434      0x164 build/stm32f1xx_hal_i2c.o
                0x08008434                HAL_I2C_Mem_Write
 .text.HAL_I2C_Mem_Read
                0x08008598      0x35c build/stm32f1xx_hal_i2c.o
                0x08008598                HAL_I2C_Mem_Read
 .text.HAL_I2C_IsDeviceReady
                0x080088f4      0x194 build/stm32f1xx_hal_i2c.o
                0x080088f4                HAL_I2C_IsDeviceReady
 .text.RCC_Delay
                0x08008a88       0x2c build/stm32f1xx_hal_rcc.o
 .text.HAL_RCC_OscConfig
                0x08008ab4      0x410 build/stm32f1xx_hal_rcc.o
                0x08008ab4                HAL_RCC_OscConfig
 .text.HAL_RCC_GetSysClockFreq
                0x08008ec4       0x54 build/stm32f1xx_hal_rcc.o
                0x08008ec4                HAL_RCC_GetSysClockFreq
 .text.HAL_RCC_ClockConfig
                0x08008f18      0x16c build/stm32f1xx_hal_rcc.o
                0x08008f18                HAL_RCC_ClockConfig
 .text.HAL_RCC_GetHCLKFreq
                0x08009084        0xc build/stm32f1xx_hal_rcc.o
                0x08009084                HAL_RCC_GetHCLKFreq
 .text.HAL_RCC_GetPCLK1Freq
                0x08009090       0x20 build/stm32f1xx_hal_rcc.o
                0x08009090                HAL_RCC_GetPCLK1Freq
 .text.HAL_RCC_GetPCLK2Freq
                0x080090b0       0x20 build/stm32f1xx_hal_rcc.o
                0x080090b0                HAL_RCC_GetPCLK2Freq
 .text.HAL_RCCEx_GetPeriphCLKFreq
                0x080090d0       0xd8 build/stm32f1xx_hal_rcc_ex.o
                0x080090d0                HAL_RCCEx_GetPeriphCLKFreq
 .text.HAL_GPIO_Init
                0x080091a8      0x21c build/stm32f1xx_hal_gpio.o
                0x080091a8                HAL_GPIO_Init
 .text.HAL_GPIO_ReadPin
                0x080093c4        0xe build/stm32f1xx_hal_gpio.o
                0x080093c4                HAL_GPIO_ReadPin
 .text.HAL_GPIO_WritePin
                0x080093d2        0xc build/stm32f1xx_hal_gpio.o
                0x080093d2                HAL_GPIO_WritePin
 *fill*         0x080093de        0x2 
 .text.TIM_OC1_SetConfig
                0x080093e0       0x54 build/stm32f1xx_hal_tim.o
 .text.TIM_OC3_SetConfig
                0x08009434       0x5c build/stm32f1xx_hal_tim.o
 .text.TIM_OC4_SetConfig
                0x08009490       0x48 build/stm32f1xx_hal_tim.o
 .text.HAL_TIM_Base_Start_IT
                0x080094d8       0x68 build/stm32f1xx_hal_tim.o
                0x080094d8                HAL_TIM_Base_Start_IT
 .text.TIM_Base_SetConfig
                0x08009540       0x84 build/stm32f1xx_hal_tim.o
                0x08009540                TIM_Base_SetConfig
 .text.HAL_TIM_Base_Init
                0x080095c4       0x58 build/stm32f1xx_hal_tim.o
                0x080095c4                HAL_TIM_Base_Init
 .text.HAL_TIM_PWM_Init
                0x0800961c       0x58 build/stm32f1xx_hal_tim.o
                0x0800961c                HAL_TIM_PWM_Init
 .text.HAL_TIM_Encoder_Init
                0x08009674       0xb6 build/stm32f1xx_hal_tim.o
                0x08009674                HAL_TIM_Encoder_Init
 *fill*         0x0800972a        0x2 
 .text.TIM_OC2_SetConfig
                0x0800972c       0x5c build/stm32f1xx_hal_tim.o
                0x0800972c                TIM_OC2_SetConfig
 .text.HAL_TIM_PWM_ConfigChannel
                0x08009788       0xdc build/stm32f1xx_hal_tim.o
                0x08009788                HAL_TIM_PWM_ConfigChannel
 .text.TIM_CCxChannelCmd
                0x08009864       0x1e build/stm32f1xx_hal_tim.o
                0x08009864                TIM_CCxChannelCmd
 *fill*         0x08009882        0x2 
 .text.HAL_TIM_PWM_Start
                0x08009884       0xdc build/stm32f1xx_hal_tim.o
                0x08009884                HAL_TIM_PWM_Start
 .text.HAL_TIM_Encoder_Start
                0x08009960       0xcc build/stm32f1xx_hal_tim.o
                0x08009960                HAL_TIM_Encoder_Start
 .text.HAL_TIMEx_MasterConfigSynchronization
                0x08009a2c       0x6c build/stm32f1xx_hal_tim_ex.o
                0x08009a2c                HAL_TIMEx_MasterConfigSynchronization
 .text.UART_EndRxTransfer
                0x08009a98       0x5c build/stm32f1xx_hal_uart.o
 .text.UART_Transmit_IT
                0x08009af4       0x60 build/stm32f1xx_hal_uart.o
 .text.UART_SetConfig
                0x08009b54       0x94 build/stm32f1xx_hal_uart.o
 .text.HAL_UART_MspInit
                0x08009be8        0x2 build/stm32f1xx_hal_uart.o
                0x08009be8                HAL_UART_MspInit
 .text.HAL_UART_Init
                0x08009bea       0x60 build/stm32f1xx_hal_uart.o
                0x08009bea                HAL_UART_Init
 .text.HAL_UART_TxCpltCallback
                0x08009c4a        0x2 build/stm32f1xx_hal_uart.o
                0x08009c4a                HAL_UART_TxCpltCallback
 .text.UART_EndTransmit_IT
                0x08009c4c       0x1a build/stm32f1xx_hal_uart.o
 .text.UART_DMAAbortOnError
                0x08009c66       0x10 build/stm32f1xx_hal_uart.o
 .text.HAL_UARTEx_RxEventCallback
                0x08009c76        0x2 build/stm32f1xx_hal_uart.o
                0x08009c76                HAL_UARTEx_RxEventCallback
 .text.UART_Receive_IT
                0x08009c78       0xe6 build/stm32f1xx_hal_uart.o
 *fill*         0x08009d5e        0x2 
 .text.HAL_UART_IRQHandler
                0x08009d60      0x284 build/stm32f1xx_hal_uart.o
                0x08009d60                HAL_UART_IRQHandler
 .text.UART_Start_Receive_IT
                0x08009fe4       0x36 build/stm32f1xx_hal_uart.o
                0x08009fe4                UART_Start_Receive_IT
 .text.HAL_UART_Receive_IT
                0x0800a01a       0x26 build/stm32f1xx_hal_uart.o
                0x0800a01a                HAL_UART_Receive_IT
 .text.HAL_DMA_Abort
                0x0800a040       0x46 build/stm32f1xx_hal_dma.o
                0x0800a040                HAL_DMA_Abort
 *fill*         0x0800a086        0x2 
 .text.HAL_DMA_Abort_IT
                0x0800a088       0x98 build/stm32f1xx_hal_dma.o
                0x0800a088                HAL_DMA_Abort_IT
 .text.__NVIC_SetPriority
                0x0800a120       0x28 build/stm32f1xx_hal_cortex.o
 .text.NVIC_EncodePriority
                0x0800a148       0x3e build/stm32f1xx_hal_cortex.o
 *fill*         0x0800a186        0x2 
 .text.HAL_NVIC_SetPriorityGrouping
                0x0800a188       0x24 build/stm32f1xx_hal_cortex.o
                0x0800a188                HAL_NVIC_SetPriorityGrouping
 .text.HAL_NVIC_SetPriority
                0x0800a1ac       0x20 build/stm32f1xx_hal_cortex.o
                0x0800a1ac                HAL_NVIC_SetPriority
 .text.HAL_NVIC_EnableIRQ
                0x0800a1cc       0x1c build/stm32f1xx_hal_cortex.o
                0x0800a1cc                HAL_NVIC_EnableIRQ
 .text.HAL_SYSTICK_Config
                0x0800a1e8       0x28 build/stm32f1xx_hal_cortex.o
                0x0800a1e8                HAL_SYSTICK_Config
 .text.HAL_ADC_PollForConversion
                0x0800a210      0x184 build/stm32f1xx_hal_adc.o
                0x0800a210                HAL_ADC_PollForConversion
 .text.HAL_ADC_GetValue
                0x0800a394        0x6 build/stm32f1xx_hal_adc.o
                0x0800a394                HAL_ADC_GetValue
 *fill*         0x0800a39a        0x2 
 .text.HAL_ADC_ConfigChannel
                0x0800a39c      0x140 build/stm32f1xx_hal_adc.o
                0x0800a39c                HAL_ADC_ConfigChannel
 .text.ADC_Enable
                0x0800a4dc       0x88 build/stm32f1xx_hal_adc.o
                0x0800a4dc                ADC_Enable
 .text.HAL_ADC_Start
                0x0800a564       0xe8 build/stm32f1xx_hal_adc.o
                0x0800a564                HAL_ADC_Start
 .text.ADC_ConversionStop_Disable
                0x0800a64c       0x56 build/stm32f1xx_hal_adc.o
                0x0800a64c                ADC_ConversionStop_Disable
 *fill*         0x0800a6a2        0x2 
 .text.HAL_ADC_Init
                0x0800a6a4      0x108 build/stm32f1xx_hal_adc.o
                0x0800a6a4                HAL_ADC_Init
 .text.HAL_ADC_Stop
                0x0800a7ac       0x34 build/stm32f1xx_hal_adc.o
                0x0800a7ac                HAL_ADC_Stop
 .text.HAL_ADCEx_Calibration_Start
                0x0800a7e0      0x100 build/stm32f1xx_hal_adc_ex.o
                0x0800a7e0                HAL_ADCEx_Calibration_Start
 .text.SystemInit
                0x0800a8e0        0x2 build/system_stm32f1xx.o
                0x0800a8e0                SystemInit
 *fill*         0x0800a8e2        0x2 
 .text._sbrk    0x0800a8e4       0x48 build/sysmem.o
                0x0800a8e4                _sbrk
 .text._getpid  0x0800a92c        0x4 build/syscalls.o
                0x0800a92c                _getpid
 .text._kill    0x0800a930       0x10 build/syscalls.o
                0x0800a930                _kill
 .text._exit    0x0800a940        0xc build/syscalls.o
                0x0800a940                _exit
 .text._read    0x0800a94c       0x20 build/syscalls.o
                0x0800a94c                _read
 .text._write   0x0800a96c       0x1c build/syscalls.o
                0x0800a96c                _write
 .text._close   0x0800a988        0x6 build/syscalls.o
                0x0800a988                _close
 .text._fstat   0x0800a98e        0xa build/syscalls.o
                0x0800a98e                _fstat
 .text._isatty  0x0800a998        0x4 build/syscalls.o
                0x0800a998                _isatty
 .text._lseek   0x0800a99c        0x4 build/syscalls.o
                0x0800a99c                _lseek
 .text.Reset_Handler
                0x0800a9a0       0x48 build/startup_stm32f103xb.o
                0x0800a9a0                Reset_Handler
 .text.Default_Handler
                0x0800a9e8        0x2 build/startup_stm32f103xb.o
                0x0800a9e8                RTC_Alarm_IRQHandler
                0x0800a9e8                EXTI2_IRQHandler
                0x0800a9e8                TIM1_CC_IRQHandler
                0x0800a9e8                PVD_IRQHandler
                0x0800a9e8                EXTI3_IRQHandler
                0x0800a9e8                EXTI0_IRQHandler
                0x0800a9e8                I2C2_EV_IRQHandler
                0x0800a9e8                ADC1_2_IRQHandler
                0x0800a9e8                SPI1_IRQHandler
                0x0800a9e8                TAMPER_IRQHandler
                0x0800a9e8                DMA1_Channel4_IRQHandler
                0x0800a9e8                RTC_IRQHandler
                0x0800a9e8                DMA1_Channel7_IRQHandler
                0x0800a9e8                CAN1_RX1_IRQHandler
                0x0800a9e8                I2C1_EV_IRQHandler
                0x0800a9e8                DMA1_Channel6_IRQHandler
                0x0800a9e8                TIM3_IRQHandler
                0x0800a9e8                RCC_IRQHandler
                0x0800a9e8                TIM1_TRG_COM_IRQHandler
                0x0800a9e8                DMA1_Channel1_IRQHandler
                0x0800a9e8                Default_Handler
                0x0800a9e8                EXTI15_10_IRQHandler
                0x0800a9e8                EXTI9_5_IRQHandler
                0x0800a9e8                SPI2_IRQHandler
                0x0800a9e8                DMA1_Channel5_IRQHandler
                0x0800a9e8                EXTI4_IRQHandler
                0x0800a9e8                USB_LP_CAN1_RX0_IRQHandler
                0x0800a9e8                USB_HP_CAN1_TX_IRQHandler
                0x0800a9e8                DMA1_Channel3_IRQHandler
                0x0800a9e8                TIM1_UP_IRQHandler
                0x0800a9e8                WWDG_IRQHandler
                0x0800a9e8                TIM2_IRQHandler
                0x0800a9e8                TIM1_BRK_IRQHandler
                0x0800a9e8                EXTI1_IRQHandler
                0x0800a9e8                USART2_IRQHandler
                0x0800a9e8                I2C2_ER_IRQHandler
                0x0800a9e8                DMA1_Channel2_IRQHandler
                0x0800a9e8                CAN1_SCE_IRQHandler
                0x0800a9e8                FLASH_IRQHandler
                0x0800a9e8                USART1_IRQHandler
                0x0800a9e8                I2C1_ER_IRQHandler
                0x0800a9e8                USBWakeUp_IRQHandler
 .text.__fixdfdi
                0x0800a9ea       0x2e F:/Msys2/mingw64/bin/../lib/gcc/arm-none-eabi/13.3.0/thumb/v7-m/nofp\libgcc.a(_fixdfdi.o)
                0x0800a9ea                __fixdfdi
                0x0800a9ea                __aeabi_d2lz
 .text.__fixunsdfdi
                0x0800aa18       0x3c F:/Msys2/mingw64/bin/../lib/gcc/arm-none-eabi/13.3.0/thumb/v7-m/nofp\libgcc.a(_fixunsdfdi.o)
                0x0800aa18                __fixunsdfdi
                0x0800aa18                __aeabi_d2ulz
 *(.glue_7)
 .glue_7        0x0800aa54        0x0 linker stubs
 *(.glue_7t)
 .glue_7t       0x0800aa54        0x0 linker stubs
 *(.eh_frame)
 .eh_frame      0x0800aa54        0x0 F:/Msys2/mingw64/bin/../lib/gcc/arm-none-eabi/13.3.0/thumb/v7-m/nofp/crtbegin.o
 *(.init)
 .init          0x0800aa54        0x4 F:/Msys2/mingw64/bin/../lib/gcc/arm-none-eabi/13.3.0/thumb/v7-m/nofp/crti.o
                0x0800aa54                _init
 .init          0x0800aa58        0x8 F:/Msys2/mingw64/bin/../lib/gcc/arm-none-eabi/13.3.0/thumb/v7-m/nofp/crtn.o
 *(.fini)
 .fini          0x0800aa60        0x4 F:/Msys2/mingw64/bin/../lib/gcc/arm-none-eabi/13.3.0/thumb/v7-m/nofp/crti.o
                0x0800aa60                _fini
 .fini          0x0800aa64        0x8 F:/Msys2/mingw64/bin/../lib/gcc/arm-none-eabi/13.3.0/thumb/v7-m/nofp/crtn.o
                0x0800aa6c                        . = ALIGN (0x4)
                0x0800aa6c                        _etext = .

.vfp11_veneer   0x0800aa6c        0x0
 .vfp11_veneer  0x0800aa6c        0x0 linker stubs

.v4_bx          0x0800aa6c        0x0
 .v4_bx         0x0800aa6c        0x0 linker stubs

.iplt           0x0800aa6c        0x0
 .iplt          0x0800aa6c        0x0 F:/Msys2/mingw64/bin/../lib/gcc/arm-none-eabi/13.3.0/thumb/v7-m/nofp/crtbegin.o

.rodata         0x0800aa70      0x794
                0x0800aa70                        . = ALIGN (0x4)
 *(.rodata)
 .rodata        0x0800aa70       0x50 F:/Msys2/mingw64/bin/../lib/gcc/arm-none-eabi/13.3.0/../../../../arm-none-eabi/lib/thumb/v7-m/nofp\libc_nano.a(libc_a-strtod.o)
 .rodata        0x0800aac0      0x100 F:/Msys2/mingw64/bin/../lib/gcc/arm-none-eabi/13.3.0/../../../../arm-none-eabi/lib/thumb/v7-m/nofp\libc_nano.a(libc_a-gdtoa-gethex.o)
                0x0800aac0                __hexdig
 .rodata        0x0800abc0      0x128 F:/Msys2/mingw64/bin/../lib/gcc/arm-none-eabi/13.3.0/../../../../arm-none-eabi/lib/thumb/v7-m/nofp\libc_nano.a(libc_a-mprec.o)
                0x0800abd0                __mprec_tens
                0x0800ac98                __mprec_tinytens
                0x0800acc0                __mprec_bigtens
 .rodata        0x0800ace8      0x101 F:/Msys2/mingw64/bin/../lib/gcc/arm-none-eabi/13.3.0/../../../../arm-none-eabi/lib/thumb/v7-m/nofp\libc_nano.a(libc_a-ctype_.o)
                0x0800ace8                _ctype_
 *fill*         0x0800ade9        0x3 
 .rodata        0x0800adec       0x18 F:/Msys2/mingw64/bin/../lib/gcc/arm-none-eabi/13.3.0/../../../../arm-none-eabi/lib/thumb/v7-m/nofp\libm.a(libm_a-ef_atan2.o)
 .rodata        0x0800ae04       0x20 F:/Msys2/mingw64/bin/../lib/gcc/arm-none-eabi/13.3.0/../../../../arm-none-eabi/lib/thumb/v7-m/nofp\libm.a(libm_a-sf_atan.o)
 *(.rodata*)
 .rodata.DisplayUi_UpdateText.str1.4
                0x0800ae24      0x1a7 build/display_ui.o
                                 0x34 (size before relaxing)
 *fill*         0x0800afcb        0x1 
 .rodata.init_cmds.0
                0x0800afcc       0x1c build/oled_ssd1306.o
 .rodata.s_font5x7
                0x0800afe8      0x1db build/oled_ssd1306.o
 .rodata.RemoteControl_ProcessLine.str1.4
                0x0800b1c3        0x0 build/remote_control.o
                                 0x2e (size before relaxing)
 *fill*         0x0800b1c3        0x1 
 .rodata.aPredivFactorTable.0
                0x0800b1c4        0x2 build/stm32f1xx_hal_rcc.o
 *fill*         0x0800b1c6        0x2 
 .rodata.aPLLMULFactorTable.1
                0x0800b1c8       0x10 build/stm32f1xx_hal_rcc.o
 .rodata.aPredivFactorTable.0
                0x0800b1d8        0x2 build/stm32f1xx_hal_rcc_ex.o
 *fill*         0x0800b1da        0x2 
 .rodata.aPLLMULFactorTable.1
                0x0800b1dc       0x10 build/stm32f1xx_hal_rcc_ex.o
 .rodata.APBPrescTable
                0x0800b1ec        0x8 build/system_stm32f1xx.o
                0x0800b1ec                APBPrescTable
 .rodata.AHBPrescTable
                0x0800b1f4       0x10 build/system_stm32f1xx.o
                0x0800b1f4                AHBPrescTable
 .rodata.str1.4
                0x0800b204        0x0 F:/Msys2/mingw64/bin/../lib/gcc/arm-none-eabi/13.3.0/../../../../arm-none-eabi/lib/thumb/v7-m/nofp\libc_nano.a(libc_a-strtod.o)
                                 0x15 (size before relaxing)
 .rodata.str1.4
                0x0800b204        0x0 F:/Msys2/mingw64/bin/../lib/gcc/arm-none-eabi/13.3.0/../../../../arm-none-eabi/lib/thumb/v7-m/nofp\libc_nano.a(libc_a-locale.o)
                                 0x12 (size before relaxing)
 .rodata.str1.4
                0x0800b204        0x0 F:/Msys2/mingw64/bin/../lib/gcc/arm-none-eabi/13.3.0/../../../../arm-none-eabi/lib/thumb/v7-m/nofp\libc_nano.a(libc_a-gdtoa-gethex.o)
                                 0x5b (size before relaxing)
 .rodata.str1.4
                0x0800b204        0x0 F:/Msys2/mingw64/bin/../lib/gcc/arm-none-eabi/13.3.0/../../../../arm-none-eabi/lib/thumb/v7-m/nofp\libc_nano.a(libc_a-mprec.o)
                                 0x65 (size before relaxing)
 .rodata.str1.4
                0x0800b204        0x0 F:/Msys2/mingw64/bin/../lib/gcc/arm-none-eabi/13.3.0/../../../../arm-none-eabi/lib/thumb/v7-m/nofp\libc_nano.a(libc_a-nano-svfprintf.o)
                                 0x13 (size before relaxing)
 .rodata.str1.4
                0x0800b204        0x0 F:/Msys2/mingw64/bin/../lib/gcc/arm-none-eabi/13.3.0/../../../../arm-none-eabi/lib/thumb/v7-m/nofp\libc_nano.a(libc_a-nano-vfprintf_i.o)
                                 0x25 (size before relaxing)
 .rodata.str1.4
                0x0800b204        0x0 F:/Msys2/mingw64/bin/../lib/gcc/arm-none-eabi/13.3.0/../../../../arm-none-eabi/lib/thumb/v7-m/nofp\libc_nano.a(libc_a-assert.o)
                                 0x43 (size before relaxing)
 .rodata.str1.4
                0x0800b204        0x0 F:/Msys2/mingw64/bin/../lib/gcc/arm-none-eabi/13.3.0/../../../../arm-none-eabi/lib/thumb/v7-m/nofp\libc_nano.a(libc_a-nano-vfprintf.o)
                                 0x13 (size before relaxing)
                0x0800b204                        . = ALIGN (0x4)

.ARM.extab      0x0800b204        0x0
                0x0800b204                        . = ALIGN (0x4)
 *(.ARM.extab* .gnu.linkonce.armextab.*)
                0x0800b204                        . = ALIGN (0x4)

.ARM            0x0800b204        0x8
                0x0800b204                        . = ALIGN (0x4)
                0x0800b204                        __exidx_start = .
 *(.ARM.exidx*)
 .ARM.exidx     0x0800b204        0x8 F:/Msys2/mingw64/bin/../lib/gcc/arm-none-eabi/13.3.0/../../../../arm-none-eabi/lib/thumb/v7-m/nofp\libc_nano.a(libc_a-strcmp.o)
 .ARM.exidx     0x0800b20c        0x0 F:/Msys2/mingw64/bin/../lib/gcc/arm-none-eabi/13.3.0/../../../../arm-none-eabi/lib/thumb/v7-m/nofp\libc_nano.a(libc_a-memcpy.o)
                                  0x8 (size before relaxing)
                0x0800b20c                        __exidx_end = .
                0x0800b20c                        . = ALIGN (0x4)

.preinit_array  0x0800b20c        0x0
                0x0800b20c                        . = ALIGN (0x4)
                0x0800b20c                        PROVIDE (__preinit_array_start = .)
 *(.preinit_array*)
                0x0800b20c                        PROVIDE (__preinit_array_end = .)
                0x0800b20c                        . = ALIGN (0x4)

.init_array     0x0800b20c        0x4
                0x0800b20c                        . = ALIGN (0x4)
                0x0800b20c                        PROVIDE (__init_array_start = .)
 *(SORT_BY_NAME(.init_array.*))
 *(.init_array*)
 .init_array    0x0800b20c        0x4 F:/Msys2/mingw64/bin/../lib/gcc/arm-none-eabi/13.3.0/thumb/v7-m/nofp/crtbegin.o
                0x0800b210                        PROVIDE (__init_array_end = .)
                0x0800b210                        . = ALIGN (0x4)

.fini_array     0x0800b210        0x4
                0x0800b210                        . = ALIGN (0x4)
                0x0800b210                        PROVIDE (__fini_array_start = .)
 *(SORT_BY_NAME(.fini_array.*))
 *(.fini_array*)
 .fini_array    0x0800b210        0x4 F:/Msys2/mingw64/bin/../lib/gcc/arm-none-eabi/13.3.0/thumb/v7-m/nofp/crtbegin.o
                0x0800b214                        PROVIDE (__fini_array_end = .)
                0x0800b214                        . = ALIGN (0x4)
                0x0800b214                        _sidata = LOADADDR (.data)

.rel.dyn        0x0800b214        0x0
 .rel.iplt      0x0800b214        0x0 F:/Msys2/mingw64/bin/../lib/gcc/arm-none-eabi/13.3.0/thumb/v7-m/nofp/crtbegin.o

.data           0x20000000      0x2d4 load address 0x0800b214
                0x20000000                        . = ALIGN (0x4)
                0x20000000                        _sdata = .
 *(.data)
 .data          0x20000000        0xc F:/Msys2/mingw64/bin/../lib/gcc/arm-none-eabi/13.3.0/../../../../arm-none-eabi/lib/thumb/v7-m/nofp\libc_nano.a(libc_a-findfp.o)
                0x20000000                __sglue
 .data          0x2000000c      0x16c F:/Msys2/mingw64/bin/../lib/gcc/arm-none-eabi/13.3.0/../../../../arm-none-eabi/lib/thumb/v7-m/nofp\libc_nano.a(libc_a-locale.o)
                0x2000000c                __global_locale
 .data          0x20000178       0x50 F:/Msys2/mingw64/bin/../lib/gcc/arm-none-eabi/13.3.0/../../../../arm-none-eabi/lib/thumb/v7-m/nofp\libc_nano.a(libc_a-impure.o)
                0x20000178                _impure_ptr
                0x2000017c                _impure_data
 *(.data*)
 .data.g_turn_pid
                0x200001c8       0x3c build/balance_control.o
                0x200001c8                g_turn_pid
 .data.g_speed_pid
                0x20000204       0x3c build/balance_control.o
                0x20000204                g_speed_pid
 .data.g_angle_pid
                0x20000240       0x3c build/balance_control.o
                0x20000240                g_angle_pid
 .data.g_balance_debug
                0x2000027c       0x18 build/balance_control.o
                0x2000027c                g_balance_debug
 .data.g_sensor_state
                0x20000294       0x24 build/app_sensors.o
                0x20000294                g_sensor_state
 .data.g_remote_debug
                0x200002b8       0x10 build/remote_control.o
                0x200002b8                g_remote_debug
 .data.uwTickFreq
                0x200002c8        0x1 build/stm32f1xx_hal.o
                0x200002c8                uwTickFreq
 *fill*         0x200002c9        0x3 
 .data.uwTickPrio
                0x200002cc        0x4 build/stm32f1xx_hal.o
                0x200002cc                uwTickPrio
 .data.SystemCoreClock
                0x200002d0        0x4 build/system_stm32f1xx.o
                0x200002d0                SystemCoreClock
 *(.RamFunc)
 *(.RamFunc*)
                0x200002d4                        . = ALIGN (0x4)
                0x200002d4                        _edata = .

.igot.plt       0x200002d4        0x0 load address 0x0800b4e8
 .igot.plt      0x200002d4        0x0 F:/Msys2/mingw64/bin/../lib/gcc/arm-none-eabi/13.3.0/thumb/v7-m/nofp/crtbegin.o
                0x200002d4                        . = ALIGN (0x4)

.bss            0x200002d4      0x880 load address 0x0800b4e8
                0x200002d4                        _sbss = .
                0x200002d4                        __bss_start__ = _sbss
 *(.bss)
 .bss           0x200002d4      0x13c F:/Msys2/mingw64/bin/../lib/gcc/arm-none-eabi/13.3.0/../../../../arm-none-eabi/lib/thumb/v7-m/nofp\libc_nano.a(libc_a-findfp.o)
                0x200002d4                __sf
                0x2000040c                __stdio_exit_handler
 .bss           0x20000410        0x4 F:/Msys2/mingw64/bin/../lib/gcc/arm-none-eabi/13.3.0/../../../../arm-none-eabi/lib/thumb/v7-m/nofp\libc_nano.a(libc_a-reent.o)
                0x20000410                errno
 .bss           0x20000414       0x1d F:/Msys2/mingw64/bin/../lib/gcc/arm-none-eabi/13.3.0/../../../../arm-none-eabi/lib/thumb/v7-m/nofp\libc_nano.a(libc_a-lock.o)
                0x20000414                __lock___arc4random_mutex
                0x20000418                __lock___dd_hash_mutex
                0x2000041c                __lock___tz_mutex
                0x20000420                __lock___env_recursive_mutex
                0x20000424                __lock___malloc_recursive_mutex
                0x20000428                __lock___at_quick_exit_mutex
                0x2000042c                __lock___atexit_recursive_mutex
                0x20000430                __lock___sfp_recursive_mutex
 *fill*         0x20000431        0x3 
 .bss           0x20000434        0x8 F:/Msys2/mingw64/bin/../lib/gcc/arm-none-eabi/13.3.0/../../../../arm-none-eabi/lib/thumb/v7-m/nofp\libc_nano.a(libc_a-mallocr.o)
                0x20000434                __malloc_sbrk_start
                0x20000438                __malloc_free_list
 *(.bss*)
 .bss.completed.1
                0x2000043c        0x1 F:/Msys2/mingw64/bin/../lib/gcc/arm-none-eabi/13.3.0/thumb/v7-m/nofp/crtbegin.o
 *fill*         0x2000043d        0x3 
 .bss.object.0  0x20000440       0x18 F:/Msys2/mingw64/bin/../lib/gcc/arm-none-eabi/13.3.0/thumb/v7-m/nofp/crtbegin.o
 .bss.count_speed.0
                0x20000458        0x1 build/balance_control.o
 .bss.count_angle.1
                0x20000459        0x1 build/balance_control.o
 *fill*         0x2000045a        0x2 
 .bss.s_dif_pwm
                0x2000045c        0x4 build/balance_control.o
 .bss.s_angle   0x20000460        0x4 build/balance_control.o
 .bss.s_button_debounce_count
                0x20000464        0x1 build/balance_control.o
 .bss.s_button_stable
                0x20000465        0x1 build/balance_control.o
 .bss.s_button_sample
                0x20000466        0x1 build/balance_control.o
 .bss.s_last_run_enable
                0x20000467        0x1 build/balance_control.o
 .bss.s_button_toggle_pending
                0x20000468        0x1 build/balance_control.o
 .bss.s_speed_tick_pending
                0x20000469        0x1 build/balance_control.o
 .bss.s_angle_tick_pending
                0x2000046a        0x1 build/balance_control.o
 *fill*         0x2000046b        0x1 
 .bss.s_htim4   0x2000046c       0x48 build/balance_control.o
 .bss.g_balance_state
                0x200004b4       0x40 build/balance_control.o
                0x200004b4                g_balance_state
 .bss.s_fsr_zero_captured
                0x200004f4        0x1 build/app_sensors.o
 .bss.s_dht_waiting
                0x200004f5        0x1 build/app_sensors.o
 *fill*         0x200004f6        0x2 
 .bss.s_dht_start_ms
                0x200004f8        0x4 build/app_sensors.o
 .bss.s_next_dht_ms
                0x200004fc        0x4 build/app_sensors.o
 .bss.s_next_fsr_ms
                0x20000500        0x4 build/app_sensors.o
 .bss.s_next_page_ms
                0x20000504        0x4 build/display_ui.o
 .bss.s_next_text_ms
                0x20000508        0x4 build/display_ui.o
 .bss.s_dwt_ready
                0x2000050c        0x1 build/dht11.o
 *fill*         0x2000050d        0x3 
 .bss.s_htim2   0x20000510       0x48 build/encoder_hal.o
 .bss.s_htim1   0x20000558       0x48 build/encoder_hal.o
 .bss.s_hadc1   0x200005a0       0x30 build/fsr_adc.o
 .bss.s_i2c1_initialized
                0x200005d0        0x1 build/i2c_bus.o
 *fill*         0x200005d1        0x3 
 .bss.s_hi2c1   0x200005d4       0x54 build/i2c_bus.o
 .bss.s_htim3   0x20000628       0x48 build/motor_tb6612.o
 .bss.s_last_id
                0x20000670        0x1 build/mpu6050_hal.o
 .bss.s_fail_step
                0x20000671        0x1 build/oled_ssd1306.o
 .bss.s_probe_mask
                0x20000672        0x1 build/oled_ssd1306.o
 .bss.s_oled_addr_7bit
                0x20000673        0x1 build/oled_ssd1306.o
 .bss.s_next_page
                0x20000674        0x1 build/oled_ssd1306.o
 *fill*         0x20000675        0x3 
 .bss.s_buffer  0x20000678      0x400 build/oled_ssd1306.o
 .bss.s_parse_line
                0x20000a78       0x20 build/remote_control.o
 .bss.s_line_ready
                0x20000a98        0x1 build/remote_control.o
 .bss.s_rx_index
                0x20000a99        0x1 build/remote_control.o
 *fill*         0x20000a9a        0x2 
 .bss.s_rx_line
                0x20000a9c       0x20 build/remote_control.o
 .bss.s_rx_byte
                0x20000abc        0x1 build/remote_control.o
 *fill*         0x20000abd        0x3 
 .bss.s_huart3  0x20000ac0       0x48 build/remote_control.o
 .bss.g_remote_state
                0x20000b08       0x44 build/remote_control.o
                0x20000b08                g_remote_state
 .bss.uwTick    0x20000b4c        0x4 build/stm32f1xx_hal.o
                0x20000b4c                uwTick
 .bss.__sbrk_heap_end
                0x20000b50        0x4 build/sysmem.o
 *(COMMON)
                0x20000b54                        . = ALIGN (0x4)
                0x20000b54                        _ebss = .
                0x20000b54                        __bss_end__ = _ebss

._user_heap_stack
                0x20000b54      0x604 load address 0x0800b4e8
                0x20000b58                        . = ALIGN (0x8)
 *fill*         0x20000b54        0x4 
                [!provide]                        PROVIDE (end = .)
                0x20000b58                        PROVIDE (_end = .)
                0x20000d58                        . = (. + _Min_Heap_Size)
 *fill*         0x20000b58      0x200 
                0x20001158                        . = (. + _Min_Stack_Size)
 *fill*         0x20000d58      0x400 
                0x20001158                        . = ALIGN (0x8)

/DISCARD/
 libc.a(*)
 libm.a(*)
 libgcc.a(*)
OUTPUT(build/balance_car.elf elf32-littlearm)
LOAD linker stubs
LOAD F:/Msys2/mingw64/bin/../lib/gcc/arm-none-eabi/13.3.0/../../../../arm-none-eabi/lib/thumb/v7-m/nofp\libc.a
LOAD F:/Msys2/mingw64/bin/../lib/gcc/arm-none-eabi/13.3.0/../../../../arm-none-eabi/lib/thumb/v7-m/nofp\libm.a
LOAD F:/Msys2/mingw64/bin/../lib/gcc/arm-none-eabi/13.3.0/thumb/v7-m/nofp\libgcc.a

.ARM.attributes
                0x00000000       0x29
 .ARM.attributes
                0x00000000       0x1d F:/Msys2/mingw64/bin/../lib/gcc/arm-none-eabi/13.3.0/thumb/v7-m/nofp/crti.o
 .ARM.attributes
                0x0000001d       0x2d F:/Msys2/mingw64/bin/../lib/gcc/arm-none-eabi/13.3.0/thumb/v7-m/nofp/crtbegin.o
 .ARM.attributes
                0x0000004a       0x2d build/main.o
 .ARM.attributes
                0x00000077       0x2d build/balance_control.o
 .ARM.attributes
                0x000000a4       0x2d build/app_sensors.o
 .ARM.attributes
                0x000000d1       0x2d build/display_ui.o
 .ARM.attributes
                0x000000fe       0x2d build/dht11.o
 .ARM.attributes
                0x0000012b       0x2d build/encoder_hal.o
 .ARM.attributes
                0x00000158       0x2d build/fsr_adc.o
 .ARM.attributes
                0x00000185       0x2d build/i2c_bus.o
 .ARM.attributes
                0x000001b2       0x2d build/motor_tb6612.o
 .ARM.attributes
                0x000001df       0x2d build/mpu6050_hal.o
 .ARM.attributes
                0x0000020c       0x2d build/oled_ssd1306.o
 .ARM.attributes
                0x00000239       0x2d build/pid.o
 .ARM.attributes
                0x00000266       0x2d build/remote_control.o
 .ARM.attributes
                0x00000293       0x2d build/stm32f1xx_it.o
 .ARM.attributes
                0x000002c0       0x2d build/stm32f1xx_hal_msp.o
 .ARM.attributes
                0x000002ed       0x2d build/stm32f1xx_hal.o
 .ARM.attributes
                0x0000031a       0x2d build/stm32f1xx_hal_i2c.o
 .ARM.attributes
                0x00000347       0x2d build/stm32f1xx_hal_rcc.o
 .ARM.attributes
                0x00000374       0x2d build/stm32f1xx_hal_rcc_ex.o
 .ARM.attributes
                0x000003a1       0x2d build/stm32f1xx_hal_gpio.o
 .ARM.attributes
                0x000003ce       0x2d build/stm32f1xx_hal_tim.o
 .ARM.attributes
                0x000003fb       0x2d build/stm32f1xx_hal_tim_ex.o
 .ARM.attributes
                0x00000428       0x2d build/stm32f1xx_hal_uart.o
 .ARM.attributes
                0x00000455       0x2d build/stm32f1xx_hal_dma.o
 .ARM.attributes
                0x00000482       0x2d build/stm32f1xx_hal_cortex.o
 .ARM.attributes
                0x000004af       0x2d build/stm32f1xx_hal_adc.o
 .ARM.attributes
                0x000004dc       0x2d build/stm32f1xx_hal_adc_ex.o
 .ARM.attributes
                0x00000509       0x2d build/system_stm32f1xx.o
 .ARM.attributes
                0x00000536       0x2d build/sysmem.o
 .ARM.attributes
                0x00000563       0x2d build/syscalls.o
 .ARM.attributes
                0x00000590       0x21 build/startup_stm32f103xb.o
 .ARM.attributes
                0x000005b1       0x2d F:/Msys2/mingw64/bin/../lib/gcc/arm-none-eabi/13.3.0/../../../../arm-none-eabi/lib/thumb/v7-m/nofp\libc_nano.a(libc_a-strtod.o)
 .ARM.attributes
                0x000005de       0x2d F:/Msys2/mingw64/bin/../lib/gcc/arm-none-eabi/13.3.0/../../../../arm-none-eabi/lib/thumb/v7-m/nofp\libc_nano.a(libc_a-findfp.o)
 .ARM.attributes
                0x0000060b       0x2d F:/Msys2/mingw64/bin/../lib/gcc/arm-none-eabi/13.3.0/../../../../arm-none-eabi/lib/thumb/v7-m/nofp\libc_nano.a(libc_a-fwalk.o)
 .ARM.attributes
                0x00000638       0x2d F:/Msys2/mingw64/bin/../lib/gcc/arm-none-eabi/13.3.0/../../../../arm-none-eabi/lib/thumb/v7-m/nofp\libc_nano.a(libc_a-snprintf.o)
 .ARM.attributes
                0x00000665       0x2d F:/Msys2/mingw64/bin/../lib/gcc/arm-none-eabi/13.3.0/../../../../arm-none-eabi/lib/thumb/v7-m/nofp\libc_nano.a(libc_a-stdio.o)
 .ARM.attributes
                0x00000692       0x2d F:/Msys2/mingw64/bin/../lib/gcc/arm-none-eabi/13.3.0/../../../../arm-none-eabi/lib/thumb/v7-m/nofp\libc_nano.a(libc_a-memset.o)
 .ARM.attributes
                0x000006bf       0x2d F:/Msys2/mingw64/bin/../lib/gcc/arm-none-eabi/13.3.0/../../../../arm-none-eabi/lib/thumb/v7-m/nofp\libc_nano.a(libc_a-strncmp.o)
 .ARM.attributes
                0x000006ec       0x2d F:/Msys2/mingw64/bin/../lib/gcc/arm-none-eabi/13.3.0/../../../../arm-none-eabi/lib/thumb/v7-m/nofp\libc_nano.a(libc_a-strncpy.o)
 .ARM.attributes
                0x00000719       0x2d F:/Msys2/mingw64/bin/../lib/gcc/arm-none-eabi/13.3.0/../../../../arm-none-eabi/lib/thumb/v7-m/nofp\libc_nano.a(libc_a-locale.o)
 .ARM.attributes
                0x00000746       0x2d F:/Msys2/mingw64/bin/../lib/gcc/arm-none-eabi/13.3.0/../../../../arm-none-eabi/lib/thumb/v7-m/nofp\libc_nano.a(libc_a-closer.o)
 .ARM.attributes
                0x00000773       0x2d F:/Msys2/mingw64/bin/../lib/gcc/arm-none-eabi/13.3.0/../../../../arm-none-eabi/lib/thumb/v7-m/nofp\libc_nano.a(libc_a-reent.o)
 .ARM.attributes
                0x000007a0       0x2d F:/Msys2/mingw64/bin/../lib/gcc/arm-none-eabi/13.3.0/../../../../arm-none-eabi/lib/thumb/v7-m/nofp\libc_nano.a(libc_a-impure.o)
 .ARM.attributes
                0x000007cd       0x2d F:/Msys2/mingw64/bin/../lib/gcc/arm-none-eabi/13.3.0/../../../../arm-none-eabi/lib/thumb/v7-m/nofp\libc_nano.a(libc_a-lseekr.o)
 .ARM.attributes
                0x000007fa       0x2d F:/Msys2/mingw64/bin/../lib/gcc/arm-none-eabi/13.3.0/../../../../arm-none-eabi/lib/thumb/v7-m/nofp\libc_nano.a(libc_a-readr.o)
 .ARM.attributes
                0x00000827       0x2d F:/Msys2/mingw64/bin/../lib/gcc/arm-none-eabi/13.3.0/../../../../arm-none-eabi/lib/thumb/v7-m/nofp\libc_nano.a(libc_a-writer.o)
 .ARM.attributes
                0x00000854       0x2d F:/Msys2/mingw64/bin/../lib/gcc/arm-none-eabi/13.3.0/../../../../arm-none-eabi/lib/thumb/v7-m/nofp\libc_nano.a(libc_a-errno.o)
 .ARM.attributes
                0x00000881       0x2d F:/Msys2/mingw64/bin/../lib/gcc/arm-none-eabi/13.3.0/../../../../arm-none-eabi/lib/thumb/v7-m/nofp\libc_nano.a(libc_a-init.o)
 .ARM.attributes
                0x000008ae       0x2d F:/Msys2/mingw64/bin/../lib/gcc/arm-none-eabi/13.3.0/../../../../arm-none-eabi/lib/thumb/v7-m/nofp\libc_nano.a(libc_a-lock.o)
 .ARM.attributes
                0x000008db       0x1b F:/Msys2/mingw64/bin/../lib/gcc/arm-none-eabi/13.3.0/../../../../arm-none-eabi/lib/thumb/v7-m/nofp\libc_nano.a(libc_a-strcmp.o)
 .ARM.attributes
                0x000008f6       0x1b F:/Msys2/mingw64/bin/../lib/gcc/arm-none-eabi/13.3.0/../../../../arm-none-eabi/lib/thumb/v7-m/nofp\libc_nano.a(libc_a-memcpy.o)
 .ARM.attributes
                0x00000911       0x2d F:/Msys2/mingw64/bin/../lib/gcc/arm-none-eabi/13.3.0/../../../../arm-none-eabi/lib/thumb/v7-m/nofp\libc_nano.a(libm_a-s_nan.o)
 .ARM.attributes
                0x0000093e       0x2d F:/Msys2/mingw64/bin/../lib/gcc/arm-none-eabi/13.3.0/../../../../arm-none-eabi/lib/thumb/v7-m/nofp\libc_nano.a(libm_a-sf_nan.o)
 .ARM.attributes
                0x0000096b       0x2d F:/Msys2/mingw64/bin/../lib/gcc/arm-none-eabi/13.3.0/../../../../arm-none-eabi/lib/thumb/v7-m/nofp\libc_nano.a(libc_a-freer.o)
 .ARM.attributes
                0x00000998       0x2d F:/Msys2/mingw64/bin/../lib/gcc/arm-none-eabi/13.3.0/../../../../arm-none-eabi/lib/thumb/v7-m/nofp\libc_nano.a(libc_a-gdtoa-gethex.o)
 .ARM.attributes
                0x000009c5       0x2d F:/Msys2/mingw64/bin/../lib/gcc/arm-none-eabi/13.3.0/../../../../arm-none-eabi/lib/thumb/v7-m/nofp\libc_nano.a(libc_a-gdtoa-hexnan.o)
 .ARM.attributes
                0x000009f2       0x2d F:/Msys2/mingw64/bin/../lib/gcc/arm-none-eabi/13.3.0/../../../../arm-none-eabi/lib/thumb/v7-m/nofp\libc_nano.a(libc_a-mallocr.o)
 .ARM.attributes
                0x00000a1f       0x2d F:/Msys2/mingw64/bin/../lib/gcc/arm-none-eabi/13.3.0/../../../../arm-none-eabi/lib/thumb/v7-m/nofp\libc_nano.a(libc_a-mbtowc_r.o)
 .ARM.attributes
                0x00000a4c       0x2d F:/Msys2/mingw64/bin/../lib/gcc/arm-none-eabi/13.3.0/../../../../arm-none-eabi/lib/thumb/v7-m/nofp\libc_nano.a(libc_a-mlock.o)
 .ARM.attributes
                0x00000a79       0x2d F:/Msys2/mingw64/bin/../lib/gcc/arm-none-eabi/13.3.0/../../../../arm-none-eabi/lib/thumb/v7-m/nofp\libc_nano.a(libc_a-mprec.o)
 .ARM.attributes
                0x00000aa6       0x2d F:/Msys2/mingw64/bin/../lib/gcc/arm-none-eabi/13.3.0/../../../../arm-none-eabi/lib/thumb/v7-m/nofp\libc_nano.a(libc_a-wctomb_r.o)
 .ARM.attributes
                0x00000ad3       0x2d F:/Msys2/mingw64/bin/../lib/gcc/arm-none-eabi/13.3.0/../../../../arm-none-eabi/lib/thumb/v7-m/nofp\libc_nano.a(libc_a-ctype_.o)
 .ARM.attributes
                0x00000b00       0x2d F:/Msys2/mingw64/bin/../lib/gcc/arm-none-eabi/13.3.0/../../../../arm-none-eabi/lib/thumb/v7-m/nofp\libc_nano.a(libc_a-nano-svfprintf.o)
 .ARM.attributes
                0x00000b2d       0x2d F:/Msys2/mingw64/bin/../lib/gcc/arm-none-eabi/13.3.0/../../../../arm-none-eabi/lib/thumb/v7-m/nofp\libc_nano.a(libc_a-nano-vfprintf_i.o)
 .ARM.attributes
                0x00000b5a       0x2d F:/Msys2/mingw64/bin/../lib/gcc/arm-none-eabi/13.3.0/../../../../arm-none-eabi/lib/thumb/v7-m/nofp\libc_nano.a(libc_a-fflush.o)
 .ARM.attributes
                0x00000b87       0x2d F:/Msys2/mingw64/bin/../lib/gcc/arm-none-eabi/13.3.0/../../../../arm-none-eabi/lib/thumb/v7-m/nofp\libc_nano.a(libc_a-memmove.o)
 .ARM.attributes
                0x00000bb4       0x2d F:/Msys2/mingw64/bin/../lib/gcc/arm-none-eabi/13.3.0/../../../../arm-none-eabi/lib/thumb/v7-m/nofp\libc_nano.a(libc_a-sbrkr.o)
 .ARM.attributes
                0x00000be1       0x2d F:/Msys2/mingw64/bin/../lib/gcc/arm-none-eabi/13.3.0/../../../../arm-none-eabi/lib/thumb/v7-m/nofp\libc_nano.a(libc_a-memchr-stub.o)
 .ARM.attributes
                0x00000c0e       0x2d F:/Msys2/mingw64/bin/../lib/gcc/arm-none-eabi/13.3.0/../../../../arm-none-eabi/lib/thumb/v7-m/nofp\libc_nano.a(libc_a-assert.o)
 .ARM.attributes
                0x00000c3b       0x2d F:/Msys2/mingw64/bin/../lib/gcc/arm-none-eabi/13.3.0/../../../../arm-none-eabi/lib/thumb/v7-m/nofp\libc_nano.a(libc_a-callocr.o)
 .ARM.attributes
                0x00000c68       0x2d F:/Msys2/mingw64/bin/../lib/gcc/arm-none-eabi/13.3.0/../../../../arm-none-eabi/lib/thumb/v7-m/nofp\libc_nano.a(libc_a-malloc.o)
 .ARM.attributes
                0x00000c95       0x2d F:/Msys2/mingw64/bin/../lib/gcc/arm-none-eabi/13.3.0/../../../../arm-none-eabi/lib/thumb/v7-m/nofp\libc_nano.a(libc_a-reallocr.o)
 .ARM.attributes
                0x00000cc2       0x2d F:/Msys2/mingw64/bin/../lib/gcc/arm-none-eabi/13.3.0/../../../../arm-none-eabi/lib/thumb/v7-m/nofp\libc_nano.a(libc_a-fprintf.o)
 .ARM.attributes
                0x00000cef       0x2d F:/Msys2/mingw64/bin/../lib/gcc/arm-none-eabi/13.3.0/../../../../arm-none-eabi/lib/thumb/v7-m/nofp\libc_nano.a(libc_a-abort.o)
 .ARM.attributes
                0x00000d1c       0x2d F:/Msys2/mingw64/bin/../lib/gcc/arm-none-eabi/13.3.0/../../../../arm-none-eabi/lib/thumb/v7-m/nofp\libc_nano.a(libc_a-msizer.o)
 .ARM.attributes
                0x00000d49       0x2d F:/Msys2/mingw64/bin/../lib/gcc/arm-none-eabi/13.3.0/../../../../arm-none-eabi/lib/thumb/v7-m/nofp\libc_nano.a(libc_a-nano-vfprintf.o)
 .ARM.attributes
                0x00000d76       0x2d F:/Msys2/mingw64/bin/../lib/gcc/arm-none-eabi/13.3.0/../../../../arm-none-eabi/lib/thumb/v7-m/nofp\libc_nano.a(libc_a-fvwrite.o)
 .ARM.attributes
                0x00000da3       0x2d F:/Msys2/mingw64/bin/../lib/gcc/arm-none-eabi/13.3.0/../../../../arm-none-eabi/lib/thumb/v7-m/nofp\libc_nano.a(libc_a-wbuf.o)
 .ARM.attributes
                0x00000dd0       0x2d F:/Msys2/mingw64/bin/../lib/gcc/arm-none-eabi/13.3.0/../../../../arm-none-eabi/lib/thumb/v7-m/nofp\libc_nano.a(libc_a-wsetup.o)
 .ARM.attributes
                0x00000dfd       0x2d F:/Msys2/mingw64/bin/../lib/gcc/arm-none-eabi/13.3.0/../../../../arm-none-eabi/lib/thumb/v7-m/nofp\libc_nano.a(libc_a-signal.o)
 .ARM.attributes
                0x00000e2a       0x2d F:/Msys2/mingw64/bin/../lib/gcc/arm-none-eabi/13.3.0/../../../../arm-none-eabi/lib/thumb/v7-m/nofp\libc_nano.a(libc_a-signalr.o)
 .ARM.attributes
                0x00000e57       0x2d F:/Msys2/mingw64/bin/../lib/gcc/arm-none-eabi/13.3.0/../../../../arm-none-eabi/lib/thumb/v7-m/nofp\libc_nano.a(libc_a-makebuf.o)
 .ARM.attributes
                0x00000e84       0x2d F:/Msys2/mingw64/bin/../lib/gcc/arm-none-eabi/13.3.0/../../../../arm-none-eabi/lib/thumb/v7-m/nofp\libc_nano.a(libc_a-fstatr.o)
 .ARM.attributes
                0x00000eb1       0x2d F:/Msys2/mingw64/bin/../lib/gcc/arm-none-eabi/13.3.0/../../../../arm-none-eabi/lib/thumb/v7-m/nofp\libc_nano.a(libc_a-isattyr.o)
 .ARM.attributes
                0x00000ede       0x2d F:/Msys2/mingw64/bin/../lib/gcc/arm-none-eabi/13.3.0/../../../../arm-none-eabi/lib/thumb/v7-m/nofp\libm.a(libm_a-wf_atan2.o)
 .ARM.attributes
                0x00000f0b       0x2d F:/Msys2/mingw64/bin/../lib/gcc/arm-none-eabi/13.3.0/../../../../arm-none-eabi/lib/thumb/v7-m/nofp\libm.a(libm_a-ef_atan2.o)
 .ARM.attributes
                0x00000f38       0x2d F:/Msys2/mingw64/bin/../lib/gcc/arm-none-eabi/13.3.0/../../../../arm-none-eabi/lib/thumb/v7-m/nofp\libm.a(libm_a-sf_atan.o)
 .ARM.attributes
                0x00000f65       0x2d F:/Msys2/mingw64/bin/../lib/gcc/arm-none-eabi/13.3.0/../../../../arm-none-eabi/lib/thumb/v7-m/nofp\libm.a(libm_a-sf_fabs.o)
 .ARM.attributes
                0x00000f92       0x1d F:/Msys2/mingw64/bin/../lib/gcc/arm-none-eabi/13.3.0/thumb/v7-m/nofp\libgcc.a(_arm_addsubdf3.o)
 .ARM.attributes
                0x00000faf       0x1d F:/Msys2/mingw64/bin/../lib/gcc/arm-none-eabi/13.3.0/thumb/v7-m/nofp\libgcc.a(_arm_muldivdf3.o)
 .ARM.attributes
                0x00000fcc       0x1d F:/Msys2/mingw64/bin/../lib/gcc/arm-none-eabi/13.3.0/thumb/v7-m/nofp\libgcc.a(_arm_cmpdf2.o)
 .ARM.attributes
                0x00000fe9       0x1d F:/Msys2/mingw64/bin/../lib/gcc/arm-none-eabi/13.3.0/thumb/v7-m/nofp\libgcc.a(_arm_unorddf2.o)
 .ARM.attributes
                0x00001006       0x1d F:/Msys2/mingw64/bin/../lib/gcc/arm-none-eabi/13.3.0/thumb/v7-m/nofp\libgcc.a(_arm_fixunsdfsi.o)
 .ARM.attributes
                0x00001023       0x1d F:/Msys2/mingw64/bin/../lib/gcc/arm-none-eabi/13.3.0/thumb/v7-m/nofp\libgcc.a(_arm_truncdfsf2.o)
 .ARM.attributes
                0x00001040       0x1d F:/Msys2/mingw64/bin/../lib/gcc/arm-none-eabi/13.3.0/thumb/v7-m/nofp\libgcc.a(_arm_addsubsf3.o)
 .ARM.attributes
                0x0000105d       0x1d F:/Msys2/mingw64/bin/../lib/gcc/arm-none-eabi/13.3.0/thumb/v7-m/nofp\libgcc.a(_arm_muldivsf3.o)
 .ARM.attributes
                0x0000107a       0x1d F:/Msys2/mingw64/bin/../lib/gcc/arm-none-eabi/13.3.0/thumb/v7-m/nofp\libgcc.a(_arm_cmpsf2.o)
 .ARM.attributes
                0x00001097       0x1d F:/Msys2/mingw64/bin/../lib/gcc/arm-none-eabi/13.3.0/thumb/v7-m/nofp\libgcc.a(_arm_unordsf2.o)
 .ARM.attributes
                0x000010b4       0x1d F:/Msys2/mingw64/bin/../lib/gcc/arm-none-eabi/13.3.0/thumb/v7-m/nofp\libgcc.a(_arm_fixsfsi.o)
 .ARM.attributes
                0x000010d1       0x2d F:/Msys2/mingw64/bin/../lib/gcc/arm-none-eabi/13.3.0/thumb/v7-m/nofp\libgcc.a(_fixdfdi.o)
 .ARM.attributes
                0x000010fe       0x2d F:/Msys2/mingw64/bin/../lib/gcc/arm-none-eabi/13.3.0/thumb/v7-m/nofp\libgcc.a(_fixunsdfdi.o)
 .ARM.attributes
                0x0000112b       0x1d F:/Msys2/mingw64/bin/../lib/gcc/arm-none-eabi/13.3.0/thumb/v7-m/nofp/crtn.o

.comment        0x00000000       0x12
 .comment       0x00000000       0x12 build/main.o
                                 0x13 (size before relaxing)
 .comment       0x00000012        0x0 build/balance_control.o
                                 0x13 (size before relaxing)
 .comment       0x00000012        0x0 build/app_sensors.o
                                 0x13 (size before relaxing)
 .comment       0x00000012        0x0 build/display_ui.o
                                 0x13 (size before relaxing)
 .comment       0x00000012        0x0 build/dht11.o
                                 0x13 (size before relaxing)
 .comment       0x00000012        0x0 build/encoder_hal.o
                                 0x13 (size before relaxing)
 .comment       0x00000012        0x0 build/fsr_adc.o
                                 0x13 (size before relaxing)
 .comment       0x00000012        0x0 build/i2c_bus.o
                                 0x13 (size before relaxing)
 .comment       0x00000012        0x0 build/motor_tb6612.o
                                 0x13 (size before relaxing)
 .comment       0x00000012        0x0 build/mpu6050_hal.o
                                 0x13 (size before relaxing)
 .comment       0x00000012        0x0 build/oled_ssd1306.o
                                 0x13 (size before relaxing)
 .comment       0x00000012        0x0 build/pid.o
                                 0x13 (size before relaxing)
 .comment       0x00000012        0x0 build/remote_control.o
                                 0x13 (size before relaxing)
 .comment       0x00000012        0x0 build/stm32f1xx_it.o
                                 0x13 (size before relaxing)
 .comment       0x00000012        0x0 build/stm32f1xx_hal_msp.o
                                 0x13 (size before relaxing)
 .comment       0x00000012        0x0 build/stm32f1xx_hal.o
                                 0x13 (size before relaxing)
 .comment       0x00000012        0x0 build/stm32f1xx_hal_i2c.o
                                 0x13 (size before relaxing)
 .comment       0x00000012        0x0 build/stm32f1xx_hal_rcc.o
                                 0x13 (size before relaxing)
 .comment       0x00000012        0x0 build/stm32f1xx_hal_rcc_ex.o
                                 0x13 (size before relaxing)
 .comment       0x00000012        0x0 build/stm32f1xx_hal_gpio.o
                                 0x13 (size before relaxing)
 .comment       0x00000012        0x0 build/stm32f1xx_hal_tim.o
                                 0x13 (size before relaxing)
 .comment       0x00000012        0x0 build/stm32f1xx_hal_tim_ex.o
                                 0x13 (size before relaxing)
 .comment       0x00000012        0x0 build/stm32f1xx_hal_uart.o
                                 0x13 (size before relaxing)
 .comment       0x00000012        0x0 build/stm32f1xx_hal_dma.o
                                 0x13 (size before relaxing)
 .comment       0x00000012        0x0 build/stm32f1xx_hal_cortex.o
                                 0x13 (size before relaxing)
 .comment       0x00000012        0x0 build/stm32f1xx_hal_adc.o
                                 0x13 (size before relaxing)
 .comment       0x00000012        0x0 build/stm32f1xx_hal_adc_ex.o
                                 0x13 (size before relaxing)
 .comment       0x00000012        0x0 build/system_stm32f1xx.o
                                 0x13 (size before relaxing)
 .comment       0x00000012        0x0 build/sysmem.o
                                 0x13 (size before relaxing)
 .comment       0x00000012        0x0 build/syscalls.o
                                 0x13 (size before relaxing)
 .comment       0x00000012        0x0 F:/Msys2/mingw64/bin/../lib/gcc/arm-none-eabi/13.3.0/../../../../arm-none-eabi/lib/thumb/v7-m/nofp\libc_nano.a(libc_a-strtod.o)
                                 0x13 (size before relaxing)
 .comment       0x00000012        0x0 F:/Msys2/mingw64/bin/../lib/gcc/arm-none-eabi/13.3.0/../../../../arm-none-eabi/lib/thumb/v7-m/nofp\libc_nano.a(libc_a-findfp.o)
                                 0x13 (size before relaxing)
 .comment       0x00000012        0x0 F:/Msys2/mingw64/bin/../lib/gcc/arm-none-eabi/13.3.0/../../../../arm-none-eabi/lib/thumb/v7-m/nofp\libc_nano.a(libc_a-fwalk.o)
                                 0x13 (size before relaxing)
 .comment       0x00000012        0x0 F:/Msys2/mingw64/bin/../lib/gcc/arm-none-eabi/13.3.0/../../../../arm-none-eabi/lib/thumb/v7-m/nofp\libc_nano.a(libc_a-snprintf.o)
                                 0x13 (size before relaxing)
 .comment       0x00000012        0x0 F:/Msys2/mingw64/bin/../lib/gcc/arm-none-eabi/13.3.0/../../../../arm-none-eabi/lib/thumb/v7-m/nofp\libc_nano.a(libc_a-stdio.o)
                                 0x13 (size before relaxing)
 .comment       0x00000012        0x0 F:/Msys2/mingw64/bin/../lib/gcc/arm-none-eabi/13.3.0/../../../../arm-none-eabi/lib/thumb/v7-m/nofp\libc_nano.a(libc_a-memset.o)
                                 0x13 (size before relaxing)
 .comment       0x00000012        0x0 F:/Msys2/mingw64/bin/../lib/gcc/arm-none-eabi/13.3.0/../../../../arm-none-eabi/lib/thumb/v7-m/nofp\libc_nano.a(libc_a-strncmp.o)
                                 0x13 (size before relaxing)
 .comment       0x00000012        0x0 F:/Msys2/mingw64/bin/../lib/gcc/arm-none-eabi/13.3.0/../../../../arm-none-eabi/lib/thumb/v7-m/nofp\libc_nano.a(libc_a-strncpy.o)
                                 0x13 (size before relaxing)
 .comment       0x00000012        0x0 F:/Msys2/mingw64/bin/../lib/gcc/arm-none-eabi/13.3.0/../../../../arm-none-eabi/lib/thumb/v7-m/nofp\libc_nano.a(libc_a-locale.o)
                                 0x13 (size before relaxing)
 .comment       0x00000012        0x0 F:/Msys2/mingw64/bin/../lib/gcc/arm-none-eabi/13.3.0/../../../../arm-none-eabi/lib/thumb/v7-m/nofp\libc_nano.a(libc_a-closer.o)
                                 0x13 (size before relaxing)
 .comment       0x00000012        0x0 F:/Msys2/mingw64/bin/../lib/gcc/arm-none-eabi/13.3.0/../../../../arm-none-eabi/lib/thumb/v7-m/nofp\libc_nano.a(libc_a-reent.o)
                                 0x13 (size before relaxing)
 .comment       0x00000012        0x0 F:/Msys2/mingw64/bin/../lib/gcc/arm-none-eabi/13.3.0/../../../../arm-none-eabi/lib/thumb/v7-m/nofp\libc_nano.a(libc_a-impure.o)
                                 0x13 (size before relaxing)
 .comment       0x00000012        0x0 F:/Msys2/mingw64/bin/../lib/gcc/arm-none-eabi/13.3.0/../../../../arm-none-eabi/lib/thumb/v7-m/nofp\libc_nano.a(libc_a-lseekr.o)
                                 0x13 (size before relaxing)
 .comment       0x00000012        0x0 F:/Msys2/mingw64/bin/../lib/gcc/arm-none-eabi/13.3.0/../../../../arm-none-eabi/lib/thumb/v7-m/nofp\libc_nano.a(libc_a-readr.o)
                                 0x13 (size before relaxing)
 .comment       0x00000012        0x0 F:/Msys2/mingw64/bin/../lib/gcc/arm-none-eabi/13.3.0/../../../../arm-none-eabi/lib/thumb/v7-m/nofp\libc_nano.a(libc_a-writer.o)
                                 0x13 (size before relaxing)
 .comment       0x00000012        0x0 F:/Msys2/mingw64/bin/../lib/gcc/arm-none-eabi/13.3.0/../../../../arm-none-eabi/lib/thumb/v7-m/nofp\libc_nano.a(libc_a-errno.o)
                                 0x13 (size before relaxing)
 .comment       0x00000012        0x0 F:/Msys2/mingw64/bin/../lib/gcc/arm-none-eabi/13.3.0/../../../../arm-none-eabi/lib/thumb/v7-m/nofp\libc_nano.a(libc_a-init.o)
                                 0x13 (size before relaxing)
 .comment       0x00000012        0x0 F:/Msys2/mingw64/bin/../lib/gcc/arm-none-eabi/13.3.0/../../../../arm-none-eabi/lib/thumb/v7-m/nofp\libc_nano.a(libc_a-lock.o)
                                 0x13 (size before relaxing)
 .comment       0x00000012        0x0 F:/Msys2/mingw64/bin/../lib/gcc/arm-none-eabi/13.3.0/../../../../arm-none-eabi/lib/thumb/v7-m/nofp\libc_nano.a(libm_a-s_nan.o)
                                 0x13 (size before relaxing)
 .comment       0x00000012        0x0 F:/Msys2/mingw64/bin/../lib/gcc/arm-none-eabi/13.3.0/../../../../arm-none-eabi/lib/thumb/v7-m/nofp\libc_nano.a(libm_a-sf_nan.o)
                                 0x13 (size before relaxing)
 .comment       0x00000012        0x0 F:/Msys2/mingw64/bin/../lib/gcc/arm-none-eabi/13.3.0/../../../../arm-none-eabi/lib/thumb/v7-m/nofp\libc_nano.a(libc_a-freer.o)
                                 0x13 (size before relaxing)
 .comment       0x00000012        0x0 F:/Msys2/mingw64/bin/../lib/gcc/arm-none-eabi/13.3.0/../../../../arm-none-eabi/lib/thumb/v7-m/nofp\libc_nano.a(libc_a-gdtoa-gethex.o)
                                 0x13 (size before relaxing)
 .comment       0x00000012        0x0 F:/Msys2/mingw64/bin/../lib/gcc/arm-none-eabi/13.3.0/../../../../arm-none-eabi/lib/thumb/v7-m/nofp\libc_nano.a(libc_a-gdtoa-hexnan.o)
                                 0x13 (size before relaxing)
 .comment       0x00000012        0x0 F:/Msys2/mingw64/bin/../lib/gcc/arm-none-eabi/13.3.0/../../../../arm-none-eabi/lib/thumb/v7-m/nofp\libc_nano.a(libc_a-mallocr.o)
                                 0x13 (size before relaxing)
 .comment       0x00000012        0x0 F:/Msys2/mingw64/bin/../lib/gcc/arm-none-eabi/13.3.0/../../../../arm-none-eabi/lib/thumb/v7-m/nofp\libc_nano.a(libc_a-mbtowc_r.o)
                                 0x13 (size before relaxing)
 .comment       0x00000012        0x0 F:/Msys2/mingw64/bin/../lib/gcc/arm-none-eabi/13.3.0/../../../../arm-none-eabi/lib/thumb/v7-m/nofp\libc_nano.a(libc_a-mlock.o)
                                 0x13 (size before relaxing)
 .comment       0x00000012        0x0 F:/Msys2/mingw64/bin/../lib/gcc/arm-none-eabi/13.3.0/../../../../arm-none-eabi/lib/thumb/v7-m/nofp\libc_nano.a(libc_a-mprec.o)
                                 0x13 (size before relaxing)
 .comment       0x00000012        0x0 F:/Msys2/mingw64/bin/../lib/gcc/arm-none-eabi/13.3.0/../../../../arm-none-eabi/lib/thumb/v7-m/nofp\libc_nano.a(libc_a-wctomb_r.o)
                                 0x13 (size before relaxing)
 .comment       0x00000012        0x0 F:/Msys2/mingw64/bin/../lib/gcc/arm-none-eabi/13.3.0/../../../../arm-none-eabi/lib/thumb/v7-m/nofp\libc_nano.a(libc_a-ctype_.o)
                                 0x13 (size before relaxing)