ARM GAS  D:\TMP\ccfAJeSe.s 			page 1


   1              		.cpu cortex-m3
   2              		.arch armv7-m
   3              		.fpu softvfp
   4              		.eabi_attribute 20, 1
   5              		.eabi_attribute 21, 1
   6              		.eabi_attribute 23, 3
   7              		.eabi_attribute 24, 1
   8              		.eabi_attribute 25, 1
   9              		.eabi_attribute 26, 1
  10              		.eabi_attribute 30, 1
  11              		.eabi_attribute 34, 1
  12              		.eabi_attribute 18, 4
  13              		.file	"display_ui.c"
  14              		.text
  15              	.Ltext0:
  16              		.cfi_sections	.debug_frame
  17              		.file 1 "Core/Src/balance_car/display_ui.c"
  18              		.global	__aeabi_fmul
  19              		.global	__aeabi_f2iz
  20              		.global	__aeabi_fadd
  21              		.section	.rodata.DisplayUi_UpdateText.str1.4,"aMS",%progbits,1
  22              		.align	2
  23              	.LC0:
  24 0000 54656D70 		.ascii	"Temp: %d.%d C\000"
  24      3A202564 
  24      2E256420 
  24      4300
  25 000e 0000     		.align	2
  26              	.LC1:
  27 0010 44485420 		.ascii	"DHT Err:%u\000"
  27      4572723A 
  27      257500
  28 001b 00       		.align	2
  29              	.LC2:
  30 001c 48756D69 		.ascii	"Humi: %d %%\000"
  30      3A202564 
  30      20252500 
  31              		.align	2
  32              	.LC3:
  33 0028 48756D69 		.ascii	"Humi: -- %%\000"
  33      3A202D2D 
  33      20252500 
  34              		.align	2
  35              	.LC4:
  36 0034 57656967 		.ascii	"Weight: %d g\000"
  36      68743A20 
  36      25642067 
  36      00
  37 0041 000000   		.align	2
  38              	.LC5:
  39 0044 5261773A 		.ascii	"Raw: %ld\000"
  39      20256C64 
  39      00
  40              		.section	.text.DisplayUi_UpdateText,"ax",%progbits
  41              		.align	1
  42              		.syntax unified
  43              		.thumb
ARM GAS  D:\TMP\ccfAJeSe.s 			page 2


  44              		.thumb_func
  46              	DisplayUi_UpdateText:
  47              	.LFB69:
   1:Core/Src/balance_car/display_ui.c **** #include "balance_car/display_ui.h"
   2:Core/Src/balance_car/display_ui.c **** 
   3:Core/Src/balance_car/display_ui.c **** #include "balance_car/app_sensors.h"
   4:Core/Src/balance_car/display_ui.c **** #include "balance_car/oled_ssd1306.h"
   5:Core/Src/balance_car/display_ui.c **** #include <stdio.h>
   6:Core/Src/balance_car/display_ui.c **** 
   7:Core/Src/balance_car/display_ui.c **** #define DISPLAY_TEXT_PERIOD_MS     500U
   8:Core/Src/balance_car/display_ui.c **** #define DISPLAY_PAGE_PERIOD_MS     20U
   9:Core/Src/balance_car/display_ui.c **** 
  10:Core/Src/balance_car/display_ui.c **** static uint32_t s_next_text_ms;
  11:Core/Src/balance_car/display_ui.c **** static uint32_t s_next_page_ms;
  12:Core/Src/balance_car/display_ui.c **** 
  13:Core/Src/balance_car/display_ui.c **** HAL_StatusTypeDef DisplayUi_Init(void)
  14:Core/Src/balance_car/display_ui.c **** {
  15:Core/Src/balance_car/display_ui.c ****     HAL_StatusTypeDef status = Oled_Init();
  16:Core/Src/balance_car/display_ui.c **** 
  17:Core/Src/balance_car/display_ui.c ****     if (status != HAL_OK) {
  18:Core/Src/balance_car/display_ui.c ****         AppSensors_SetFault(SENSOR_FAULT_OLED_INIT);
  19:Core/Src/balance_car/display_ui.c ****         g_sensor_state.oled_ready = 0U;
  20:Core/Src/balance_car/display_ui.c ****         g_sensor_state.oled_addr_7bit = Oled_GetAddress7Bit();
  21:Core/Src/balance_car/display_ui.c ****         g_sensor_state.oled_probe_mask = Oled_GetProbeMask();
  22:Core/Src/balance_car/display_ui.c ****         g_sensor_state.oled_fail_step = Oled_GetFailStep();
  23:Core/Src/balance_car/display_ui.c ****         return status;
  24:Core/Src/balance_car/display_ui.c ****     }
  25:Core/Src/balance_car/display_ui.c **** 
  26:Core/Src/balance_car/display_ui.c ****     AppSensors_ClearFault(SENSOR_FAULT_OLED_INIT);
  27:Core/Src/balance_car/display_ui.c ****     g_sensor_state.oled_ready = 1U;
  28:Core/Src/balance_car/display_ui.c ****     g_sensor_state.oled_addr_7bit = Oled_GetAddress7Bit();
  29:Core/Src/balance_car/display_ui.c ****     g_sensor_state.oled_probe_mask = Oled_GetProbeMask();
  30:Core/Src/balance_car/display_ui.c ****     g_sensor_state.oled_fail_step = Oled_GetFailStep();
  31:Core/Src/balance_car/display_ui.c ****     s_next_text_ms = HAL_GetTick();
  32:Core/Src/balance_car/display_ui.c ****     s_next_page_ms = HAL_GetTick();
  33:Core/Src/balance_car/display_ui.c ****     return HAL_OK;
  34:Core/Src/balance_car/display_ui.c **** }
  35:Core/Src/balance_car/display_ui.c **** 
  36:Core/Src/balance_car/display_ui.c **** static void DisplayUi_UpdateText(void)
  37:Core/Src/balance_car/display_ui.c **** {
  48              		.loc 1 37 1 view -0
  49              		.cfi_startproc
  50              		@ args = 0, pretend = 0, frame = 24
  51              		@ frame_needed = 0, uses_anonymous_args = 0
  52 0000 70B5     		push	{r4, r5, r6, lr}
  53              	.LCFI0:
  54              		.cfi_def_cfa_offset 16
  55              		.cfi_offset 4, -16
  56              		.cfi_offset 5, -12
  57              		.cfi_offset 6, -8
  58              		.cfi_offset 14, -4
  59 0002 88B0     		sub	sp, sp, #32
  60              	.LCFI1:
  61              		.cfi_def_cfa_offset 48
  38:Core/Src/balance_car/display_ui.c ****     char line[22];
  62              		.loc 1 38 5 view .LVU1
  39:Core/Src/balance_car/display_ui.c ****     int temp10 = (int)(g_sensor_state.temperature_c * 10.0f);
ARM GAS  D:\TMP\ccfAJeSe.s 			page 3


  63              		.loc 1 39 5 view .LVU2
  64              		.loc 1 39 38 is_stmt 0 view .LVU3
  65 0004 3B4E     		ldr	r6, .L10
  66 0006 3068     		ldr	r0, [r6]	@ float
  67              		.loc 1 39 53 view .LVU4
  68 0008 3B49     		ldr	r1, .L10+4
  69 000a FFF7FEFF 		bl	__aeabi_fmul
  70              	.LVL0:
  71              		.loc 1 39 9 view .LVU5
  72 000e FFF7FEFF 		bl	__aeabi_f2iz
  73              	.LVL1:
  74 0012 0446     		mov	r4, r0
  75              	.LVL2:
  40:Core/Src/balance_car/display_ui.c ****     int weight = (int)(g_sensor_state.weight_g + 0.5f);
  76              		.loc 1 40 5 is_stmt 1 view .LVU6
  77              		.loc 1 40 38 is_stmt 0 view .LVU7
  78 0014 B068     		ldr	r0, [r6, #8]	@ float
  79              	.LVL3:
  80              		.loc 1 40 48 view .LVU8
  81 0016 4FF07C51 		mov	r1, #1056964608
  82 001a FFF7FEFF 		bl	__aeabi_fadd
  83              	.LVL4:
  84              		.loc 1 40 9 view .LVU9
  85 001e FFF7FEFF 		bl	__aeabi_f2iz
  86              	.LVL5:
  87 0022 0546     		mov	r5, r0
  88              	.LVL6:
  41:Core/Src/balance_car/display_ui.c **** 
  42:Core/Src/balance_car/display_ui.c ****     Oled_Clear();
  89              		.loc 1 42 5 is_stmt 1 view .LVU10
  90 0024 FFF7FEFF 		bl	Oled_Clear
  91              	.LVL7:
  43:Core/Src/balance_car/display_ui.c **** 
  44:Core/Src/balance_car/display_ui.c ****     if (g_sensor_state.dht_valid != 0U) {
  92              		.loc 1 44 5 view .LVU11
  93              		.loc 1 44 23 is_stmt 0 view .LVU12
  94 0028 96F82030 		ldrb	r3, [r6, #32]	@ zero_extendqisi2
  95              		.loc 1 44 8 view .LVU13
  96 002c 002B     		cmp	r3, #0
  97 002e 52D0     		beq	.L2
  45:Core/Src/balance_car/display_ui.c ****         (void)snprintf(line, sizeof(line), "Temp: %d.%d C", temp10 / 10, temp10 < 0 ? -(temp10 % 10
  98              		.loc 1 45 9 is_stmt 1 view .LVU14
  99              		.loc 1 45 15 is_stmt 0 view .LVU15
 100 0030 324A     		ldr	r2, .L10+8
 101 0032 82FB0432 		smull	r3, r2, r2, r4
 102 0036 E317     		asrs	r3, r4, #31
 103 0038 C3EBA203 		rsb	r3, r3, r2, asr #2
 104 003c 002C     		cmp	r4, #0
 105 003e 45DB     		blt	.L9
 106              		.loc 1 45 15 discriminator 2 view .LVU16
 107 0040 2E49     		ldr	r1, .L10+8
 108 0042 81FB0421 		smull	r2, r1, r1, r4
 109 0046 E217     		asrs	r2, r4, #31
 110 0048 C2EBA102 		rsb	r2, r2, r1, asr #2
 111 004c 02EB8202 		add	r2, r2, r2, lsl #2
 112 0050 A4EB4202 		sub	r2, r4, r2, lsl #1
 113              	.L4:
ARM GAS  D:\TMP\ccfAJeSe.s 			page 4


 114              		.loc 1 45 15 discriminator 4 view .LVU17
 115 0054 0092     		str	r2, [sp]
 116 0056 2A4A     		ldr	r2, .L10+12
 117 0058 1621     		movs	r1, #22
 118 005a 02A8     		add	r0, sp, #8
 119 005c FFF7FEFF 		bl	snprintf
 120              	.LVL8:
 121              	.L5:
  46:Core/Src/balance_car/display_ui.c ****     } else {
  47:Core/Src/balance_car/display_ui.c ****         (void)snprintf(line, sizeof(line), "DHT Err:%u", (unsigned)g_sensor_state.dht_fail_step);
  48:Core/Src/balance_car/display_ui.c ****     }
  49:Core/Src/balance_car/display_ui.c ****     Oled_WriteString(0U, 0U, line);
 122              		.loc 1 49 5 is_stmt 1 view .LVU18
 123 0060 02AA     		add	r2, sp, #8
 124 0062 0021     		movs	r1, #0
 125 0064 0846     		mov	r0, r1
 126 0066 FFF7FEFF 		bl	Oled_WriteString
 127              	.LVL9:
  50:Core/Src/balance_car/display_ui.c **** 
  51:Core/Src/balance_car/display_ui.c ****     if (g_sensor_state.dht_valid != 0U) {
 128              		.loc 1 51 5 view .LVU19
 129              		.loc 1 51 23 is_stmt 0 view .LVU20
 130 006a 224B     		ldr	r3, .L10
 131 006c 93F82030 		ldrb	r3, [r3, #32]	@ zero_extendqisi2
 132              		.loc 1 51 8 view .LVU21
 133 0070 002B     		cmp	r3, #0
 134 0072 39D0     		beq	.L6
  52:Core/Src/balance_car/display_ui.c ****         (void)snprintf(line, sizeof(line), "Humi: %d %%", (int)(g_sensor_state.humidity_percent + 0
 135              		.loc 1 52 9 is_stmt 1 view .LVU22
 136              		.loc 1 52 79 is_stmt 0 view .LVU23
 137 0074 1F4B     		ldr	r3, .L10
 138 0076 5868     		ldr	r0, [r3, #4]	@ float
 139              		.loc 1 52 97 view .LVU24
 140 0078 4FF07C51 		mov	r1, #1056964608
 141 007c FFF7FEFF 		bl	__aeabi_fadd
 142              	.LVL10:
 143              		.loc 1 52 15 view .LVU25
 144 0080 FFF7FEFF 		bl	__aeabi_f2iz
 145              	.LVL11:
 146 0084 0346     		mov	r3, r0
 147 0086 1F4A     		ldr	r2, .L10+16
 148 0088 1621     		movs	r1, #22
 149 008a 02A8     		add	r0, sp, #8
 150 008c FFF7FEFF 		bl	snprintf
 151              	.LVL12:
 152              	.L7:
  53:Core/Src/balance_car/display_ui.c ****     } else {
  54:Core/Src/balance_car/display_ui.c ****         (void)snprintf(line, sizeof(line), "Humi: -- %%");
  55:Core/Src/balance_car/display_ui.c ****     }
  56:Core/Src/balance_car/display_ui.c ****     Oled_WriteString(0U, 1U, line);
 153              		.loc 1 56 5 is_stmt 1 view .LVU26
 154 0090 02AA     		add	r2, sp, #8
 155 0092 0121     		movs	r1, #1
 156 0094 0020     		movs	r0, #0
 157 0096 FFF7FEFF 		bl	Oled_WriteString
 158              	.LVL13:
  57:Core/Src/balance_car/display_ui.c **** 
ARM GAS  D:\TMP\ccfAJeSe.s 			page 5


  58:Core/Src/balance_car/display_ui.c ****     (void)snprintf(line, sizeof(line), "Weight: %d g", weight);
 159              		.loc 1 58 5 view .LVU27
 160              		.loc 1 58 11 is_stmt 0 view .LVU28
 161 009a 2B46     		mov	r3, r5
 162 009c 1A4A     		ldr	r2, .L10+20
 163 009e 1621     		movs	r1, #22
 164 00a0 02A8     		add	r0, sp, #8
 165 00a2 FFF7FEFF 		bl	snprintf
 166              	.LVL14:
  59:Core/Src/balance_car/display_ui.c ****     Oled_WriteString(0U, 2U, line);
 167              		.loc 1 59 5 is_stmt 1 view .LVU29
 168 00a6 02AA     		add	r2, sp, #8
 169 00a8 0221     		movs	r1, #2
 170 00aa 0020     		movs	r0, #0
 171 00ac FFF7FEFF 		bl	Oled_WriteString
 172              	.LVL15:
  60:Core/Src/balance_car/display_ui.c **** 
  61:Core/Src/balance_car/display_ui.c ****     (void)snprintf(line, sizeof(line), "Raw: %ld", (long)g_sensor_state.hx711_raw);
 173              		.loc 1 61 5 view .LVU30
 174              		.loc 1 61 72 is_stmt 0 view .LVU31
 175 00b0 104B     		ldr	r3, .L10
 176 00b2 DB68     		ldr	r3, [r3, #12]
 177              		.loc 1 61 11 view .LVU32
 178 00b4 154A     		ldr	r2, .L10+24
 179 00b6 1621     		movs	r1, #22
 180 00b8 02A8     		add	r0, sp, #8
 181 00ba FFF7FEFF 		bl	snprintf
 182              	.LVL16:
  62:Core/Src/balance_car/display_ui.c ****     Oled_WriteString(0U, 3U, line);
 183              		.loc 1 62 5 is_stmt 1 view .LVU33
 184 00be 02AA     		add	r2, sp, #8
 185 00c0 0321     		movs	r1, #3
 186 00c2 0020     		movs	r0, #0
 187 00c4 FFF7FEFF 		bl	Oled_WriteString
 188              	.LVL17:
  63:Core/Src/balance_car/display_ui.c **** }
 189              		.loc 1 63 1 is_stmt 0 view .LVU34
 190 00c8 08B0     		add	sp, sp, #32
 191              	.LCFI2:
 192              		.cfi_remember_state
 193              		.cfi_def_cfa_offset 16
 194              		@ sp needed
 195 00ca 70BD     		pop	{r4, r5, r6, pc}
 196              	.LVL18:
 197              	.L9:
 198              	.LCFI3:
 199              		.cfi_restore_state
  45:Core/Src/balance_car/display_ui.c ****     } else {
 200              		.loc 1 45 96 discriminator 1 view .LVU35
 201 00cc 03EB8302 		add	r2, r3, r3, lsl #2
  45:Core/Src/balance_car/display_ui.c ****     } else {
 202              		.loc 1 45 15 discriminator 1 view .LVU36
 203 00d0 C4EB4202 		rsb	r2, r4, r2, lsl #1
 204 00d4 BEE7     		b	.L4
 205              	.L2:
  47:Core/Src/balance_car/display_ui.c ****     }
 206              		.loc 1 47 9 is_stmt 1 view .LVU37
ARM GAS  D:\TMP\ccfAJeSe.s 			page 6


  47:Core/Src/balance_car/display_ui.c ****     }
 207              		.loc 1 47 82 is_stmt 0 view .LVU38
 208 00d6 074B     		ldr	r3, .L10
 209 00d8 93F82630 		ldrb	r3, [r3, #38]	@ zero_extendqisi2
  47:Core/Src/balance_car/display_ui.c ****     }
 210              		.loc 1 47 15 view .LVU39
 211 00dc 0C4A     		ldr	r2, .L10+28
 212 00de 1621     		movs	r1, #22
 213 00e0 02A8     		add	r0, sp, #8
 214 00e2 FFF7FEFF 		bl	snprintf
 215              	.LVL19:
 216 00e6 BBE7     		b	.L5
 217              	.L6:
  54:Core/Src/balance_car/display_ui.c ****     }
 218              		.loc 1 54 9 is_stmt 1 view .LVU40
  54:Core/Src/balance_car/display_ui.c ****     }
 219              		.loc 1 54 15 is_stmt 0 view .LVU41
 220 00e8 0A4A     		ldr	r2, .L10+32
 221 00ea 1621     		movs	r1, #22
 222 00ec 02A8     		add	r0, sp, #8
 223 00ee FFF7FEFF 		bl	snprintf
 224              	.LVL20:
 225 00f2 CDE7     		b	.L7
 226              	.L11:
 227              		.align	2
 228              	.L10:
 229 00f4 00000000 		.word	g_sensor_state
 230 00f8 00002041 		.word	1092616192
 231 00fc 67666666 		.word	1717986919
 232 0100 00000000 		.word	.LC0
 233 0104 1C000000 		.word	.LC2
 234 0108 34000000 		.word	.LC4
 235 010c 44000000 		.word	.LC5
 236 0110 10000000 		.word	.LC1
 237 0114 28000000 		.word	.LC3
 238              		.cfi_endproc
 239              	.LFE69:
 241              		.section	.text.DisplayUi_Init,"ax",%progbits
 242              		.align	1
 243              		.global	DisplayUi_Init
 244              		.syntax unified
 245              		.thumb
 246              		.thumb_func
 248              	DisplayUi_Init:
 249              	.LFB68:
  14:Core/Src/balance_car/display_ui.c ****     HAL_StatusTypeDef status = Oled_Init();
 250              		.loc 1 14 1 is_stmt 1 view -0
 251              		.cfi_startproc
 252              		@ args = 0, pretend = 0, frame = 0
 253              		@ frame_needed = 0, uses_anonymous_args = 0
 254 0000 38B5     		push	{r3, r4, r5, lr}
 255              	.LCFI4:
 256              		.cfi_def_cfa_offset 16
 257              		.cfi_offset 3, -16
 258              		.cfi_offset 4, -12
 259              		.cfi_offset 5, -8
 260              		.cfi_offset 14, -4
ARM GAS  D:\TMP\ccfAJeSe.s 			page 7


  15:Core/Src/balance_car/display_ui.c **** 
 261              		.loc 1 15 5 view .LVU43
  15:Core/Src/balance_car/display_ui.c **** 
 262              		.loc 1 15 32 is_stmt 0 view .LVU44
 263 0002 FFF7FEFF 		bl	Oled_Init
 264              	.LVL21:
  17:Core/Src/balance_car/display_ui.c ****         AppSensors_SetFault(SENSOR_FAULT_OLED_INIT);
 265              		.loc 1 17 5 is_stmt 1 view .LVU45
  17:Core/Src/balance_car/display_ui.c ****         AppSensors_SetFault(SENSOR_FAULT_OLED_INIT);
 266              		.loc 1 17 8 is_stmt 0 view .LVU46
 267 0006 0546     		mov	r5, r0
 268 0008 E0B9     		cbnz	r0, .L16
  26:Core/Src/balance_car/display_ui.c ****     g_sensor_state.oled_ready = 1U;
 269              		.loc 1 26 5 is_stmt 1 view .LVU47
 270 000a 1020     		movs	r0, #16
 271              	.LVL22:
  26:Core/Src/balance_car/display_ui.c ****     g_sensor_state.oled_ready = 1U;
 272              		.loc 1 26 5 is_stmt 0 view .LVU48
 273 000c FFF7FEFF 		bl	AppSensors_ClearFault
 274              	.LVL23:
  27:Core/Src/balance_car/display_ui.c ****     g_sensor_state.oled_addr_7bit = Oled_GetAddress7Bit();
 275              		.loc 1 27 5 is_stmt 1 view .LVU49
  27:Core/Src/balance_car/display_ui.c ****     g_sensor_state.oled_addr_7bit = Oled_GetAddress7Bit();
 276              		.loc 1 27 31 is_stmt 0 view .LVU50
 277 0010 164C     		ldr	r4, .L17
 278 0012 0123     		movs	r3, #1
 279 0014 84F82230 		strb	r3, [r4, #34]
  28:Core/Src/balance_car/display_ui.c ****     g_sensor_state.oled_probe_mask = Oled_GetProbeMask();
 280              		.loc 1 28 5 is_stmt 1 view .LVU51
  28:Core/Src/balance_car/display_ui.c ****     g_sensor_state.oled_probe_mask = Oled_GetProbeMask();
 281              		.loc 1 28 37 is_stmt 0 view .LVU52
 282 0018 FFF7FEFF 		bl	Oled_GetAddress7Bit
 283              	.LVL24:
  28:Core/Src/balance_car/display_ui.c ****     g_sensor_state.oled_probe_mask = Oled_GetProbeMask();
 284              		.loc 1 28 35 discriminator 1 view .LVU53
 285 001c 84F82300 		strb	r0, [r4, #35]
  29:Core/Src/balance_car/display_ui.c ****     g_sensor_state.oled_fail_step = Oled_GetFailStep();
 286              		.loc 1 29 5 is_stmt 1 view .LVU54
  29:Core/Src/balance_car/display_ui.c ****     g_sensor_state.oled_fail_step = Oled_GetFailStep();
 287              		.loc 1 29 38 is_stmt 0 view .LVU55
 288 0020 FFF7FEFF 		bl	Oled_GetProbeMask
 289              	.LVL25:
  29:Core/Src/balance_car/display_ui.c ****     g_sensor_state.oled_fail_step = Oled_GetFailStep();
 290              		.loc 1 29 36 discriminator 1 view .LVU56
 291 0024 84F82400 		strb	r0, [r4, #36]
  30:Core/Src/balance_car/display_ui.c ****     s_next_text_ms = HAL_GetTick();
 292              		.loc 1 30 5 is_stmt 1 view .LVU57
  30:Core/Src/balance_car/display_ui.c ****     s_next_text_ms = HAL_GetTick();
 293              		.loc 1 30 37 is_stmt 0 view .LVU58
 294 0028 FFF7FEFF 		bl	Oled_GetFailStep
 295              	.LVL26:
  30:Core/Src/balance_car/display_ui.c ****     s_next_text_ms = HAL_GetTick();
 296              		.loc 1 30 35 discriminator 1 view .LVU59
 297 002c 84F82500 		strb	r0, [r4, #37]
  31:Core/Src/balance_car/display_ui.c ****     s_next_page_ms = HAL_GetTick();
 298              		.loc 1 31 5 is_stmt 1 view .LVU60
  31:Core/Src/balance_car/display_ui.c ****     s_next_page_ms = HAL_GetTick();
ARM GAS  D:\TMP\ccfAJeSe.s 			page 8


 299              		.loc 1 31 22 is_stmt 0 view .LVU61
 300 0030 FFF7FEFF 		bl	HAL_GetTick
 301              	.LVL27:
  31:Core/Src/balance_car/display_ui.c ****     s_next_page_ms = HAL_GetTick();
 302              		.loc 1 31 20 discriminator 1 view .LVU62
 303 0034 0E4B     		ldr	r3, .L17+4
 304 0036 1860     		str	r0, [r3]
  32:Core/Src/balance_car/display_ui.c ****     return HAL_OK;
 305              		.loc 1 32 5 is_stmt 1 view .LVU63
  32:Core/Src/balance_car/display_ui.c ****     return HAL_OK;
 306              		.loc 1 32 22 is_stmt 0 view .LVU64
 307 0038 FFF7FEFF 		bl	HAL_GetTick
 308              	.LVL28:
  32:Core/Src/balance_car/display_ui.c ****     return HAL_OK;
 309              		.loc 1 32 20 discriminator 1 view .LVU65
 310 003c 0D4B     		ldr	r3, .L17+8
 311 003e 1860     		str	r0, [r3]
  33:Core/Src/balance_car/display_ui.c **** }
 312              		.loc 1 33 5 is_stmt 1 view .LVU66
 313              	.L14:
  34:Core/Src/balance_car/display_ui.c **** 
 314              		.loc 1 34 1 is_stmt 0 view .LVU67
 315 0040 2846     		mov	r0, r5
 316 0042 38BD     		pop	{r3, r4, r5, pc}
 317              	.LVL29:
 318              	.L16:
  18:Core/Src/balance_car/display_ui.c ****         g_sensor_state.oled_ready = 0U;
 319              		.loc 1 18 9 is_stmt 1 view .LVU68
 320 0044 1020     		movs	r0, #16
 321              	.LVL30:
  18:Core/Src/balance_car/display_ui.c ****         g_sensor_state.oled_ready = 0U;
 322              		.loc 1 18 9 is_stmt 0 view .LVU69
 323 0046 FFF7FEFF 		bl	AppSensors_SetFault
 324              	.LVL31:
  19:Core/Src/balance_car/display_ui.c ****         g_sensor_state.oled_addr_7bit = Oled_GetAddress7Bit();
 325              		.loc 1 19 9 is_stmt 1 view .LVU70
  19:Core/Src/balance_car/display_ui.c ****         g_sensor_state.oled_addr_7bit = Oled_GetAddress7Bit();
 326              		.loc 1 19 35 is_stmt 0 view .LVU71
 327 004a 084C     		ldr	r4, .L17
 328 004c 0023     		movs	r3, #0
 329 004e 84F82230 		strb	r3, [r4, #34]
  20:Core/Src/balance_car/display_ui.c ****         g_sensor_state.oled_probe_mask = Oled_GetProbeMask();
 330              		.loc 1 20 9 is_stmt 1 view .LVU72
  20:Core/Src/balance_car/display_ui.c ****         g_sensor_state.oled_probe_mask = Oled_GetProbeMask();
 331              		.loc 1 20 41 is_stmt 0 view .LVU73
 332 0052 FFF7FEFF 		bl	Oled_GetAddress7Bit
 333              	.LVL32:
  20:Core/Src/balance_car/display_ui.c ****         g_sensor_state.oled_probe_mask = Oled_GetProbeMask();
 334              		.loc 1 20 39 discriminator 1 view .LVU74
 335 0056 84F82300 		strb	r0, [r4, #35]
  21:Core/Src/balance_car/display_ui.c ****         g_sensor_state.oled_fail_step = Oled_GetFailStep();
 336              		.loc 1 21 9 is_stmt 1 view .LVU75
  21:Core/Src/balance_car/display_ui.c ****         g_sensor_state.oled_fail_step = Oled_GetFailStep();
 337              		.loc 1 21 42 is_stmt 0 view .LVU76
 338 005a FFF7FEFF 		bl	Oled_GetProbeMask
 339              	.LVL33:
  21:Core/Src/balance_car/display_ui.c ****         g_sensor_state.oled_fail_step = Oled_GetFailStep();
ARM GAS  D:\TMP\ccfAJeSe.s 			page 9


 340              		.loc 1 21 40 discriminator 1 view .LVU77
 341 005e 84F82400 		strb	r0, [r4, #36]
  22:Core/Src/balance_car/display_ui.c ****         return status;
 342              		.loc 1 22 9 is_stmt 1 view .LVU78
  22:Core/Src/balance_car/display_ui.c ****         return status;
 343              		.loc 1 22 41 is_stmt 0 view .LVU79
 344 0062 FFF7FEFF 		bl	Oled_GetFailStep
 345              	.LVL34:
  22:Core/Src/balance_car/display_ui.c ****         return status;
 346              		.loc 1 22 39 discriminator 1 view .LVU80
 347 0066 84F82500 		strb	r0, [r4, #37]
  23:Core/Src/balance_car/display_ui.c ****     }
 348              		.loc 1 23 9 is_stmt 1 view .LVU81
  23:Core/Src/balance_car/display_ui.c ****     }
 349              		.loc 1 23 16 is_stmt 0 view .LVU82
 350 006a E9E7     		b	.L14
 351              	.L18:
 352              		.align	2
 353              	.L17:
 354 006c 00000000 		.word	g_sensor_state
 355 0070 00000000 		.word	s_next_text_ms
 356 0074 00000000 		.word	s_next_page_ms
 357              		.cfi_endproc
 358              	.LFE68:
 360              		.section	.text.DisplayUi_Background,"ax",%progbits
 361              		.align	1
 362              		.global	DisplayUi_Background
 363              		.syntax unified
 364              		.thumb
 365              		.thumb_func
 367              	DisplayUi_Background:
 368              	.LFB70:
  64:Core/Src/balance_car/display_ui.c **** 
  65:Core/Src/balance_car/display_ui.c **** void DisplayUi_Background(void)
  66:Core/Src/balance_car/display_ui.c **** {
 369              		.loc 1 66 1 is_stmt 1 view -0
 370              		.cfi_startproc
 371              		@ args = 0, pretend = 0, frame = 0
 372              		@ frame_needed = 0, uses_anonymous_args = 0
  67:Core/Src/balance_car/display_ui.c ****     uint32_t now;
 373              		.loc 1 67 5 view .LVU84
  68:Core/Src/balance_car/display_ui.c **** 
  69:Core/Src/balance_car/display_ui.c ****     if (g_sensor_state.oled_ready == 0U) {
 374              		.loc 1 69 5 view .LVU85
 375              		.loc 1 69 23 is_stmt 0 view .LVU86
 376 0000 184B     		ldr	r3, .L30
 377 0002 93F82230 		ldrb	r3, [r3, #34]	@ zero_extendqisi2
 378              		.loc 1 69 8 view .LVU87
 379 0006 03B9     		cbnz	r3, .L27
 380 0008 7047     		bx	lr
 381              	.L27:
  66:Core/Src/balance_car/display_ui.c ****     uint32_t now;
 382              		.loc 1 66 1 view .LVU88
 383 000a 10B5     		push	{r4, lr}
 384              	.LCFI5:
 385              		.cfi_def_cfa_offset 8
 386              		.cfi_offset 4, -8
ARM GAS  D:\TMP\ccfAJeSe.s 			page 10


 387              		.cfi_offset 14, -4
  70:Core/Src/balance_car/display_ui.c ****         return;
  71:Core/Src/balance_car/display_ui.c ****     }
  72:Core/Src/balance_car/display_ui.c **** 
  73:Core/Src/balance_car/display_ui.c ****     now = HAL_GetTick();
 388              		.loc 1 73 5 is_stmt 1 view .LVU89
 389              		.loc 1 73 11 is_stmt 0 view .LVU90
 390 000c FFF7FEFF 		bl	HAL_GetTick
 391              	.LVL35:
 392 0010 0446     		mov	r4, r0
 393              	.LVL36:
  74:Core/Src/balance_car/display_ui.c ****     if ((int32_t)(now - s_next_text_ms) >= 0) {
 394              		.loc 1 74 5 is_stmt 1 view .LVU91
 395              		.loc 1 74 23 is_stmt 0 view .LVU92
 396 0012 154B     		ldr	r3, .L30+4
 397 0014 1B68     		ldr	r3, [r3]
 398 0016 C31A     		subs	r3, r0, r3
 399              		.loc 1 74 8 view .LVU93
 400 0018 002B     		cmp	r3, #0
 401 001a 05DA     		bge	.L28
 402              	.LVL37:
 403              	.L21:
  75:Core/Src/balance_car/display_ui.c ****         s_next_text_ms = now + DISPLAY_TEXT_PERIOD_MS;
  76:Core/Src/balance_car/display_ui.c ****         DisplayUi_UpdateText();
  77:Core/Src/balance_car/display_ui.c ****     }
  78:Core/Src/balance_car/display_ui.c **** 
  79:Core/Src/balance_car/display_ui.c ****     if ((int32_t)(now - s_next_page_ms) >= 0) {
 404              		.loc 1 79 5 is_stmt 1 view .LVU94
 405              		.loc 1 79 23 is_stmt 0 view .LVU95
 406 001c 134B     		ldr	r3, .L30+8
 407 001e 1B68     		ldr	r3, [r3]
 408 0020 E31A     		subs	r3, r4, r3
 409              		.loc 1 79 8 view .LVU96
 410 0022 002B     		cmp	r3, #0
 411 0024 07DA     		bge	.L29
 412              	.LVL38:
 413              	.L19:
  80:Core/Src/balance_car/display_ui.c ****         s_next_page_ms = now + DISPLAY_PAGE_PERIOD_MS;
  81:Core/Src/balance_car/display_ui.c ****         if (Oled_RefreshNextPage() != HAL_OK) {
  82:Core/Src/balance_car/display_ui.c ****             AppSensors_SetFault(SENSOR_FAULT_OLED_REFRESH);
  83:Core/Src/balance_car/display_ui.c ****             g_sensor_state.oled_ready = 0U;
  84:Core/Src/balance_car/display_ui.c ****             g_sensor_state.oled_fail_step = Oled_GetFailStep();
  85:Core/Src/balance_car/display_ui.c ****         } else {
  86:Core/Src/balance_car/display_ui.c ****             AppSensors_ClearFault(SENSOR_FAULT_OLED_REFRESH);
  87:Core/Src/balance_car/display_ui.c ****         }
  88:Core/Src/balance_car/display_ui.c ****     }
  89:Core/Src/balance_car/display_ui.c **** }
 414              		.loc 1 89 1 view .LVU97
 415 0026 10BD     		pop	{r4, pc}
 416              	.LVL39:
 417              	.L28:
  75:Core/Src/balance_car/display_ui.c ****         s_next_text_ms = now + DISPLAY_TEXT_PERIOD_MS;
 418              		.loc 1 75 9 is_stmt 1 view .LVU98
  75:Core/Src/balance_car/display_ui.c ****         s_next_text_ms = now + DISPLAY_TEXT_PERIOD_MS;
 419              		.loc 1 75 30 is_stmt 0 view .LVU99
 420 0028 00F5FA73 		add	r3, r0, #500
  75:Core/Src/balance_car/display_ui.c ****         s_next_text_ms = now + DISPLAY_TEXT_PERIOD_MS;
ARM GAS  D:\TMP\ccfAJeSe.s 			page 11


 421              		.loc 1 75 24 view .LVU100
 422 002c 0E4A     		ldr	r2, .L30+4
 423 002e 1360     		str	r3, [r2]
  76:Core/Src/balance_car/display_ui.c ****     }
 424              		.loc 1 76 9 is_stmt 1 view .LVU101
 425 0030 FFF7FEFF 		bl	DisplayUi_UpdateText
 426              	.LVL40:
  76:Core/Src/balance_car/display_ui.c ****     }
 427              		.loc 1 76 9 is_stmt 0 view .LVU102
 428 0034 F2E7     		b	.L21
 429              	.L29:
  80:Core/Src/balance_car/display_ui.c ****         s_next_page_ms = now + DISPLAY_PAGE_PERIOD_MS;
 430              		.loc 1 80 9 is_stmt 1 view .LVU103
  80:Core/Src/balance_car/display_ui.c ****         s_next_page_ms = now + DISPLAY_PAGE_PERIOD_MS;
 431              		.loc 1 80 30 is_stmt 0 view .LVU104
 432 0036 1434     		adds	r4, r4, #20
 433              	.LVL41:
  80:Core/Src/balance_car/display_ui.c ****         s_next_page_ms = now + DISPLAY_PAGE_PERIOD_MS;
 434              		.loc 1 80 24 view .LVU105
 435 0038 0C4B     		ldr	r3, .L30+8
 436 003a 1C60     		str	r4, [r3]
  81:Core/Src/balance_car/display_ui.c ****             AppSensors_SetFault(SENSOR_FAULT_OLED_REFRESH);
 437              		.loc 1 81 9 is_stmt 1 view .LVU106
  81:Core/Src/balance_car/display_ui.c ****             AppSensors_SetFault(SENSOR_FAULT_OLED_REFRESH);
 438              		.loc 1 81 13 is_stmt 0 view .LVU107
 439 003c FFF7FEFF 		bl	Oled_RefreshNextPage
 440              	.LVL42:
  81:Core/Src/balance_car/display_ui.c ****             AppSensors_SetFault(SENSOR_FAULT_OLED_REFRESH);
 441              		.loc 1 81 12 discriminator 1 view .LVU108
 442 0040 58B1     		cbz	r0, .L22
  82:Core/Src/balance_car/display_ui.c ****             g_sensor_state.oled_ready = 0U;
 443              		.loc 1 82 13 is_stmt 1 view .LVU109
 444 0042 2020     		movs	r0, #32
 445 0044 FFF7FEFF 		bl	AppSensors_SetFault
 446              	.LVL43:
  83:Core/Src/balance_car/display_ui.c ****             g_sensor_state.oled_fail_step = Oled_GetFailStep();
 447              		.loc 1 83 13 view .LVU110
  83:Core/Src/balance_car/display_ui.c ****             g_sensor_state.oled_fail_step = Oled_GetFailStep();
 448              		.loc 1 83 39 is_stmt 0 view .LVU111
 449 0048 064C     		ldr	r4, .L30
 450              	.LVL44:
  83:Core/Src/balance_car/display_ui.c ****             g_sensor_state.oled_fail_step = Oled_GetFailStep();
 451              		.loc 1 83 39 view .LVU112
 452 004a 0023     		movs	r3, #0
 453 004c 84F82230 		strb	r3, [r4, #34]
  84:Core/Src/balance_car/display_ui.c ****         } else {
 454              		.loc 1 84 13 is_stmt 1 view .LVU113
  84:Core/Src/balance_car/display_ui.c ****         } else {
 455              		.loc 1 84 45 is_stmt 0 view .LVU114
 456 0050 FFF7FEFF 		bl	Oled_GetFailStep
 457              	.LVL45:
  84:Core/Src/balance_car/display_ui.c ****         } else {
 458              		.loc 1 84 43 discriminator 1 view .LVU115
 459 0054 84F82500 		strb	r0, [r4, #37]
 460 0058 E5E7     		b	.L19
 461              	.LVL46:
 462              	.L22:
ARM GAS  D:\TMP\ccfAJeSe.s 			page 12


  86:Core/Src/balance_car/display_ui.c ****         }
 463              		.loc 1 86 13 is_stmt 1 view .LVU116
 464 005a 2020     		movs	r0, #32
 465 005c FFF7FEFF 		bl	AppSensors_ClearFault
 466              	.LVL47:
 467 0060 E1E7     		b	.L19
 468              	.L31:
 469 0062 00BF     		.align	2
 470              	.L30:
 471 0064 00000000 		.word	g_sensor_state
 472 0068 00000000 		.word	s_next_text_ms
 473 006c 00000000 		.word	s_next_page_ms
 474              		.cfi_endproc
 475              	.LFE70:
 477              		.section	.bss.s_next_page_ms,"aw",%nobits
 478              		.align	2
 481              	s_next_page_ms:
 482 0000 00000000 		.space	4
 483              		.section	.bss.s_next_text_ms,"aw",%nobits
 484              		.align	2
 487              	s_next_text_ms:
 488 0000 00000000 		.space	4
 489              		.text
 490              	.Letext0:
 491              		.file 2 "F:/Msys2/mingw64/arm-none-eabi/include/machine/_default_types.h"
 492              		.file 3 "F:/Msys2/mingw64/arm-none-eabi/include/sys/_stdint.h"
 493              		.file 4 "F:/Msys2/mingw64/lib/gcc/arm-none-eabi/13.3.0/include/stddef.h"
 494              		.file 5 "Drivers/STM32F1xx_HAL_Driver/Inc/stm32f1xx_hal_def.h"
 495              		.file 6 "Core/Inc/balance_car/app_sensors.h"
 496              		.file 7 "Core/Inc/balance_car/oled_ssd1306.h"
 497              		.file 8 "Drivers/STM32F1xx_HAL_Driver/Inc/stm32f1xx_hal.h"
 498              		.file 9 "F:/Msys2/mingw64/arm-none-eabi/include/stdio.h"
ARM GAS  D:\TMP\ccfAJeSe.s 			page 13


DEFINED SYMBOLS
                            *ABS*:00000000 display_ui.c
   D:\TMP\ccfAJeSe.s:22     .rodata.DisplayUi_UpdateText.str1.4:00000000 $d
   D:\TMP\ccfAJeSe.s:41     .text.DisplayUi_UpdateText:00000000 $t
   D:\TMP\ccfAJeSe.s:46     .text.DisplayUi_UpdateText:00000000 DisplayUi_UpdateText
   D:\TMP\ccfAJeSe.s:229    .text.DisplayUi_UpdateText:000000f4 $d
   D:\TMP\ccfAJeSe.s:242    .text.DisplayUi_Init:00000000 $t
   D:\TMP\ccfAJeSe.s:248    .text.DisplayUi_Init:00000000 DisplayUi_Init
   D:\TMP\ccfAJeSe.s:354    .text.DisplayUi_Init:0000006c $d
   D:\TMP\ccfAJeSe.s:487    .bss.s_next_text_ms:00000000 s_next_text_ms
   D:\TMP\ccfAJeSe.s:481    .bss.s_next_page_ms:00000000 s_next_page_ms
   D:\TMP\ccfAJeSe.s:361    .text.DisplayUi_Background:00000000 $t
   D:\TMP\ccfAJeSe.s:367    .text.DisplayUi_Background:00000000 DisplayUi_Background
   D:\TMP\ccfAJeSe.s:471    .text.DisplayUi_Background:00000064 $d
   D:\TMP\ccfAJeSe.s:478    .bss.s_next_page_ms:00000000 $d
   D:\TMP\ccfAJeSe.s:484    .bss.s_next_text_ms:00000000 $d

UNDEFINED SYMBOLS
__aeabi_fmul
__aeabi_f2iz
__aeabi_fadd
Oled_Clear
snprintf
Oled_WriteString
g_sensor_state
Oled_Init
AppSensors_ClearFault
Oled_GetAddress7Bit
Oled_GetProbeMask
Oled_GetFailStep
HAL_GetTick
AppSensors_SetFault
Oled_RefreshNextPage
