ARM GAS  D:\TMP\cc3hKz8e.s 			page 1


   1              		.cpu cortex-m3
   2              		.arch armv7-m
   3              		.fpu softvfp
   4              		.eabi_attribute 20, 1
   5              		.eabi_attribute 21, 1
   6              		.eabi_attribute 23, 3
   7              		.eabi_attribute 24, 1
   8              		.eabi_attribute 25, 1
   9              		.eabi_attribute 26, 1
  10              		.eabi_attribute 30, 1
  11              		.eabi_attribute 34, 1
  12              		.eabi_attribute 18, 4
  13              		.file	"fsr_adc.c"
  14              		.text
  15              	.Ltext0:
  16              		.cfi_sections	.debug_frame
  17              		.file 1 "Core/Src/balance_car/fsr_adc.c"
  18              		.section	.text.FsrAdc_Init,"ax",%progbits
  19              		.align	1
  20              		.global	FsrAdc_Init
  21              		.syntax unified
  22              		.thumb
  23              		.thumb_func
  25              	FsrAdc_Init:
  26              	.LFB65:
   1:Core/Src/balance_car/fsr_adc.c **** #include "balance_car/fsr_adc.h"
   2:Core/Src/balance_car/fsr_adc.c **** 
   3:Core/Src/balance_car/fsr_adc.c **** #define FSR_ADC_MAX_COUNTS 4095U
   4:Core/Src/balance_car/fsr_adc.c **** #define FSR_ADC_VREF_MV    3300U
   5:Core/Src/balance_car/fsr_adc.c **** 
   6:Core/Src/balance_car/fsr_adc.c **** static ADC_HandleTypeDef s_hadc1;
   7:Core/Src/balance_car/fsr_adc.c **** 
   8:Core/Src/balance_car/fsr_adc.c **** HAL_StatusTypeDef FsrAdc_Init(void)
   9:Core/Src/balance_car/fsr_adc.c **** {
  27              		.loc 1 9 1 view -0
  28              		.cfi_startproc
  29              		@ args = 0, pretend = 0, frame = 16
  30              		@ frame_needed = 0, uses_anonymous_args = 0
  31 0000 00B5     		push	{lr}
  32              	.LCFI0:
  33              		.cfi_def_cfa_offset 4
  34              		.cfi_offset 14, -4
  35 0002 85B0     		sub	sp, sp, #20
  36              	.LCFI1:
  37              		.cfi_def_cfa_offset 24
  10:Core/Src/balance_car/fsr_adc.c ****     ADC_ChannelConfTypeDef channel = {0};
  38              		.loc 1 10 5 view .LVU1
  39              		.loc 1 10 28 is_stmt 0 view .LVU2
  40 0004 0023     		movs	r3, #0
  41 0006 0193     		str	r3, [sp, #4]
  42 0008 0293     		str	r3, [sp, #8]
  43 000a 0393     		str	r3, [sp, #12]
  11:Core/Src/balance_car/fsr_adc.c **** 
  12:Core/Src/balance_car/fsr_adc.c ****     __HAL_RCC_ADC_CONFIG(RCC_ADCPCLK2_DIV8);
  44              		.loc 1 12 5 is_stmt 1 view .LVU3
  45 000c 1A4A     		ldr	r2, .L9
  46 000e 5168     		ldr	r1, [r2, #4]
ARM GAS  D:\TMP\cc3hKz8e.s 			page 2


  47 0010 41F44041 		orr	r1, r1, #49152
  48 0014 5160     		str	r1, [r2, #4]
  13:Core/Src/balance_car/fsr_adc.c ****     __HAL_RCC_ADC1_CLK_ENABLE();
  49              		.loc 1 13 5 view .LVU4
  50              	.LBB2:
  51              		.loc 1 13 5 view .LVU5
  52              		.loc 1 13 5 view .LVU6
  53 0016 9169     		ldr	r1, [r2, #24]
  54 0018 41F40071 		orr	r1, r1, #512
  55 001c 9161     		str	r1, [r2, #24]
  56              		.loc 1 13 5 view .LVU7
  57 001e 9269     		ldr	r2, [r2, #24]
  58 0020 02F40072 		and	r2, r2, #512
  59 0024 0092     		str	r2, [sp]
  60              		.loc 1 13 5 view .LVU8
  61 0026 009A     		ldr	r2, [sp]
  62              	.LBE2:
  63              		.loc 1 13 5 view .LVU9
  14:Core/Src/balance_car/fsr_adc.c **** 
  15:Core/Src/balance_car/fsr_adc.c ****     s_hadc1.Instance = ADC1;
  64              		.loc 1 15 5 view .LVU10
  65              		.loc 1 15 22 is_stmt 0 view .LVU11
  66 0028 1448     		ldr	r0, .L9+4
  67 002a 154A     		ldr	r2, .L9+8
  68 002c 0260     		str	r2, [r0]
  16:Core/Src/balance_car/fsr_adc.c ****     s_hadc1.Init.ScanConvMode = ADC_SCAN_DISABLE;
  69              		.loc 1 16 5 is_stmt 1 view .LVU12
  70              		.loc 1 16 31 is_stmt 0 view .LVU13
  71 002e 8360     		str	r3, [r0, #8]
  17:Core/Src/balance_car/fsr_adc.c ****     s_hadc1.Init.ContinuousConvMode = DISABLE;
  72              		.loc 1 17 5 is_stmt 1 view .LVU14
  73              		.loc 1 17 37 is_stmt 0 view .LVU15
  74 0030 0373     		strb	r3, [r0, #12]
  18:Core/Src/balance_car/fsr_adc.c ****     s_hadc1.Init.DiscontinuousConvMode = DISABLE;
  75              		.loc 1 18 5 is_stmt 1 view .LVU16
  76              		.loc 1 18 40 is_stmt 0 view .LVU17
  77 0032 0375     		strb	r3, [r0, #20]
  19:Core/Src/balance_car/fsr_adc.c ****     s_hadc1.Init.ExternalTrigConv = ADC_SOFTWARE_START;
  78              		.loc 1 19 5 is_stmt 1 view .LVU18
  79              		.loc 1 19 35 is_stmt 0 view .LVU19
  80 0034 4FF46022 		mov	r2, #917504
  81 0038 C261     		str	r2, [r0, #28]
  20:Core/Src/balance_car/fsr_adc.c ****     s_hadc1.Init.DataAlign = ADC_DATAALIGN_RIGHT;
  82              		.loc 1 20 5 is_stmt 1 view .LVU20
  83              		.loc 1 20 28 is_stmt 0 view .LVU21
  84 003a 4360     		str	r3, [r0, #4]
  21:Core/Src/balance_car/fsr_adc.c ****     s_hadc1.Init.NbrOfConversion = 1U;
  85              		.loc 1 21 5 is_stmt 1 view .LVU22
  86              		.loc 1 21 34 is_stmt 0 view .LVU23
  87 003c 0123     		movs	r3, #1
  88 003e 0361     		str	r3, [r0, #16]
  22:Core/Src/balance_car/fsr_adc.c **** 
  23:Core/Src/balance_car/fsr_adc.c ****     if (HAL_ADC_Init(&s_hadc1) != HAL_OK) {
  89              		.loc 1 23 5 is_stmt 1 view .LVU24
  90              		.loc 1 23 9 is_stmt 0 view .LVU25
  91 0040 FFF7FEFF 		bl	HAL_ADC_Init
  92              	.LVL0:
ARM GAS  D:\TMP\cc3hKz8e.s 			page 3


  93              		.loc 1 23 8 discriminator 1 view .LVU26
  94 0044 18B1     		cbz	r0, .L7
  24:Core/Src/balance_car/fsr_adc.c ****         return HAL_ERROR;
  95              		.loc 1 24 16 view .LVU27
  96 0046 0120     		movs	r0, #1
  97              	.L2:
  25:Core/Src/balance_car/fsr_adc.c ****     }
  26:Core/Src/balance_car/fsr_adc.c **** 
  27:Core/Src/balance_car/fsr_adc.c ****     channel.Channel = ADC_CHANNEL_2;
  28:Core/Src/balance_car/fsr_adc.c ****     channel.Rank = ADC_REGULAR_RANK_1;
  29:Core/Src/balance_car/fsr_adc.c ****     channel.SamplingTime = ADC_SAMPLETIME_239CYCLES_5;
  30:Core/Src/balance_car/fsr_adc.c ****     if (HAL_ADC_ConfigChannel(&s_hadc1, &channel) != HAL_OK) {
  31:Core/Src/balance_car/fsr_adc.c ****         return HAL_ERROR;
  32:Core/Src/balance_car/fsr_adc.c ****     }
  33:Core/Src/balance_car/fsr_adc.c **** 
  34:Core/Src/balance_car/fsr_adc.c ****     if (HAL_ADCEx_Calibration_Start(&s_hadc1) != HAL_OK) {
  35:Core/Src/balance_car/fsr_adc.c ****         return HAL_ERROR;
  36:Core/Src/balance_car/fsr_adc.c ****     }
  37:Core/Src/balance_car/fsr_adc.c **** 
  38:Core/Src/balance_car/fsr_adc.c ****     return HAL_OK;
  39:Core/Src/balance_car/fsr_adc.c **** }
  98              		.loc 1 39 1 view .LVU28
  99 0048 05B0     		add	sp, sp, #20
 100              	.LCFI2:
 101              		.cfi_remember_state
 102              		.cfi_def_cfa_offset 4
 103              		@ sp needed
 104 004a 5DF804FB 		ldr	pc, [sp], #4
 105              	.L7:
 106              	.LCFI3:
 107              		.cfi_restore_state
  27:Core/Src/balance_car/fsr_adc.c ****     channel.Rank = ADC_REGULAR_RANK_1;
 108              		.loc 1 27 5 is_stmt 1 view .LVU29
  27:Core/Src/balance_car/fsr_adc.c ****     channel.Rank = ADC_REGULAR_RANK_1;
 109              		.loc 1 27 21 is_stmt 0 view .LVU30
 110 004e 0223     		movs	r3, #2
 111 0050 0193     		str	r3, [sp, #4]
  28:Core/Src/balance_car/fsr_adc.c ****     channel.SamplingTime = ADC_SAMPLETIME_239CYCLES_5;
 112              		.loc 1 28 5 is_stmt 1 view .LVU31
  28:Core/Src/balance_car/fsr_adc.c ****     channel.SamplingTime = ADC_SAMPLETIME_239CYCLES_5;
 113              		.loc 1 28 18 is_stmt 0 view .LVU32
 114 0052 0123     		movs	r3, #1
 115 0054 0293     		str	r3, [sp, #8]
  29:Core/Src/balance_car/fsr_adc.c ****     if (HAL_ADC_ConfigChannel(&s_hadc1, &channel) != HAL_OK) {
 116              		.loc 1 29 5 is_stmt 1 view .LVU33
  29:Core/Src/balance_car/fsr_adc.c ****     if (HAL_ADC_ConfigChannel(&s_hadc1, &channel) != HAL_OK) {
 117              		.loc 1 29 26 is_stmt 0 view .LVU34
 118 0056 0723     		movs	r3, #7
 119 0058 0393     		str	r3, [sp, #12]
  30:Core/Src/balance_car/fsr_adc.c ****         return HAL_ERROR;
 120              		.loc 1 30 5 is_stmt 1 view .LVU35
  30:Core/Src/balance_car/fsr_adc.c ****         return HAL_ERROR;
 121              		.loc 1 30 9 is_stmt 0 view .LVU36
 122 005a 01A9     		add	r1, sp, #4
 123 005c 0748     		ldr	r0, .L9+4
 124 005e FFF7FEFF 		bl	HAL_ADC_ConfigChannel
 125              	.LVL1:
ARM GAS  D:\TMP\cc3hKz8e.s 			page 4


  30:Core/Src/balance_car/fsr_adc.c ****         return HAL_ERROR;
 126              		.loc 1 30 8 discriminator 1 view .LVU37
 127 0062 08B1     		cbz	r0, .L8
  31:Core/Src/balance_car/fsr_adc.c ****     }
 128              		.loc 1 31 16 view .LVU38
 129 0064 0120     		movs	r0, #1
 130 0066 EFE7     		b	.L2
 131              	.L8:
  34:Core/Src/balance_car/fsr_adc.c ****         return HAL_ERROR;
 132              		.loc 1 34 5 is_stmt 1 view .LVU39
  34:Core/Src/balance_car/fsr_adc.c ****         return HAL_ERROR;
 133              		.loc 1 34 9 is_stmt 0 view .LVU40
 134 0068 0448     		ldr	r0, .L9+4
 135 006a FFF7FEFF 		bl	HAL_ADCEx_Calibration_Start
 136              	.LVL2:
  34:Core/Src/balance_car/fsr_adc.c ****         return HAL_ERROR;
 137              		.loc 1 34 8 discriminator 1 view .LVU41
 138 006e 0028     		cmp	r0, #0
 139 0070 EAD0     		beq	.L2
  35:Core/Src/balance_car/fsr_adc.c ****     }
 140              		.loc 1 35 16 view .LVU42
 141 0072 0120     		movs	r0, #1
 142 0074 E8E7     		b	.L2
 143              	.L10:
 144 0076 00BF     		.align	2
 145              	.L9:
 146 0078 00100240 		.word	1073876992
 147 007c 00000000 		.word	s_hadc1
 148 0080 00240140 		.word	1073816576
 149              		.cfi_endproc
 150              	.LFE65:
 152              		.section	.text.FsrAdc_Read,"ax",%progbits
 153              		.align	1
 154              		.global	FsrAdc_Read
 155              		.syntax unified
 156              		.thumb
 157              		.thumb_func
 159              	FsrAdc_Read:
 160              	.LVL3:
 161              	.LFB66:
  40:Core/Src/balance_car/fsr_adc.c **** 
  41:Core/Src/balance_car/fsr_adc.c **** HAL_StatusTypeDef FsrAdc_Read(uint16_t *adc_raw, uint16_t *voltage_mv)
  42:Core/Src/balance_car/fsr_adc.c **** {
 162              		.loc 1 42 1 is_stmt 1 view -0
 163              		.cfi_startproc
 164              		@ args = 0, pretend = 0, frame = 0
 165              		@ frame_needed = 0, uses_anonymous_args = 0
 166              		.loc 1 42 1 is_stmt 0 view .LVU44
 167 0000 2DE9F041 		push	{r4, r5, r6, r7, r8, lr}
 168              	.LCFI4:
 169              		.cfi_def_cfa_offset 24
 170              		.cfi_offset 4, -24
 171              		.cfi_offset 5, -20
 172              		.cfi_offset 6, -16
 173              		.cfi_offset 7, -12
 174              		.cfi_offset 8, -8
 175              		.cfi_offset 14, -4
ARM GAS  D:\TMP\cc3hKz8e.s 			page 5


  43:Core/Src/balance_car/fsr_adc.c ****     uint32_t value;
 176              		.loc 1 43 5 is_stmt 1 view .LVU45
  44:Core/Src/balance_car/fsr_adc.c **** 
  45:Core/Src/balance_car/fsr_adc.c ****     if (adc_raw == 0 || voltage_mv == 0) {
 177              		.loc 1 45 5 view .LVU46
 178              		.loc 1 45 8 is_stmt 0 view .LVU47
 179 0004 68B3     		cbz	r0, .L14
 180 0006 0C46     		mov	r4, r1
 181 0008 0746     		mov	r7, r0
 182              		.loc 1 45 22 discriminator 1 view .LVU48
 183 000a 61B3     		cbz	r1, .L15
  46:Core/Src/balance_car/fsr_adc.c ****         return HAL_ERROR;
  47:Core/Src/balance_car/fsr_adc.c ****     }
  48:Core/Src/balance_car/fsr_adc.c **** 
  49:Core/Src/balance_car/fsr_adc.c ****     if (HAL_ADC_Start(&s_hadc1) != HAL_OK) {
 184              		.loc 1 49 5 is_stmt 1 view .LVU49
 185              		.loc 1 49 9 is_stmt 0 view .LVU50
 186 000c 1748     		ldr	r0, .L20
 187              	.LVL4:
 188              		.loc 1 49 9 view .LVU51
 189 000e FFF7FEFF 		bl	HAL_ADC_Start
 190              	.LVL5:
 191              		.loc 1 49 8 discriminator 1 view .LVU52
 192 0012 18B1     		cbz	r0, .L18
  50:Core/Src/balance_car/fsr_adc.c ****         return HAL_ERROR;
 193              		.loc 1 50 16 view .LVU53
 194 0014 0126     		movs	r6, #1
 195              	.LVL6:
 196              	.L12:
  51:Core/Src/balance_car/fsr_adc.c ****     }
  52:Core/Src/balance_car/fsr_adc.c ****     if (HAL_ADC_PollForConversion(&s_hadc1, 5U) != HAL_OK) {
  53:Core/Src/balance_car/fsr_adc.c ****         (void)HAL_ADC_Stop(&s_hadc1);
  54:Core/Src/balance_car/fsr_adc.c ****         return HAL_TIMEOUT;
  55:Core/Src/balance_car/fsr_adc.c ****     }
  56:Core/Src/balance_car/fsr_adc.c **** 
  57:Core/Src/balance_car/fsr_adc.c ****     value = HAL_ADC_GetValue(&s_hadc1);
  58:Core/Src/balance_car/fsr_adc.c ****     (void)HAL_ADC_Stop(&s_hadc1);
  59:Core/Src/balance_car/fsr_adc.c **** 
  60:Core/Src/balance_car/fsr_adc.c ****     *adc_raw = (uint16_t)value;
  61:Core/Src/balance_car/fsr_adc.c ****     *voltage_mv = (uint16_t)((value * FSR_ADC_VREF_MV) / FSR_ADC_MAX_COUNTS);
  62:Core/Src/balance_car/fsr_adc.c ****     return HAL_OK;
  63:Core/Src/balance_car/fsr_adc.c **** }
 197              		.loc 1 63 1 view .LVU54
 198 0016 3046     		mov	r0, r6
 199 0018 BDE8F081 		pop	{r4, r5, r6, r7, r8, pc}
 200              	.LVL7:
 201              	.L18:
  52:Core/Src/balance_car/fsr_adc.c ****         (void)HAL_ADC_Stop(&s_hadc1);
 202              		.loc 1 52 5 is_stmt 1 view .LVU55
  52:Core/Src/balance_car/fsr_adc.c ****         (void)HAL_ADC_Stop(&s_hadc1);
 203              		.loc 1 52 9 is_stmt 0 view .LVU56
 204 001c 0521     		movs	r1, #5
 205 001e 1348     		ldr	r0, .L20
 206 0020 FFF7FEFF 		bl	HAL_ADC_PollForConversion
 207              	.LVL8:
  52:Core/Src/balance_car/fsr_adc.c ****         (void)HAL_ADC_Stop(&s_hadc1);
 208              		.loc 1 52 8 discriminator 1 view .LVU57
ARM GAS  D:\TMP\cc3hKz8e.s 			page 6


 209 0024 0646     		mov	r6, r0
 210 0026 B8B9     		cbnz	r0, .L19
  57:Core/Src/balance_car/fsr_adc.c ****     (void)HAL_ADC_Stop(&s_hadc1);
 211              		.loc 1 57 5 is_stmt 1 view .LVU58
  57:Core/Src/balance_car/fsr_adc.c ****     (void)HAL_ADC_Stop(&s_hadc1);
 212              		.loc 1 57 13 is_stmt 0 view .LVU59
 213 0028 DFF84080 		ldr	r8, .L20
 214 002c 4046     		mov	r0, r8
 215 002e FFF7FEFF 		bl	HAL_ADC_GetValue
 216              	.LVL9:
 217 0032 0546     		mov	r5, r0
 218              	.LVL10:
  58:Core/Src/balance_car/fsr_adc.c **** 
 219              		.loc 1 58 5 is_stmt 1 view .LVU60
  58:Core/Src/balance_car/fsr_adc.c **** 
 220              		.loc 1 58 11 is_stmt 0 view .LVU61
 221 0034 4046     		mov	r0, r8
 222              	.LVL11:
  58:Core/Src/balance_car/fsr_adc.c **** 
 223              		.loc 1 58 11 view .LVU62
 224 0036 FFF7FEFF 		bl	HAL_ADC_Stop
 225              	.LVL12:
  60:Core/Src/balance_car/fsr_adc.c ****     *voltage_mv = (uint16_t)((value * FSR_ADC_VREF_MV) / FSR_ADC_MAX_COUNTS);
 226              		.loc 1 60 5 is_stmt 1 view .LVU63
  60:Core/Src/balance_car/fsr_adc.c ****     *voltage_mv = (uint16_t)((value * FSR_ADC_VREF_MV) / FSR_ADC_MAX_COUNTS);
 227              		.loc 1 60 14 is_stmt 0 view .LVU64
 228 003a 3D80     		strh	r5, [r7]	@ movhi
  61:Core/Src/balance_car/fsr_adc.c ****     return HAL_OK;
 229              		.loc 1 61 5 is_stmt 1 view .LVU65
  61:Core/Src/balance_car/fsr_adc.c ****     return HAL_OK;
 230              		.loc 1 61 37 is_stmt 0 view .LVU66
 231 003c 40F6E443 		movw	r3, #3300
 232 0040 03FB05F5 		mul	r5, r3, r5
 233              	.LVL13:
  61:Core/Src/balance_car/fsr_adc.c ****     return HAL_OK;
 234              		.loc 1 61 56 view .LVU67
 235 0044 0A4B     		ldr	r3, .L20+4
 236 0046 A3FB0523 		umull	r2, r3, r3, r5
 237 004a ED1A     		subs	r5, r5, r3
 238 004c 03EB5503 		add	r3, r3, r5, lsr #1
  61:Core/Src/balance_car/fsr_adc.c ****     return HAL_OK;
 239              		.loc 1 61 19 view .LVU68
 240 0050 C3F3CF23 		ubfx	r3, r3, #11, #16
  61:Core/Src/balance_car/fsr_adc.c ****     return HAL_OK;
 241              		.loc 1 61 17 view .LVU69
 242 0054 2380     		strh	r3, [r4]	@ movhi
  62:Core/Src/balance_car/fsr_adc.c **** }
 243              		.loc 1 62 5 is_stmt 1 view .LVU70
  62:Core/Src/balance_car/fsr_adc.c **** }
 244              		.loc 1 62 12 is_stmt 0 view .LVU71
 245 0056 DEE7     		b	.L12
 246              	.LVL14:
 247              	.L19:
  53:Core/Src/balance_car/fsr_adc.c ****         return HAL_TIMEOUT;
 248              		.loc 1 53 9 is_stmt 1 view .LVU72
  53:Core/Src/balance_car/fsr_adc.c ****         return HAL_TIMEOUT;
 249              		.loc 1 53 15 is_stmt 0 view .LVU73
ARM GAS  D:\TMP\cc3hKz8e.s 			page 7


 250 0058 0448     		ldr	r0, .L20
 251 005a FFF7FEFF 		bl	HAL_ADC_Stop
 252              	.LVL15:
  54:Core/Src/balance_car/fsr_adc.c ****     }
 253              		.loc 1 54 9 is_stmt 1 view .LVU74
  54:Core/Src/balance_car/fsr_adc.c ****     }
 254              		.loc 1 54 16 is_stmt 0 view .LVU75
 255 005e 0326     		movs	r6, #3
 256 0060 D9E7     		b	.L12
 257              	.LVL16:
 258              	.L14:
  46:Core/Src/balance_car/fsr_adc.c ****     }
 259              		.loc 1 46 16 view .LVU76
 260 0062 0126     		movs	r6, #1
 261 0064 D7E7     		b	.L12
 262              	.L15:
  46:Core/Src/balance_car/fsr_adc.c ****     }
 263              		.loc 1 46 16 view .LVU77
 264 0066 0126     		movs	r6, #1
 265 0068 D5E7     		b	.L12
 266              	.L21:
 267 006a 00BF     		.align	2
 268              	.L20:
 269 006c 00000000 		.word	s_hadc1
 270 0070 01011000 		.word	1048833
 271              		.cfi_endproc
 272              	.LFE66:
 274              		.section	.text.HAL_ADC_MspInit,"ax",%progbits
 275              		.align	1
 276              		.global	HAL_ADC_MspInit
 277              		.syntax unified
 278              		.thumb
 279              		.thumb_func
 281              	HAL_ADC_MspInit:
 282              	.LVL17:
 283              	.LFB67:
  64:Core/Src/balance_car/fsr_adc.c **** 
  65:Core/Src/balance_car/fsr_adc.c **** void HAL_ADC_MspInit(ADC_HandleTypeDef *hadc)
  66:Core/Src/balance_car/fsr_adc.c **** {
 284              		.loc 1 66 1 is_stmt 1 view -0
 285              		.cfi_startproc
 286              		@ args = 0, pretend = 0, frame = 24
 287              		@ frame_needed = 0, uses_anonymous_args = 0
 288              		.loc 1 66 1 is_stmt 0 view .LVU79
 289 0000 00B5     		push	{lr}
 290              	.LCFI5:
 291              		.cfi_def_cfa_offset 4
 292              		.cfi_offset 14, -4
 293 0002 87B0     		sub	sp, sp, #28
 294              	.LCFI6:
 295              		.cfi_def_cfa_offset 32
  67:Core/Src/balance_car/fsr_adc.c ****     GPIO_InitTypeDef gpio = {0};
 296              		.loc 1 67 5 is_stmt 1 view .LVU80
 297              		.loc 1 67 22 is_stmt 0 view .LVU81
 298 0004 0023     		movs	r3, #0
 299 0006 0293     		str	r3, [sp, #8]
 300 0008 0393     		str	r3, [sp, #12]
ARM GAS  D:\TMP\cc3hKz8e.s 			page 8


 301 000a 0493     		str	r3, [sp, #16]
 302 000c 0593     		str	r3, [sp, #20]
  68:Core/Src/balance_car/fsr_adc.c **** 
  69:Core/Src/balance_car/fsr_adc.c ****     if (hadc->Instance != ADC1) {
 303              		.loc 1 69 5 is_stmt 1 view .LVU82
 304              		.loc 1 69 13 is_stmt 0 view .LVU83
 305 000e 0268     		ldr	r2, [r0]
 306              		.loc 1 69 8 view .LVU84
 307 0010 0C4B     		ldr	r3, .L27
 308 0012 9A42     		cmp	r2, r3
 309 0014 02D0     		beq	.L26
 310              	.LVL18:
 311              	.L22:
  70:Core/Src/balance_car/fsr_adc.c ****         return;
  71:Core/Src/balance_car/fsr_adc.c ****     }
  72:Core/Src/balance_car/fsr_adc.c **** 
  73:Core/Src/balance_car/fsr_adc.c ****     __HAL_RCC_GPIOA_CLK_ENABLE();
  74:Core/Src/balance_car/fsr_adc.c **** 
  75:Core/Src/balance_car/fsr_adc.c ****     gpio.Pin = GPIO_PIN_2;
  76:Core/Src/balance_car/fsr_adc.c ****     gpio.Mode = GPIO_MODE_ANALOG;
  77:Core/Src/balance_car/fsr_adc.c ****     HAL_GPIO_Init(GPIOA, &gpio);
  78:Core/Src/balance_car/fsr_adc.c **** }
 312              		.loc 1 78 1 view .LVU85
 313 0016 07B0     		add	sp, sp, #28
 314              	.LCFI7:
 315              		.cfi_remember_state
 316              		.cfi_def_cfa_offset 4
 317              		@ sp needed
 318 0018 5DF804FB 		ldr	pc, [sp], #4
 319              	.LVL19:
 320              	.L26:
 321              	.LCFI8:
 322              		.cfi_restore_state
  73:Core/Src/balance_car/fsr_adc.c **** 
 323              		.loc 1 73 5 is_stmt 1 view .LVU86
 324              	.LBB3:
  73:Core/Src/balance_car/fsr_adc.c **** 
 325              		.loc 1 73 5 view .LVU87
  73:Core/Src/balance_car/fsr_adc.c **** 
 326              		.loc 1 73 5 view .LVU88
 327 001c 03F56C43 		add	r3, r3, #60416
 328 0020 9A69     		ldr	r2, [r3, #24]
 329 0022 42F00402 		orr	r2, r2, #4
 330 0026 9A61     		str	r2, [r3, #24]
  73:Core/Src/balance_car/fsr_adc.c **** 
 331              		.loc 1 73 5 view .LVU89
 332 0028 9B69     		ldr	r3, [r3, #24]
 333 002a 03F00403 		and	r3, r3, #4
 334 002e 0193     		str	r3, [sp, #4]
  73:Core/Src/balance_car/fsr_adc.c **** 
 335              		.loc 1 73 5 view .LVU90
 336 0030 019B     		ldr	r3, [sp, #4]
 337              	.LBE3:
  73:Core/Src/balance_car/fsr_adc.c **** 
 338              		.loc 1 73 5 view .LVU91
  75:Core/Src/balance_car/fsr_adc.c ****     gpio.Mode = GPIO_MODE_ANALOG;
 339              		.loc 1 75 5 view .LVU92
ARM GAS  D:\TMP\cc3hKz8e.s 			page 9


  75:Core/Src/balance_car/fsr_adc.c ****     gpio.Mode = GPIO_MODE_ANALOG;
 340              		.loc 1 75 14 is_stmt 0 view .LVU93
 341 0032 0423     		movs	r3, #4
 342 0034 0293     		str	r3, [sp, #8]
  76:Core/Src/balance_car/fsr_adc.c ****     HAL_GPIO_Init(GPIOA, &gpio);
 343              		.loc 1 76 5 is_stmt 1 view .LVU94
  76:Core/Src/balance_car/fsr_adc.c ****     HAL_GPIO_Init(GPIOA, &gpio);
 344              		.loc 1 76 15 is_stmt 0 view .LVU95
 345 0036 0323     		movs	r3, #3
 346 0038 0393     		str	r3, [sp, #12]
  77:Core/Src/balance_car/fsr_adc.c **** }
 347              		.loc 1 77 5 is_stmt 1 view .LVU96
 348 003a 02A9     		add	r1, sp, #8
 349 003c 0248     		ldr	r0, .L27+4
 350              	.LVL20:
  77:Core/Src/balance_car/fsr_adc.c **** }
 351              		.loc 1 77 5 is_stmt 0 view .LVU97
 352 003e FFF7FEFF 		bl	HAL_GPIO_Init
 353              	.LVL21:
 354 0042 E8E7     		b	.L22
 355              	.L28:
 356              		.align	2
 357              	.L27:
 358 0044 00240140 		.word	1073816576
 359 0048 00080140 		.word	1073809408
 360              		.cfi_endproc
 361              	.LFE67:
 363              		.section	.bss.s_hadc1,"aw",%nobits
 364              		.align	2
 367              	s_hadc1:
 368 0000 00000000 		.space	48
 368      00000000 
 368      00000000 
 368      00000000 
 368      00000000 
 369              		.text
 370              	.Letext0:
 371              		.file 2 "F:/Msys2/mingw64/arm-none-eabi/include/machine/_default_types.h"
 372              		.file 3 "F:/Msys2/mingw64/arm-none-eabi/include/sys/_stdint.h"
 373              		.file 4 "Drivers/CMSIS/Device/ST/STM32F1xx/Include/stm32f103xb.h"
 374              		.file 5 "Drivers/CMSIS/Device/ST/STM32F1xx/Include/stm32f1xx.h"
 375              		.file 6 "Drivers/STM32F1xx_HAL_Driver/Inc/stm32f1xx_hal_def.h"
 376              		.file 7 "Drivers/STM32F1xx_HAL_Driver/Inc/stm32f1xx_hal_gpio.h"
 377              		.file 8 "Drivers/STM32F1xx_HAL_Driver/Inc/stm32f1xx_hal_dma.h"
 378              		.file 9 "Drivers/STM32F1xx_HAL_Driver/Inc/stm32f1xx_hal_adc.h"
 379              		.file 10 "Drivers/STM32F1xx_HAL_Driver/Inc/stm32f1xx_hal_adc_ex.h"
ARM GAS  D:\TMP\cc3hKz8e.s 			page 10


DEFINED SYMBOLS
                            *ABS*:00000000 fsr_adc.c
   D:\TMP\cc3hKz8e.s:19     .text.FsrAdc_Init:00000000 $t
   D:\TMP\cc3hKz8e.s:25     .text.FsrAdc_Init:00000000 FsrAdc_Init
   D:\TMP\cc3hKz8e.s:146    .text.FsrAdc_Init:00000078 $d
   D:\TMP\cc3hKz8e.s:367    .bss.s_hadc1:00000000 s_hadc1
   D:\TMP\cc3hKz8e.s:153    .text.FsrAdc_Read:00000000 $t
   D:\TMP\cc3hKz8e.s:159    .text.FsrAdc_Read:00000000 FsrAdc_Read
   D:\TMP\cc3hKz8e.s:269    .text.FsrAdc_Read:0000006c $d
   D:\TMP\cc3hKz8e.s:275    .text.HAL_ADC_MspInit:00000000 $t
   D:\TMP\cc3hKz8e.s:281    .text.HAL_ADC_MspInit:00000000 HAL_ADC_MspInit
   D:\TMP\cc3hKz8e.s:358    .text.HAL_ADC_MspInit:00000044 $d
   D:\TMP\cc3hKz8e.s:364    .bss.s_hadc1:00000000 $d

UNDEFINED SYMBOLS
HAL_ADC_Init
HAL_ADC_ConfigChannel
HAL_ADCEx_Calibration_Start
HAL_ADC_Start
HAL_ADC_PollForConversion
HAL_ADC_GetValue
HAL_ADC_Stop
HAL_GPIO_Init
