ARM GAS  D:\TMP\ccKlnGxE.s 			page 1


   1              		.cpu cortex-m3
   2              		.arch armv7-m
   3              		.fpu softvfp
   4              		.eabi_attribute 20, 1
   5              		.eabi_attribute 21, 1
   6              		.eabi_attribute 23, 3
   7              		.eabi_attribute 24, 1
   8              		.eabi_attribute 25, 1
   9              		.eabi_attribute 26, 1
  10              		.eabi_attribute 30, 1
  11              		.eabi_attribute 34, 1
  12              		.eabi_attribute 18, 4
  13              		.file	"line_follow_control.c"
  14              		.text
  15              	.Ltext0:
  16              		.cfi_sections	.debug_frame
  17              		.file 1 "Core/Src/balance_car/line_follow_control.c"
  18              		.global	__aeabi_fcmplt
  19              		.section	.text.LineFollow_AbsFloat,"ax",%progbits
  20              		.align	1
  21              		.syntax unified
  22              		.thumb
  23              		.thumb_func
  25              	LineFollow_AbsFloat:
  26              	.LVL0:
  27              	.LFB65:
   1:Core/Src/balance_car/line_follow_control.c **** #include "balance_car/line_follow_control.h"
   2:Core/Src/balance_car/line_follow_control.c **** 
   3:Core/Src/balance_car/line_follow_control.c **** #include "balance_car/balance_control.h"
   4:Core/Src/balance_car/line_follow_control.c **** #include "balance_car/line_tracker.h"
   5:Core/Src/balance_car/line_follow_control.c **** 
   6:Core/Src/balance_car/line_follow_control.c **** #define CAR_LINE_PID_OUTPUT_MAX    20.0f
   7:Core/Src/balance_car/line_follow_control.c **** #define CAR_LINE_PID_INTEGRAL_MAX  1000.0f
   8:Core/Src/balance_car/line_follow_control.c **** 
   9:Core/Src/balance_car/line_follow_control.c **** volatile CarControl_t g_car = {
  10:Core/Src/balance_car/line_follow_control.c ****     .mode = CAR_MODE_DISABLED,
  11:Core/Src/balance_car/line_follow_control.c ****     .control_period_ms = 50U,
  12:Core/Src/balance_car/line_follow_control.c ****     .control_tick = 0U,
  13:Core/Src/balance_car/line_follow_control.c ****     .driver_enabled = 0U,
  14:Core/Src/balance_car/line_follow_control.c ****     .left = {
  15:Core/Src/balance_car/line_follow_control.c ****         .pid = {
  16:Core/Src/balance_car/line_follow_control.c ****             .kp = 0.0f,
  17:Core/Src/balance_car/line_follow_control.c ****             .ki = 0.0f,
  18:Core/Src/balance_car/line_follow_control.c ****             .kd = 0.0f,
  19:Core/Src/balance_car/line_follow_control.c ****             .integral = 0.0f,
  20:Core/Src/balance_car/line_follow_control.c ****             .previous_error = 0.0f,
  21:Core/Src/balance_car/line_follow_control.c ****             .output_limit = 0.0f,
  22:Core/Src/balance_car/line_follow_control.c ****             .integral_limit = 0.0f,
  23:Core/Src/balance_car/line_follow_control.c ****         },
  24:Core/Src/balance_car/line_follow_control.c ****         .target_counts = 0,
  25:Core/Src/balance_car/line_follow_control.c ****         .measured_counts = 0,
  26:Core/Src/balance_car/line_follow_control.c ****         .encoder_delta = 0,
  27:Core/Src/balance_car/line_follow_control.c ****         .encoder_total = 0,
  28:Core/Src/balance_car/line_follow_control.c ****         .encoder_raw = 0,
  29:Core/Src/balance_car/line_follow_control.c ****         .encoder_last = 0,
  30:Core/Src/balance_car/line_follow_control.c ****         .manual_pwm = 0,
  31:Core/Src/balance_car/line_follow_control.c ****         .pwm_output = 0,
ARM GAS  D:\TMP\ccKlnGxE.s 			page 2


  32:Core/Src/balance_car/line_follow_control.c ****         .invert_motor = 0U,
  33:Core/Src/balance_car/line_follow_control.c ****         .invert_encoder = 0U,
  34:Core/Src/balance_car/line_follow_control.c ****     },
  35:Core/Src/balance_car/line_follow_control.c ****     .right = {
  36:Core/Src/balance_car/line_follow_control.c ****         .pid = {
  37:Core/Src/balance_car/line_follow_control.c ****             .kp = 0.0f,
  38:Core/Src/balance_car/line_follow_control.c ****             .ki = 0.0f,
  39:Core/Src/balance_car/line_follow_control.c ****             .kd = 0.0f,
  40:Core/Src/balance_car/line_follow_control.c ****             .integral = 0.0f,
  41:Core/Src/balance_car/line_follow_control.c ****             .previous_error = 0.0f,
  42:Core/Src/balance_car/line_follow_control.c ****             .output_limit = 0.0f,
  43:Core/Src/balance_car/line_follow_control.c ****             .integral_limit = 0.0f,
  44:Core/Src/balance_car/line_follow_control.c ****         },
  45:Core/Src/balance_car/line_follow_control.c ****         .target_counts = 0,
  46:Core/Src/balance_car/line_follow_control.c ****         .measured_counts = 0,
  47:Core/Src/balance_car/line_follow_control.c ****         .encoder_delta = 0,
  48:Core/Src/balance_car/line_follow_control.c ****         .encoder_total = 0,
  49:Core/Src/balance_car/line_follow_control.c ****         .encoder_raw = 0,
  50:Core/Src/balance_car/line_follow_control.c ****         .encoder_last = 0,
  51:Core/Src/balance_car/line_follow_control.c ****         .manual_pwm = 0,
  52:Core/Src/balance_car/line_follow_control.c ****         .pwm_output = 0,
  53:Core/Src/balance_car/line_follow_control.c ****         .invert_motor = 0U,
  54:Core/Src/balance_car/line_follow_control.c ****         .invert_encoder = 0U,
  55:Core/Src/balance_car/line_follow_control.c ****     },
  56:Core/Src/balance_car/line_follow_control.c ****     .line = {
  57:Core/Src/balance_car/line_follow_control.c ****         .pid = {
  58:Core/Src/balance_car/line_follow_control.c ****             .kp = 0.25f,
  59:Core/Src/balance_car/line_follow_control.c ****             .ki = 0.0f,
  60:Core/Src/balance_car/line_follow_control.c ****             .kd = 0.0f,
  61:Core/Src/balance_car/line_follow_control.c ****             .integral = 0.0f,
  62:Core/Src/balance_car/line_follow_control.c ****             .previous_error = 0.0f,
  63:Core/Src/balance_car/line_follow_control.c ****             .output_limit = CAR_LINE_PID_OUTPUT_MAX,
  64:Core/Src/balance_car/line_follow_control.c ****             .integral_limit = CAR_LINE_PID_INTEGRAL_MAX,
  65:Core/Src/balance_car/line_follow_control.c ****         },
  66:Core/Src/balance_car/line_follow_control.c ****         .base_counts = 8,
  67:Core/Src/balance_car/line_follow_control.c ****         .correction_counts = 0,
  68:Core/Src/balance_car/line_follow_control.c ****         .left_target_counts = 0,
  69:Core/Src/balance_car/line_follow_control.c ****         .right_target_counts = 0,
  70:Core/Src/balance_car/line_follow_control.c ****         .line_lost_stop = 1U,
  71:Core/Src/balance_car/line_follow_control.c ****     },
  72:Core/Src/balance_car/line_follow_control.c ****     .speed_scale = 0.02f,
  73:Core/Src/balance_car/line_follow_control.c ****     .turn_scale = 0.02f,
  74:Core/Src/balance_car/line_follow_control.c **** };
  75:Core/Src/balance_car/line_follow_control.c **** 
  76:Core/Src/balance_car/line_follow_control.c **** static float LineFollow_AbsFloat(float value)
  77:Core/Src/balance_car/line_follow_control.c **** {
  28              		.loc 1 77 1 view -0
  29              		.cfi_startproc
  30              		@ args = 0, pretend = 0, frame = 0
  31              		@ frame_needed = 0, uses_anonymous_args = 0
  32              		.loc 1 77 1 is_stmt 0 view .LVU1
  33 0000 10B5     		push	{r4, lr}
  34              	.LCFI0:
  35              		.cfi_def_cfa_offset 8
  36              		.cfi_offset 4, -8
  37              		.cfi_offset 14, -4
  38 0002 0446     		mov	r4, r0
ARM GAS  D:\TMP\ccKlnGxE.s 			page 3


  78:Core/Src/balance_car/line_follow_control.c ****     return (value < 0.0f) ? -value : value;
  39              		.loc 1 78 5 is_stmt 1 view .LVU2
  40              		.loc 1 78 36 is_stmt 0 view .LVU3
  41 0004 0021     		movs	r1, #0
  42 0006 FFF7FEFF 		bl	__aeabi_fcmplt
  43              	.LVL1:
  44              		.loc 1 78 36 view .LVU4
  45 000a 08B9     		cbnz	r0, .L6
  46              	.LVL2:
  47              	.L2:
  79:Core/Src/balance_car/line_follow_control.c **** }
  48              		.loc 1 79 1 view .LVU5
  49 000c 2046     		mov	r0, r4
  50 000e 10BD     		pop	{r4, pc}
  51              	.LVL3:
  52              	.L6:
  78:Core/Src/balance_car/line_follow_control.c ****     return (value < 0.0f) ? -value : value;
  53              		.loc 1 78 36 discriminator 1 view .LVU6
  54 0010 04F10044 		add	r4, r4, #-2147483648
  55              	.LVL4:
  78:Core/Src/balance_car/line_follow_control.c ****     return (value < 0.0f) ? -value : value;
  56              		.loc 1 78 36 discriminator 1 view .LVU7
  57 0014 FAE7     		b	.L2
  58              		.cfi_endproc
  59              	.LFE65:
  61              		.global	__aeabi_fcmple
  62              		.global	__aeabi_fcmpgt
  63              		.section	.text.LineFollow_LimitFloat,"ax",%progbits
  64              		.align	1
  65              		.syntax unified
  66              		.thumb
  67              		.thumb_func
  69              	LineFollow_LimitFloat:
  70              	.LVL5:
  71              	.LFB66:
  80:Core/Src/balance_car/line_follow_control.c **** 
  81:Core/Src/balance_car/line_follow_control.c **** static float LineFollow_LimitFloat(float value, float limit)
  82:Core/Src/balance_car/line_follow_control.c **** {
  72              		.loc 1 82 1 is_stmt 1 view -0
  73              		.cfi_startproc
  74              		@ args = 0, pretend = 0, frame = 0
  75              		@ frame_needed = 0, uses_anonymous_args = 0
  76              		.loc 1 82 1 is_stmt 0 view .LVU9
  77 0000 38B5     		push	{r3, r4, r5, lr}
  78              	.LCFI1:
  79              		.cfi_def_cfa_offset 16
  80              		.cfi_offset 3, -16
  81              		.cfi_offset 4, -12
  82              		.cfi_offset 5, -8
  83              		.cfi_offset 14, -4
  84 0002 0546     		mov	r5, r0
  83:Core/Src/balance_car/line_follow_control.c ****     float positive_limit = LineFollow_AbsFloat(limit);
  85              		.loc 1 83 5 is_stmt 1 view .LVU10
  86              		.loc 1 83 28 is_stmt 0 view .LVU11
  87 0004 0846     		mov	r0, r1
  88              	.LVL6:
  89              		.loc 1 83 28 view .LVU12
ARM GAS  D:\TMP\ccKlnGxE.s 			page 4


  90 0006 FFF7FEFF 		bl	LineFollow_AbsFloat
  91              	.LVL7:
  92              		.loc 1 83 28 view .LVU13
  93 000a 0446     		mov	r4, r0
  94              	.LVL8:
  84:Core/Src/balance_car/line_follow_control.c **** 
  85:Core/Src/balance_car/line_follow_control.c ****     if (positive_limit <= 0.0f) {
  95              		.loc 1 85 5 is_stmt 1 view .LVU14
  96              		.loc 1 85 8 is_stmt 0 view .LVU15
  97 000c 0021     		movs	r1, #0
  98 000e FFF7FEFF 		bl	__aeabi_fcmple
  99              	.LVL9:
 100              		.loc 1 85 8 view .LVU16
 101 0012 70B9     		cbnz	r0, .L9
  86:Core/Src/balance_car/line_follow_control.c ****         return 0.0f;
  87:Core/Src/balance_car/line_follow_control.c ****     }
  88:Core/Src/balance_car/line_follow_control.c ****     if (value > positive_limit) {
 102              		.loc 1 88 5 is_stmt 1 view .LVU17
 103              		.loc 1 88 8 is_stmt 0 view .LVU18
 104 0014 2946     		mov	r1, r5
 105 0016 2046     		mov	r0, r4
 106 0018 FFF7FEFF 		bl	__aeabi_fcmplt
 107              	.LVL10:
 108 001c 38B9     		cbnz	r0, .L7
  89:Core/Src/balance_car/line_follow_control.c ****         return positive_limit;
  90:Core/Src/balance_car/line_follow_control.c ****     }
  91:Core/Src/balance_car/line_follow_control.c ****     if (value < -positive_limit) {
 109              		.loc 1 91 5 is_stmt 1 view .LVU19
 110              		.loc 1 91 17 is_stmt 0 view .LVU20
 111 001e 04F10040 		add	r0, r4, #-2147483648
 112 0022 0446     		mov	r4, r0
 113              	.LVL11:
 114              		.loc 1 91 8 view .LVU21
 115 0024 2946     		mov	r1, r5
 116 0026 FFF7FEFF 		bl	__aeabi_fcmpgt
 117              	.LVL12:
 118 002a 00B9     		cbnz	r0, .L7
  92:Core/Src/balance_car/line_follow_control.c ****         return -positive_limit;
  93:Core/Src/balance_car/line_follow_control.c ****     }
  94:Core/Src/balance_car/line_follow_control.c ****     return value;
 119              		.loc 1 94 12 view .LVU22
 120 002c 2C46     		mov	r4, r5
 121              	.L7:
  95:Core/Src/balance_car/line_follow_control.c **** }
 122              		.loc 1 95 1 view .LVU23
 123 002e 2046     		mov	r0, r4
 124 0030 38BD     		pop	{r3, r4, r5, pc}
 125              	.LVL13:
 126              	.L9:
  86:Core/Src/balance_car/line_follow_control.c ****     }
 127              		.loc 1 86 16 view .LVU24
 128 0032 0024     		movs	r4, #0
 129              	.LVL14:
  86:Core/Src/balance_car/line_follow_control.c ****     }
 130              		.loc 1 86 16 view .LVU25
 131 0034 FBE7     		b	.L7
 132              		.cfi_endproc
ARM GAS  D:\TMP\ccKlnGxE.s 			page 5


 133              	.LFE66:
 135              		.global	__aeabi_i2f
 136              		.global	__aeabi_fsub
 137              		.global	__aeabi_fadd
 138              		.global	__aeabi_fmul
 139              		.global	__aeabi_f2iz
 140              		.section	.text.LineFollow_LinePidStep,"ax",%progbits
 141              		.align	1
 142              		.syntax unified
 143              		.thumb
 144              		.thumb_func
 146              	LineFollow_LinePidStep:
 147              	.LVL15:
 148              	.LFB67:
  96:Core/Src/balance_car/line_follow_control.c **** 
  97:Core/Src/balance_car/line_follow_control.c **** static int32_t LineFollow_LinePidStep(int32_t error_counts)
  98:Core/Src/balance_car/line_follow_control.c **** {
 149              		.loc 1 98 1 is_stmt 1 view -0
 150              		.cfi_startproc
 151              		@ args = 0, pretend = 0, frame = 0
 152              		@ frame_needed = 0, uses_anonymous_args = 0
 153              		.loc 1 98 1 is_stmt 0 view .LVU27
 154 0000 F8B5     		push	{r3, r4, r5, r6, r7, lr}
 155              	.LCFI2:
 156              		.cfi_def_cfa_offset 24
 157              		.cfi_offset 3, -24
 158              		.cfi_offset 4, -20
 159              		.cfi_offset 5, -16
 160              		.cfi_offset 6, -12
 161              		.cfi_offset 7, -8
 162              		.cfi_offset 14, -4
  99:Core/Src/balance_car/line_follow_control.c ****     volatile CarPid_t *pid = &g_car.line.pid;
 163              		.loc 1 99 5 is_stmt 1 view .LVU28
 164              	.LVL16:
 100:Core/Src/balance_car/line_follow_control.c ****     float error = (float)error_counts;
 165              		.loc 1 100 5 view .LVU29
 166              		.loc 1 100 11 is_stmt 0 view .LVU30
 167 0002 FFF7FEFF 		bl	__aeabi_i2f
 168              	.LVL17:
 169              		.loc 1 100 11 view .LVU31
 170 0006 0546     		mov	r5, r0
 171              	.LVL18:
 101:Core/Src/balance_car/line_follow_control.c ****     float derivative = error - pid->previous_error;
 172              		.loc 1 101 5 is_stmt 1 view .LVU32
 173              		.loc 1 101 35 is_stmt 0 view .LVU33
 174 0008 1B4C     		ldr	r4, .L13
 175 000a D4F89010 		ldr	r1, [r4, #144]	@ float
 176              		.loc 1 101 11 view .LVU34
 177 000e FFF7FEFF 		bl	__aeabi_fsub
 178              	.LVL19:
 179              		.loc 1 101 11 view .LVU35
 180 0012 0746     		mov	r7, r0
 181              	.LVL20:
 102:Core/Src/balance_car/line_follow_control.c ****     float output = 0.0f;
 182              		.loc 1 102 5 is_stmt 1 view .LVU36
 103:Core/Src/balance_car/line_follow_control.c **** 
 104:Core/Src/balance_car/line_follow_control.c ****     pid->integral += error;
ARM GAS  D:\TMP\ccKlnGxE.s 			page 6


 183              		.loc 1 104 5 view .LVU37
 184              		.loc 1 104 8 is_stmt 0 view .LVU38
 185 0014 D4F88C00 		ldr	r0, [r4, #140]	@ float
 186              	.LVL21:
 187              		.loc 1 104 19 view .LVU39
 188 0018 2946     		mov	r1, r5
 189 001a FFF7FEFF 		bl	__aeabi_fadd
 190              	.LVL22:
 191 001e C4F88C00 		str	r0, [r4, #140]	@ float
 105:Core/Src/balance_car/line_follow_control.c ****     pid->integral = LineFollow_LimitFloat(pid->integral, pid->integral_limit);
 192              		.loc 1 105 5 is_stmt 1 view .LVU40
 193              		.loc 1 105 46 is_stmt 0 view .LVU41
 194 0022 D4F88C00 		ldr	r0, [r4, #140]	@ float
 195              		.loc 1 105 61 view .LVU42
 196 0026 D4F89810 		ldr	r1, [r4, #152]	@ float
 197              		.loc 1 105 21 view .LVU43
 198 002a FFF7FEFF 		bl	LineFollow_LimitFloat
 199              	.LVL23:
 200              		.loc 1 105 19 discriminator 1 view .LVU44
 201 002e C4F88C00 		str	r0, [r4, #140]	@ float
 106:Core/Src/balance_car/line_follow_control.c **** 
 107:Core/Src/balance_car/line_follow_control.c ****     output = (pid->kp * error) +
 202              		.loc 1 107 5 is_stmt 1 view .LVU45
 203              		.loc 1 107 18 is_stmt 0 view .LVU46
 204 0032 D4F88000 		ldr	r0, [r4, #128]	@ float
 205              		.loc 1 107 23 view .LVU47
 206 0036 2946     		mov	r1, r5
 207 0038 FFF7FEFF 		bl	__aeabi_fmul
 208              	.LVL24:
 209 003c 0646     		mov	r6, r0
 108:Core/Src/balance_car/line_follow_control.c ****              (pid->ki * pid->integral) +
 210              		.loc 1 108 18 view .LVU48
 211 003e D4F88400 		ldr	r0, [r4, #132]	@ float
 212              		.loc 1 108 28 view .LVU49
 213 0042 D4F88C10 		ldr	r1, [r4, #140]	@ float
 214              		.loc 1 108 23 view .LVU50
 215 0046 FFF7FEFF 		bl	__aeabi_fmul
 216              	.LVL25:
 217 004a 0146     		mov	r1, r0
 107:Core/Src/balance_car/line_follow_control.c ****              (pid->ki * pid->integral) +
 218              		.loc 1 107 32 view .LVU51
 219 004c 3046     		mov	r0, r6
 220 004e FFF7FEFF 		bl	__aeabi_fadd
 221              	.LVL26:
 222 0052 0646     		mov	r6, r0
 109:Core/Src/balance_car/line_follow_control.c ****              (pid->kd * derivative);
 223              		.loc 1 109 18 view .LVU52
 224 0054 D4F88800 		ldr	r0, [r4, #136]	@ float
 225              		.loc 1 109 23 view .LVU53
 226 0058 3946     		mov	r1, r7
 227 005a FFF7FEFF 		bl	__aeabi_fmul
 228              	.LVL27:
 229 005e 0146     		mov	r1, r0
 107:Core/Src/balance_car/line_follow_control.c ****              (pid->ki * pid->integral) +
 230              		.loc 1 107 12 view .LVU54
 231 0060 3046     		mov	r0, r6
 232 0062 FFF7FEFF 		bl	__aeabi_fadd
ARM GAS  D:\TMP\ccKlnGxE.s 			page 7


 233              	.LVL28:
 110:Core/Src/balance_car/line_follow_control.c **** 
 111:Core/Src/balance_car/line_follow_control.c ****     pid->previous_error = error;
 234              		.loc 1 111 5 is_stmt 1 view .LVU55
 235              		.loc 1 111 25 is_stmt 0 view .LVU56
 236 0066 C4F89050 		str	r5, [r4, #144]	@ float
 112:Core/Src/balance_car/line_follow_control.c ****     output = LineFollow_LimitFloat(output, pid->output_limit);
 237              		.loc 1 112 5 is_stmt 1 view .LVU57
 238              		.loc 1 112 47 is_stmt 0 view .LVU58
 239 006a D4F89410 		ldr	r1, [r4, #148]	@ float
 240              		.loc 1 112 14 view .LVU59
 241 006e FFF7FEFF 		bl	LineFollow_LimitFloat
 242              	.LVL29:
 113:Core/Src/balance_car/line_follow_control.c **** 
 114:Core/Src/balance_car/line_follow_control.c ****     return (int32_t)output;
 243              		.loc 1 114 5 is_stmt 1 view .LVU60
 244              		.loc 1 114 12 is_stmt 0 view .LVU61
 245 0072 FFF7FEFF 		bl	__aeabi_f2iz
 246              	.LVL30:
 115:Core/Src/balance_car/line_follow_control.c **** }
 247              		.loc 1 115 1 view .LVU62
 248 0076 F8BD     		pop	{r3, r4, r5, r6, r7, pc}
 249              	.LVL31:
 250              	.L14:
 251              		.loc 1 115 1 view .LVU63
 252              		.align	2
 253              	.L13:
 254 0078 00000000 		.word	g_car
 255              		.cfi_endproc
 256              	.LFE67:
 258              		.section	.text.LineFollow_UpdateMotorDebug,"ax",%progbits
 259              		.align	1
 260              		.syntax unified
 261              		.thumb
 262              		.thumb_func
 264              	LineFollow_UpdateMotorDebug:
 265              	.LVL32:
 266              	.LFB68:
 116:Core/Src/balance_car/line_follow_control.c **** 
 117:Core/Src/balance_car/line_follow_control.c **** static void LineFollow_UpdateMotorDebug(volatile CarMotor_t *motor, int16_t delta)
 118:Core/Src/balance_car/line_follow_control.c **** {
 267              		.loc 1 118 1 is_stmt 1 view -0
 268              		.cfi_startproc
 269              		@ args = 0, pretend = 0, frame = 0
 270              		@ frame_needed = 0, uses_anonymous_args = 0
 271              		@ link register save eliminated.
 119:Core/Src/balance_car/line_follow_control.c ****     int32_t signed_delta = (int32_t)delta;
 272              		.loc 1 119 5 view .LVU65
 273              		.loc 1 119 13 is_stmt 0 view .LVU66
 274 0000 0B46     		mov	r3, r1
 275              	.LVL33:
 120:Core/Src/balance_car/line_follow_control.c **** 
 121:Core/Src/balance_car/line_follow_control.c ****     if (motor->invert_encoder != 0U) {
 276              		.loc 1 121 5 is_stmt 1 view .LVU67
 277              		.loc 1 121 14 is_stmt 0 view .LVU68
 278 0002 90F83520 		ldrb	r2, [r0, #53]	@ zero_extendqisi2
 279              		.loc 1 121 8 view .LVU69
ARM GAS  D:\TMP\ccKlnGxE.s 			page 8


 280 0006 02B1     		cbz	r2, .L16
 122:Core/Src/balance_car/line_follow_control.c ****         signed_delta = -signed_delta;
 281              		.loc 1 122 9 is_stmt 1 view .LVU70
 282              		.loc 1 122 22 is_stmt 0 view .LVU71
 283 0008 4B42     		rsbs	r3, r1, #0
 284              	.LVL34:
 285              	.L16:
 123:Core/Src/balance_car/line_follow_control.c ****     }
 124:Core/Src/balance_car/line_follow_control.c **** 
 125:Core/Src/balance_car/line_follow_control.c ****     motor->encoder_raw = delta;
 286              		.loc 1 125 5 is_stmt 1 view .LVU72
 287              		.loc 1 125 24 is_stmt 0 view .LVU73
 288 000a 8185     		strh	r1, [r0, #44]	@ movhi
 126:Core/Src/balance_car/line_follow_control.c ****     motor->encoder_delta = signed_delta;
 289              		.loc 1 126 5 is_stmt 1 view .LVU74
 290              		.loc 1 126 26 is_stmt 0 view .LVU75
 291 000c 4362     		str	r3, [r0, #36]
 127:Core/Src/balance_car/line_follow_control.c ****     motor->measured_counts = signed_delta;
 292              		.loc 1 127 5 is_stmt 1 view .LVU76
 293              		.loc 1 127 28 is_stmt 0 view .LVU77
 294 000e 0362     		str	r3, [r0, #32]
 128:Core/Src/balance_car/line_follow_control.c ****     motor->encoder_total += signed_delta;
 295              		.loc 1 128 5 is_stmt 1 view .LVU78
 296              		.loc 1 128 10 is_stmt 0 view .LVU79
 297 0010 826A     		ldr	r2, [r0, #40]
 298              		.loc 1 128 26 view .LVU80
 299 0012 1344     		add	r3, r3, r2
 300              	.LVL35:
 301              		.loc 1 128 26 view .LVU81
 302 0014 8362     		str	r3, [r0, #40]
 303              	.LVL36:
 129:Core/Src/balance_car/line_follow_control.c **** }
 304              		.loc 1 129 1 view .LVU82
 305 0016 7047     		bx	lr
 306              		.cfi_endproc
 307              	.LFE68:
 309              		.section	.text.LineFollowControl_ResetLinePid,"ax",%progbits
 310              		.align	1
 311              		.global	LineFollowControl_ResetLinePid
 312              		.syntax unified
 313              		.thumb
 314              		.thumb_func
 316              	LineFollowControl_ResetLinePid:
 317              	.LFB69:
 130:Core/Src/balance_car/line_follow_control.c **** 
 131:Core/Src/balance_car/line_follow_control.c **** void LineFollowControl_ResetLinePid(void)
 132:Core/Src/balance_car/line_follow_control.c **** {
 318              		.loc 1 132 1 is_stmt 1 view -0
 319              		.cfi_startproc
 320              		@ args = 0, pretend = 0, frame = 0
 321              		@ frame_needed = 0, uses_anonymous_args = 0
 322              		@ link register save eliminated.
 133:Core/Src/balance_car/line_follow_control.c ****     g_car.line.pid.integral = 0.0f;
 323              		.loc 1 133 5 view .LVU84
 324              		.loc 1 133 29 is_stmt 0 view .LVU85
 325 0000 034B     		ldr	r3, .L18
 326 0002 0022     		movs	r2, #0
ARM GAS  D:\TMP\ccKlnGxE.s 			page 9


 327 0004 C3F88C20 		str	r2, [r3, #140]	@ float
 134:Core/Src/balance_car/line_follow_control.c ****     g_car.line.pid.previous_error = 0.0f;
 328              		.loc 1 134 5 is_stmt 1 view .LVU86
 329              		.loc 1 134 35 is_stmt 0 view .LVU87
 330 0008 C3F89020 		str	r2, [r3, #144]	@ float
 135:Core/Src/balance_car/line_follow_control.c **** }
 331              		.loc 1 135 1 view .LVU88
 332 000c 7047     		bx	lr
 333              	.L19:
 334 000e 00BF     		.align	2
 335              	.L18:
 336 0010 00000000 		.word	g_car
 337              		.cfi_endproc
 338              	.LFE69:
 340              		.section	.text.LineFollowControl_Init,"ax",%progbits
 341              		.align	1
 342              		.global	LineFollowControl_Init
 343              		.syntax unified
 344              		.thumb
 345              		.thumb_func
 347              	LineFollowControl_Init:
 348              	.LFB70:
 136:Core/Src/balance_car/line_follow_control.c **** 
 137:Core/Src/balance_car/line_follow_control.c **** void LineFollowControl_Init(void)
 138:Core/Src/balance_car/line_follow_control.c **** {
 349              		.loc 1 138 1 is_stmt 1 view -0
 350              		.cfi_startproc
 351              		@ args = 0, pretend = 0, frame = 0
 352              		@ frame_needed = 0, uses_anonymous_args = 0
 353 0000 08B5     		push	{r3, lr}
 354              	.LCFI3:
 355              		.cfi_def_cfa_offset 8
 356              		.cfi_offset 3, -8
 357              		.cfi_offset 14, -4
 139:Core/Src/balance_car/line_follow_control.c ****     LineTracker_Init();
 358              		.loc 1 139 5 view .LVU90
 359 0002 FFF7FEFF 		bl	LineTracker_Init
 360              	.LVL37:
 140:Core/Src/balance_car/line_follow_control.c ****     LineFollowControl_ResetLinePid();
 361              		.loc 1 140 5 view .LVU91
 362 0006 FFF7FEFF 		bl	LineFollowControl_ResetLinePid
 363              	.LVL38:
 141:Core/Src/balance_car/line_follow_control.c **** }
 364              		.loc 1 141 1 is_stmt 0 view .LVU92
 365 000a 08BD     		pop	{r3, pc}
 366              		.cfi_endproc
 367              	.LFE70:
 369              		.section	.text.LineFollowControl_Update,"ax",%progbits
 370              		.align	1
 371              		.global	LineFollowControl_Update
 372              		.syntax unified
 373              		.thumb
 374              		.thumb_func
 376              	LineFollowControl_Update:
 377              	.LVL39:
 378              	.LFB71:
 142:Core/Src/balance_car/line_follow_control.c **** 
ARM GAS  D:\TMP\ccKlnGxE.s 			page 10


 143:Core/Src/balance_car/line_follow_control.c **** void LineFollowControl_Update(int16_t left_delta, int16_t right_delta)
 144:Core/Src/balance_car/line_follow_control.c **** {
 379              		.loc 1 144 1 is_stmt 1 view -0
 380              		.cfi_startproc
 381              		@ args = 0, pretend = 0, frame = 0
 382              		@ frame_needed = 0, uses_anonymous_args = 0
 383              		.loc 1 144 1 is_stmt 0 view .LVU94
 384 0000 70B5     		push	{r4, r5, r6, lr}
 385              	.LCFI4:
 386              		.cfi_def_cfa_offset 16
 387              		.cfi_offset 4, -16
 388              		.cfi_offset 5, -12
 389              		.cfi_offset 6, -8
 390              		.cfi_offset 14, -4
 391 0002 0D46     		mov	r5, r1
 145:Core/Src/balance_car/line_follow_control.c ****     static uint8_t s_was_line_follow;
 392              		.loc 1 145 5 is_stmt 1 view .LVU95
 146:Core/Src/balance_car/line_follow_control.c **** 
 147:Core/Src/balance_car/line_follow_control.c ****     g_car.control_tick++;
 393              		.loc 1 147 5 view .LVU96
 394              		.loc 1 147 10 is_stmt 0 view .LVU97
 395 0004 384C     		ldr	r4, .L31
 396 0006 A368     		ldr	r3, [r4, #8]
 397              		.loc 1 147 23 view .LVU98
 398 0008 0133     		adds	r3, r3, #1
 399 000a A360     		str	r3, [r4, #8]
 148:Core/Src/balance_car/line_follow_control.c ****     LineFollow_UpdateMotorDebug(&g_car.left, left_delta);
 400              		.loc 1 148 5 is_stmt 1 view .LVU99
 401 000c 0146     		mov	r1, r0
 402              	.LVL40:
 403              		.loc 1 148 5 is_stmt 0 view .LVU100
 404 000e 04F11000 		add	r0, r4, #16
 405              	.LVL41:
 406              		.loc 1 148 5 view .LVU101
 407 0012 FFF7FEFF 		bl	LineFollow_UpdateMotorDebug
 408              	.LVL42:
 149:Core/Src/balance_car/line_follow_control.c ****     LineFollow_UpdateMotorDebug(&g_car.right, right_delta);
 409              		.loc 1 149 5 is_stmt 1 view .LVU102
 410 0016 2946     		mov	r1, r5
 411 0018 04F14800 		add	r0, r4, #72
 412 001c FFF7FEFF 		bl	LineFollow_UpdateMotorDebug
 413              	.LVL43:
 150:Core/Src/balance_car/line_follow_control.c ****     LineTracker_Update();
 414              		.loc 1 150 5 view .LVU103
 415 0020 FFF7FEFF 		bl	LineTracker_Update
 416              	.LVL44:
 151:Core/Src/balance_car/line_follow_control.c **** 
 152:Core/Src/balance_car/line_follow_control.c ****     if (g_balance_debug.run_enable == 0U || g_car.mode != CAR_MODE_LINE_FOLLOW) {
 417              		.loc 1 152 5 view .LVU104
 418              		.loc 1 152 24 is_stmt 0 view .LVU105
 419 0024 314B     		ldr	r3, .L31+4
 420 0026 1B78     		ldrb	r3, [r3]	@ zero_extendqisi2
 421              		.loc 1 152 8 view .LVU106
 422 0028 1BB1     		cbz	r3, .L23
 423              		.loc 1 152 50 discriminator 1 view .LVU107
 424 002a 2378     		ldrb	r3, [r4]	@ zero_extendqisi2
 425 002c DBB2     		uxtb	r3, r3
ARM GAS  D:\TMP\ccKlnGxE.s 			page 11


 426              		.loc 1 152 42 discriminator 1 view .LVU108
 427 002e 032B     		cmp	r3, #3
 428 0030 16D0     		beq	.L24
 429              	.L23:
 153:Core/Src/balance_car/line_follow_control.c ****         g_car.driver_enabled = 0U;
 430              		.loc 1 153 9 is_stmt 1 view .LVU109
 431              		.loc 1 153 30 is_stmt 0 view .LVU110
 432 0032 2D4B     		ldr	r3, .L31
 433 0034 0022     		movs	r2, #0
 434 0036 1A73     		strb	r2, [r3, #12]
 154:Core/Src/balance_car/line_follow_control.c ****         g_car.line.correction_counts = 0;
 435              		.loc 1 154 9 is_stmt 1 view .LVU111
 436              		.loc 1 154 38 is_stmt 0 view .LVU112
 437 0038 C3F8A020 		str	r2, [r3, #160]
 155:Core/Src/balance_car/line_follow_control.c ****         g_car.line.left_target_counts = 0;
 438              		.loc 1 155 9 is_stmt 1 view .LVU113
 439              		.loc 1 155 39 is_stmt 0 view .LVU114
 440 003c C3F8A420 		str	r2, [r3, #164]
 156:Core/Src/balance_car/line_follow_control.c ****         g_car.line.right_target_counts = 0;
 441              		.loc 1 156 9 is_stmt 1 view .LVU115
 442              		.loc 1 156 40 is_stmt 0 view .LVU116
 443 0040 C3F8A820 		str	r2, [r3, #168]
 157:Core/Src/balance_car/line_follow_control.c ****         if (s_was_line_follow != 0U) {
 444              		.loc 1 157 9 is_stmt 1 view .LVU117
 445              		.loc 1 157 31 is_stmt 0 view .LVU118
 446 0044 2A4B     		ldr	r3, .L31+8
 447 0046 1B78     		ldrb	r3, [r3]	@ zero_extendqisi2
 448              		.loc 1 157 12 view .LVU119
 449 0048 1BB9     		cbnz	r3, .L29
 450              	.L25:
 158:Core/Src/balance_car/line_follow_control.c ****             g_balance_debug.speed_target = 0.0f;
 159:Core/Src/balance_car/line_follow_control.c ****             g_balance_debug.turn_target = 0.0f;
 160:Core/Src/balance_car/line_follow_control.c ****             LineFollowControl_ResetLinePid();
 161:Core/Src/balance_car/line_follow_control.c ****         }
 162:Core/Src/balance_car/line_follow_control.c ****         s_was_line_follow = 0U;
 451              		.loc 1 162 9 is_stmt 1 view .LVU120
 452              		.loc 1 162 27 is_stmt 0 view .LVU121
 453 004a 294B     		ldr	r3, .L31+8
 454 004c 0022     		movs	r2, #0
 455 004e 1A70     		strb	r2, [r3]
 163:Core/Src/balance_car/line_follow_control.c ****         return;
 456              		.loc 1 163 9 is_stmt 1 view .LVU122
 457              	.LVL45:
 458              	.L22:
 164:Core/Src/balance_car/line_follow_control.c ****     }
 165:Core/Src/balance_car/line_follow_control.c **** 
 166:Core/Src/balance_car/line_follow_control.c ****     s_was_line_follow = 1U;
 167:Core/Src/balance_car/line_follow_control.c ****     g_car.driver_enabled = 1U;
 168:Core/Src/balance_car/line_follow_control.c **** 
 169:Core/Src/balance_car/line_follow_control.c ****     if (g_line.line_seen == 0U && g_car.line.line_lost_stop != 0U) {
 170:Core/Src/balance_car/line_follow_control.c ****         g_car.line.correction_counts = 0;
 171:Core/Src/balance_car/line_follow_control.c ****         g_car.line.left_target_counts = 0;
 172:Core/Src/balance_car/line_follow_control.c ****         g_car.line.right_target_counts = 0;
 173:Core/Src/balance_car/line_follow_control.c ****         g_car.left.target_counts = 0;
 174:Core/Src/balance_car/line_follow_control.c ****         g_car.right.target_counts = 0;
 175:Core/Src/balance_car/line_follow_control.c ****         g_balance_debug.speed_target = 0.0f;
 176:Core/Src/balance_car/line_follow_control.c ****         g_balance_debug.turn_target = 0.0f;
ARM GAS  D:\TMP\ccKlnGxE.s 			page 12


 177:Core/Src/balance_car/line_follow_control.c ****         LineFollowControl_ResetLinePid();
 178:Core/Src/balance_car/line_follow_control.c ****         return;
 179:Core/Src/balance_car/line_follow_control.c ****     }
 180:Core/Src/balance_car/line_follow_control.c **** 
 181:Core/Src/balance_car/line_follow_control.c ****     int32_t correction = LineFollow_LinePidStep((int32_t)g_line.error);
 182:Core/Src/balance_car/line_follow_control.c ****     int32_t left_target = g_car.line.base_counts - correction;
 183:Core/Src/balance_car/line_follow_control.c ****     int32_t right_target = g_car.line.base_counts + correction;
 184:Core/Src/balance_car/line_follow_control.c **** 
 185:Core/Src/balance_car/line_follow_control.c ****     g_car.line.correction_counts = correction;
 186:Core/Src/balance_car/line_follow_control.c ****     g_car.line.left_target_counts = left_target;
 187:Core/Src/balance_car/line_follow_control.c ****     g_car.line.right_target_counts = right_target;
 188:Core/Src/balance_car/line_follow_control.c ****     g_car.left.target_counts = left_target;
 189:Core/Src/balance_car/line_follow_control.c ****     g_car.right.target_counts = right_target;
 190:Core/Src/balance_car/line_follow_control.c **** 
 191:Core/Src/balance_car/line_follow_control.c ****     g_balance_debug.speed_target = (float)g_car.line.base_counts * g_car.speed_scale;
 192:Core/Src/balance_car/line_follow_control.c ****     g_balance_debug.turn_target = (float)correction * g_car.turn_scale;
 193:Core/Src/balance_car/line_follow_control.c **** }
 459              		.loc 1 193 1 is_stmt 0 view .LVU123
 460 0050 70BD     		pop	{r4, r5, r6, pc}
 461              	.L29:
 158:Core/Src/balance_car/line_follow_control.c ****             g_balance_debug.turn_target = 0.0f;
 462              		.loc 1 158 13 is_stmt 1 view .LVU124
 158:Core/Src/balance_car/line_follow_control.c ****             g_balance_debug.turn_target = 0.0f;
 463              		.loc 1 158 42 is_stmt 0 view .LVU125
 464 0052 264B     		ldr	r3, .L31+4
 465 0054 0022     		movs	r2, #0
 466 0056 5A60     		str	r2, [r3, #4]	@ float
 159:Core/Src/balance_car/line_follow_control.c ****             LineFollowControl_ResetLinePid();
 467              		.loc 1 159 13 is_stmt 1 view .LVU126
 159:Core/Src/balance_car/line_follow_control.c ****             LineFollowControl_ResetLinePid();
 468              		.loc 1 159 41 is_stmt 0 view .LVU127
 469 0058 9A60     		str	r2, [r3, #8]	@ float
 160:Core/Src/balance_car/line_follow_control.c ****         }
 470              		.loc 1 160 13 is_stmt 1 view .LVU128
 471 005a FFF7FEFF 		bl	LineFollowControl_ResetLinePid
 472              	.LVL46:
 473 005e F4E7     		b	.L25
 474              	.L24:
 166:Core/Src/balance_car/line_follow_control.c ****     g_car.driver_enabled = 1U;
 475              		.loc 1 166 5 view .LVU129
 166:Core/Src/balance_car/line_follow_control.c ****     g_car.driver_enabled = 1U;
 476              		.loc 1 166 23 is_stmt 0 view .LVU130
 477 0060 0123     		movs	r3, #1
 478 0062 234A     		ldr	r2, .L31+8
 479 0064 1370     		strb	r3, [r2]
 167:Core/Src/balance_car/line_follow_control.c **** 
 480              		.loc 1 167 5 is_stmt 1 view .LVU131
 167:Core/Src/balance_car/line_follow_control.c **** 
 481              		.loc 1 167 26 is_stmt 0 view .LVU132
 482 0066 204A     		ldr	r2, .L31
 483 0068 1373     		strb	r3, [r2, #12]
 169:Core/Src/balance_car/line_follow_control.c ****         g_car.line.correction_counts = 0;
 484              		.loc 1 169 5 is_stmt 1 view .LVU133
 169:Core/Src/balance_car/line_follow_control.c ****         g_car.line.correction_counts = 0;
 485              		.loc 1 169 15 is_stmt 0 view .LVU134
 486 006a 224B     		ldr	r3, .L31+12
 487 006c DB78     		ldrb	r3, [r3, #3]	@ zero_extendqisi2
ARM GAS  D:\TMP\ccKlnGxE.s 			page 13


 169:Core/Src/balance_car/line_follow_control.c ****         g_car.line.correction_counts = 0;
 488              		.loc 1 169 8 view .LVU135
 489 006e 13B9     		cbnz	r3, .L27
 169:Core/Src/balance_car/line_follow_control.c ****         g_car.line.correction_counts = 0;
 490              		.loc 1 169 45 discriminator 1 view .LVU136
 491 0070 92F8AC30 		ldrb	r3, [r2, #172]	@ zero_extendqisi2
 169:Core/Src/balance_car/line_follow_control.c ****         g_car.line.correction_counts = 0;
 492              		.loc 1 169 32 discriminator 1 view .LVU137
 493 0074 3BBB     		cbnz	r3, .L30
 494              	.L27:
 181:Core/Src/balance_car/line_follow_control.c ****     int32_t left_target = g_car.line.base_counts - correction;
 495              		.loc 1 181 5 is_stmt 1 view .LVU138
 181:Core/Src/balance_car/line_follow_control.c ****     int32_t left_target = g_car.line.base_counts - correction;
 496              		.loc 1 181 64 is_stmt 0 view .LVU139
 497 0076 1F4B     		ldr	r3, .L31+12
 498 0078 1889     		ldrh	r0, [r3, #8]
 181:Core/Src/balance_car/line_follow_control.c ****     int32_t left_target = g_car.line.base_counts - correction;
 499              		.loc 1 181 26 view .LVU140
 500 007a 00B2     		sxth	r0, r0
 501 007c FFF7FEFF 		bl	LineFollow_LinePidStep
 502              	.LVL47:
 503 0080 0546     		mov	r5, r0
 504              	.LVL48:
 182:Core/Src/balance_car/line_follow_control.c ****     int32_t right_target = g_car.line.base_counts + correction;
 505              		.loc 1 182 5 is_stmt 1 view .LVU141
 182:Core/Src/balance_car/line_follow_control.c ****     int32_t right_target = g_car.line.base_counts + correction;
 506              		.loc 1 182 37 is_stmt 0 view .LVU142
 507 0082 194C     		ldr	r4, .L31
 508 0084 D4F89C20 		ldr	r2, [r4, #156]
 182:Core/Src/balance_car/line_follow_control.c ****     int32_t right_target = g_car.line.base_counts + correction;
 509              		.loc 1 182 13 view .LVU143
 510 0088 121A     		subs	r2, r2, r0
 511              	.LVL49:
 183:Core/Src/balance_car/line_follow_control.c **** 
 512              		.loc 1 183 5 is_stmt 1 view .LVU144
 183:Core/Src/balance_car/line_follow_control.c **** 
 513              		.loc 1 183 38 is_stmt 0 view .LVU145
 514 008a D4F89C30 		ldr	r3, [r4, #156]
 183:Core/Src/balance_car/line_follow_control.c **** 
 515              		.loc 1 183 13 view .LVU146
 516 008e 0344     		add	r3, r3, r0
 517              	.LVL50:
 185:Core/Src/balance_car/line_follow_control.c ****     g_car.line.left_target_counts = left_target;
 518              		.loc 1 185 5 is_stmt 1 view .LVU147
 185:Core/Src/balance_car/line_follow_control.c ****     g_car.line.left_target_counts = left_target;
 519              		.loc 1 185 34 is_stmt 0 view .LVU148
 520 0090 C4F8A000 		str	r0, [r4, #160]
 186:Core/Src/balance_car/line_follow_control.c ****     g_car.line.right_target_counts = right_target;
 521              		.loc 1 186 5 is_stmt 1 view .LVU149
 186:Core/Src/balance_car/line_follow_control.c ****     g_car.line.right_target_counts = right_target;
 522              		.loc 1 186 35 is_stmt 0 view .LVU150
 523 0094 C4F8A420 		str	r2, [r4, #164]
 187:Core/Src/balance_car/line_follow_control.c ****     g_car.left.target_counts = left_target;
 524              		.loc 1 187 5 is_stmt 1 view .LVU151
 187:Core/Src/balance_car/line_follow_control.c ****     g_car.left.target_counts = left_target;
 525              		.loc 1 187 36 is_stmt 0 view .LVU152
 526 0098 C4F8A830 		str	r3, [r4, #168]
ARM GAS  D:\TMP\ccKlnGxE.s 			page 14


 188:Core/Src/balance_car/line_follow_control.c ****     g_car.right.target_counts = right_target;
 527              		.loc 1 188 5 is_stmt 1 view .LVU153
 188:Core/Src/balance_car/line_follow_control.c ****     g_car.right.target_counts = right_target;
 528              		.loc 1 188 30 is_stmt 0 view .LVU154
 529 009c E262     		str	r2, [r4, #44]
 189:Core/Src/balance_car/line_follow_control.c **** 
 530              		.loc 1 189 5 is_stmt 1 view .LVU155
 189:Core/Src/balance_car/line_follow_control.c **** 
 531              		.loc 1 189 31 is_stmt 0 view .LVU156
 532 009e 6366     		str	r3, [r4, #100]
 191:Core/Src/balance_car/line_follow_control.c ****     g_balance_debug.turn_target = (float)correction * g_car.turn_scale;
 533              		.loc 1 191 5 is_stmt 1 view .LVU157
 191:Core/Src/balance_car/line_follow_control.c ****     g_balance_debug.turn_target = (float)correction * g_car.turn_scale;
 534              		.loc 1 191 53 is_stmt 0 view .LVU158
 535 00a0 D4F89C00 		ldr	r0, [r4, #156]
 536              	.LVL51:
 191:Core/Src/balance_car/line_follow_control.c ****     g_balance_debug.turn_target = (float)correction * g_car.turn_scale;
 537              		.loc 1 191 36 view .LVU159
 538 00a4 FFF7FEFF 		bl	__aeabi_i2f
 539              	.LVL52:
 191:Core/Src/balance_car/line_follow_control.c ****     g_balance_debug.turn_target = (float)correction * g_car.turn_scale;
 540              		.loc 1 191 73 view .LVU160
 541 00a8 D4F8B010 		ldr	r1, [r4, #176]	@ float
 191:Core/Src/balance_car/line_follow_control.c ****     g_balance_debug.turn_target = (float)correction * g_car.turn_scale;
 542              		.loc 1 191 66 view .LVU161
 543 00ac FFF7FEFF 		bl	__aeabi_fmul
 544              	.LVL53:
 191:Core/Src/balance_car/line_follow_control.c ****     g_balance_debug.turn_target = (float)correction * g_car.turn_scale;
 545              		.loc 1 191 34 view .LVU162
 546 00b0 0E4E     		ldr	r6, .L31+4
 547 00b2 7060     		str	r0, [r6, #4]	@ float
 192:Core/Src/balance_car/line_follow_control.c **** }
 548              		.loc 1 192 5 is_stmt 1 view .LVU163
 192:Core/Src/balance_car/line_follow_control.c **** }
 549              		.loc 1 192 35 is_stmt 0 view .LVU164
 550 00b4 2846     		mov	r0, r5
 551 00b6 FFF7FEFF 		bl	__aeabi_i2f
 552              	.LVL54:
 192:Core/Src/balance_car/line_follow_control.c **** }
 553              		.loc 1 192 60 view .LVU165
 554 00ba D4F8B410 		ldr	r1, [r4, #180]	@ float
 192:Core/Src/balance_car/line_follow_control.c **** }
 555              		.loc 1 192 53 view .LVU166
 556 00be FFF7FEFF 		bl	__aeabi_fmul
 557              	.LVL55:
 192:Core/Src/balance_car/line_follow_control.c **** }
 558              		.loc 1 192 33 view .LVU167
 559 00c2 B060     		str	r0, [r6, #8]	@ float
 560 00c4 C4E7     		b	.L22
 561              	.LVL56:
 562              	.L30:
 170:Core/Src/balance_car/line_follow_control.c ****         g_car.line.left_target_counts = 0;
 563              		.loc 1 170 9 is_stmt 1 view .LVU168
 170:Core/Src/balance_car/line_follow_control.c ****         g_car.line.left_target_counts = 0;
 564              		.loc 1 170 38 is_stmt 0 view .LVU169
 565 00c6 1346     		mov	r3, r2
 566 00c8 0022     		movs	r2, #0
ARM GAS  D:\TMP\ccKlnGxE.s 			page 15


 567 00ca C3F8A020 		str	r2, [r3, #160]
 171:Core/Src/balance_car/line_follow_control.c ****         g_car.line.right_target_counts = 0;
 568              		.loc 1 171 9 is_stmt 1 view .LVU170
 171:Core/Src/balance_car/line_follow_control.c ****         g_car.line.right_target_counts = 0;
 569              		.loc 1 171 39 is_stmt 0 view .LVU171
 570 00ce C3F8A420 		str	r2, [r3, #164]
 172:Core/Src/balance_car/line_follow_control.c ****         g_car.left.target_counts = 0;
 571              		.loc 1 172 9 is_stmt 1 view .LVU172
 172:Core/Src/balance_car/line_follow_control.c ****         g_car.left.target_counts = 0;
 572              		.loc 1 172 40 is_stmt 0 view .LVU173
 573 00d2 C3F8A820 		str	r2, [r3, #168]
 173:Core/Src/balance_car/line_follow_control.c ****         g_car.right.target_counts = 0;
 574              		.loc 1 173 9 is_stmt 1 view .LVU174
 173:Core/Src/balance_car/line_follow_control.c ****         g_car.right.target_counts = 0;
 575              		.loc 1 173 34 is_stmt 0 view .LVU175
 576 00d6 DA62     		str	r2, [r3, #44]
 174:Core/Src/balance_car/line_follow_control.c ****         g_balance_debug.speed_target = 0.0f;
 577              		.loc 1 174 9 is_stmt 1 view .LVU176
 174:Core/Src/balance_car/line_follow_control.c ****         g_balance_debug.speed_target = 0.0f;
 578              		.loc 1 174 35 is_stmt 0 view .LVU177
 579 00d8 5A66     		str	r2, [r3, #100]
 175:Core/Src/balance_car/line_follow_control.c ****         g_balance_debug.turn_target = 0.0f;
 580              		.loc 1 175 9 is_stmt 1 view .LVU178
 175:Core/Src/balance_car/line_follow_control.c ****         g_balance_debug.turn_target = 0.0f;
 581              		.loc 1 175 38 is_stmt 0 view .LVU179
 582 00da 044B     		ldr	r3, .L31+4
 583 00dc 0022     		movs	r2, #0
 584 00de 5A60     		str	r2, [r3, #4]	@ float
 176:Core/Src/balance_car/line_follow_control.c ****         LineFollowControl_ResetLinePid();
 585              		.loc 1 176 9 is_stmt 1 view .LVU180
 176:Core/Src/balance_car/line_follow_control.c ****         LineFollowControl_ResetLinePid();
 586              		.loc 1 176 37 is_stmt 0 view .LVU181
 587 00e0 9A60     		str	r2, [r3, #8]	@ float
 177:Core/Src/balance_car/line_follow_control.c ****         return;
 588              		.loc 1 177 9 is_stmt 1 view .LVU182
 589 00e2 FFF7FEFF 		bl	LineFollowControl_ResetLinePid
 590              	.LVL57:
 178:Core/Src/balance_car/line_follow_control.c ****     }
 591              		.loc 1 178 9 view .LVU183
 592 00e6 B3E7     		b	.L22
 593              	.L32:
 594              		.align	2
 595              	.L31:
 596 00e8 00000000 		.word	g_car
 597 00ec 00000000 		.word	g_balance_debug
 598 00f0 00000000 		.word	s_was_line_follow.0
 599 00f4 00000000 		.word	g_line
 600              		.cfi_endproc
 601              	.LFE71:
 603              		.section	.bss.s_was_line_follow.0,"aw",%nobits
 606              	s_was_line_follow.0:
 607 0000 00       		.space	1
 608              		.global	g_car
 609              		.section	.data.g_car,"aw"
 610              		.align	2
 613              	g_car:
 614 0000 00       		.byte	0
ARM GAS  D:\TMP\ccKlnGxE.s 			page 16


 615 0001 000000   		.space	3
 616 0004 32000000 		.word	50
 617 0008 00000000 		.word	0
 618 000c 00       		.byte	0
 619 000d 000000   		.space	3
 620 0010 00000000 		.word	0
 621 0014 00000000 		.word	0
 622 0018 00000000 		.word	0
 623 001c 00000000 		.word	0
 624 0020 00000000 		.word	0
 625 0024 00000000 		.word	0
 626 0028 00000000 		.word	0
 627 002c 00000000 		.word	0
 628 0030 00000000 		.word	0
 629 0034 00000000 		.word	0
 630 0038 00000000 		.word	0
 631 003c 0000     		.short	0
 632 003e 0000     		.short	0
 633 0040 0000     		.short	0
 634 0042 0000     		.short	0
 635 0044 00       		.byte	0
 636 0045 00       		.byte	0
 637 0046 0000     		.space	2
 638 0048 00000000 		.word	0
 639 004c 00000000 		.word	0
 640 0050 00000000 		.word	0
 641 0054 00000000 		.word	0
 642 0058 00000000 		.word	0
 643 005c 00000000 		.word	0
 644 0060 00000000 		.word	0
 645 0064 00000000 		.word	0
 646 0068 00000000 		.word	0
 647 006c 00000000 		.word	0
 648 0070 00000000 		.word	0
 649 0074 0000     		.short	0
 650 0076 0000     		.short	0
 651 0078 0000     		.short	0
 652 007a 0000     		.short	0
 653 007c 00       		.byte	0
 654 007d 00       		.byte	0
 655 007e 0000     		.space	2
 656 0080 0000803E 		.word	1048576000
 657 0084 00000000 		.word	0
 658 0088 00000000 		.word	0
 659 008c 00000000 		.word	0
 660 0090 00000000 		.word	0
 661 0094 0000A041 		.word	1101004800
 662 0098 00007A44 		.word	1148846080
 663 009c 08000000 		.word	8
 664 00a0 00000000 		.word	0
 665 00a4 00000000 		.word	0
 666 00a8 00000000 		.word	0
 667 00ac 01       		.byte	1
 668 00ad 000000   		.space	3
 669 00b0 0AD7A33C 		.word	1017370378
 670 00b4 0AD7A33C 		.word	1017370378
 671              		.text
ARM GAS  D:\TMP\ccKlnGxE.s 			page 17


 672              	.Letext0:
 673              		.file 2 "F:/Msys2/mingw64/arm-none-eabi/include/machine/_default_types.h"
 674              		.file 3 "F:/Msys2/mingw64/arm-none-eabi/include/sys/_stdint.h"
 675              		.file 4 "Core/Inc/balance_car/line_follow_control.h"
 676              		.file 5 "Core/Inc/balance_car/balance_control.h"
 677              		.file 6 "Core/Inc/balance_car/line_tracker.h"
ARM GAS  D:\TMP\ccKlnGxE.s 			page 18


DEFINED SYMBOLS
                            *ABS*:00000000 line_follow_control.c
   D:\TMP\ccKlnGxE.s:20     .text.LineFollow_AbsFloat:00000000 $t
   D:\TMP\ccKlnGxE.s:25     .text.LineFollow_AbsFloat:00000000 LineFollow_AbsFloat
   D:\TMP\ccKlnGxE.s:64     .text.LineFollow_LimitFloat:00000000 $t
   D:\TMP\ccKlnGxE.s:69     .text.LineFollow_LimitFloat:00000000 LineFollow_LimitFloat
   D:\TMP\ccKlnGxE.s:141    .text.LineFollow_LinePidStep:00000000 $t
   D:\TMP\ccKlnGxE.s:146    .text.LineFollow_LinePidStep:00000000 LineFollow_LinePidStep
   D:\TMP\ccKlnGxE.s:254    .text.LineFollow_LinePidStep:00000078 $d
   D:\TMP\ccKlnGxE.s:613    .data.g_car:00000000 g_car
   D:\TMP\ccKlnGxE.s:259    .text.LineFollow_UpdateMotorDebug:00000000 $t
   D:\TMP\ccKlnGxE.s:264    .text.LineFollow_UpdateMotorDebug:00000000 LineFollow_UpdateMotorDebug
   D:\TMP\ccKlnGxE.s:310    .text.LineFollowControl_ResetLinePid:00000000 $t
   D:\TMP\ccKlnGxE.s:316    .text.LineFollowControl_ResetLinePid:00000000 LineFollowControl_ResetLinePid
   D:\TMP\ccKlnGxE.s:336    .text.LineFollowControl_ResetLinePid:00000010 $d
   D:\TMP\ccKlnGxE.s:341    .text.LineFollowControl_Init:00000000 $t
   D:\TMP\ccKlnGxE.s:347    .text.LineFollowControl_Init:00000000 LineFollowControl_Init
   D:\TMP\ccKlnGxE.s:370    .text.LineFollowControl_Update:00000000 $t
   D:\TMP\ccKlnGxE.s:376    .text.LineFollowControl_Update:00000000 LineFollowControl_Update
   D:\TMP\ccKlnGxE.s:596    .text.LineFollowControl_Update:000000e8 $d
   D:\TMP\ccKlnGxE.s:606    .bss.s_was_line_follow.0:00000000 s_was_line_follow.0
   D:\TMP\ccKlnGxE.s:607    .bss.s_was_line_follow.0:00000000 $d
   D:\TMP\ccKlnGxE.s:610    .data.g_car:00000000 $d

UNDEFINED SYMBOLS
__aeabi_fcmplt
__aeabi_fcmple
__aeabi_fcmpgt
__aeabi_i2f
__aeabi_fsub
__aeabi_fadd
__aeabi_fmul
__aeabi_f2iz
LineTracker_Init
LineTracker_Update
g_balance_debug
g_line
