ARM GAS  D:\TMP\cck1f8Xe.s 			page 1


   1              		.cpu cortex-m3
   2              		.arch armv7-m
   3              		.fpu softvfp
   4              		.eabi_attribute 20, 1
   5              		.eabi_attribute 21, 1
   6              		.eabi_attribute 23, 3
   7              		.eabi_attribute 24, 1
   8              		.eabi_attribute 25, 1
   9              		.eabi_attribute 26, 1
  10              		.eabi_attribute 30, 1
  11              		.eabi_attribute 34, 1
  12              		.eabi_attribute 18, 4
  13              		.file	"mpu6050_hal.c"
  14              		.text
  15              	.Ltext0:
  16              		.cfi_sections	.debug_frame
  17              		.file 1 "Core/Src/balance_car/mpu6050_hal.c"
  18              		.section	.text.Mpu6050_ReadReg,"ax",%progbits
  19              		.align	1
  20              		.syntax unified
  21              		.thumb
  22              		.thumb_func
  24              	Mpu6050_ReadReg:
  25              	.LVL0:
  26              	.LFB66:
   1:Core/Src/balance_car/mpu6050_hal.c **** #include "balance_car/mpu6050_hal.h"
   2:Core/Src/balance_car/mpu6050_hal.c **** 
   3:Core/Src/balance_car/mpu6050_hal.c **** #define MPU6050_ADDR              (0x68U << 1)
   4:Core/Src/balance_car/mpu6050_hal.c **** #define MPU6050_WHO_AM_I          0x75U
   5:Core/Src/balance_car/mpu6050_hal.c **** #define MPU6050_PWR_MGMT_1        0x6BU
   6:Core/Src/balance_car/mpu6050_hal.c **** #define MPU6050_PWR_MGMT_2        0x6CU
   7:Core/Src/balance_car/mpu6050_hal.c **** #define MPU6050_SMPLRT_DIV        0x19U
   8:Core/Src/balance_car/mpu6050_hal.c **** #define MPU6050_CONFIG            0x1AU
   9:Core/Src/balance_car/mpu6050_hal.c **** #define MPU6050_GYRO_CONFIG       0x1BU
  10:Core/Src/balance_car/mpu6050_hal.c **** #define MPU6050_ACCEL_CONFIG      0x1CU
  11:Core/Src/balance_car/mpu6050_hal.c **** #define MPU6050_ACCEL_XOUT_H      0x3BU
  12:Core/Src/balance_car/mpu6050_hal.c **** 
  13:Core/Src/balance_car/mpu6050_hal.c **** static I2C_HandleTypeDef s_hi2c1;
  14:Core/Src/balance_car/mpu6050_hal.c **** static uint8_t s_last_id;
  15:Core/Src/balance_car/mpu6050_hal.c **** 
  16:Core/Src/balance_car/mpu6050_hal.c **** static HAL_StatusTypeDef Mpu6050_WriteReg(uint8_t reg, uint8_t value)
  17:Core/Src/balance_car/mpu6050_hal.c **** {
  18:Core/Src/balance_car/mpu6050_hal.c ****     return HAL_I2C_Mem_Write(&s_hi2c1, MPU6050_ADDR, reg, I2C_MEMADD_SIZE_8BIT,
  19:Core/Src/balance_car/mpu6050_hal.c ****                              &value, 1U, 10U);
  20:Core/Src/balance_car/mpu6050_hal.c **** }
  21:Core/Src/balance_car/mpu6050_hal.c **** 
  22:Core/Src/balance_car/mpu6050_hal.c **** static HAL_StatusTypeDef Mpu6050_ReadReg(uint8_t reg, uint8_t *value)
  23:Core/Src/balance_car/mpu6050_hal.c **** {
  27              		.loc 1 23 1 view -0
  28              		.cfi_startproc
  29              		@ args = 0, pretend = 0, frame = 0
  30              		@ frame_needed = 0, uses_anonymous_args = 0
  31              		.loc 1 23 1 is_stmt 0 view .LVU1
  32 0000 00B5     		push	{lr}
  33              	.LCFI0:
  34              		.cfi_def_cfa_offset 4
  35              		.cfi_offset 14, -4
ARM GAS  D:\TMP\cck1f8Xe.s 			page 2


  36 0002 85B0     		sub	sp, sp, #20
  37              	.LCFI1:
  38              		.cfi_def_cfa_offset 24
  39 0004 0246     		mov	r2, r0
  24:Core/Src/balance_car/mpu6050_hal.c ****     return HAL_I2C_Mem_Read(&s_hi2c1, MPU6050_ADDR, reg, I2C_MEMADD_SIZE_8BIT,
  40              		.loc 1 24 5 is_stmt 1 view .LVU2
  41              		.loc 1 24 12 is_stmt 0 view .LVU3
  42 0006 0A23     		movs	r3, #10
  43 0008 0293     		str	r3, [sp, #8]
  44 000a 0123     		movs	r3, #1
  45 000c 0193     		str	r3, [sp, #4]
  46 000e 0091     		str	r1, [sp]
  47 0010 D021     		movs	r1, #208
  48              	.LVL1:
  49              		.loc 1 24 12 view .LVU4
  50 0012 0348     		ldr	r0, .L3
  51              	.LVL2:
  52              		.loc 1 24 12 view .LVU5
  53 0014 FFF7FEFF 		bl	HAL_I2C_Mem_Read
  54              	.LVL3:
  25:Core/Src/balance_car/mpu6050_hal.c ****                             value, 1U, 10U);
  26:Core/Src/balance_car/mpu6050_hal.c **** }
  55              		.loc 1 26 1 view .LVU6
  56 0018 05B0     		add	sp, sp, #20
  57              	.LCFI2:
  58              		.cfi_def_cfa_offset 4
  59              		@ sp needed
  60 001a 5DF804FB 		ldr	pc, [sp], #4
  61              	.L4:
  62 001e 00BF     		.align	2
  63              	.L3:
  64 0020 00000000 		.word	s_hi2c1
  65              		.cfi_endproc
  66              	.LFE66:
  68              		.section	.text.Mpu6050_WriteReg,"ax",%progbits
  69              		.align	1
  70              		.syntax unified
  71              		.thumb
  72              		.thumb_func
  74              	Mpu6050_WriteReg:
  75              	.LVL4:
  76              	.LFB65:
  17:Core/Src/balance_car/mpu6050_hal.c ****     return HAL_I2C_Mem_Write(&s_hi2c1, MPU6050_ADDR, reg, I2C_MEMADD_SIZE_8BIT,
  77              		.loc 1 17 1 is_stmt 1 view -0
  78              		.cfi_startproc
  79              		@ args = 0, pretend = 0, frame = 8
  80              		@ frame_needed = 0, uses_anonymous_args = 0
  17:Core/Src/balance_car/mpu6050_hal.c ****     return HAL_I2C_Mem_Write(&s_hi2c1, MPU6050_ADDR, reg, I2C_MEMADD_SIZE_8BIT,
  81              		.loc 1 17 1 is_stmt 0 view .LVU8
  82 0000 00B5     		push	{lr}
  83              	.LCFI3:
  84              		.cfi_def_cfa_offset 4
  85              		.cfi_offset 14, -4
  86 0002 87B0     		sub	sp, sp, #28
  87              	.LCFI4:
  88              		.cfi_def_cfa_offset 32
  89 0004 0246     		mov	r2, r0
ARM GAS  D:\TMP\cck1f8Xe.s 			page 3


  90 0006 8DF81710 		strb	r1, [sp, #23]
  18:Core/Src/balance_car/mpu6050_hal.c ****                              &value, 1U, 10U);
  91              		.loc 1 18 5 is_stmt 1 view .LVU9
  18:Core/Src/balance_car/mpu6050_hal.c ****                              &value, 1U, 10U);
  92              		.loc 1 18 12 is_stmt 0 view .LVU10
  93 000a 0A23     		movs	r3, #10
  94 000c 0293     		str	r3, [sp, #8]
  95 000e 0123     		movs	r3, #1
  96 0010 0193     		str	r3, [sp, #4]
  97 0012 0DF11701 		add	r1, sp, #23
  98              	.LVL5:
  18:Core/Src/balance_car/mpu6050_hal.c ****                              &value, 1U, 10U);
  99              		.loc 1 18 12 view .LVU11
 100 0016 0091     		str	r1, [sp]
 101 0018 D021     		movs	r1, #208
 102              	.LVL6:
  18:Core/Src/balance_car/mpu6050_hal.c ****                              &value, 1U, 10U);
 103              		.loc 1 18 12 view .LVU12
 104 001a 0348     		ldr	r0, .L7
 105              	.LVL7:
  18:Core/Src/balance_car/mpu6050_hal.c ****                              &value, 1U, 10U);
 106              		.loc 1 18 12 view .LVU13
 107 001c FFF7FEFF 		bl	HAL_I2C_Mem_Write
 108              	.LVL8:
  20:Core/Src/balance_car/mpu6050_hal.c **** 
 109              		.loc 1 20 1 view .LVU14
 110 0020 07B0     		add	sp, sp, #28
 111              	.LCFI5:
 112              		.cfi_def_cfa_offset 4
 113              		@ sp needed
 114 0022 5DF804FB 		ldr	pc, [sp], #4
 115              	.L8:
 116 0026 00BF     		.align	2
 117              	.L7:
 118 0028 00000000 		.word	s_hi2c1
 119              		.cfi_endproc
 120              	.LFE65:
 122              		.section	.text.Mpu6050_Init,"ax",%progbits
 123              		.align	1
 124              		.global	Mpu6050_Init
 125              		.syntax unified
 126              		.thumb
 127              		.thumb_func
 129              	Mpu6050_Init:
 130              	.LFB67:
  27:Core/Src/balance_car/mpu6050_hal.c **** 
  28:Core/Src/balance_car/mpu6050_hal.c **** HAL_StatusTypeDef Mpu6050_Init(void)
  29:Core/Src/balance_car/mpu6050_hal.c **** {
 131              		.loc 1 29 1 is_stmt 1 view -0
 132              		.cfi_startproc
 133              		@ args = 0, pretend = 0, frame = 0
 134              		@ frame_needed = 0, uses_anonymous_args = 0
 135 0000 08B5     		push	{r3, lr}
 136              	.LCFI6:
 137              		.cfi_def_cfa_offset 8
 138              		.cfi_offset 3, -8
 139              		.cfi_offset 14, -4
ARM GAS  D:\TMP\cck1f8Xe.s 			page 4


  30:Core/Src/balance_car/mpu6050_hal.c ****     s_hi2c1.Instance = I2C1;
 140              		.loc 1 30 5 view .LVU16
 141              		.loc 1 30 22 is_stmt 0 view .LVU17
 142 0002 2648     		ldr	r0, .L28
 143 0004 264B     		ldr	r3, .L28+4
 144 0006 0360     		str	r3, [r0]
  31:Core/Src/balance_car/mpu6050_hal.c ****     s_hi2c1.Init.ClockSpeed = 400000U;
 145              		.loc 1 31 5 is_stmt 1 view .LVU18
 146              		.loc 1 31 29 is_stmt 0 view .LVU19
 147 0008 264B     		ldr	r3, .L28+8
 148 000a 4360     		str	r3, [r0, #4]
  32:Core/Src/balance_car/mpu6050_hal.c ****     s_hi2c1.Init.DutyCycle = I2C_DUTYCYCLE_2;
 149              		.loc 1 32 5 is_stmt 1 view .LVU20
 150              		.loc 1 32 28 is_stmt 0 view .LVU21
 151 000c 0023     		movs	r3, #0
 152 000e 8360     		str	r3, [r0, #8]
  33:Core/Src/balance_car/mpu6050_hal.c ****     s_hi2c1.Init.OwnAddress1 = 0U;
 153              		.loc 1 33 5 is_stmt 1 view .LVU22
 154              		.loc 1 33 30 is_stmt 0 view .LVU23
 155 0010 C360     		str	r3, [r0, #12]
  34:Core/Src/balance_car/mpu6050_hal.c ****     s_hi2c1.Init.AddressingMode = I2C_ADDRESSINGMODE_7BIT;
 156              		.loc 1 34 5 is_stmt 1 view .LVU24
 157              		.loc 1 34 33 is_stmt 0 view .LVU25
 158 0012 4FF48042 		mov	r2, #16384
 159 0016 0261     		str	r2, [r0, #16]
  35:Core/Src/balance_car/mpu6050_hal.c ****     s_hi2c1.Init.DualAddressMode = I2C_DUALADDRESS_DISABLE;
 160              		.loc 1 35 5 is_stmt 1 view .LVU26
 161              		.loc 1 35 34 is_stmt 0 view .LVU27
 162 0018 4361     		str	r3, [r0, #20]
  36:Core/Src/balance_car/mpu6050_hal.c ****     s_hi2c1.Init.OwnAddress2 = 0U;
 163              		.loc 1 36 5 is_stmt 1 view .LVU28
 164              		.loc 1 36 30 is_stmt 0 view .LVU29
 165 001a 8361     		str	r3, [r0, #24]
  37:Core/Src/balance_car/mpu6050_hal.c ****     s_hi2c1.Init.GeneralCallMode = I2C_GENERALCALL_DISABLE;
 166              		.loc 1 37 5 is_stmt 1 view .LVU30
 167              		.loc 1 37 34 is_stmt 0 view .LVU31
 168 001c C361     		str	r3, [r0, #28]
  38:Core/Src/balance_car/mpu6050_hal.c ****     s_hi2c1.Init.NoStretchMode = I2C_NOSTRETCH_DISABLE;
 169              		.loc 1 38 5 is_stmt 1 view .LVU32
 170              		.loc 1 38 32 is_stmt 0 view .LVU33
 171 001e 0362     		str	r3, [r0, #32]
  39:Core/Src/balance_car/mpu6050_hal.c **** 
  40:Core/Src/balance_car/mpu6050_hal.c ****     if (HAL_I2C_Init(&s_hi2c1) != HAL_OK) {
 172              		.loc 1 40 5 is_stmt 1 view .LVU34
 173              		.loc 1 40 9 is_stmt 0 view .LVU35
 174 0020 FFF7FEFF 		bl	HAL_I2C_Init
 175              	.LVL9:
 176              		.loc 1 40 8 discriminator 1 view .LVU36
 177 0024 08B1     		cbz	r0, .L21
  41:Core/Src/balance_car/mpu6050_hal.c ****         return HAL_ERROR;
 178              		.loc 1 41 16 view .LVU37
 179 0026 0120     		movs	r0, #1
 180              	.L10:
  42:Core/Src/balance_car/mpu6050_hal.c ****     }
  43:Core/Src/balance_car/mpu6050_hal.c **** 
  44:Core/Src/balance_car/mpu6050_hal.c ****     if (Mpu6050_ReadReg(MPU6050_WHO_AM_I, &s_last_id) != HAL_OK) {
  45:Core/Src/balance_car/mpu6050_hal.c ****         return HAL_ERROR;
ARM GAS  D:\TMP\cck1f8Xe.s 			page 5


  46:Core/Src/balance_car/mpu6050_hal.c ****     }
  47:Core/Src/balance_car/mpu6050_hal.c ****     if (s_last_id != 0x68U) {
  48:Core/Src/balance_car/mpu6050_hal.c ****         return HAL_ERROR;
  49:Core/Src/balance_car/mpu6050_hal.c ****     }
  50:Core/Src/balance_car/mpu6050_hal.c **** 
  51:Core/Src/balance_car/mpu6050_hal.c ****     if (Mpu6050_WriteReg(MPU6050_PWR_MGMT_1, 0x01U) != HAL_OK) {
  52:Core/Src/balance_car/mpu6050_hal.c ****         return HAL_ERROR;
  53:Core/Src/balance_car/mpu6050_hal.c ****     }
  54:Core/Src/balance_car/mpu6050_hal.c ****     if (Mpu6050_WriteReg(MPU6050_PWR_MGMT_2, 0x00U) != HAL_OK) {
  55:Core/Src/balance_car/mpu6050_hal.c ****         return HAL_ERROR;
  56:Core/Src/balance_car/mpu6050_hal.c ****     }
  57:Core/Src/balance_car/mpu6050_hal.c ****     if (Mpu6050_WriteReg(MPU6050_SMPLRT_DIV, 0x07U) != HAL_OK) {
  58:Core/Src/balance_car/mpu6050_hal.c ****         return HAL_ERROR;
  59:Core/Src/balance_car/mpu6050_hal.c ****     }
  60:Core/Src/balance_car/mpu6050_hal.c ****     if (Mpu6050_WriteReg(MPU6050_CONFIG, 0x00U) != HAL_OK) {
  61:Core/Src/balance_car/mpu6050_hal.c ****         return HAL_ERROR;
  62:Core/Src/balance_car/mpu6050_hal.c ****     }
  63:Core/Src/balance_car/mpu6050_hal.c ****     if (Mpu6050_WriteReg(MPU6050_GYRO_CONFIG, 0x18U) != HAL_OK) {
  64:Core/Src/balance_car/mpu6050_hal.c ****         return HAL_ERROR;
  65:Core/Src/balance_car/mpu6050_hal.c ****     }
  66:Core/Src/balance_car/mpu6050_hal.c ****     if (Mpu6050_WriteReg(MPU6050_ACCEL_CONFIG, 0x18U) != HAL_OK) {
  67:Core/Src/balance_car/mpu6050_hal.c ****         return HAL_ERROR;
  68:Core/Src/balance_car/mpu6050_hal.c ****     }
  69:Core/Src/balance_car/mpu6050_hal.c **** 
  70:Core/Src/balance_car/mpu6050_hal.c ****     return HAL_OK;
  71:Core/Src/balance_car/mpu6050_hal.c **** }
 181              		.loc 1 71 1 view .LVU38
 182 0028 08BD     		pop	{r3, pc}
 183              	.L21:
  44:Core/Src/balance_car/mpu6050_hal.c ****         return HAL_ERROR;
 184              		.loc 1 44 5 is_stmt 1 view .LVU39
  44:Core/Src/balance_car/mpu6050_hal.c ****         return HAL_ERROR;
 185              		.loc 1 44 9 is_stmt 0 view .LVU40
 186 002a 1F49     		ldr	r1, .L28+12
 187 002c 7520     		movs	r0, #117
 188 002e FFF7FEFF 		bl	Mpu6050_ReadReg
 189              	.LVL10:
  44:Core/Src/balance_car/mpu6050_hal.c ****         return HAL_ERROR;
 190              		.loc 1 44 8 discriminator 1 view .LVU41
 191 0032 80BB     		cbnz	r0, .L12
  47:Core/Src/balance_car/mpu6050_hal.c ****         return HAL_ERROR;
 192              		.loc 1 47 5 is_stmt 1 view .LVU42
  47:Core/Src/balance_car/mpu6050_hal.c ****         return HAL_ERROR;
 193              		.loc 1 47 19 is_stmt 0 view .LVU43
 194 0034 1C4B     		ldr	r3, .L28+12
 195 0036 1B78     		ldrb	r3, [r3]	@ zero_extendqisi2
  47:Core/Src/balance_car/mpu6050_hal.c ****         return HAL_ERROR;
 196              		.loc 1 47 8 view .LVU44
 197 0038 682B     		cmp	r3, #104
 198 003a 01D0     		beq	.L22
  48:Core/Src/balance_car/mpu6050_hal.c ****     }
 199              		.loc 1 48 16 view .LVU45
 200 003c 0120     		movs	r0, #1
 201 003e F3E7     		b	.L10
 202              	.L22:
  51:Core/Src/balance_car/mpu6050_hal.c ****         return HAL_ERROR;
 203              		.loc 1 51 5 is_stmt 1 view .LVU46
ARM GAS  D:\TMP\cck1f8Xe.s 			page 6


  51:Core/Src/balance_car/mpu6050_hal.c ****         return HAL_ERROR;
 204              		.loc 1 51 9 is_stmt 0 view .LVU47
 205 0040 0121     		movs	r1, #1
 206 0042 6B20     		movs	r0, #107
 207 0044 FFF7FEFF 		bl	Mpu6050_WriteReg
 208              	.LVL11:
  51:Core/Src/balance_car/mpu6050_hal.c ****         return HAL_ERROR;
 209              		.loc 1 51 8 discriminator 1 view .LVU48
 210 0048 08B1     		cbz	r0, .L23
  52:Core/Src/balance_car/mpu6050_hal.c ****     }
 211              		.loc 1 52 16 view .LVU49
 212 004a 0120     		movs	r0, #1
 213 004c ECE7     		b	.L10
 214              	.L23:
  54:Core/Src/balance_car/mpu6050_hal.c ****         return HAL_ERROR;
 215              		.loc 1 54 5 is_stmt 1 view .LVU50
  54:Core/Src/balance_car/mpu6050_hal.c ****         return HAL_ERROR;
 216              		.loc 1 54 9 is_stmt 0 view .LVU51
 217 004e 0021     		movs	r1, #0
 218 0050 6C20     		movs	r0, #108
 219 0052 FFF7FEFF 		bl	Mpu6050_WriteReg
 220              	.LVL12:
  54:Core/Src/balance_car/mpu6050_hal.c ****         return HAL_ERROR;
 221              		.loc 1 54 8 discriminator 1 view .LVU52
 222 0056 08B1     		cbz	r0, .L24
  55:Core/Src/balance_car/mpu6050_hal.c ****     }
 223              		.loc 1 55 16 view .LVU53
 224 0058 0120     		movs	r0, #1
 225 005a E5E7     		b	.L10
 226              	.L24:
  57:Core/Src/balance_car/mpu6050_hal.c ****         return HAL_ERROR;
 227              		.loc 1 57 5 is_stmt 1 view .LVU54
  57:Core/Src/balance_car/mpu6050_hal.c ****         return HAL_ERROR;
 228              		.loc 1 57 9 is_stmt 0 view .LVU55
 229 005c 0721     		movs	r1, #7
 230 005e 1920     		movs	r0, #25
 231 0060 FFF7FEFF 		bl	Mpu6050_WriteReg
 232              	.LVL13:
  57:Core/Src/balance_car/mpu6050_hal.c ****         return HAL_ERROR;
 233              		.loc 1 57 8 discriminator 1 view .LVU56
 234 0064 08B1     		cbz	r0, .L25
  58:Core/Src/balance_car/mpu6050_hal.c ****     }
 235              		.loc 1 58 16 view .LVU57
 236 0066 0120     		movs	r0, #1
 237 0068 DEE7     		b	.L10
 238              	.L25:
  60:Core/Src/balance_car/mpu6050_hal.c ****         return HAL_ERROR;
 239              		.loc 1 60 5 is_stmt 1 view .LVU58
  60:Core/Src/balance_car/mpu6050_hal.c ****         return HAL_ERROR;
 240              		.loc 1 60 9 is_stmt 0 view .LVU59
 241 006a 0021     		movs	r1, #0
 242 006c 1A20     		movs	r0, #26
 243 006e FFF7FEFF 		bl	Mpu6050_WriteReg
 244              	.LVL14:
  60:Core/Src/balance_car/mpu6050_hal.c ****         return HAL_ERROR;
 245              		.loc 1 60 8 discriminator 1 view .LVU60
 246 0072 08B1     		cbz	r0, .L26
ARM GAS  D:\TMP\cck1f8Xe.s 			page 7


  61:Core/Src/balance_car/mpu6050_hal.c ****     }
 247              		.loc 1 61 16 view .LVU61
 248 0074 0120     		movs	r0, #1
 249 0076 D7E7     		b	.L10
 250              	.L26:
  63:Core/Src/balance_car/mpu6050_hal.c ****         return HAL_ERROR;
 251              		.loc 1 63 5 is_stmt 1 view .LVU62
  63:Core/Src/balance_car/mpu6050_hal.c ****         return HAL_ERROR;
 252              		.loc 1 63 9 is_stmt 0 view .LVU63
 253 0078 1821     		movs	r1, #24
 254 007a 1B20     		movs	r0, #27
 255 007c FFF7FEFF 		bl	Mpu6050_WriteReg
 256              	.LVL15:
  63:Core/Src/balance_car/mpu6050_hal.c ****         return HAL_ERROR;
 257              		.loc 1 63 8 discriminator 1 view .LVU64
 258 0080 08B1     		cbz	r0, .L27
  64:Core/Src/balance_car/mpu6050_hal.c ****     }
 259              		.loc 1 64 16 view .LVU65
 260 0082 0120     		movs	r0, #1
 261 0084 D0E7     		b	.L10
 262              	.L27:
  66:Core/Src/balance_car/mpu6050_hal.c ****         return HAL_ERROR;
 263              		.loc 1 66 5 is_stmt 1 view .LVU66
  66:Core/Src/balance_car/mpu6050_hal.c ****         return HAL_ERROR;
 264              		.loc 1 66 9 is_stmt 0 view .LVU67
 265 0086 1821     		movs	r1, #24
 266 0088 1C20     		movs	r0, #28
 267 008a FFF7FEFF 		bl	Mpu6050_WriteReg
 268              	.LVL16:
  66:Core/Src/balance_car/mpu6050_hal.c ****         return HAL_ERROR;
 269              		.loc 1 66 8 discriminator 1 view .LVU68
 270 008e 0028     		cmp	r0, #0
 271 0090 CAD0     		beq	.L10
  67:Core/Src/balance_car/mpu6050_hal.c ****     }
 272              		.loc 1 67 16 view .LVU69
 273 0092 0120     		movs	r0, #1
 274 0094 C8E7     		b	.L10
 275              	.L12:
  45:Core/Src/balance_car/mpu6050_hal.c ****     }
 276              		.loc 1 45 16 view .LVU70
 277 0096 0120     		movs	r0, #1
 278 0098 C6E7     		b	.L10
 279              	.L29:
 280 009a 00BF     		.align	2
 281              	.L28:
 282 009c 00000000 		.word	s_hi2c1
 283 00a0 00540040 		.word	1073763328
 284 00a4 801A0600 		.word	400000
 285 00a8 00000000 		.word	s_last_id
 286              		.cfi_endproc
 287              	.LFE67:
 289              		.section	.text.Mpu6050_ReadRaw,"ax",%progbits
 290              		.align	1
 291              		.global	Mpu6050_ReadRaw
 292              		.syntax unified
 293              		.thumb
 294              		.thumb_func
ARM GAS  D:\TMP\cck1f8Xe.s 			page 8


 296              	Mpu6050_ReadRaw:
 297              	.LVL17:
 298              	.LFB68:
  72:Core/Src/balance_car/mpu6050_hal.c **** 
  73:Core/Src/balance_car/mpu6050_hal.c **** HAL_StatusTypeDef Mpu6050_ReadRaw(Mpu6050Raw_t *raw)
  74:Core/Src/balance_car/mpu6050_hal.c **** {
 299              		.loc 1 74 1 is_stmt 1 view -0
 300              		.cfi_startproc
 301              		@ args = 0, pretend = 0, frame = 16
 302              		@ frame_needed = 0, uses_anonymous_args = 0
 303              		.loc 1 74 1 is_stmt 0 view .LVU72
 304 0000 10B5     		push	{r4, lr}
 305              	.LCFI7:
 306              		.cfi_def_cfa_offset 8
 307              		.cfi_offset 4, -8
 308              		.cfi_offset 14, -4
 309 0002 88B0     		sub	sp, sp, #32
 310              	.LCFI8:
 311              		.cfi_def_cfa_offset 40
 312 0004 0446     		mov	r4, r0
  75:Core/Src/balance_car/mpu6050_hal.c ****     uint8_t data[14];
 313              		.loc 1 75 5 is_stmt 1 view .LVU73
  76:Core/Src/balance_car/mpu6050_hal.c **** 
  77:Core/Src/balance_car/mpu6050_hal.c ****     if (HAL_I2C_Mem_Read(&s_hi2c1, MPU6050_ADDR, MPU6050_ACCEL_XOUT_H,
 314              		.loc 1 77 5 view .LVU74
 315              		.loc 1 77 9 is_stmt 0 view .LVU75
 316 0006 0523     		movs	r3, #5
 317 0008 0293     		str	r3, [sp, #8]
 318 000a 0E23     		movs	r3, #14
 319 000c 0193     		str	r3, [sp, #4]
 320 000e 04AB     		add	r3, sp, #16
 321 0010 0093     		str	r3, [sp]
 322 0012 0123     		movs	r3, #1
 323 0014 3B22     		movs	r2, #59
 324 0016 D021     		movs	r1, #208
 325 0018 1848     		ldr	r0, .L34
 326              	.LVL18:
 327              		.loc 1 77 9 view .LVU76
 328 001a FFF7FEFF 		bl	HAL_I2C_Mem_Read
 329              	.LVL19:
 330              		.loc 1 77 8 discriminator 1 view .LVU77
 331 001e 58BB     		cbnz	r0, .L32
  78:Core/Src/balance_car/mpu6050_hal.c ****                          I2C_MEMADD_SIZE_8BIT, data, sizeof(data), 5U) != HAL_OK) {
  79:Core/Src/balance_car/mpu6050_hal.c ****         return HAL_ERROR;
  80:Core/Src/balance_car/mpu6050_hal.c ****     }
  81:Core/Src/balance_car/mpu6050_hal.c **** 
  82:Core/Src/balance_car/mpu6050_hal.c ****     raw->ax = (int16_t)((uint16_t)data[0] << 8 | data[1]);
 332              		.loc 1 82 5 is_stmt 1 view .LVU78
 333              		.loc 1 82 39 is_stmt 0 view .LVU79
 334 0020 9DF81020 		ldrb	r2, [sp, #16]	@ zero_extendqisi2
 335              		.loc 1 82 54 view .LVU80
 336 0024 9DF81130 		ldrb	r3, [sp, #17]	@ zero_extendqisi2
 337              		.loc 1 82 15 view .LVU81
 338 0028 43EA0223 		orr	r3, r3, r2, lsl #8
 339              		.loc 1 82 13 view .LVU82
 340 002c 2380     		strh	r3, [r4]	@ movhi
  83:Core/Src/balance_car/mpu6050_hal.c ****     raw->ay = (int16_t)((uint16_t)data[2] << 8 | data[3]);
ARM GAS  D:\TMP\cck1f8Xe.s 			page 9


 341              		.loc 1 83 5 is_stmt 1 view .LVU83
 342              		.loc 1 83 39 is_stmt 0 view .LVU84
 343 002e 9DF81220 		ldrb	r2, [sp, #18]	@ zero_extendqisi2
 344              		.loc 1 83 54 view .LVU85
 345 0032 9DF81330 		ldrb	r3, [sp, #19]	@ zero_extendqisi2
 346              		.loc 1 83 15 view .LVU86
 347 0036 43EA0223 		orr	r3, r3, r2, lsl #8
 348              		.loc 1 83 13 view .LVU87
 349 003a 6380     		strh	r3, [r4, #2]	@ movhi
  84:Core/Src/balance_car/mpu6050_hal.c ****     raw->az = (int16_t)((uint16_t)data[4] << 8 | data[5]);
 350              		.loc 1 84 5 is_stmt 1 view .LVU88
 351              		.loc 1 84 39 is_stmt 0 view .LVU89
 352 003c 9DF81420 		ldrb	r2, [sp, #20]	@ zero_extendqisi2
 353              		.loc 1 84 54 view .LVU90
 354 0040 9DF81530 		ldrb	r3, [sp, #21]	@ zero_extendqisi2
 355              		.loc 1 84 15 view .LVU91
 356 0044 43EA0223 		orr	r3, r3, r2, lsl #8
 357              		.loc 1 84 13 view .LVU92
 358 0048 A380     		strh	r3, [r4, #4]	@ movhi
  85:Core/Src/balance_car/mpu6050_hal.c ****     raw->gx = (int16_t)((uint16_t)data[8] << 8 | data[9]);
 359              		.loc 1 85 5 is_stmt 1 view .LVU93
 360              		.loc 1 85 39 is_stmt 0 view .LVU94
 361 004a 9DF81820 		ldrb	r2, [sp, #24]	@ zero_extendqisi2
 362              		.loc 1 85 54 view .LVU95
 363 004e 9DF81930 		ldrb	r3, [sp, #25]	@ zero_extendqisi2
 364              		.loc 1 85 15 view .LVU96
 365 0052 43EA0223 		orr	r3, r3, r2, lsl #8
 366              		.loc 1 85 13 view .LVU97
 367 0056 E380     		strh	r3, [r4, #6]	@ movhi
  86:Core/Src/balance_car/mpu6050_hal.c ****     raw->gy = (int16_t)((uint16_t)data[10] << 8 | data[11]);
 368              		.loc 1 86 5 is_stmt 1 view .LVU98
 369              		.loc 1 86 39 is_stmt 0 view .LVU99
 370 0058 9DF81A20 		ldrb	r2, [sp, #26]	@ zero_extendqisi2
 371              		.loc 1 86 55 view .LVU100
 372 005c 9DF81B30 		ldrb	r3, [sp, #27]	@ zero_extendqisi2
 373              		.loc 1 86 15 view .LVU101
 374 0060 43EA0223 		orr	r3, r3, r2, lsl #8
 375              		.loc 1 86 13 view .LVU102
 376 0064 2381     		strh	r3, [r4, #8]	@ movhi
  87:Core/Src/balance_car/mpu6050_hal.c ****     raw->gz = (int16_t)((uint16_t)data[12] << 8 | data[13]);
 377              		.loc 1 87 5 is_stmt 1 view .LVU103
 378              		.loc 1 87 39 is_stmt 0 view .LVU104
 379 0066 9DF81C20 		ldrb	r2, [sp, #28]	@ zero_extendqisi2
 380              		.loc 1 87 55 view .LVU105
 381 006a 9DF81D30 		ldrb	r3, [sp, #29]	@ zero_extendqisi2
 382              		.loc 1 87 15 view .LVU106
 383 006e 43EA0223 		orr	r3, r3, r2, lsl #8
 384              		.loc 1 87 13 view .LVU107
 385 0072 6381     		strh	r3, [r4, #10]	@ movhi
  88:Core/Src/balance_car/mpu6050_hal.c **** 
  89:Core/Src/balance_car/mpu6050_hal.c ****     return HAL_OK;
 386              		.loc 1 89 5 is_stmt 1 view .LVU108
 387              	.L31:
  90:Core/Src/balance_car/mpu6050_hal.c **** }
 388              		.loc 1 90 1 is_stmt 0 view .LVU109
 389 0074 08B0     		add	sp, sp, #32
 390              	.LCFI9:
ARM GAS  D:\TMP\cck1f8Xe.s 			page 10


 391              		.cfi_remember_state
 392              		.cfi_def_cfa_offset 8
 393              		@ sp needed
 394 0076 10BD     		pop	{r4, pc}
 395              	.LVL20:
 396              	.L32:
 397              	.LCFI10:
 398              		.cfi_restore_state
  79:Core/Src/balance_car/mpu6050_hal.c ****     }
 399              		.loc 1 79 16 view .LVU110
 400 0078 0120     		movs	r0, #1
 401 007a FBE7     		b	.L31
 402              	.L35:
 403              		.align	2
 404              	.L34:
 405 007c 00000000 		.word	s_hi2c1
 406              		.cfi_endproc
 407              	.LFE68:
 409              		.section	.text.Mpu6050_GetLastId,"ax",%progbits
 410              		.align	1
 411              		.global	Mpu6050_GetLastId
 412              		.syntax unified
 413              		.thumb
 414              		.thumb_func
 416              	Mpu6050_GetLastId:
 417              	.LFB69:
  91:Core/Src/balance_car/mpu6050_hal.c **** 
  92:Core/Src/balance_car/mpu6050_hal.c **** uint8_t Mpu6050_GetLastId(void)
  93:Core/Src/balance_car/mpu6050_hal.c **** {
 418              		.loc 1 93 1 is_stmt 1 view -0
 419              		.cfi_startproc
 420              		@ args = 0, pretend = 0, frame = 0
 421              		@ frame_needed = 0, uses_anonymous_args = 0
 422              		@ link register save eliminated.
  94:Core/Src/balance_car/mpu6050_hal.c ****     return s_last_id;
 423              		.loc 1 94 5 view .LVU112
  95:Core/Src/balance_car/mpu6050_hal.c **** }
 424              		.loc 1 95 1 is_stmt 0 view .LVU113
 425 0000 014B     		ldr	r3, .L37
 426 0002 1878     		ldrb	r0, [r3]	@ zero_extendqisi2
 427 0004 7047     		bx	lr
 428              	.L38:
 429 0006 00BF     		.align	2
 430              	.L37:
 431 0008 00000000 		.word	s_last_id
 432              		.cfi_endproc
 433              	.LFE69:
 435              		.section	.text.HAL_I2C_MspInit,"ax",%progbits
 436              		.align	1
 437              		.global	HAL_I2C_MspInit
 438              		.syntax unified
 439              		.thumb
 440              		.thumb_func
 442              	HAL_I2C_MspInit:
 443              	.LVL21:
 444              	.LFB70:
  96:Core/Src/balance_car/mpu6050_hal.c **** 
ARM GAS  D:\TMP\cck1f8Xe.s 			page 11


  97:Core/Src/balance_car/mpu6050_hal.c **** void HAL_I2C_MspInit(I2C_HandleTypeDef *hi2c)
  98:Core/Src/balance_car/mpu6050_hal.c **** {
 445              		.loc 1 98 1 is_stmt 1 view -0
 446              		.cfi_startproc
 447              		@ args = 0, pretend = 0, frame = 32
 448              		@ frame_needed = 0, uses_anonymous_args = 0
 449              		.loc 1 98 1 is_stmt 0 view .LVU115
 450 0000 00B5     		push	{lr}
 451              	.LCFI11:
 452              		.cfi_def_cfa_offset 4
 453              		.cfi_offset 14, -4
 454 0002 89B0     		sub	sp, sp, #36
 455              	.LCFI12:
 456              		.cfi_def_cfa_offset 40
  99:Core/Src/balance_car/mpu6050_hal.c ****     GPIO_InitTypeDef gpio = {0};
 457              		.loc 1 99 5 is_stmt 1 view .LVU116
 458              		.loc 1 99 22 is_stmt 0 view .LVU117
 459 0004 0023     		movs	r3, #0
 460 0006 0493     		str	r3, [sp, #16]
 461 0008 0593     		str	r3, [sp, #20]
 462 000a 0693     		str	r3, [sp, #24]
 463 000c 0793     		str	r3, [sp, #28]
 100:Core/Src/balance_car/mpu6050_hal.c **** 
 101:Core/Src/balance_car/mpu6050_hal.c ****     if (hi2c->Instance != I2C1) {
 464              		.loc 1 101 5 is_stmt 1 view .LVU118
 465              		.loc 1 101 13 is_stmt 0 view .LVU119
 466 000e 0268     		ldr	r2, [r0]
 467              		.loc 1 101 8 view .LVU120
 468 0010 1A4B     		ldr	r3, .L44
 469 0012 9A42     		cmp	r2, r3
 470 0014 02D0     		beq	.L43
 471              	.LVL22:
 472              	.L39:
 102:Core/Src/balance_car/mpu6050_hal.c ****         return;
 103:Core/Src/balance_car/mpu6050_hal.c ****     }
 104:Core/Src/balance_car/mpu6050_hal.c **** 
 105:Core/Src/balance_car/mpu6050_hal.c ****     __HAL_RCC_GPIOB_CLK_ENABLE();
 106:Core/Src/balance_car/mpu6050_hal.c ****     __HAL_RCC_AFIO_CLK_ENABLE();
 107:Core/Src/balance_car/mpu6050_hal.c ****     __HAL_RCC_I2C1_CLK_ENABLE();
 108:Core/Src/balance_car/mpu6050_hal.c ****     __HAL_AFIO_REMAP_I2C1_ENABLE();
 109:Core/Src/balance_car/mpu6050_hal.c **** 
 110:Core/Src/balance_car/mpu6050_hal.c ****     gpio.Pin = GPIO_PIN_8 | GPIO_PIN_9;
 111:Core/Src/balance_car/mpu6050_hal.c ****     gpio.Mode = GPIO_MODE_AF_OD;
 112:Core/Src/balance_car/mpu6050_hal.c ****     gpio.Speed = GPIO_SPEED_FREQ_HIGH;
 113:Core/Src/balance_car/mpu6050_hal.c ****     HAL_GPIO_Init(GPIOB, &gpio);
 114:Core/Src/balance_car/mpu6050_hal.c **** }
 473              		.loc 1 114 1 view .LVU121
 474 0016 09B0     		add	sp, sp, #36
 475              	.LCFI13:
 476              		.cfi_remember_state
 477              		.cfi_def_cfa_offset 4
 478              		@ sp needed
 479 0018 5DF804FB 		ldr	pc, [sp], #4
 480              	.LVL23:
 481              	.L43:
 482              	.LCFI14:
 483              		.cfi_restore_state
ARM GAS  D:\TMP\cck1f8Xe.s 			page 12


 105:Core/Src/balance_car/mpu6050_hal.c ****     __HAL_RCC_AFIO_CLK_ENABLE();
 484              		.loc 1 105 5 is_stmt 1 view .LVU122
 485              	.LBB2:
 105:Core/Src/balance_car/mpu6050_hal.c ****     __HAL_RCC_AFIO_CLK_ENABLE();
 486              		.loc 1 105 5 view .LVU123
 105:Core/Src/balance_car/mpu6050_hal.c ****     __HAL_RCC_AFIO_CLK_ENABLE();
 487              		.loc 1 105 5 view .LVU124
 488 001c 03F5DE33 		add	r3, r3, #113664
 489 0020 9A69     		ldr	r2, [r3, #24]
 490 0022 42F00802 		orr	r2, r2, #8
 491 0026 9A61     		str	r2, [r3, #24]
 105:Core/Src/balance_car/mpu6050_hal.c ****     __HAL_RCC_AFIO_CLK_ENABLE();
 492              		.loc 1 105 5 view .LVU125
 493 0028 9A69     		ldr	r2, [r3, #24]
 494 002a 02F00802 		and	r2, r2, #8
 495 002e 0192     		str	r2, [sp, #4]
 105:Core/Src/balance_car/mpu6050_hal.c ****     __HAL_RCC_AFIO_CLK_ENABLE();
 496              		.loc 1 105 5 view .LVU126
 497 0030 019A     		ldr	r2, [sp, #4]
 498              	.LBE2:
 105:Core/Src/balance_car/mpu6050_hal.c ****     __HAL_RCC_AFIO_CLK_ENABLE();
 499              		.loc 1 105 5 view .LVU127
 106:Core/Src/balance_car/mpu6050_hal.c ****     __HAL_RCC_I2C1_CLK_ENABLE();
 500              		.loc 1 106 5 view .LVU128
 501              	.LBB3:
 106:Core/Src/balance_car/mpu6050_hal.c ****     __HAL_RCC_I2C1_CLK_ENABLE();
 502              		.loc 1 106 5 view .LVU129
 106:Core/Src/balance_car/mpu6050_hal.c ****     __HAL_RCC_I2C1_CLK_ENABLE();
 503              		.loc 1 106 5 view .LVU130
 504 0032 9A69     		ldr	r2, [r3, #24]
 505 0034 42F00102 		orr	r2, r2, #1
 506 0038 9A61     		str	r2, [r3, #24]
 106:Core/Src/balance_car/mpu6050_hal.c ****     __HAL_RCC_I2C1_CLK_ENABLE();
 507              		.loc 1 106 5 view .LVU131
 508 003a 9A69     		ldr	r2, [r3, #24]
 509 003c 02F00102 		and	r2, r2, #1
 510 0040 0292     		str	r2, [sp, #8]
 106:Core/Src/balance_car/mpu6050_hal.c ****     __HAL_RCC_I2C1_CLK_ENABLE();
 511              		.loc 1 106 5 view .LVU132
 512 0042 029A     		ldr	r2, [sp, #8]
 513              	.LBE3:
 106:Core/Src/balance_car/mpu6050_hal.c ****     __HAL_RCC_I2C1_CLK_ENABLE();
 514              		.loc 1 106 5 view .LVU133
 107:Core/Src/balance_car/mpu6050_hal.c ****     __HAL_AFIO_REMAP_I2C1_ENABLE();
 515              		.loc 1 107 5 view .LVU134
 516              	.LBB4:
 107:Core/Src/balance_car/mpu6050_hal.c ****     __HAL_AFIO_REMAP_I2C1_ENABLE();
 517              		.loc 1 107 5 view .LVU135
 107:Core/Src/balance_car/mpu6050_hal.c ****     __HAL_AFIO_REMAP_I2C1_ENABLE();
 518              		.loc 1 107 5 view .LVU136
 519 0044 DA69     		ldr	r2, [r3, #28]
 520 0046 42F40012 		orr	r2, r2, #2097152
 521 004a DA61     		str	r2, [r3, #28]
 107:Core/Src/balance_car/mpu6050_hal.c ****     __HAL_AFIO_REMAP_I2C1_ENABLE();
 522              		.loc 1 107 5 view .LVU137
 523 004c DB69     		ldr	r3, [r3, #28]
 524 004e 03F40013 		and	r3, r3, #2097152
ARM GAS  D:\TMP\cck1f8Xe.s 			page 13


 525 0052 0393     		str	r3, [sp, #12]
 107:Core/Src/balance_car/mpu6050_hal.c ****     __HAL_AFIO_REMAP_I2C1_ENABLE();
 526              		.loc 1 107 5 view .LVU138
 527 0054 039B     		ldr	r3, [sp, #12]
 528              	.LBE4:
 107:Core/Src/balance_car/mpu6050_hal.c ****     __HAL_AFIO_REMAP_I2C1_ENABLE();
 529              		.loc 1 107 5 view .LVU139
 108:Core/Src/balance_car/mpu6050_hal.c **** 
 530              		.loc 1 108 5 view .LVU140
 531              	.LBB5:
 108:Core/Src/balance_car/mpu6050_hal.c **** 
 532              		.loc 1 108 5 view .LVU141
 533 0056 0A4A     		ldr	r2, .L44+4
 534 0058 5368     		ldr	r3, [r2, #4]
 535              	.LVL24:
 108:Core/Src/balance_car/mpu6050_hal.c **** 
 536              		.loc 1 108 5 view .LVU142
 108:Core/Src/balance_car/mpu6050_hal.c **** 
 537              		.loc 1 108 5 view .LVU143
 538 005a 43F0E063 		orr	r3, r3, #117440512
 539              	.LVL25:
 108:Core/Src/balance_car/mpu6050_hal.c **** 
 540              		.loc 1 108 5 is_stmt 0 view .LVU144
 541 005e 43F00203 		orr	r3, r3, #2
 542              	.LVL26:
 108:Core/Src/balance_car/mpu6050_hal.c **** 
 543              		.loc 1 108 5 is_stmt 1 view .LVU145
 544 0062 5360     		str	r3, [r2, #4]
 545              	.LBE5:
 108:Core/Src/balance_car/mpu6050_hal.c **** 
 546              		.loc 1 108 5 view .LVU146
 110:Core/Src/balance_car/mpu6050_hal.c ****     gpio.Mode = GPIO_MODE_AF_OD;
 547              		.loc 1 110 5 view .LVU147
 110:Core/Src/balance_car/mpu6050_hal.c ****     gpio.Mode = GPIO_MODE_AF_OD;
 548              		.loc 1 110 14 is_stmt 0 view .LVU148
 549 0064 4FF44073 		mov	r3, #768
 550              	.LVL27:
 110:Core/Src/balance_car/mpu6050_hal.c ****     gpio.Mode = GPIO_MODE_AF_OD;
 551              		.loc 1 110 14 view .LVU149
 552 0068 0493     		str	r3, [sp, #16]
 553              	.LVL28:
 111:Core/Src/balance_car/mpu6050_hal.c ****     gpio.Speed = GPIO_SPEED_FREQ_HIGH;
 554              		.loc 1 111 5 is_stmt 1 view .LVU150
 111:Core/Src/balance_car/mpu6050_hal.c ****     gpio.Speed = GPIO_SPEED_FREQ_HIGH;
 555              		.loc 1 111 15 is_stmt 0 view .LVU151
 556 006a 1223     		movs	r3, #18
 557 006c 0593     		str	r3, [sp, #20]
 112:Core/Src/balance_car/mpu6050_hal.c ****     HAL_GPIO_Init(GPIOB, &gpio);
 558              		.loc 1 112 5 is_stmt 1 view .LVU152
 112:Core/Src/balance_car/mpu6050_hal.c ****     HAL_GPIO_Init(GPIOB, &gpio);
 559              		.loc 1 112 16 is_stmt 0 view .LVU153
 560 006e 0323     		movs	r3, #3
 561 0070 0793     		str	r3, [sp, #28]
 113:Core/Src/balance_car/mpu6050_hal.c **** }
 562              		.loc 1 113 5 is_stmt 1 view .LVU154
 563 0072 04A9     		add	r1, sp, #16
 564 0074 0348     		ldr	r0, .L44+8
ARM GAS  D:\TMP\cck1f8Xe.s 			page 14


 565              	.LVL29:
 113:Core/Src/balance_car/mpu6050_hal.c **** }
 566              		.loc 1 113 5 is_stmt 0 view .LVU155
 567 0076 FFF7FEFF 		bl	HAL_GPIO_Init
 568              	.LVL30:
 569 007a CCE7     		b	.L39
 570              	.L45:
 571              		.align	2
 572              	.L44:
 573 007c 00540040 		.word	1073763328
 574 0080 00000140 		.word	1073807360
 575 0084 000C0140 		.word	1073810432
 576              		.cfi_endproc
 577              	.LFE70:
 579              		.section	.bss.s_last_id,"aw",%nobits
 582              	s_last_id:
 583 0000 00       		.space	1
 584              		.section	.bss.s_hi2c1,"aw",%nobits
 585              		.align	2
 588              	s_hi2c1:
 589 0000 00000000 		.space	84
 589      00000000 
 589      00000000 
 589      00000000 
 589      00000000 
 590              		.text
 591              	.Letext0:
 592              		.file 2 "F:/Msys2/mingw64/arm-none-eabi/include/machine/_default_types.h"
 593              		.file 3 "F:/Msys2/mingw64/arm-none-eabi/include/sys/_stdint.h"
 594              		.file 4 "Drivers/CMSIS/Device/ST/STM32F1xx/Include/stm32f103xb.h"
 595              		.file 5 "Drivers/STM32F1xx_HAL_Driver/Inc/stm32f1xx_hal_def.h"
 596              		.file 6 "Drivers/STM32F1xx_HAL_Driver/Inc/stm32f1xx_hal_gpio.h"
 597              		.file 7 "Drivers/STM32F1xx_HAL_Driver/Inc/stm32f1xx_hal_dma.h"
 598              		.file 8 "Drivers/STM32F1xx_HAL_Driver/Inc/stm32f1xx_hal_i2c.h"
 599              		.file 9 "Core/Inc/balance_car/mpu6050_hal.h"
ARM GAS  D:\TMP\cck1f8Xe.s 			page 15


DEFINED SYMBOLS
                            *ABS*:00000000 mpu6050_hal.c
   D:\TMP\cck1f8Xe.s:19     .text.Mpu6050_ReadReg:00000000 $t
   D:\TMP\cck1f8Xe.s:24     .text.Mpu6050_ReadReg:00000000 Mpu6050_ReadReg
   D:\TMP\cck1f8Xe.s:64     .text.Mpu6050_ReadReg:00000020 $d
   D:\TMP\cck1f8Xe.s:588    .bss.s_hi2c1:00000000 s_hi2c1
   D:\TMP\cck1f8Xe.s:69     .text.Mpu6050_WriteReg:00000000 $t
   D:\TMP\cck1f8Xe.s:74     .text.Mpu6050_WriteReg:00000000 Mpu6050_WriteReg
   D:\TMP\cck1f8Xe.s:118    .text.Mpu6050_WriteReg:00000028 $d
   D:\TMP\cck1f8Xe.s:123    .text.Mpu6050_Init:00000000 $t
   D:\TMP\cck1f8Xe.s:129    .text.Mpu6050_Init:00000000 Mpu6050_Init
   D:\TMP\cck1f8Xe.s:282    .text.Mpu6050_Init:0000009c $d
   D:\TMP\cck1f8Xe.s:582    .bss.s_last_id:00000000 s_last_id
   D:\TMP\cck1f8Xe.s:290    .text.Mpu6050_ReadRaw:00000000 $t
   D:\TMP\cck1f8Xe.s:296    .text.Mpu6050_ReadRaw:00000000 Mpu6050_ReadRaw
   D:\TMP\cck1f8Xe.s:405    .text.Mpu6050_ReadRaw:0000007c $d
   D:\TMP\cck1f8Xe.s:410    .text.Mpu6050_GetLastId:00000000 $t
   D:\TMP\cck1f8Xe.s:416    .text.Mpu6050_GetLastId:00000000 Mpu6050_GetLastId
   D:\TMP\cck1f8Xe.s:431    .text.Mpu6050_GetLastId:00000008 $d
   D:\TMP\cck1f8Xe.s:436    .text.HAL_I2C_MspInit:00000000 $t
   D:\TMP\cck1f8Xe.s:442    .text.HAL_I2C_MspInit:00000000 HAL_I2C_MspInit
   D:\TMP\cck1f8Xe.s:573    .text.HAL_I2C_MspInit:0000007c $d
   D:\TMP\cck1f8Xe.s:583    .bss.s_last_id:00000000 $d
   D:\TMP\cck1f8Xe.s:585    .bss.s_hi2c1:00000000 $d

UNDEFINED SYMBOLS
HAL_I2C_Mem_Read
HAL_I2C_Mem_Write
HAL_I2C_Init
HAL_GPIO_Init
