ARM GAS  C:\Users\future\AppData\Local\Temp\cc0ExfM0.s 			page 1


   1              		.cpu cortex-m3
   2              		.arch armv7-m
   3              		.fpu softvfp
   4              		.eabi_attribute 20, 1
   5              		.eabi_attribute 21, 1
   6              		.eabi_attribute 23, 3
   7              		.eabi_attribute 24, 1
   8              		.eabi_attribute 25, 1
   9              		.eabi_attribute 26, 1
  10              		.eabi_attribute 30, 1
  11              		.eabi_attribute 34, 1
  12              		.eabi_attribute 18, 4
  13              		.file	"uart_dispatch.c"
  14              		.text
  15              	.Ltext0:
  16              		.cfi_sections	.debug_frame
  17              		.file 1 "Core/Src/balance_car/uart_dispatch.c"
  18              		.section	.text.HAL_UART_RxCpltCallback,"ax",%progbits
  19              		.align	1
  20              		.global	HAL_UART_RxCpltCallback
  21              		.syntax unified
  22              		.thumb
  23              		.thumb_func
  25              	HAL_UART_RxCpltCallback:
  26              	.LVL0:
  27              	.LFB65:
   1:Core/Src/balance_car/uart_dispatch.c **** #include "balance_car/raspi_link.h"
   2:Core/Src/balance_car/uart_dispatch.c **** #include "balance_car/remote_control.h"
   3:Core/Src/balance_car/uart_dispatch.c **** 
   4:Core/Src/balance_car/uart_dispatch.c **** void HAL_UART_RxCpltCallback(UART_HandleTypeDef *huart)
   5:Core/Src/balance_car/uart_dispatch.c **** {
  28              		.loc 1 5 1 view -0
  29              		.cfi_startproc
  30              		@ args = 0, pretend = 0, frame = 0
  31              		@ frame_needed = 0, uses_anonymous_args = 0
  32              		.loc 1 5 1 is_stmt 0 view .LVU1
  33 0000 10B5     		push	{r4, lr}
  34              	.LCFI0:
  35              		.cfi_def_cfa_offset 8
  36              		.cfi_offset 4, -8
  37              		.cfi_offset 14, -4
  38 0002 0446     		mov	r4, r0
   6:Core/Src/balance_car/uart_dispatch.c ****     if (RemoteControl_RxCpltCallback(huart) != 0U) {
  39              		.loc 1 6 5 is_stmt 1 view .LVU2
  40              		.loc 1 6 9 is_stmt 0 view .LVU3
  41 0004 FFF7FEFF 		bl	RemoteControl_RxCpltCallback
  42              	.LVL1:
  43              		.loc 1 6 8 discriminator 1 view .LVU4
  44 0008 00B1     		cbz	r0, .L4
  45              	.L1:
   7:Core/Src/balance_car/uart_dispatch.c ****         return;
   8:Core/Src/balance_car/uart_dispatch.c ****     }
   9:Core/Src/balance_car/uart_dispatch.c ****     (void)RaspiLink_RxCpltCallback(huart);
  10:Core/Src/balance_car/uart_dispatch.c **** }
  46              		.loc 1 10 1 view .LVU5
  47 000a 10BD     		pop	{r4, pc}
  48              	.LVL2:
ARM GAS  C:\Users\future\AppData\Local\Temp\cc0ExfM0.s 			page 2


  49              	.L4:
   9:Core/Src/balance_car/uart_dispatch.c **** }
  50              		.loc 1 9 5 is_stmt 1 view .LVU6
   9:Core/Src/balance_car/uart_dispatch.c **** }
  51              		.loc 1 9 11 is_stmt 0 view .LVU7
  52 000c 2046     		mov	r0, r4
  53 000e FFF7FEFF 		bl	RaspiLink_RxCpltCallback
  54              	.LVL3:
  55 0012 FAE7     		b	.L1
  56              		.cfi_endproc
  57              	.LFE65:
  59              		.section	.text.HAL_UART_TxCpltCallback,"ax",%progbits
  60              		.align	1
  61              		.global	HAL_UART_TxCpltCallback
  62              		.syntax unified
  63              		.thumb
  64              		.thumb_func
  66              	HAL_UART_TxCpltCallback:
  67              	.LVL4:
  68              	.LFB66:
  11:Core/Src/balance_car/uart_dispatch.c **** 
  12:Core/Src/balance_car/uart_dispatch.c **** void HAL_UART_TxCpltCallback(UART_HandleTypeDef *huart)
  13:Core/Src/balance_car/uart_dispatch.c **** {
  69              		.loc 1 13 1 is_stmt 1 view -0
  70              		.cfi_startproc
  71              		@ args = 0, pretend = 0, frame = 0
  72              		@ frame_needed = 0, uses_anonymous_args = 0
  73              		.loc 1 13 1 is_stmt 0 view .LVU9
  74 0000 08B5     		push	{r3, lr}
  75              	.LCFI1:
  76              		.cfi_def_cfa_offset 8
  77              		.cfi_offset 3, -8
  78              		.cfi_offset 14, -4
  14:Core/Src/balance_car/uart_dispatch.c ****     (void)RaspiLink_TxCpltCallback(huart);
  79              		.loc 1 14 5 is_stmt 1 view .LVU10
  80              		.loc 1 14 11 is_stmt 0 view .LVU11
  81 0002 FFF7FEFF 		bl	RaspiLink_TxCpltCallback
  82              	.LVL5:
  15:Core/Src/balance_car/uart_dispatch.c **** }
  83              		.loc 1 15 1 view .LVU12
  84 0006 08BD     		pop	{r3, pc}
  85              		.cfi_endproc
  86              	.LFE66:
  88              		.section	.text.HAL_UART_ErrorCallback,"ax",%progbits
  89              		.align	1
  90              		.global	HAL_UART_ErrorCallback
  91              		.syntax unified
  92              		.thumb
  93              		.thumb_func
  95              	HAL_UART_ErrorCallback:
  96              	.LVL6:
  97              	.LFB67:
  16:Core/Src/balance_car/uart_dispatch.c **** 
  17:Core/Src/balance_car/uart_dispatch.c **** void HAL_UART_ErrorCallback(UART_HandleTypeDef *huart)
  18:Core/Src/balance_car/uart_dispatch.c **** {
  98              		.loc 1 18 1 is_stmt 1 view -0
  99              		.cfi_startproc
ARM GAS  C:\Users\future\AppData\Local\Temp\cc0ExfM0.s 			page 3


 100              		@ args = 0, pretend = 0, frame = 0
 101              		@ frame_needed = 0, uses_anonymous_args = 0
 102              		.loc 1 18 1 is_stmt 0 view .LVU14
 103 0000 10B5     		push	{r4, lr}
 104              	.LCFI2:
 105              		.cfi_def_cfa_offset 8
 106              		.cfi_offset 4, -8
 107              		.cfi_offset 14, -4
 108 0002 0446     		mov	r4, r0
  19:Core/Src/balance_car/uart_dispatch.c ****     if (RemoteControl_ErrorCallback(huart) != 0U) {
 109              		.loc 1 19 5 is_stmt 1 view .LVU15
 110              		.loc 1 19 9 is_stmt 0 view .LVU16
 111 0004 FFF7FEFF 		bl	RemoteControl_ErrorCallback
 112              	.LVL7:
 113              		.loc 1 19 8 discriminator 1 view .LVU17
 114 0008 00B1     		cbz	r0, .L10
 115              	.L7:
  20:Core/Src/balance_car/uart_dispatch.c ****         return;
  21:Core/Src/balance_car/uart_dispatch.c ****     }
  22:Core/Src/balance_car/uart_dispatch.c ****     (void)RaspiLink_ErrorCallback(huart);
  23:Core/Src/balance_car/uart_dispatch.c **** }
 116              		.loc 1 23 1 view .LVU18
 117 000a 10BD     		pop	{r4, pc}
 118              	.LVL8:
 119              	.L10:
  22:Core/Src/balance_car/uart_dispatch.c **** }
 120              		.loc 1 22 5 is_stmt 1 view .LVU19
  22:Core/Src/balance_car/uart_dispatch.c **** }
 121              		.loc 1 22 11 is_stmt 0 view .LVU20
 122 000c 2046     		mov	r0, r4
 123 000e FFF7FEFF 		bl	RaspiLink_ErrorCallback
 124              	.LVL9:
 125 0012 FAE7     		b	.L7
 126              		.cfi_endproc
 127              	.LFE67:
 129              		.text
 130              	.Letext0:
 131              		.file 2 "C:/msys64/mingw64/arm-none-eabi/include/machine/_default_types.h"
 132              		.file 3 "C:/msys64/mingw64/arm-none-eabi/include/sys/_stdint.h"
 133              		.file 4 "Drivers/CMSIS/Device/ST/STM32F1xx/Include/stm32f103xb.h"
 134              		.file 5 "Drivers/STM32F1xx_HAL_Driver/Inc/stm32f1xx_hal_def.h"
 135              		.file 6 "Drivers/STM32F1xx_HAL_Driver/Inc/stm32f1xx_hal_dma.h"
 136              		.file 7 "Drivers/STM32F1xx_HAL_Driver/Inc/stm32f1xx_hal_uart.h"
 137              		.file 8 "Core/Inc/balance_car/raspi_link.h"
 138              		.file 9 "Core/Inc/balance_car/remote_control.h"
ARM GAS  C:\Users\future\AppData\Local\Temp\cc0ExfM0.s 			page 4


DEFINED SYMBOLS
                            *ABS*:00000000 uart_dispatch.c
C:\Users\future\AppData\Local\Temp\cc0ExfM0.s:19     .text.HAL_UART_RxCpltCallback:00000000 $t
C:\Users\future\AppData\Local\Temp\cc0ExfM0.s:25     .text.HAL_UART_RxCpltCallback:00000000 HAL_UART_RxCpltCallback
C:\Users\future\AppData\Local\Temp\cc0ExfM0.s:60     .text.HAL_UART_TxCpltCallback:00000000 $t
C:\Users\future\AppData\Local\Temp\cc0ExfM0.s:66     .text.HAL_UART_TxCpltCallback:00000000 HAL_UART_TxCpltCallback
C:\Users\future\AppData\Local\Temp\cc0ExfM0.s:89     .text.HAL_UART_ErrorCallback:00000000 $t
C:\Users\future\AppData\Local\Temp\cc0ExfM0.s:95     .text.HAL_UART_ErrorCallback:00000000 HAL_UART_ErrorCallback

UNDEFINED SYMBOLS
RemoteControl_RxCpltCallback
RaspiLink_RxCpltCallback
RaspiLink_TxCpltCallback
RemoteControl_ErrorCallback
RaspiLink_ErrorCallback
